[0.003s] Invoking command in '/home/yang/proj/ros-prac/learn4/src/build/nodes': CMAKE_PREFIX_PATH=${CMAKE_PREFIX_PATH}:/opt/ros/jazzy /usr/bin/cmake /home/yang/proj/ros-prac/learn4/src/nodes -DCMAKE_EXPORT_COMPILE_COMMANDS=ON -DCMAKE_INSTALL_PREFIX=/home/yang/proj/ros-prac/learn4/src/install/nodes
[0.031s] -- The C compiler identification is GNU 13.3.0
[0.053s] -- The CXX compiler identification is GNU 13.3.0
[0.058s] -- Detecting C compiler ABI info
[0.089s] -- Detecting C compiler ABI info - done
[0.093s] -- Check for working C compiler: /usr/bin/cc - skipped
[0.093s] -- Detecting C compile features
[0.093s] -- Detecting C compile features - done
[0.096s] -- Detecting CXX compiler ABI info
[0.127s] -- Detecting CXX compiler ABI info - done
[0.131s] -- Check for working CXX compiler: /usr/bin/c++ - skipped
[0.131s] -- Detecting CXX compile features
[0.132s] -- Detecting CXX compile features - done
[0.132s] -- Found ament_cmake: 2.5.6 (/opt/ros/jazzy/share/ament_cmake/cmake)
[0.171s] -- Found Python3: /usr/bin/python3 (found version "3.12.3") found components: Interpreter 
[0.205s] -- Found rclcpp: 28.1.18 (/opt/ros/jazzy/share/rclcpp/cmake)
[0.214s] -- Found rosidl_generator_c: 4.6.7 (/opt/ros/jazzy/share/rosidl_generator_c/cmake)
[0.217s] -- Found rosidl_generator_cpp: 4.6.7 (/opt/ros/jazzy/share/rosidl_generator_cpp/cmake)
[0.222s] -- Using all available rosidl_typesupport_c: rosidl_typesupport_fastrtps_c;rosidl_typesupport_introspection_c
[0.227s] -- Using all available rosidl_typesupport_cpp: rosidl_typesupport_fastrtps_cpp;rosidl_typesupport_introspection_cpp
[0.250s] -- Found rmw_implementation_cmake: 7.3.3 (/opt/ros/jazzy/share/rmw_implementation_cmake/cmake)
[0.252s] -- Found rmw_fastrtps_cpp: 8.4.3 (/opt/ros/jazzy/share/rmw_fastrtps_cpp/cmake)
[0.269s] -- Found OpenSSL: /usr/lib/aarch64-linux-gnu/libcrypto.so (found version "3.0.13")  
[0.274s] -- Found FastRTPS: /opt/ros/jazzy/include (Required is at least version "2.13") 
[0.281s] -- Using RMW implementation 'rmw_fastrtps_cpp' as default
[0.303s] -- Found msgs: 0.0.0 (/home/yang/proj/ros-prac/task1/install/msgs/share/msgs/cmake)
[0.338s] -- Configuring done (0.3s)
[0.340s] -- Generating done (0.0s)
[0.341s] -- Build files have been written to: /home/yang/proj/ros-prac/learn4/src/build/nodes
[0.344s] Invoked command in '/home/yang/proj/ros-prac/learn4/src/build/nodes' returned '0': CMAKE_PREFIX_PATH=${CMAKE_PREFIX_PATH}:/opt/ros/jazzy /usr/bin/cmake /home/yang/proj/ros-prac/learn4/src/nodes -DCMAKE_EXPORT_COMPILE_COMMANDS=ON -DCMAKE_INSTALL_PREFIX=/home/yang/proj/ros-prac/learn4/src/install/nodes
[0.345s] Invoking command in '/home/yang/proj/ros-prac/learn4/src/build/nodes': CMAKE_PREFIX_PATH=${CMAKE_PREFIX_PATH}:/opt/ros/jazzy /usr/bin/cmake --build /home/yang/proj/ros-prac/learn4/src/build/nodes -- -j10 -l10
[0.358s] [ 50%] [32mBuilding CXX object CMakeFiles/server.dir/src/server.cpp.o[0m
[0.364s] [100%] [32m[1mLinking CXX executable server[0m
[0.386s] /usr/bin/ld: /usr/lib/gcc/aarch64-linux-gnu/13/../../../aarch64-linux-gnu/Scrt1.o: in function `_start':
[0.386s] (.text+0x1c): undefined reference to `main'
[0.386s] /usr/bin/ld: (.text+0x20): undefined reference to `main'
[0.386s] collect2: error: ld returned 1 exit status
[0.387s] gmake[2]: *** [CMakeFiles/server.dir/build.make:97: server] Error 1
[0.387s] gmake[1]: *** [CMakeFiles/Makefile2:137: CMakeFiles/server.dir/all] Error 2
[0.387s] gmake: *** [Makefile:146: all] Error 2
[0.388s] Invoked command in '/home/yang/proj/ros-prac/learn4/src/build/nodes' returned '2': CMAKE_PREFIX_PATH=${CMAKE_PREFIX_PATH}:/opt/ros/jazzy /usr/bin/cmake --build /home/yang/proj/ros-prac/learn4/src/build/nodes -- -j10 -l10
