[0.051s] DEBUG:colcon:Command line arguments: ['/usr/bin/colcon', 'build', '--packages-select', 'mcl_msgs', 'learn15']
[0.051s] DEBUG:colcon:Parsed command line arguments: Namespace(log_base=None, log_level=None, verb_name='build', build_base='build', install_base='install', merge_install=False, symlink_install=False, test_result_base=None, continue_on_error=False, executor='parallel', parallel_workers=12, event_handlers=None, ignore_user_meta=False, metas=['./colcon.meta'], base_paths=['.'], packages_ignore=None, packages_ignore_regex=None, paths=None, packages_up_to=None, packages_up_to_regex=None, packages_above=None, packages_above_and_dependencies=None, packages_above_depth=None, packages_select_by_dep=None, packages_skip_by_dep=None, packages_skip_up_to=None, packages_select_build_failed=False, packages_skip_build_finished=False, packages_select_test_failures=False, packages_skip_test_passed=False, packages_select=['mcl_msgs', 'learn15'], packages_skip=None, packages_select_regex=None, packages_skip_regex=None, packages_start=None, packages_end=None, allow_overriding=[], cmake_args=None, cmake_target=None, cmake_target_skip_unavailable=False, cmake_clean_cache=False, cmake_clean_first=False, cmake_force_configure=False, ament_cmake_args=None, catkin_cmake_args=None, catkin_skip_building_tests=False, mixin_files=None, mixin=None, verb_parser=<colcon_mixin.mixin.mixin_argument.MixinArgumentDecorator object at 0x7bd4a3595eb0>, verb_extension=<colcon_core.verb.build.BuildVerb object at 0x7bd4a35953a0>, main=<bound method BuildVerb.main of <colcon_core.verb.build.BuildVerb object at 0x7bd4a35953a0>>, mixin_verb=('build',))
[0.069s] Level 1:colcon.colcon_core.package_discovery:discover_packages(colcon_meta) check parameters
[0.069s] Level 1:colcon.colcon_core.package_discovery:discover_packages(recursive) check parameters
[0.069s] Level 1:colcon.colcon_core.package_discovery:discover_packages(ignore) check parameters
[0.069s] Level 1:colcon.colcon_core.package_discovery:discover_packages(path) check parameters
[0.069s] Level 1:colcon.colcon_core.package_discovery:discover_packages(colcon_meta) discover
[0.069s] Level 1:colcon.colcon_core.package_discovery:discover_packages(recursive) discover
[0.069s] INFO:colcon.colcon_core.package_discovery:Crawling recursively for packages in '/home/yang/proj/ros-prac/learn15'
[0.069s] Level 1:colcon.colcon_core.package_identification:_identify(.) by extensions ['ignore', 'ignore_ament_install']
[0.069s] Level 1:colcon.colcon_core.package_identification:_identify(.) by extension 'ignore'
[0.069s] Level 1:colcon.colcon_core.package_identification:_identify(.) by extension 'ignore_ament_install'
[0.069s] Level 1:colcon.colcon_core.package_identification:_identify(.) by extensions ['colcon_pkg']
[0.069s] Level 1:colcon.colcon_core.package_identification:_identify(.) by extension 'colcon_pkg'
[0.069s] Level 1:colcon.colcon_core.package_identification:_identify(.) by extensions ['colcon_meta']
[0.069s] Level 1:colcon.colcon_core.package_identification:_identify(.) by extension 'colcon_meta'
[0.069s] Level 1:colcon.colcon_core.package_identification:_identify(.) by extensions ['ros']
[0.069s] Level 1:colcon.colcon_core.package_identification:_identify(.) by extension 'ros'
[0.080s] Level 1:colcon.colcon_core.package_identification:_identify(.) by extensions ['cmake', 'python']
[0.081s] Level 1:colcon.colcon_core.package_identification:_identify(.) by extension 'cmake'
[0.081s] Level 1:colcon.colcon_core.package_identification:_identify(.) by extension 'python'
[0.081s] Level 1:colcon.colcon_core.package_identification:_identify(.) by extensions ['python_setup_py']
[0.081s] Level 1:colcon.colcon_core.package_identification:_identify(.) by extension 'python_setup_py'
[0.081s] Level 1:colcon.colcon_core.package_identification:_identify(build) by extensions ['ignore', 'ignore_ament_install']
[0.081s] Level 1:colcon.colcon_core.package_identification:_identify(build) by extension 'ignore'
[0.081s] Level 1:colcon.colcon_core.package_identification:_identify(build) ignored
[0.081s] Level 1:colcon.colcon_core.package_identification:_identify(install) by extensions ['ignore', 'ignore_ament_install']
[0.081s] Level 1:colcon.colcon_core.package_identification:_identify(install) by extension 'ignore'
[0.081s] Level 1:colcon.colcon_core.package_identification:_identify(install) ignored
[0.081s] Level 1:colcon.colcon_core.package_identification:_identify(log) by extensions ['ignore', 'ignore_ament_install']
[0.081s] Level 1:colcon.colcon_core.package_identification:_identify(log) by extension 'ignore'
[0.081s] Level 1:colcon.colcon_core.package_identification:_identify(log) ignored
[0.081s] Level 1:colcon.colcon_core.package_identification:_identify(src) by extensions ['ignore', 'ignore_ament_install']
[0.081s] Level 1:colcon.colcon_core.package_identification:_identify(src) by extension 'ignore'
[0.081s] Level 1:colcon.colcon_core.package_identification:_identify(src) by extension 'ignore_ament_install'
[0.081s] Level 1:colcon.colcon_core.package_identification:_identify(src) by extensions ['colcon_pkg']
[0.081s] Level 1:colcon.colcon_core.package_identification:_identify(src) by extension 'colcon_pkg'
[0.081s] Level 1:colcon.colcon_core.package_identification:_identify(src) by extensions ['colcon_meta']
[0.081s] Level 1:colcon.colcon_core.package_identification:_identify(src) by extension 'colcon_meta'
[0.081s] Level 1:colcon.colcon_core.package_identification:_identify(src) by extensions ['ros']
[0.081s] Level 1:colcon.colcon_core.package_identification:_identify(src) by extension 'ros'
[0.081s] Level 1:colcon.colcon_core.package_identification:_identify(src) by extensions ['cmake', 'python']
[0.081s] Level 1:colcon.colcon_core.package_identification:_identify(src) by extension 'cmake'
[0.081s] Level 1:colcon.colcon_core.package_identification:_identify(src) by extension 'python'
[0.081s] Level 1:colcon.colcon_core.package_identification:_identify(src) by extensions ['python_setup_py']
[0.081s] Level 1:colcon.colcon_core.package_identification:_identify(src) by extension 'python_setup_py'
[0.081s] Level 1:colcon.colcon_core.package_identification:_identify(src/learn15) by extensions ['ignore', 'ignore_ament_install']
[0.081s] Level 1:colcon.colcon_core.package_identification:_identify(src/learn15) by extension 'ignore'
[0.081s] Level 1:colcon.colcon_core.package_identification:_identify(src/learn15) by extension 'ignore_ament_install'
[0.081s] Level 1:colcon.colcon_core.package_identification:_identify(src/learn15) by extensions ['colcon_pkg']
[0.081s] Level 1:colcon.colcon_core.package_identification:_identify(src/learn15) by extension 'colcon_pkg'
[0.081s] Level 1:colcon.colcon_core.package_identification:_identify(src/learn15) by extensions ['colcon_meta']
[0.081s] Level 1:colcon.colcon_core.package_identification:_identify(src/learn15) by extension 'colcon_meta'
[0.081s] Level 1:colcon.colcon_core.package_identification:_identify(src/learn15) by extensions ['ros']
[0.081s] Level 1:colcon.colcon_core.package_identification:_identify(src/learn15) by extension 'ros'
[0.082s] DEBUG:colcon.colcon_core.package_identification:Package 'src/learn15' with type 'ros.ament_cmake' and name 'learn15'
[0.082s] Level 1:colcon.colcon_core.package_identification:_identify(src/mcl_msgs) by extensions ['ignore', 'ignore_ament_install']
[0.082s] Level 1:colcon.colcon_core.package_identification:_identify(src/mcl_msgs) by extension 'ignore'
[0.083s] Level 1:colcon.colcon_core.package_identification:_identify(src/mcl_msgs) by extension 'ignore_ament_install'
[0.083s] Level 1:colcon.colcon_core.package_identification:_identify(src/mcl_msgs) by extensions ['colcon_pkg']
[0.083s] Level 1:colcon.colcon_core.package_identification:_identify(src/mcl_msgs) by extension 'colcon_pkg'
[0.083s] Level 1:colcon.colcon_core.package_identification:_identify(src/mcl_msgs) by extensions ['colcon_meta']
[0.083s] Level 1:colcon.colcon_core.package_identification:_identify(src/mcl_msgs) by extension 'colcon_meta'
[0.083s] Level 1:colcon.colcon_core.package_identification:_identify(src/mcl_msgs) by extensions ['ros']
[0.083s] Level 1:colcon.colcon_core.package_identification:_identify(src/mcl_msgs) by extension 'ros'
[0.083s] DEBUG:colcon.colcon_core.package_identification:Package 'src/mcl_msgs' with type 'ros.ament_cmake' and name 'mcl_msgs'
[0.083s] Level 1:colcon.colcon_core.package_discovery:discover_packages(recursive) using defaults
[0.083s] Level 1:colcon.colcon_core.package_discovery:discover_packages(ignore) discover
[0.083s] Level 1:colcon.colcon_core.package_discovery:discover_packages(ignore) using defaults
[0.083s] Level 1:colcon.colcon_core.package_discovery:discover_packages(path) discover
[0.083s] Level 1:colcon.colcon_core.package_discovery:discover_packages(path) using defaults
[0.090s] Level 1:colcon.colcon_core.package_discovery:discover_packages(prefix_path) check parameters
[0.090s] Level 1:colcon.colcon_core.package_discovery:discover_packages(prefix_path) discover
[0.091s] DEBUG:colcon.colcon_installed_package_information.package_discovery:Found 2 installed packages in /home/yang/proj/ros-prac/learn15/install
[0.092s] DEBUG:colcon.colcon_installed_package_information.package_discovery:Found 319 installed packages in /opt/ros/jazzy
[0.092s] Level 1:colcon.colcon_core.package_discovery:discover_packages(prefix_path) using defaults
[0.107s] Level 5:colcon.colcon_core.verb:set package 'mcl_msgs' build argument 'cmake_args' from command line to 'None'
[0.107s] Level 5:colcon.colcon_core.verb:set package 'mcl_msgs' build argument 'cmake_target' from command line to 'None'
[0.108s] Level 5:colcon.colcon_core.verb:set package 'mcl_msgs' build argument 'cmake_target_skip_unavailable' from command line to 'False'
[0.108s] Level 5:colcon.colcon_core.verb:set package 'mcl_msgs' build argument 'cmake_clean_cache' from command line to 'False'
[0.108s] Level 5:colcon.colcon_core.verb:set package 'mcl_msgs' build argument 'cmake_clean_first' from command line to 'False'
[0.108s] Level 5:colcon.colcon_core.verb:set package 'mcl_msgs' build argument 'cmake_force_configure' from command line to 'False'
[0.108s] Level 5:colcon.colcon_core.verb:set package 'mcl_msgs' build argument 'ament_cmake_args' from command line to 'None'
[0.108s] Level 5:colcon.colcon_core.verb:set package 'mcl_msgs' build argument 'catkin_cmake_args' from command line to 'None'
[0.108s] Level 5:colcon.colcon_core.verb:set package 'mcl_msgs' build argument 'catkin_skip_building_tests' from command line to 'False'
[0.108s] DEBUG:colcon.colcon_core.verb:Building package 'mcl_msgs' with the following arguments: {'ament_cmake_args': None, 'build_base': '/home/yang/proj/ros-prac/learn15/build/mcl_msgs', 'catkin_cmake_args': None, 'catkin_skip_building_tests': False, 'cmake_args': None, 'cmake_clean_cache': False, 'cmake_clean_first': False, 'cmake_force_configure': False, 'cmake_target': None, 'cmake_target_skip_unavailable': False, 'install_base': '/home/yang/proj/ros-prac/learn15/install/mcl_msgs', 'merge_install': False, 'path': '/home/yang/proj/ros-prac/learn15/src/mcl_msgs', 'symlink_install': False, 'test_result_base': None}
[0.108s] Level 5:colcon.colcon_core.verb:set package 'learn15' build argument 'cmake_args' from command line to 'None'
[0.108s] Level 5:colcon.colcon_core.verb:set package 'learn15' build argument 'cmake_target' from command line to 'None'
[0.108s] Level 5:colcon.colcon_core.verb:set package 'learn15' build argument 'cmake_target_skip_unavailable' from command line to 'False'
[0.108s] Level 5:colcon.colcon_core.verb:set package 'learn15' build argument 'cmake_clean_cache' from command line to 'False'
[0.108s] Level 5:colcon.colcon_core.verb:set package 'learn15' build argument 'cmake_clean_first' from command line to 'False'
[0.108s] Level 5:colcon.colcon_core.verb:set package 'learn15' build argument 'cmake_force_configure' from command line to 'False'
[0.108s] Level 5:colcon.colcon_core.verb:set package 'learn15' build argument 'ament_cmake_args' from command line to 'None'
[0.108s] Level 5:colcon.colcon_core.verb:set package 'learn15' build argument 'catkin_cmake_args' from command line to 'None'
[0.108s] Level 5:colcon.colcon_core.verb:set package 'learn15' build argument 'catkin_skip_building_tests' from command line to 'False'
[0.108s] DEBUG:colcon.colcon_core.verb:Building package 'learn15' with the following arguments: {'ament_cmake_args': None, 'build_base': '/home/yang/proj/ros-prac/learn15/build/learn15', 'catkin_cmake_args': None, 'catkin_skip_building_tests': False, 'cmake_args': None, 'cmake_clean_cache': False, 'cmake_clean_first': False, 'cmake_force_configure': False, 'cmake_target': None, 'cmake_target_skip_unavailable': False, 'install_base': '/home/yang/proj/ros-prac/learn15/install/learn15', 'merge_install': False, 'path': '/home/yang/proj/ros-prac/learn15/src/learn15', 'symlink_install': False, 'test_result_base': None}
[0.108s] INFO:colcon.colcon_core.executor:Executing jobs using 'parallel' executor
[0.108s] DEBUG:colcon.colcon_parallel_executor.executor.parallel:run_until_complete
[0.108s] INFO:colcon.colcon_ros.task.ament_cmake.build:Building ROS package in '/home/yang/proj/ros-prac/learn15/src/mcl_msgs' with build type 'ament_cmake'
[0.108s] INFO:colcon.colcon_cmake.task.cmake.build:Building CMake package in '/home/yang/proj/ros-prac/learn15/src/mcl_msgs'
[0.109s] INFO:colcon.colcon_core.plugin_system:Skipping extension 'colcon_core.shell.bat': Not used on non-Windows systems
[0.109s] INFO:colcon.colcon_core.shell:Skip shell extension 'powershell' for command environment: Not usable outside of PowerShell
[0.109s] DEBUG:colcon.colcon_core.shell:Skip shell extension 'dsv' for command environment
[0.112s] DEBUG:colcon.colcon_core.event_handler.log_command:Invoking command in '/home/yang/proj/ros-prac/learn15/build/mcl_msgs': CMAKE_PREFIX_PATH=${CMAKE_PREFIX_PATH}:/opt/ros/jazzy DEBUGINFOD_URLS=https://debuginfod.ubuntu.com /usr/bin/cmake /home/yang/proj/ros-prac/learn15/src/mcl_msgs -DCMAKE_INSTALL_PREFIX=/home/yang/proj/ros-prac/learn15/install/mcl_msgs
[0.605s] DEBUG:colcon.colcon_core.event_handler.log_command:Invoked command in '/home/yang/proj/ros-prac/learn15/build/mcl_msgs' returned '0': CMAKE_PREFIX_PATH=${CMAKE_PREFIX_PATH}:/opt/ros/jazzy DEBUGINFOD_URLS=https://debuginfod.ubuntu.com /usr/bin/cmake /home/yang/proj/ros-prac/learn15/src/mcl_msgs -DCMAKE_INSTALL_PREFIX=/home/yang/proj/ros-prac/learn15/install/mcl_msgs
[0.605s] DEBUG:colcon.colcon_core.event_handler.log_command:Invoking command in '/home/yang/proj/ros-prac/learn15/build/mcl_msgs': CMAKE_PREFIX_PATH=${CMAKE_PREFIX_PATH}:/opt/ros/jazzy DEBUGINFOD_URLS=https://debuginfod.ubuntu.com /usr/bin/cmake --build /home/yang/proj/ros-prac/learn15/build/mcl_msgs -- -j12 -l12
[0.753s] DEBUG:colcon.colcon_core.event_handler.log_command:Invoked command in '/home/yang/proj/ros-prac/learn15/build/mcl_msgs' returned '0': CMAKE_PREFIX_PATH=${CMAKE_PREFIX_PATH}:/opt/ros/jazzy DEBUGINFOD_URLS=https://debuginfod.ubuntu.com /usr/bin/cmake --build /home/yang/proj/ros-prac/learn15/build/mcl_msgs -- -j12 -l12
[0.757s] DEBUG:colcon.colcon_core.event_handler.log_command:Invoking command in '/home/yang/proj/ros-prac/learn15/build/mcl_msgs': CMAKE_PREFIX_PATH=${CMAKE_PREFIX_PATH}:/opt/ros/jazzy DEBUGINFOD_URLS=https://debuginfod.ubuntu.com /usr/bin/cmake --install /home/yang/proj/ros-prac/learn15/build/mcl_msgs
[0.781s] Level 1:colcon.colcon_core.environment:create_environment_scripts_only(mcl_msgs)
[0.782s] DEBUG:colcon.colcon_core.event_handler.log_command:Invoked command in '/home/yang/proj/ros-prac/learn15/build/mcl_msgs' returned '0': CMAKE_PREFIX_PATH=${CMAKE_PREFIX_PATH}:/opt/ros/jazzy DEBUGINFOD_URLS=https://debuginfod.ubuntu.com /usr/bin/cmake --install /home/yang/proj/ros-prac/learn15/build/mcl_msgs
[0.782s] Level 1:colcon.colcon_core.environment:checking '/home/yang/proj/ros-prac/learn15/install/mcl_msgs' for CMake module files
[0.783s] Level 1:colcon.colcon_core.environment:checking '/home/yang/proj/ros-prac/learn15/install/mcl_msgs' for CMake config files
[0.783s] Level 1:colcon.colcon_core.shell:create_environment_hook('mcl_msgs', 'cmake_prefix_path')
[0.783s] INFO:colcon.colcon_core.shell:Creating environment hook '/home/yang/proj/ros-prac/learn15/install/mcl_msgs/share/mcl_msgs/hook/cmake_prefix_path.ps1'
[0.783s] INFO:colcon.colcon_core.shell:Creating environment descriptor '/home/yang/proj/ros-prac/learn15/install/mcl_msgs/share/mcl_msgs/hook/cmake_prefix_path.dsv'
[0.783s] INFO:colcon.colcon_core.shell:Creating environment hook '/home/yang/proj/ros-prac/learn15/install/mcl_msgs/share/mcl_msgs/hook/cmake_prefix_path.sh'
[0.784s] Level 1:colcon.colcon_core.environment:checking '/home/yang/proj/ros-prac/learn15/install/mcl_msgs/lib'
[0.784s] Level 1:colcon.colcon_core.shell:create_environment_hook('mcl_msgs', 'ld_library_path_lib')
[0.784s] INFO:colcon.colcon_core.shell:Creating environment hook '/home/yang/proj/ros-prac/learn15/install/mcl_msgs/share/mcl_msgs/hook/ld_library_path_lib.ps1'
[0.784s] INFO:colcon.colcon_core.shell:Creating environment descriptor '/home/yang/proj/ros-prac/learn15/install/mcl_msgs/share/mcl_msgs/hook/ld_library_path_lib.dsv'
[0.784s] INFO:colcon.colcon_core.shell:Creating environment hook '/home/yang/proj/ros-prac/learn15/install/mcl_msgs/share/mcl_msgs/hook/ld_library_path_lib.sh'
[0.784s] Level 1:colcon.colcon_core.environment:checking '/home/yang/proj/ros-prac/learn15/install/mcl_msgs/bin'
[0.784s] Level 1:colcon.colcon_core.environment:checking '/home/yang/proj/ros-prac/learn15/install/mcl_msgs/lib/pkgconfig/mcl_msgs.pc'
[0.784s] Level 1:colcon.colcon_core.environment:checking '/home/yang/proj/ros-prac/learn15/install/mcl_msgs/lib/python3.12/site-packages'
[0.784s] Level 1:colcon.colcon_core.shell:create_environment_hook('mcl_msgs', 'pythonpath')
[0.784s] INFO:colcon.colcon_core.shell:Creating environment hook '/home/yang/proj/ros-prac/learn15/install/mcl_msgs/share/mcl_msgs/hook/pythonpath.ps1'
[0.785s] INFO:colcon.colcon_core.shell:Creating environment descriptor '/home/yang/proj/ros-prac/learn15/install/mcl_msgs/share/mcl_msgs/hook/pythonpath.dsv'
[0.785s] INFO:colcon.colcon_core.shell:Creating environment hook '/home/yang/proj/ros-prac/learn15/install/mcl_msgs/share/mcl_msgs/hook/pythonpath.sh'
[0.785s] Level 1:colcon.colcon_core.environment:checking '/home/yang/proj/ros-prac/learn15/install/mcl_msgs/bin'
[0.785s] INFO:colcon.colcon_core.shell:Creating package script '/home/yang/proj/ros-prac/learn15/install/mcl_msgs/share/mcl_msgs/package.ps1'
[0.785s] INFO:colcon.colcon_core.shell:Creating package descriptor '/home/yang/proj/ros-prac/learn15/install/mcl_msgs/share/mcl_msgs/package.dsv'
[0.786s] INFO:colcon.colcon_core.shell:Creating package script '/home/yang/proj/ros-prac/learn15/install/mcl_msgs/share/mcl_msgs/package.sh'
[0.786s] INFO:colcon.colcon_core.shell:Creating package script '/home/yang/proj/ros-prac/learn15/install/mcl_msgs/share/mcl_msgs/package.bash'
[0.786s] INFO:colcon.colcon_core.shell:Creating package script '/home/yang/proj/ros-prac/learn15/install/mcl_msgs/share/mcl_msgs/package.zsh'
[0.786s] Level 1:colcon.colcon_core.environment:create_file_with_runtime_dependencies(/home/yang/proj/ros-prac/learn15/install/mcl_msgs/share/colcon-core/packages/mcl_msgs)
[0.786s] Level 1:colcon.colcon_core.environment:create_environment_scripts_only(mcl_msgs)
[0.786s] Level 1:colcon.colcon_core.environment:checking '/home/yang/proj/ros-prac/learn15/install/mcl_msgs' for CMake module files
[0.787s] Level 1:colcon.colcon_core.environment:checking '/home/yang/proj/ros-prac/learn15/install/mcl_msgs' for CMake config files
[0.787s] Level 1:colcon.colcon_core.shell:create_environment_hook('mcl_msgs', 'cmake_prefix_path')
[0.787s] INFO:colcon.colcon_core.shell:Creating environment hook '/home/yang/proj/ros-prac/learn15/install/mcl_msgs/share/mcl_msgs/hook/cmake_prefix_path.ps1'
[0.787s] INFO:colcon.colcon_core.shell:Creating environment descriptor '/home/yang/proj/ros-prac/learn15/install/mcl_msgs/share/mcl_msgs/hook/cmake_prefix_path.dsv'
[0.787s] INFO:colcon.colcon_core.shell:Creating environment hook '/home/yang/proj/ros-prac/learn15/install/mcl_msgs/share/mcl_msgs/hook/cmake_prefix_path.sh'
[0.787s] Level 1:colcon.colcon_core.environment:checking '/home/yang/proj/ros-prac/learn15/install/mcl_msgs/lib'
[0.787s] Level 1:colcon.colcon_core.shell:create_environment_hook('mcl_msgs', 'ld_library_path_lib')
[0.787s] INFO:colcon.colcon_core.shell:Creating environment hook '/home/yang/proj/ros-prac/learn15/install/mcl_msgs/share/mcl_msgs/hook/ld_library_path_lib.ps1'
[0.788s] INFO:colcon.colcon_core.shell:Creating environment descriptor '/home/yang/proj/ros-prac/learn15/install/mcl_msgs/share/mcl_msgs/hook/ld_library_path_lib.dsv'
[0.788s] INFO:colcon.colcon_core.shell:Creating environment hook '/home/yang/proj/ros-prac/learn15/install/mcl_msgs/share/mcl_msgs/hook/ld_library_path_lib.sh'
[0.788s] Level 1:colcon.colcon_core.environment:checking '/home/yang/proj/ros-prac/learn15/install/mcl_msgs/bin'
[0.788s] Level 1:colcon.colcon_core.environment:checking '/home/yang/proj/ros-prac/learn15/install/mcl_msgs/lib/pkgconfig/mcl_msgs.pc'
[0.788s] Level 1:colcon.colcon_core.environment:checking '/home/yang/proj/ros-prac/learn15/install/mcl_msgs/lib/python3.12/site-packages'
[0.788s] Level 1:colcon.colcon_core.shell:create_environment_hook('mcl_msgs', 'pythonpath')
[0.788s] INFO:colcon.colcon_core.shell:Creating environment hook '/home/yang/proj/ros-prac/learn15/install/mcl_msgs/share/mcl_msgs/hook/pythonpath.ps1'
[0.788s] INFO:colcon.colcon_core.shell:Creating environment descriptor '/home/yang/proj/ros-prac/learn15/install/mcl_msgs/share/mcl_msgs/hook/pythonpath.dsv'
[0.788s] INFO:colcon.colcon_core.shell:Creating environment hook '/home/yang/proj/ros-prac/learn15/install/mcl_msgs/share/mcl_msgs/hook/pythonpath.sh'
[0.788s] Level 1:colcon.colcon_core.environment:checking '/home/yang/proj/ros-prac/learn15/install/mcl_msgs/bin'
[0.789s] INFO:colcon.colcon_core.shell:Creating package script '/home/yang/proj/ros-prac/learn15/install/mcl_msgs/share/mcl_msgs/package.ps1'
[0.789s] INFO:colcon.colcon_core.shell:Creating package descriptor '/home/yang/proj/ros-prac/learn15/install/mcl_msgs/share/mcl_msgs/package.dsv'
[0.789s] INFO:colcon.colcon_core.shell:Creating package script '/home/yang/proj/ros-prac/learn15/install/mcl_msgs/share/mcl_msgs/package.sh'
[0.789s] INFO:colcon.colcon_core.shell:Creating package script '/home/yang/proj/ros-prac/learn15/install/mcl_msgs/share/mcl_msgs/package.bash'
[0.789s] INFO:colcon.colcon_core.shell:Creating package script '/home/yang/proj/ros-prac/learn15/install/mcl_msgs/share/mcl_msgs/package.zsh'
[0.789s] Level 1:colcon.colcon_core.environment:create_file_with_runtime_dependencies(/home/yang/proj/ros-prac/learn15/install/mcl_msgs/share/colcon-core/packages/mcl_msgs)
[0.789s] INFO:colcon.colcon_ros.task.ament_cmake.build:Building ROS package in '/home/yang/proj/ros-prac/learn15/src/learn15' with build type 'ament_cmake'
[0.789s] INFO:colcon.colcon_cmake.task.cmake.build:Building CMake package in '/home/yang/proj/ros-prac/learn15/src/learn15'
[0.789s] INFO:colcon.colcon_core.shell:Skip shell extension 'powershell' for command environment: Not usable outside of PowerShell
[0.790s] DEBUG:colcon.colcon_core.shell:Skip shell extension 'dsv' for command environment
[0.793s] DEBUG:colcon.colcon_core.event_handler.log_command:Invoking command in '/home/yang/proj/ros-prac/learn15/build/learn15': CMAKE_PREFIX_PATH=/home/yang/proj/ros-prac/learn15/install/mcl_msgs:/home/yang/proj/ros-prac/learn15/install/learn15:/opt/ros/jazzy/opt/gz_sim_vendor:/opt/ros/jazzy/opt/gz_sensors_vendor:/opt/ros/jazzy/opt/gz_physics_vendor:/opt/ros/jazzy/opt/sdformat_vendor:/opt/ros/jazzy/opt/gz_gui_vendor:/opt/ros/jazzy/opt/gz_transport_vendor:/opt/ros/jazzy/opt/gz_rendering_vendor:/opt/ros/jazzy/opt/gz_plugin_vendor:/opt/ros/jazzy/opt/gz_fuel_tools_vendor:/opt/ros/jazzy/opt/gz_msgs_vendor:/opt/ros/jazzy/opt/gz_common_vendor:/opt/ros/jazzy/opt/gz_math_vendor:/opt/ros/jazzy/opt/gz_utils_vendor:/opt/ros/jazzy/opt/gz_tools_vendor:/opt/ros/jazzy/opt/gz_ogre_next_vendor:/opt/ros/jazzy/opt/gz_dartsim_vendor:/opt/ros/jazzy/opt/gz_cmake_vendor:/opt/ros/jazzy DEBUGINFOD_URLS=https://debuginfod.ubuntu.com LD_LIBRARY_PATH=/home/yang/proj/ros-prac/learn15/install/mcl_msgs/lib:/home/yang/proj/ros-prac/learn15/install/learn15/lib:/opt/ros/jazzy/opt/gz_sim_vendor/lib:/opt/ros/jazzy/opt/gz_sensors_vendor/lib:/opt/ros/jazzy/opt/gz_physics_vendor/lib:/opt/ros/jazzy/opt/sdformat_vendor/lib:/opt/ros/jazzy/opt/rviz_ogre_vendor/lib:/opt/ros/jazzy/lib/x86_64-linux-gnu:/opt/ros/jazzy/opt/gz_gui_vendor/lib:/opt/ros/jazzy/opt/gz_transport_vendor/lib:/opt/ros/jazzy/opt/gz_rendering_vendor/lib:/opt/ros/jazzy/opt/gz_plugin_vendor/lib:/opt/ros/jazzy/opt/gz_fuel_tools_vendor/lib:/opt/ros/jazzy/opt/gz_msgs_vendor/lib:/opt/ros/jazzy/opt/gz_common_vendor/lib:/opt/ros/jazzy/opt/gz_math_vendor/lib:/opt/ros/jazzy/opt/gz_utils_vendor/lib:/opt/ros/jazzy/opt/gz_tools_vendor/lib:/opt/ros/jazzy/opt/gz_ogre_next_vendor/lib:/opt/ros/jazzy/opt/gz_dartsim_vendor/lib:/opt/ros/jazzy/opt/gz_cmake_vendor/lib:/opt/ros/jazzy/lib /usr/bin/cmake --build /home/yang/proj/ros-prac/learn15/build/learn15 -- -j12 -l12
[4.657s] DEBUG:colcon.colcon_core.event_handler.log_command:Invoked command in '/home/yang/proj/ros-prac/learn15/build/learn15' returned '0': CMAKE_PREFIX_PATH=/home/yang/proj/ros-prac/learn15/install/mcl_msgs:/home/yang/proj/ros-prac/learn15/install/learn15:/opt/ros/jazzy/opt/gz_sim_vendor:/opt/ros/jazzy/opt/gz_sensors_vendor:/opt/ros/jazzy/opt/gz_physics_vendor:/opt/ros/jazzy/opt/sdformat_vendor:/opt/ros/jazzy/opt/gz_gui_vendor:/opt/ros/jazzy/opt/gz_transport_vendor:/opt/ros/jazzy/opt/gz_rendering_vendor:/opt/ros/jazzy/opt/gz_plugin_vendor:/opt/ros/jazzy/opt/gz_fuel_tools_vendor:/opt/ros/jazzy/opt/gz_msgs_vendor:/opt/ros/jazzy/opt/gz_common_vendor:/opt/ros/jazzy/opt/gz_math_vendor:/opt/ros/jazzy/opt/gz_utils_vendor:/opt/ros/jazzy/opt/gz_tools_vendor:/opt/ros/jazzy/opt/gz_ogre_next_vendor:/opt/ros/jazzy/opt/gz_dartsim_vendor:/opt/ros/jazzy/opt/gz_cmake_vendor:/opt/ros/jazzy DEBUGINFOD_URLS=https://debuginfod.ubuntu.com LD_LIBRARY_PATH=/home/yang/proj/ros-prac/learn15/install/mcl_msgs/lib:/home/yang/proj/ros-prac/learn15/install/learn15/lib:/opt/ros/jazzy/opt/gz_sim_vendor/lib:/opt/ros/jazzy/opt/gz_sensors_vendor/lib:/opt/ros/jazzy/opt/gz_physics_vendor/lib:/opt/ros/jazzy/opt/sdformat_vendor/lib:/opt/ros/jazzy/opt/rviz_ogre_vendor/lib:/opt/ros/jazzy/lib/x86_64-linux-gnu:/opt/ros/jazzy/opt/gz_gui_vendor/lib:/opt/ros/jazzy/opt/gz_transport_vendor/lib:/opt/ros/jazzy/opt/gz_rendering_vendor/lib:/opt/ros/jazzy/opt/gz_plugin_vendor/lib:/opt/ros/jazzy/opt/gz_fuel_tools_vendor/lib:/opt/ros/jazzy/opt/gz_msgs_vendor/lib:/opt/ros/jazzy/opt/gz_common_vendor/lib:/opt/ros/jazzy/opt/gz_math_vendor/lib:/opt/ros/jazzy/opt/gz_utils_vendor/lib:/opt/ros/jazzy/opt/gz_tools_vendor/lib:/opt/ros/jazzy/opt/gz_ogre_next_vendor/lib:/opt/ros/jazzy/opt/gz_dartsim_vendor/lib:/opt/ros/jazzy/opt/gz_cmake_vendor/lib:/opt/ros/jazzy/lib /usr/bin/cmake --build /home/yang/proj/ros-prac/learn15/build/learn15 -- -j12 -l12
[4.657s] DEBUG:colcon.colcon_core.event_handler.log_command:Invoking command in '/home/yang/proj/ros-prac/learn15/build/learn15': CMAKE_PREFIX_PATH=/home/yang/proj/ros-prac/learn15/install/mcl_msgs:/home/yang/proj/ros-prac/learn15/install/learn15:/opt/ros/jazzy/opt/gz_sim_vendor:/opt/ros/jazzy/opt/gz_sensors_vendor:/opt/ros/jazzy/opt/gz_physics_vendor:/opt/ros/jazzy/opt/sdformat_vendor:/opt/ros/jazzy/opt/gz_gui_vendor:/opt/ros/jazzy/opt/gz_transport_vendor:/opt/ros/jazzy/opt/gz_rendering_vendor:/opt/ros/jazzy/opt/gz_plugin_vendor:/opt/ros/jazzy/opt/gz_fuel_tools_vendor:/opt/ros/jazzy/opt/gz_msgs_vendor:/opt/ros/jazzy/opt/gz_common_vendor:/opt/ros/jazzy/opt/gz_math_vendor:/opt/ros/jazzy/opt/gz_utils_vendor:/opt/ros/jazzy/opt/gz_tools_vendor:/opt/ros/jazzy/opt/gz_ogre_next_vendor:/opt/ros/jazzy/opt/gz_dartsim_vendor:/opt/ros/jazzy/opt/gz_cmake_vendor:/opt/ros/jazzy DEBUGINFOD_URLS=https://debuginfod.ubuntu.com LD_LIBRARY_PATH=/home/yang/proj/ros-prac/learn15/install/mcl_msgs/lib:/home/yang/proj/ros-prac/learn15/install/learn15/lib:/opt/ros/jazzy/opt/gz_sim_vendor/lib:/opt/ros/jazzy/opt/gz_sensors_vendor/lib:/opt/ros/jazzy/opt/gz_physics_vendor/lib:/opt/ros/jazzy/opt/sdformat_vendor/lib:/opt/ros/jazzy/opt/rviz_ogre_vendor/lib:/opt/ros/jazzy/lib/x86_64-linux-gnu:/opt/ros/jazzy/opt/gz_gui_vendor/lib:/opt/ros/jazzy/opt/gz_transport_vendor/lib:/opt/ros/jazzy/opt/gz_rendering_vendor/lib:/opt/ros/jazzy/opt/gz_plugin_vendor/lib:/opt/ros/jazzy/opt/gz_fuel_tools_vendor/lib:/opt/ros/jazzy/opt/gz_msgs_vendor/lib:/opt/ros/jazzy/opt/gz_common_vendor/lib:/opt/ros/jazzy/opt/gz_math_vendor/lib:/opt/ros/jazzy/opt/gz_utils_vendor/lib:/opt/ros/jazzy/opt/gz_tools_vendor/lib:/opt/ros/jazzy/opt/gz_ogre_next_vendor/lib:/opt/ros/jazzy/opt/gz_dartsim_vendor/lib:/opt/ros/jazzy/opt/gz_cmake_vendor/lib:/opt/ros/jazzy/lib /usr/bin/cmake --install /home/yang/proj/ros-prac/learn15/build/learn15
[4.662s] Level 1:colcon.colcon_core.environment:create_environment_scripts_only(learn15)
[4.662s] Level 1:colcon.colcon_core.environment:checking '/home/yang/proj/ros-prac/learn15/install/learn15' for CMake module files
[4.662s] DEBUG:colcon.colcon_core.event_handler.log_command:Invoked command in '/home/yang/proj/ros-prac/learn15/build/learn15' returned '0': CMAKE_PREFIX_PATH=/home/yang/proj/ros-prac/learn15/install/mcl_msgs:/home/yang/proj/ros-prac/learn15/install/learn15:/opt/ros/jazzy/opt/gz_sim_vendor:/opt/ros/jazzy/opt/gz_sensors_vendor:/opt/ros/jazzy/opt/gz_physics_vendor:/opt/ros/jazzy/opt/sdformat_vendor:/opt/ros/jazzy/opt/gz_gui_vendor:/opt/ros/jazzy/opt/gz_transport_vendor:/opt/ros/jazzy/opt/gz_rendering_vendor:/opt/ros/jazzy/opt/gz_plugin_vendor:/opt/ros/jazzy/opt/gz_fuel_tools_vendor:/opt/ros/jazzy/opt/gz_msgs_vendor:/opt/ros/jazzy/opt/gz_common_vendor:/opt/ros/jazzy/opt/gz_math_vendor:/opt/ros/jazzy/opt/gz_utils_vendor:/opt/ros/jazzy/opt/gz_tools_vendor:/opt/ros/jazzy/opt/gz_ogre_next_vendor:/opt/ros/jazzy/opt/gz_dartsim_vendor:/opt/ros/jazzy/opt/gz_cmake_vendor:/opt/ros/jazzy DEBUGINFOD_URLS=https://debuginfod.ubuntu.com LD_LIBRARY_PATH=/home/yang/proj/ros-prac/learn15/install/mcl_msgs/lib:/home/yang/proj/ros-prac/learn15/install/learn15/lib:/opt/ros/jazzy/opt/gz_sim_vendor/lib:/opt/ros/jazzy/opt/gz_sensors_vendor/lib:/opt/ros/jazzy/opt/gz_physics_vendor/lib:/opt/ros/jazzy/opt/sdformat_vendor/lib:/opt/ros/jazzy/opt/rviz_ogre_vendor/lib:/opt/ros/jazzy/lib/x86_64-linux-gnu:/opt/ros/jazzy/opt/gz_gui_vendor/lib:/opt/ros/jazzy/opt/gz_transport_vendor/lib:/opt/ros/jazzy/opt/gz_rendering_vendor/lib:/opt/ros/jazzy/opt/gz_plugin_vendor/lib:/opt/ros/jazzy/opt/gz_fuel_tools_vendor/lib:/opt/ros/jazzy/opt/gz_msgs_vendor/lib:/opt/ros/jazzy/opt/gz_common_vendor/lib:/opt/ros/jazzy/opt/gz_math_vendor/lib:/opt/ros/jazzy/opt/gz_utils_vendor/lib:/opt/ros/jazzy/opt/gz_tools_vendor/lib:/opt/ros/jazzy/opt/gz_ogre_next_vendor/lib:/opt/ros/jazzy/opt/gz_dartsim_vendor/lib:/opt/ros/jazzy/opt/gz_cmake_vendor/lib:/opt/ros/jazzy/lib /usr/bin/cmake --install /home/yang/proj/ros-prac/learn15/build/learn15
[4.662s] Level 1:colcon.colcon_core.environment:checking '/home/yang/proj/ros-prac/learn15/install/learn15' for CMake config files
[4.662s] Level 1:colcon.colcon_core.shell:create_environment_hook('learn15', 'cmake_prefix_path')
[4.663s] INFO:colcon.colcon_core.shell:Creating environment hook '/home/yang/proj/ros-prac/learn15/install/learn15/share/learn15/hook/cmake_prefix_path.ps1'
[4.663s] INFO:colcon.colcon_core.shell:Creating environment descriptor '/home/yang/proj/ros-prac/learn15/install/learn15/share/learn15/hook/cmake_prefix_path.dsv'
[4.663s] INFO:colcon.colcon_core.shell:Creating environment hook '/home/yang/proj/ros-prac/learn15/install/learn15/share/learn15/hook/cmake_prefix_path.sh'
[4.663s] Level 1:colcon.colcon_core.environment:checking '/home/yang/proj/ros-prac/learn15/install/learn15/lib'
[4.663s] Level 1:colcon.colcon_core.shell:create_environment_hook('learn15', 'ld_library_path_lib')
[4.663s] INFO:colcon.colcon_core.shell:Creating environment hook '/home/yang/proj/ros-prac/learn15/install/learn15/share/learn15/hook/ld_library_path_lib.ps1'
[4.663s] INFO:colcon.colcon_core.shell:Creating environment descriptor '/home/yang/proj/ros-prac/learn15/install/learn15/share/learn15/hook/ld_library_path_lib.dsv'
[4.663s] INFO:colcon.colcon_core.shell:Creating environment hook '/home/yang/proj/ros-prac/learn15/install/learn15/share/learn15/hook/ld_library_path_lib.sh'
[4.664s] Level 1:colcon.colcon_core.environment:checking '/home/yang/proj/ros-prac/learn15/install/learn15/bin'
[4.664s] Level 1:colcon.colcon_core.environment:checking '/home/yang/proj/ros-prac/learn15/install/learn15/lib/pkgconfig/learn15.pc'
[4.664s] Level 1:colcon.colcon_core.environment:checking '/home/yang/proj/ros-prac/learn15/install/learn15/lib/python3.12/site-packages'
[4.664s] Level 1:colcon.colcon_core.environment:checking '/home/yang/proj/ros-prac/learn15/install/learn15/bin'
[4.664s] INFO:colcon.colcon_core.shell:Creating package script '/home/yang/proj/ros-prac/learn15/install/learn15/share/learn15/package.ps1'
[4.664s] INFO:colcon.colcon_core.shell:Creating package descriptor '/home/yang/proj/ros-prac/learn15/install/learn15/share/learn15/package.dsv'
[4.664s] INFO:colcon.colcon_core.shell:Creating package script '/home/yang/proj/ros-prac/learn15/install/learn15/share/learn15/package.sh'
[4.664s] INFO:colcon.colcon_core.shell:Creating package script '/home/yang/proj/ros-prac/learn15/install/learn15/share/learn15/package.bash'
[4.665s] INFO:colcon.colcon_core.shell:Creating package script '/home/yang/proj/ros-prac/learn15/install/learn15/share/learn15/package.zsh'
[4.665s] Level 1:colcon.colcon_core.environment:create_file_with_runtime_dependencies(/home/yang/proj/ros-prac/learn15/install/learn15/share/colcon-core/packages/learn15)
[4.665s] Level 1:colcon.colcon_core.environment:create_environment_scripts_only(learn15)
[4.665s] Level 1:colcon.colcon_core.environment:checking '/home/yang/proj/ros-prac/learn15/install/learn15' for CMake module files
[4.665s] Level 1:colcon.colcon_core.environment:checking '/home/yang/proj/ros-prac/learn15/install/learn15' for CMake config files
[4.665s] Level 1:colcon.colcon_core.shell:create_environment_hook('learn15', 'cmake_prefix_path')
[4.665s] INFO:colcon.colcon_core.shell:Creating environment hook '/home/yang/proj/ros-prac/learn15/install/learn15/share/learn15/hook/cmake_prefix_path.ps1'
[4.665s] INFO:colcon.colcon_core.shell:Creating environment descriptor '/home/yang/proj/ros-prac/learn15/install/learn15/share/learn15/hook/cmake_prefix_path.dsv'
[4.666s] INFO:colcon.colcon_core.shell:Creating environment hook '/home/yang/proj/ros-prac/learn15/install/learn15/share/learn15/hook/cmake_prefix_path.sh'
[4.666s] Level 1:colcon.colcon_core.environment:checking '/home/yang/proj/ros-prac/learn15/install/learn15/lib'
[4.666s] Level 1:colcon.colcon_core.shell:create_environment_hook('learn15', 'ld_library_path_lib')
[4.666s] INFO:colcon.colcon_core.shell:Creating environment hook '/home/yang/proj/ros-prac/learn15/install/learn15/share/learn15/hook/ld_library_path_lib.ps1'
[4.666s] INFO:colcon.colcon_core.shell:Creating environment descriptor '/home/yang/proj/ros-prac/learn15/install/learn15/share/learn15/hook/ld_library_path_lib.dsv'
[4.666s] INFO:colcon.colcon_core.shell:Creating environment hook '/home/yang/proj/ros-prac/learn15/install/learn15/share/learn15/hook/ld_library_path_lib.sh'
[4.666s] Level 1:colcon.colcon_core.environment:checking '/home/yang/proj/ros-prac/learn15/install/learn15/bin'
[4.666s] Level 1:colcon.colcon_core.environment:checking '/home/yang/proj/ros-prac/learn15/install/learn15/lib/pkgconfig/learn15.pc'
[4.666s] Level 1:colcon.colcon_core.environment:checking '/home/yang/proj/ros-prac/learn15/install/learn15/lib/python3.12/site-packages'
[4.666s] Level 1:colcon.colcon_core.environment:checking '/home/yang/proj/ros-prac/learn15/install/learn15/bin'
[4.667s] INFO:colcon.colcon_core.shell:Creating package script '/home/yang/proj/ros-prac/learn15/install/learn15/share/learn15/package.ps1'
[4.667s] INFO:colcon.colcon_core.shell:Creating package descriptor '/home/yang/proj/ros-prac/learn15/install/learn15/share/learn15/package.dsv'
[4.667s] INFO:colcon.colcon_core.shell:Creating package script '/home/yang/proj/ros-prac/learn15/install/learn15/share/learn15/package.sh'
[4.667s] INFO:colcon.colcon_core.shell:Creating package script '/home/yang/proj/ros-prac/learn15/install/learn15/share/learn15/package.bash'
[4.667s] INFO:colcon.colcon_core.shell:Creating package script '/home/yang/proj/ros-prac/learn15/install/learn15/share/learn15/package.zsh'
[4.667s] Level 1:colcon.colcon_core.environment:create_file_with_runtime_dependencies(/home/yang/proj/ros-prac/learn15/install/learn15/share/colcon-core/packages/learn15)
[4.667s] DEBUG:colcon.colcon_parallel_executor.executor.parallel:closing loop
[4.667s] DEBUG:colcon.colcon_parallel_executor.executor.parallel:loop closed
[4.667s] DEBUG:colcon.colcon_parallel_executor.executor.parallel:run_until_complete finished with '0'
[4.667s] DEBUG:colcon.colcon_core.event_reactor:joining thread
[4.670s] INFO:colcon.colcon_core.plugin_system:Skipping extension 'colcon_notification.desktop_notification.terminal_notifier': Not used on non-Darwin systems
[4.670s] INFO:colcon.colcon_core.plugin_system:Skipping extension 'colcon_notification.desktop_notification.win32': Not used on non-Windows systems
[4.670s] INFO:colcon.colcon_notification.desktop_notification:Sending desktop notification using 'notify2'
[4.676s] DEBUG:colcon.colcon_core.event_reactor:joined thread
[4.676s] INFO:colcon.colcon_core.shell:Creating prefix script '/home/yang/proj/ros-prac/learn15/install/local_setup.ps1'
[4.676s] INFO:colcon.colcon_core.shell:Creating prefix util module '/home/yang/proj/ros-prac/learn15/install/_local_setup_util_ps1.py'
[4.677s] INFO:colcon.colcon_core.shell:Creating prefix chain script '/home/yang/proj/ros-prac/learn15/install/setup.ps1'
[4.677s] INFO:colcon.colcon_core.shell:Creating prefix script '/home/yang/proj/ros-prac/learn15/install/local_setup.sh'
[4.677s] INFO:colcon.colcon_core.shell:Creating prefix util module '/home/yang/proj/ros-prac/learn15/install/_local_setup_util_sh.py'
[4.677s] INFO:colcon.colcon_core.shell:Creating prefix chain script '/home/yang/proj/ros-prac/learn15/install/setup.sh'
[4.678s] INFO:colcon.colcon_core.shell:Creating prefix script '/home/yang/proj/ros-prac/learn15/install/local_setup.bash'
[4.678s] INFO:colcon.colcon_core.shell:Creating prefix chain script '/home/yang/proj/ros-prac/learn15/install/setup.bash'
[4.678s] INFO:colcon.colcon_core.shell:Creating prefix script '/home/yang/proj/ros-prac/learn15/install/local_setup.zsh'
[4.678s] INFO:colcon.colcon_core.shell:Creating prefix chain script '/home/yang/proj/ros-prac/learn15/install/setup.zsh'
