[ 50%] [32mBuilding CXX object CMakeFiles/server.dir/src/server.cpp.o[0m
[100%] [32m[1mLinking CXX executable server[0m
[100%] Built target server
-- Install configuration: ""
-- Installing: /home/yang/proj/ros-prac/learn2/src/install/service/lib/service/server
-- Installing: /home/yang/proj/ros-prac/learn2/src/install/service/share/ament_index/resource_index/package_run_dependencies/service
-- Installing: /home/yang/proj/ros-prac/learn2/src/install/service/share/ament_index/resource_index/parent_prefix_path/service
-- Installing: /home/yang/proj/ros-prac/learn2/src/install/service/share/service/environment/ament_prefix_path.sh
-- Installing: /home/yang/proj/ros-prac/learn2/src/install/service/share/service/environment/ament_prefix_path.dsv
-- Installing: /home/yang/proj/ros-prac/learn2/src/install/service/share/service/environment/path.sh
-- Installing: /home/yang/proj/ros-prac/learn2/src/install/service/share/service/environment/path.dsv
-- Installing: /home/yang/proj/ros-prac/learn2/src/install/service/share/service/local_setup.bash
-- Installing: /home/yang/proj/ros-prac/learn2/src/install/service/share/service/local_setup.sh
-- Installing: /home/yang/proj/ros-prac/learn2/src/install/service/share/service/local_setup.zsh
-- Installing: /home/yang/proj/ros-prac/learn2/src/install/service/share/service/local_setup.dsv
-- Up-to-date: /home/yang/proj/ros-prac/learn2/src/install/service/share/service/package.dsv
-- Installing: /home/yang/proj/ros-prac/learn2/src/install/service/share/ament_index/resource_index/packages/service
-- Installing: /home/yang/proj/ros-prac/learn2/src/install/service/share/service/cmake/serviceConfig.cmake
-- Installing: /home/yang/proj/ros-prac/learn2/src/install/service/share/service/cmake/serviceConfig-version.cmake
-- Installing: /home/yang/proj/ros-prac/learn2/src/install/service/share/service/package.xml
