[ 50%] [32mBuilding CXX object CMakeFiles/server.dir/src/server.cpp.o[0m
[01m[K/home/yang/proj/ros-prac/learn2/src/service/src/server.cpp:[m[K In function ‘[01m[Kint[01;32m[K main[m[K(int, char**)[m[K’:
[01m[K/home/yang/proj/ros-prac/learn2/src/service/src/server.cpp:2:14:[m[K [01;35m[Kwarning: [m[Kunused parameter ‘[01m[Kargc[m[K’ [[01;35m[K]8;;https://gcc.gnu.org/onlinedocs/gcc/Warning-Options.html#index-Wunused-parameter-Wunused-parameter]8;;[m[K]
    2 | int main([01;35m[Kint argc[m[K, char *arg[]) { return 0; }
      |          [01;35m[K~~~~^~~~[m[K
[01m[K/home/yang/proj/ros-prac/learn2/src/service/src/server.cpp:2:26:[m[K [01;35m[Kwarning: [m[Kunused parameter ‘[01m[Karg[m[K’ [[01;35m[K]8;;https://gcc.gnu.org/onlinedocs/gcc/Warning-Options.html#index-Wunused-parameter-Wunused-parameter]8;;[m[K]
    2 | int main(int argc, [01;35m[Kchar *arg[][m[K) { return 0; }
      |                    [01;35m[K~~~~~~^~~~~[m[K
[100%] [32m[1mLinking CXX executable server[0m
[100%] Built target server
-- Install configuration: ""
-- Installing: /home/yang/proj/ros-prac/learn2/src/install/service/lib/service/server
-- Installing: /home/yang/proj/ros-prac/learn2/src/install/service/share/ament_index/resource_index/package_run_dependencies/service
-- Installing: /home/yang/proj/ros-prac/learn2/src/install/service/share/ament_index/resource_index/parent_prefix_path/service
-- Installing: /home/yang/proj/ros-prac/learn2/src/install/service/share/service/environment/ament_prefix_path.sh
-- Installing: /home/yang/proj/ros-prac/learn2/src/install/service/share/service/environment/ament_prefix_path.dsv
-- Installing: /home/yang/proj/ros-prac/learn2/src/install/service/share/service/environment/path.sh
-- Installing: /home/yang/proj/ros-prac/learn2/src/install/service/share/service/environment/path.dsv
-- Installing: /home/yang/proj/ros-prac/learn2/src/install/service/share/service/local_setup.bash
-- Installing: /home/yang/proj/ros-prac/learn2/src/install/service/share/service/local_setup.sh
-- Installing: /home/yang/proj/ros-prac/learn2/src/install/service/share/service/local_setup.zsh
-- Installing: /home/yang/proj/ros-prac/learn2/src/install/service/share/service/local_setup.dsv
-- Up-to-date: /home/yang/proj/ros-prac/learn2/src/install/service/share/service/package.dsv
-- Installing: /home/yang/proj/ros-prac/learn2/src/install/service/share/ament_index/resource_index/packages/service
-- Installing: /home/yang/proj/ros-prac/learn2/src/install/service/share/service/cmake/serviceConfig.cmake
-- Installing: /home/yang/proj/ros-prac/learn2/src/install/service/share/service/cmake/serviceConfig-version.cmake
-- Installing: /home/yang/proj/ros-prac/learn2/src/install/service/share/service/package.xml
