[0.001s] Invoking command in '/home/yang/proj/ros-prac/learn2/src/build/service': CMAKE_PREFIX_PATH=${CMAKE_PREFIX_PATH}:/opt/ros/jazzy /usr/bin/cmake --build /home/yang/proj/ros-prac/learn2/src/build/service -- -j10 -l10
[0.017s] [ 50%] [32mBuilding CXX object CMakeFiles/server.dir/src/server.cpp.o[0m
[0.020s] [01m[K/home/yang/proj/ros-prac/learn2/src/service/src/server.cpp:[m[K In function ‘[01m[Kint[01;32m[K main[m[K(int, char**)[m[K’:
[0.020s] [01m[K/home/yang/proj/ros-prac/learn2/src/service/src/server.cpp:2:14:[m[K [01;35m[Kwarning: [m[Kunused parameter ‘[01m[Kargc[m[K’ [[01;35m[K]8;;https://gcc.gnu.org/onlinedocs/gcc/Warning-Options.html#index-Wunused-parameter-Wunused-parameter]8;;[m[K]
[0.020s]     2 | int main([01;35m[Kint argc[m[K, char *arg[]) { return 0; }
[0.020s]       |          [01;35m[K~~~~^~~~[m[K
[0.020s] [01m[K/home/yang/proj/ros-prac/learn2/src/service/src/server.cpp:2:26:[m[K [01;35m[Kwarning: [m[Kunused parameter ‘[01m[Karg[m[K’ [[01;35m[K]8;;https://gcc.gnu.org/onlinedocs/gcc/Warning-Options.html#index-Wunused-parameter-Wunused-parameter]8;;[m[K]
[0.020s]     2 | int main(int argc, [01;35m[Kchar *arg[][m[K) { return 0; }
[0.020s]       |                    [01;35m[K~~~~~~^~~~~[m[K
[0.025s] [100%] [32m[1mLinking CXX executable server[0m
[0.038s] [100%] Built target server
[0.041s] Invoked command in '/home/yang/proj/ros-prac/learn2/src/build/service' returned '0': CMAKE_PREFIX_PATH=${CMAKE_PREFIX_PATH}:/opt/ros/jazzy /usr/bin/cmake --build /home/yang/proj/ros-prac/learn2/src/build/service -- -j10 -l10
[0.043s] Invoking command in '/home/yang/proj/ros-prac/learn2/src/build/service': CMAKE_PREFIX_PATH=${CMAKE_PREFIX_PATH}:/opt/ros/jazzy /usr/bin/cmake --install /home/yang/proj/ros-prac/learn2/src/build/service
[0.045s] -- Install configuration: ""
[0.045s] -- Installing: /home/yang/proj/ros-prac/learn2/src/install/service/lib/service/server
[0.045s] -- Installing: /home/yang/proj/ros-prac/learn2/src/install/service/share/ament_index/resource_index/package_run_dependencies/service
[0.045s] -- Installing: /home/yang/proj/ros-prac/learn2/src/install/service/share/ament_index/resource_index/parent_prefix_path/service
[0.046s] -- Installing: /home/yang/proj/ros-prac/learn2/src/install/service/share/service/environment/ament_prefix_path.sh
[0.046s] -- Installing: /home/yang/proj/ros-prac/learn2/src/install/service/share/service/environment/ament_prefix_path.dsv
[0.046s] -- Installing: /home/yang/proj/ros-prac/learn2/src/install/service/share/service/environment/path.sh
[0.046s] -- Installing: /home/yang/proj/ros-prac/learn2/src/install/service/share/service/environment/path.dsv
[0.046s] -- Installing: /home/yang/proj/ros-prac/learn2/src/install/service/share/service/local_setup.bash
[0.046s] -- Installing: /home/yang/proj/ros-prac/learn2/src/install/service/share/service/local_setup.sh
[0.046s] -- Installing: /home/yang/proj/ros-prac/learn2/src/install/service/share/service/local_setup.zsh
[0.046s] -- Installing: /home/yang/proj/ros-prac/learn2/src/install/service/share/service/local_setup.dsv
[0.046s] -- Up-to-date: /home/yang/proj/ros-prac/learn2/src/install/service/share/service/package.dsv
[0.046s] -- Installing: /home/yang/proj/ros-prac/learn2/src/install/service/share/ament_index/resource_index/packages/service
[0.046s] -- Installing: /home/yang/proj/ros-prac/learn2/src/install/service/share/service/cmake/serviceConfig.cmake
[0.046s] -- Installing: /home/yang/proj/ros-prac/learn2/src/install/service/share/service/cmake/serviceConfig-version.cmake
[0.046s] -- Installing: /home/yang/proj/ros-prac/learn2/src/install/service/share/service/package.xml
[0.047s] Invoked command in '/home/yang/proj/ros-prac/learn2/src/build/service' returned '0': CMAKE_PREFIX_PATH=${CMAKE_PREFIX_PATH}:/opt/ros/jazzy /usr/bin/cmake --install /home/yang/proj/ros-prac/learn2/src/build/service
