[0.034s] DEBUG:colcon:Command line arguments: ['/usr/bin/colcon', 'build', '--cmake-args', '-DCMAKE_EXPORT_COMPILE_COMMANDS=ON']
[0.034s] DEBUG:colcon:Parsed command line arguments: Namespace(log_base=None, log_level=None, verb_name='build', build_base='build', install_base='install', merge_install=False, symlink_install=False, test_result_base=None, continue_on_error=False, executor='parallel', parallel_workers=10, event_handlers=None, ignore_user_meta=False, metas=['./colcon.meta'], base_paths=['.'], packages_ignore=None, packages_ignore_regex=None, paths=None, packages_up_to=None, packages_up_to_regex=None, packages_above=None, packages_above_and_dependencies=None, packages_above_depth=None, packages_select_by_dep=None, packages_skip_by_dep=None, packages_skip_up_to=None, packages_select_build_failed=False, packages_skip_build_finished=False, packages_select_test_failures=False, packages_skip_test_passed=False, packages_select=None, packages_skip=None, packages_select_regex=None, packages_skip_regex=None, packages_start=None, packages_end=None, allow_overriding=[], cmake_args=['-DCMAKE_EXPORT_COMPILE_COMMANDS=ON'], cmake_target=None, cmake_target_skip_unavailable=False, cmake_clean_cache=False, cmake_clean_first=False, cmake_force_configure=False, ament_cmake_args=None, catkin_cmake_args=None, catkin_skip_building_tests=False, verb_parser=<colcon_defaults.argument_parser.defaults.DefaultArgumentsDecorator object at 0xffff84254bf0>, verb_extension=<colcon_core.verb.build.BuildVerb object at 0xffff844055b0>, main=<bound method BuildVerb.main of <colcon_core.verb.build.BuildVerb object at 0xffff844055b0>>)
[0.046s] Level 1:colcon.colcon_core.package_discovery:discover_packages(colcon_meta) check parameters
[0.046s] Level 1:colcon.colcon_core.package_discovery:discover_packages(recursive) check parameters
[0.046s] Level 1:colcon.colcon_core.package_discovery:discover_packages(ignore) check parameters
[0.046s] Level 1:colcon.colcon_core.package_discovery:discover_packages(path) check parameters
[0.046s] Level 1:colcon.colcon_core.package_discovery:discover_packages(colcon_meta) discover
[0.046s] Level 1:colcon.colcon_core.package_discovery:discover_packages(recursive) discover
[0.046s] INFO:colcon.colcon_core.package_discovery:Crawling recursively for packages in '/home/yang/proj/ros-prac/learn3'
[0.046s] Level 1:colcon.colcon_core.package_identification:_identify(.) by extensions ['ignore', 'ignore_ament_install']
[0.046s] Level 1:colcon.colcon_core.package_identification:_identify(.) by extension 'ignore'
[0.046s] Level 1:colcon.colcon_core.package_identification:_identify(.) by extension 'ignore_ament_install'
[0.046s] Level 1:colcon.colcon_core.package_identification:_identify(.) by extensions ['colcon_pkg']
[0.046s] Level 1:colcon.colcon_core.package_identification:_identify(.) by extension 'colcon_pkg'
[0.046s] Level 1:colcon.colcon_core.package_identification:_identify(.) by extensions ['colcon_meta']
[0.046s] Level 1:colcon.colcon_core.package_identification:_identify(.) by extension 'colcon_meta'
[0.046s] Level 1:colcon.colcon_core.package_identification:_identify(.) by extensions ['ros']
[0.046s] Level 1:colcon.colcon_core.package_identification:_identify(.) by extension 'ros'
[0.055s] Level 1:colcon.colcon_core.package_identification:_identify(.) by extensions ['cmake', 'python']
[0.055s] Level 1:colcon.colcon_core.package_identification:_identify(.) by extension 'cmake'
[0.055s] Level 1:colcon.colcon_core.package_identification:_identify(.) by extension 'python'
[0.055s] Level 1:colcon.colcon_core.package_identification:_identify(.) by extensions ['python_setup_py']
[0.055s] Level 1:colcon.colcon_core.package_identification:_identify(.) by extension 'python_setup_py'
[0.055s] Level 1:colcon.colcon_core.package_identification:_identify(build) by extensions ['ignore', 'ignore_ament_install']
[0.055s] Level 1:colcon.colcon_core.package_identification:_identify(build) by extension 'ignore'
[0.055s] Level 1:colcon.colcon_core.package_identification:_identify(build) ignored
[0.055s] Level 1:colcon.colcon_core.package_identification:_identify(install) by extensions ['ignore', 'ignore_ament_install']
[0.055s] Level 1:colcon.colcon_core.package_identification:_identify(install) by extension 'ignore'
[0.055s] Level 1:colcon.colcon_core.package_identification:_identify(install) ignored
[0.055s] Level 1:colcon.colcon_core.package_identification:_identify(log) by extensions ['ignore', 'ignore_ament_install']
[0.055s] Level 1:colcon.colcon_core.package_identification:_identify(log) by extension 'ignore'
[0.055s] Level 1:colcon.colcon_core.package_identification:_identify(log) ignored
[0.055s] Level 1:colcon.colcon_core.package_identification:_identify(src) by extensions ['ignore', 'ignore_ament_install']
[0.055s] Level 1:colcon.colcon_core.package_identification:_identify(src) by extension 'ignore'
[0.055s] Level 1:colcon.colcon_core.package_identification:_identify(src) by extension 'ignore_ament_install'
[0.055s] Level 1:colcon.colcon_core.package_identification:_identify(src) by extensions ['colcon_pkg']
[0.055s] Level 1:colcon.colcon_core.package_identification:_identify(src) by extension 'colcon_pkg'
[0.055s] Level 1:colcon.colcon_core.package_identification:_identify(src) by extensions ['colcon_meta']
[0.055s] Level 1:colcon.colcon_core.package_identification:_identify(src) by extension 'colcon_meta'
[0.055s] Level 1:colcon.colcon_core.package_identification:_identify(src) by extensions ['ros']
[0.055s] Level 1:colcon.colcon_core.package_identification:_identify(src) by extension 'ros'
[0.055s] Level 1:colcon.colcon_core.package_identification:_identify(src) by extensions ['cmake', 'python']
[0.055s] Level 1:colcon.colcon_core.package_identification:_identify(src) by extension 'cmake'
[0.055s] Level 1:colcon.colcon_core.package_identification:_identify(src) by extension 'python'
[0.055s] Level 1:colcon.colcon_core.package_identification:_identify(src) by extensions ['python_setup_py']
[0.055s] Level 1:colcon.colcon_core.package_identification:_identify(src) by extension 'python_setup_py'
[0.055s] Level 1:colcon.colcon_core.package_identification:_identify(src/build) by extensions ['ignore', 'ignore_ament_install']
[0.055s] Level 1:colcon.colcon_core.package_identification:_identify(src/build) by extension 'ignore'
[0.055s] Level 1:colcon.colcon_core.package_identification:_identify(src/build) ignored
[0.055s] Level 1:colcon.colcon_core.package_identification:_identify(src/install) by extensions ['ignore', 'ignore_ament_install']
[0.055s] Level 1:colcon.colcon_core.package_identification:_identify(src/install) by extension 'ignore'
[0.055s] Level 1:colcon.colcon_core.package_identification:_identify(src/install) ignored
[0.055s] Level 1:colcon.colcon_core.package_identification:_identify(src/log) by extensions ['ignore', 'ignore_ament_install']
[0.055s] Level 1:colcon.colcon_core.package_identification:_identify(src/log) by extension 'ignore'
[0.055s] Level 1:colcon.colcon_core.package_identification:_identify(src/log) ignored
[0.055s] Level 1:colcon.colcon_core.package_identification:_identify(src/msgs) by extensions ['ignore', 'ignore_ament_install']
[0.055s] Level 1:colcon.colcon_core.package_identification:_identify(src/msgs) by extension 'ignore'
[0.055s] Level 1:colcon.colcon_core.package_identification:_identify(src/msgs) by extension 'ignore_ament_install'
[0.055s] Level 1:colcon.colcon_core.package_identification:_identify(src/msgs) by extensions ['colcon_pkg']
[0.055s] Level 1:colcon.colcon_core.package_identification:_identify(src/msgs) by extension 'colcon_pkg'
[0.055s] Level 1:colcon.colcon_core.package_identification:_identify(src/msgs) by extensions ['colcon_meta']
[0.055s] Level 1:colcon.colcon_core.package_identification:_identify(src/msgs) by extension 'colcon_meta'
[0.055s] Level 1:colcon.colcon_core.package_identification:_identify(src/msgs) by extensions ['ros']
[0.055s] Level 1:colcon.colcon_core.package_identification:_identify(src/msgs) by extension 'ros'
[0.056s] DEBUG:colcon.colcon_core.package_identification:Package 'src/msgs' with type 'ros.ament_cmake' and name 'msgs'
[0.057s] Level 1:colcon.colcon_core.package_identification:_identify(src/nodes) by extensions ['ignore', 'ignore_ament_install']
[0.057s] Level 1:colcon.colcon_core.package_identification:_identify(src/nodes) by extension 'ignore'
[0.057s] Level 1:colcon.colcon_core.package_identification:_identify(src/nodes) by extension 'ignore_ament_install'
[0.057s] Level 1:colcon.colcon_core.package_identification:_identify(src/nodes) by extensions ['colcon_pkg']
[0.057s] Level 1:colcon.colcon_core.package_identification:_identify(src/nodes) by extension 'colcon_pkg'
[0.057s] Level 1:colcon.colcon_core.package_identification:_identify(src/nodes) by extensions ['colcon_meta']
[0.057s] Level 1:colcon.colcon_core.package_identification:_identify(src/nodes) by extension 'colcon_meta'
[0.057s] Level 1:colcon.colcon_core.package_identification:_identify(src/nodes) by extensions ['ros']
[0.057s] Level 1:colcon.colcon_core.package_identification:_identify(src/nodes) by extension 'ros'
[0.057s] DEBUG:colcon.colcon_core.package_identification:Package 'src/nodes' with type 'ros.ament_cmake' and name 'nodes'
[0.057s] Level 1:colcon.colcon_core.package_discovery:discover_packages(recursive) using defaults
[0.057s] Level 1:colcon.colcon_core.package_discovery:discover_packages(ignore) discover
[0.057s] Level 1:colcon.colcon_core.package_discovery:discover_packages(ignore) using defaults
[0.057s] Level 1:colcon.colcon_core.package_discovery:discover_packages(path) discover
[0.057s] Level 1:colcon.colcon_core.package_discovery:discover_packages(path) using defaults
[0.063s] Level 1:colcon.colcon_core.package_discovery:discover_packages(prefix_path) check parameters
[0.063s] Level 1:colcon.colcon_core.package_discovery:discover_packages(prefix_path) discover
[0.063s] DEBUG:colcon.colcon_installed_package_information.package_discovery:Found 196 installed packages in /opt/ros/jazzy
[0.064s] Level 1:colcon.colcon_core.package_discovery:discover_packages(prefix_path) using defaults
[0.072s] Level 5:colcon.colcon_core.verb:set package 'msgs' build argument 'cmake_args' from command line to '['-DCMAKE_EXPORT_COMPILE_COMMANDS=ON']'
[0.072s] Level 5:colcon.colcon_core.verb:set package 'msgs' build argument 'cmake_target' from command line to 'None'
[0.072s] Level 5:colcon.colcon_core.verb:set package 'msgs' build argument 'cmake_target_skip_unavailable' from command line to 'False'
[0.072s] Level 5:colcon.colcon_core.verb:set package 'msgs' build argument 'cmake_clean_cache' from command line to 'False'
[0.072s] Level 5:colcon.colcon_core.verb:set package 'msgs' build argument 'cmake_clean_first' from command line to 'False'
[0.072s] Level 5:colcon.colcon_core.verb:set package 'msgs' build argument 'cmake_force_configure' from command line to 'False'
[0.072s] Level 5:colcon.colcon_core.verb:set package 'msgs' build argument 'ament_cmake_args' from command line to 'None'
[0.072s] Level 5:colcon.colcon_core.verb:set package 'msgs' build argument 'catkin_cmake_args' from command line to 'None'
[0.072s] Level 5:colcon.colcon_core.verb:set package 'msgs' build argument 'catkin_skip_building_tests' from command line to 'False'
[0.072s] DEBUG:colcon.colcon_core.verb:Building package 'msgs' with the following arguments: {'ament_cmake_args': None, 'build_base': '/home/yang/proj/ros-prac/learn3/build/msgs', 'catkin_cmake_args': None, 'catkin_skip_building_tests': False, 'cmake_args': ['-DCMAKE_EXPORT_COMPILE_COMMANDS=ON'], 'cmake_clean_cache': False, 'cmake_clean_first': False, 'cmake_force_configure': False, 'cmake_target': None, 'cmake_target_skip_unavailable': False, 'install_base': '/home/yang/proj/ros-prac/learn3/install/msgs', 'merge_install': False, 'path': '/home/yang/proj/ros-prac/learn3/src/msgs', 'symlink_install': False, 'test_result_base': None}
[0.073s] Level 5:colcon.colcon_core.verb:set package 'nodes' build argument 'cmake_args' from command line to '['-DCMAKE_EXPORT_COMPILE_COMMANDS=ON']'
[0.073s] Level 5:colcon.colcon_core.verb:set package 'nodes' build argument 'cmake_target' from command line to 'None'
[0.073s] Level 5:colcon.colcon_core.verb:set package 'nodes' build argument 'cmake_target_skip_unavailable' from command line to 'False'
[0.073s] Level 5:colcon.colcon_core.verb:set package 'nodes' build argument 'cmake_clean_cache' from command line to 'False'
[0.073s] Level 5:colcon.colcon_core.verb:set package 'nodes' build argument 'cmake_clean_first' from command line to 'False'
[0.073s] Level 5:colcon.colcon_core.verb:set package 'nodes' build argument 'cmake_force_configure' from command line to 'False'
[0.073s] Level 5:colcon.colcon_core.verb:set package 'nodes' build argument 'ament_cmake_args' from command line to 'None'
[0.073s] Level 5:colcon.colcon_core.verb:set package 'nodes' build argument 'catkin_cmake_args' from command line to 'None'
[0.073s] Level 5:colcon.colcon_core.verb:set package 'nodes' build argument 'catkin_skip_building_tests' from command line to 'False'
[0.073s] DEBUG:colcon.colcon_core.verb:Building package 'nodes' with the following arguments: {'ament_cmake_args': None, 'build_base': '/home/yang/proj/ros-prac/learn3/build/nodes', 'catkin_cmake_args': None, 'catkin_skip_building_tests': False, 'cmake_args': ['-DCMAKE_EXPORT_COMPILE_COMMANDS=ON'], 'cmake_clean_cache': False, 'cmake_clean_first': False, 'cmake_force_configure': False, 'cmake_target': None, 'cmake_target_skip_unavailable': False, 'install_base': '/home/yang/proj/ros-prac/learn3/install/nodes', 'merge_install': False, 'path': '/home/yang/proj/ros-prac/learn3/src/nodes', 'symlink_install': False, 'test_result_base': None}
[0.073s] INFO:colcon.colcon_core.executor:Executing jobs using 'parallel' executor
[0.073s] DEBUG:colcon.colcon_parallel_executor.executor.parallel:run_until_complete
[0.073s] INFO:colcon.colcon_ros.task.ament_cmake.build:Building ROS package in '/home/yang/proj/ros-prac/learn3/src/msgs' with build type 'ament_cmake'
[0.073s] INFO:colcon.colcon_cmake.task.cmake.build:Building CMake package in '/home/yang/proj/ros-prac/learn3/src/msgs'
[0.074s] INFO:colcon.colcon_core.plugin_system:Skipping extension 'colcon_core.shell.bat': Not used on non-Windows systems
[0.074s] INFO:colcon.colcon_core.shell:Skip shell extension 'powershell' for command environment: Not usable outside of PowerShell
[0.074s] DEBUG:colcon.colcon_core.shell:Skip shell extension 'dsv' for command environment
[0.076s] DEBUG:colcon.colcon_core.event_handler.log_command:Invoking command in '/home/yang/proj/ros-prac/learn3/build/msgs': CMAKE_PREFIX_PATH=/opt/ros/jazzy /usr/bin/cmake /home/yang/proj/ros-prac/learn3/src/msgs -DCMAKE_EXPORT_COMPILE_COMMANDS=ON -DCMAKE_INSTALL_PREFIX=/home/yang/proj/ros-prac/learn3/install/msgs
[0.167s] DEBUG:colcon.colcon_core.event_handler.log_command:Invoked command in '/home/yang/proj/ros-prac/learn3/build/msgs' returned '1': CMAKE_PREFIX_PATH=/opt/ros/jazzy /usr/bin/cmake /home/yang/proj/ros-prac/learn3/src/msgs -DCMAKE_EXPORT_COMPILE_COMMANDS=ON -DCMAKE_INSTALL_PREFIX=/home/yang/proj/ros-prac/learn3/install/msgs
[0.170s] Level 1:colcon.colcon_core.environment:create_environment_scripts_only(msgs)
[0.171s] Level 1:colcon.colcon_core.environment:checking '/home/yang/proj/ros-prac/learn3/install/msgs' for CMake module files
[0.171s] Level 1:colcon.colcon_core.environment:checking '/home/yang/proj/ros-prac/learn3/install/msgs' for CMake config files
[0.171s] Level 1:colcon.colcon_core.environment:checking '/home/yang/proj/ros-prac/learn3/install/msgs/bin'
[0.171s] Level 1:colcon.colcon_core.environment:checking '/home/yang/proj/ros-prac/learn3/install/msgs/lib/pkgconfig/msgs.pc'
[0.171s] Level 1:colcon.colcon_core.environment:checking '/home/yang/proj/ros-prac/learn3/install/msgs/lib/python3.12/site-packages'
[0.171s] Level 1:colcon.colcon_core.environment:checking '/home/yang/proj/ros-prac/learn3/install/msgs/bin'
[0.172s] INFO:colcon.colcon_core.shell:Creating package script '/home/yang/proj/ros-prac/learn3/install/msgs/share/msgs/package.ps1'
[0.172s] INFO:colcon.colcon_core.shell:Creating package descriptor '/home/yang/proj/ros-prac/learn3/install/msgs/share/msgs/package.dsv'
[0.172s] INFO:colcon.colcon_core.shell:Creating package script '/home/yang/proj/ros-prac/learn3/install/msgs/share/msgs/package.sh'
[0.172s] INFO:colcon.colcon_core.shell:Creating package script '/home/yang/proj/ros-prac/learn3/install/msgs/share/msgs/package.bash'
[0.172s] INFO:colcon.colcon_core.shell:Creating package script '/home/yang/proj/ros-prac/learn3/install/msgs/share/msgs/package.zsh'
[0.172s] Level 1:colcon.colcon_core.environment:create_file_with_runtime_dependencies(/home/yang/proj/ros-prac/learn3/install/msgs/share/colcon-core/packages/msgs)
[0.187s] DEBUG:colcon.colcon_parallel_executor.executor.parallel:closing loop
[0.187s] DEBUG:colcon.colcon_parallel_executor.executor.parallel:loop closed
[0.187s] DEBUG:colcon.colcon_parallel_executor.executor.parallel:run_until_complete finished with '1'
[0.188s] DEBUG:colcon.colcon_core.event_reactor:joining thread
[0.188s] DEBUG:colcon.colcon_core.event_reactor:joined thread
[0.188s] INFO:colcon.colcon_core.shell:Creating prefix script '/home/yang/proj/ros-prac/learn3/install/local_setup.ps1'
[0.188s] INFO:colcon.colcon_core.shell:Creating prefix util module '/home/yang/proj/ros-prac/learn3/install/_local_setup_util_ps1.py'
[0.188s] INFO:colcon.colcon_core.shell:Creating prefix chain script '/home/yang/proj/ros-prac/learn3/install/setup.ps1'
[0.189s] INFO:colcon.colcon_core.shell:Creating prefix script '/home/yang/proj/ros-prac/learn3/install/local_setup.sh'
[0.189s] INFO:colcon.colcon_core.shell:Creating prefix util module '/home/yang/proj/ros-prac/learn3/install/_local_setup_util_sh.py'
[0.189s] INFO:colcon.colcon_core.shell:Creating prefix chain script '/home/yang/proj/ros-prac/learn3/install/setup.sh'
[0.189s] INFO:colcon.colcon_core.shell:Creating prefix script '/home/yang/proj/ros-prac/learn3/install/local_setup.bash'
[0.189s] INFO:colcon.colcon_core.shell:Creating prefix chain script '/home/yang/proj/ros-prac/learn3/install/setup.bash'
[0.189s] INFO:colcon.colcon_core.shell:Creating prefix script '/home/yang/proj/ros-prac/learn3/install/local_setup.zsh'
[0.189s] INFO:colcon.colcon_core.shell:Creating prefix chain script '/home/yang/proj/ros-prac/learn3/install/setup.zsh'
