[ 50%] [32mBuilding CXX object CMakeFiles/talker.dir/src/talker.cpp.o[0m
[100%] [32m[1mLinking CXX executable talker[0m
[100%] Built target talker
-- Install configuration: ""
-- Installing: /home/yang/proj/ros-prac/learn3/install/nodes/lib/nodes/talker
-- Set non-toolchain portion of runtime path of "/home/yang/proj/ros-prac/learn3/install/nodes/lib/nodes/talker" to ""
-- Up-to-date: /home/yang/proj/ros-prac/learn3/install/nodes/share/ament_index/resource_index/package_run_dependencies/nodes
-- Up-to-date: /home/yang/proj/ros-prac/learn3/install/nodes/share/ament_index/resource_index/parent_prefix_path/nodes
-- Up-to-date: /home/yang/proj/ros-prac/learn3/install/nodes/share/nodes/environment/ament_prefix_path.sh
-- Up-to-date: /home/yang/proj/ros-prac/learn3/install/nodes/share/nodes/environment/ament_prefix_path.dsv
-- Up-to-date: /home/yang/proj/ros-prac/learn3/install/nodes/share/nodes/environment/path.sh
-- Up-to-date: /home/yang/proj/ros-prac/learn3/install/nodes/share/nodes/environment/path.dsv
-- Up-to-date: /home/yang/proj/ros-prac/learn3/install/nodes/share/nodes/local_setup.bash
-- Up-to-date: /home/yang/proj/ros-prac/learn3/install/nodes/share/nodes/local_setup.sh
-- Up-to-date: /home/yang/proj/ros-prac/learn3/install/nodes/share/nodes/local_setup.zsh
-- Up-to-date: /home/yang/proj/ros-prac/learn3/install/nodes/share/nodes/local_setup.dsv
-- Up-to-date: /home/yang/proj/ros-prac/learn3/install/nodes/share/nodes/package.dsv
-- Up-to-date: /home/yang/proj/ros-prac/learn3/install/nodes/share/ament_index/resource_index/packages/nodes
-- Up-to-date: /home/yang/proj/ros-prac/learn3/install/nodes/share/nodes/cmake/nodesConfig.cmake
-- Up-to-date: /home/yang/proj/ros-prac/learn3/install/nodes/share/nodes/cmake/nodesConfig-version.cmake
-- Up-to-date: /home/yang/proj/ros-prac/learn3/install/nodes/share/nodes/package.xml
