-- Found ament_cmake: 2.5.6 (/opt/ros/jazzy/share/ament_cmake/cmake)
-- Found rclcpp: 28.1.18 (/opt/ros/jazzy/share/rclcpp/cmake)
-- Found rosidl_generator_c: 4.6.7 (/opt/ros/jazzy/share/rosidl_generator_c/cmake)
-- Found rosidl_generator_cpp: 4.6.7 (/opt/ros/jazzy/share/rosidl_generator_cpp/cmake)
-- Using all available rosidl_typesupport_c: rosidl_typesupport_fastrtps_c;rosidl_typesupport_introspection_c
-- Using all available rosidl_typesupport_cpp: rosidl_typesupport_fastrtps_cpp;rosidl_typesupport_introspection_cpp
-- Found rmw_implementation_cmake: 7.3.3 (/opt/ros/jazzy/share/rmw_implementation_cmake/cmake)
-- Found rmw_fastrtps_cpp: 8.4.3 (/opt/ros/jazzy/share/rmw_fastrtps_cpp/cmake)
-- Using RMW implementation 'rmw_fastrtps_cpp' as default
-- Found example_interfaces: 0.12.0 (/opt/ros/jazzy/share/example_interfaces/cmake)
-- Configuring done (0.2s)
-- Generating done (0.0s)
-- Build files have been written to: /home/yang/proj/ros-prac/learn2/src/build/service
[ 50%] [32mBuilding CXX object CMakeFiles/server.dir/src/server.cpp.o[0m
[01m[K/home/yang/proj/ros-prac/learn2/src/service/src/server.cpp:[m[K In function ‘[01m[Kint[01;32m[K main[m[K(int, char**)[m[K’:
[01m[K/home/yang/proj/ros-prac/learn2/src/service/src/server.cpp:1:14:[m[K [01;35m[Kwarning: [m[Kunused parameter ‘[01m[Kargc[m[K’ [[01;35m[K]8;;https://gcc.gnu.org/onlinedocs/gcc/Warning-Options.html#index-Wunused-parameter-Wunused-parameter]8;;[m[K]
    1 | int main([01;35m[Kint argc[m[K, char *arg[]) { return 0; }
      |          [01;35m[K~~~~^~~~[m[K
[01m[K/home/yang/proj/ros-prac/learn2/src/service/src/server.cpp:1:26:[m[K [01;35m[Kwarning: [m[Kunused parameter ‘[01m[Karg[m[K’ [[01;35m[K]8;;https://gcc.gnu.org/onlinedocs/gcc/Warning-Options.html#index-Wunused-parameter-Wunused-parameter]8;;[m[K]
    1 | int main(int argc, [01;35m[Kchar *arg[][m[K) { return 0; }
      |                    [01;35m[K~~~~~~^~~~~[m[K
[100%] [32m[1mLinking CXX executable server[0m
[100%] Built target server
-- Install configuration: ""
-- Installing: /home/yang/proj/ros-prac/learn2/src/install/service/lib/service/server
-- Set non-toolchain portion of runtime path of "/home/yang/proj/ros-prac/learn2/src/install/service/lib/service/server" to ""
-- Up-to-date: /home/yang/proj/ros-prac/learn2/src/install/service/share/ament_index/resource_index/package_run_dependencies/service
-- Up-to-date: /home/yang/proj/ros-prac/learn2/src/install/service/share/ament_index/resource_index/parent_prefix_path/service
-- Up-to-date: /home/yang/proj/ros-prac/learn2/src/install/service/share/service/environment/ament_prefix_path.sh
-- Up-to-date: /home/yang/proj/ros-prac/learn2/src/install/service/share/service/environment/ament_prefix_path.dsv
-- Up-to-date: /home/yang/proj/ros-prac/learn2/src/install/service/share/service/environment/path.sh
-- Up-to-date: /home/yang/proj/ros-prac/learn2/src/install/service/share/service/environment/path.dsv
-- Up-to-date: /home/yang/proj/ros-prac/learn2/src/install/service/share/service/local_setup.bash
-- Up-to-date: /home/yang/proj/ros-prac/learn2/src/install/service/share/service/local_setup.sh
-- Up-to-date: /home/yang/proj/ros-prac/learn2/src/install/service/share/service/local_setup.zsh
-- Up-to-date: /home/yang/proj/ros-prac/learn2/src/install/service/share/service/local_setup.dsv
-- Installing: /home/yang/proj/ros-prac/learn2/src/install/service/share/service/package.dsv
-- Up-to-date: /home/yang/proj/ros-prac/learn2/src/install/service/share/ament_index/resource_index/packages/service
-- Up-to-date: /home/yang/proj/ros-prac/learn2/src/install/service/share/service/cmake/serviceConfig.cmake
-- Up-to-date: /home/yang/proj/ros-prac/learn2/src/install/service/share/service/cmake/serviceConfig-version.cmake
-- Up-to-date: /home/yang/proj/ros-prac/learn2/src/install/service/share/service/package.xml
