-- The C compiler identification is GNU 13.3.0
-- The CXX compiler identification is GNU 13.3.0
-- Detecting C compiler ABI info
-- Detecting C compiler ABI info - done
-- Check for working C compiler: /usr/bin/cc - skipped
-- Detecting C compile features
-- Detecting C compile features - done
-- Detecting CXX compiler ABI info
-- Detecting CXX compiler ABI info - done
-- Check for working CXX compiler: /usr/bin/c++ - skipped
-- Detecting CXX compile features
-- Detecting CXX compile features - done
-- Found ament_cmake: 2.5.6 (/opt/ros/jazzy/share/ament_cmake/cmake)
-- Found Python3: /usr/bin/python3 (found version "3.12.3") found components: Interpreter 
-- Found rclcpp: 28.1.18 (/opt/ros/jazzy/share/rclcpp/cmake)
-- Found rosidl_generator_c: 4.6.7 (/opt/ros/jazzy/share/rosidl_generator_c/cmake)
-- Found rosidl_generator_cpp: 4.6.7 (/opt/ros/jazzy/share/rosidl_generator_cpp/cmake)
-- Using all available rosidl_typesupport_c: rosidl_typesupport_fastrtps_c;rosidl_typesupport_introspection_c
-- Using all available rosidl_typesupport_cpp: rosidl_typesupport_fastrtps_cpp;rosidl_typesupport_introspection_cpp
-- Found rmw_implementation_cmake: 7.3.3 (/opt/ros/jazzy/share/rmw_implementation_cmake/cmake)
-- Found rmw_fastrtps_cpp: 8.4.3 (/opt/ros/jazzy/share/rmw_fastrtps_cpp/cmake)
-- Found OpenSSL: /usr/lib/aarch64-linux-gnu/libcrypto.so (found version "3.0.13")  
-- Found FastRTPS: /opt/ros/jazzy/include (Required is at least version "2.13") 
-- Using RMW implementation 'rmw_fastrtps_cpp' as default
-- Found msgs: 0.0.0 (/home/yang/proj/ros-prac/learn3/src/install/msgs/share/msgs/cmake)
-- Configuring done (0.3s)
-- Generating done (0.0s)
-- Build files have been written to: /home/yang/proj/ros-prac/learn3/src/build/nodes
[ 50%] [32mBuilding CXX object CMakeFiles/talker.dir/src/talker.cpp.o[0m
[01m[K/home/yang/proj/ros-prac/learn3/src/nodes/src/talker.cpp:[m[K In function ‘[01m[Kint[01;32m[K main[m[K(int, char**)[m[K’:
[01m[K/home/yang/proj/ros-prac/learn3/src/nodes/src/talker.cpp:1:14:[m[K [01;35m[Kwarning: [m[Kunused parameter ‘[01m[Kargc[m[K’ [[01;35m[K]8;;https://gcc.gnu.org/onlinedocs/gcc/Warning-Options.html#index-Wunused-parameter-Wunused-parameter]8;;[m[K]
    1 | int main([01;35m[Kint argc[m[K, char *argv[]) { return 0; }
      |          [01;35m[K~~~~^~~~[m[K
[01m[K/home/yang/proj/ros-prac/learn3/src/nodes/src/talker.cpp:1:26:[m[K [01;35m[Kwarning: [m[Kunused parameter ‘[01m[Kargv[m[K’ [[01;35m[K]8;;https://gcc.gnu.org/onlinedocs/gcc/Warning-Options.html#index-Wunused-parameter-Wunused-parameter]8;;[m[K]
    1 | int main(int argc, [01;35m[Kchar *argv[][m[K) { return 0; }
      |                    [01;35m[K~~~~~~^~~~~~[m[K
[100%] [32m[1mLinking CXX executable talker[0m
[100%] Built target talker
-- Install configuration: ""
-- Installing: /home/yang/proj/ros-prac/learn3/src/install/nodes/lib/nodes/talker
-- Set non-toolchain portion of runtime path of "/home/yang/proj/ros-prac/learn3/src/install/nodes/lib/nodes/talker" to ""
-- Installing: /home/yang/proj/ros-prac/learn3/src/install/nodes/share/ament_index/resource_index/package_run_dependencies/nodes
-- Installing: /home/yang/proj/ros-prac/learn3/src/install/nodes/share/ament_index/resource_index/parent_prefix_path/nodes
-- Installing: /home/yang/proj/ros-prac/learn3/src/install/nodes/share/nodes/environment/ament_prefix_path.sh
-- Installing: /home/yang/proj/ros-prac/learn3/src/install/nodes/share/nodes/environment/ament_prefix_path.dsv
-- Installing: /home/yang/proj/ros-prac/learn3/src/install/nodes/share/nodes/environment/path.sh
-- Installing: /home/yang/proj/ros-prac/learn3/src/install/nodes/share/nodes/environment/path.dsv
-- Installing: /home/yang/proj/ros-prac/learn3/src/install/nodes/share/nodes/local_setup.bash
-- Installing: /home/yang/proj/ros-prac/learn3/src/install/nodes/share/nodes/local_setup.sh
-- Installing: /home/yang/proj/ros-prac/learn3/src/install/nodes/share/nodes/local_setup.zsh
-- Installing: /home/yang/proj/ros-prac/learn3/src/install/nodes/share/nodes/local_setup.dsv
-- Installing: /home/yang/proj/ros-prac/learn3/src/install/nodes/share/nodes/package.dsv
-- Installing: /home/yang/proj/ros-prac/learn3/src/install/nodes/share/ament_index/resource_index/packages/nodes
-- Installing: /home/yang/proj/ros-prac/learn3/src/install/nodes/share/nodes/cmake/nodesConfig.cmake
-- Installing: /home/yang/proj/ros-prac/learn3/src/install/nodes/share/nodes/cmake/nodesConfig-version.cmake
-- Installing: /home/yang/proj/ros-prac/learn3/src/install/nodes/share/nodes/package.xml
