[0.002s] Invoking command in '/home/yang/proj/ros-prac/learn3/src/build/nodes': AMENT_PREFIX_PATH=/home/yang/proj/ros-prac/learn3/src/install/msgs:${AMENT_PREFIX_PATH} CMAKE_PREFIX_PATH=/home/yang/proj/ros-prac/learn3/src/install/msgs:/opt/ros/jazzy /usr/bin/cmake /home/yang/proj/ros-prac/learn3/src/nodes -DCMAKE_EXPORT_COMPILE_COMMANDS=ON -DCMAKE_INSTALL_PREFIX=/home/yang/proj/ros-prac/learn3/src/install/nodes
[0.018s] -- The C compiler identification is GNU 13.3.0
[0.037s] -- The CXX compiler identification is GNU 13.3.0
[0.041s] -- Detecting C compiler ABI info
[0.068s] -- Detecting C compiler ABI info - done
[0.069s] -- Check for working C compiler: /usr/bin/cc - skipped
[0.069s] -- Detecting C compile features
[0.069s] -- Detecting C compile features - done
[0.072s] -- Detecting CXX compiler ABI info
[0.100s] -- Detecting CXX compiler ABI info - done
[0.104s] -- Check for working CXX compiler: /usr/bin/c++ - skipped
[0.104s] -- Detecting CXX compile features
[0.104s] -- Detecting CXX compile features - done
[0.105s] -- Found ament_cmake: 2.5.6 (/opt/ros/jazzy/share/ament_cmake/cmake)
[0.141s] -- Found Python3: /usr/bin/python3 (found version "3.12.3") found components: Interpreter 
[0.170s] -- Found rclcpp: 28.1.18 (/opt/ros/jazzy/share/rclcpp/cmake)
[0.179s] -- Found rosidl_generator_c: 4.6.7 (/opt/ros/jazzy/share/rosidl_generator_c/cmake)
[0.182s] -- Found rosidl_generator_cpp: 4.6.7 (/opt/ros/jazzy/share/rosidl_generator_cpp/cmake)
[0.187s] -- Using all available rosidl_typesupport_c: rosidl_typesupport_fastrtps_c;rosidl_typesupport_introspection_c
[0.192s] -- Using all available rosidl_typesupport_cpp: rosidl_typesupport_fastrtps_cpp;rosidl_typesupport_introspection_cpp
[0.214s] -- Found rmw_implementation_cmake: 7.3.3 (/opt/ros/jazzy/share/rmw_implementation_cmake/cmake)
[0.214s] -- Found rmw_fastrtps_cpp: 8.4.3 (/opt/ros/jazzy/share/rmw_fastrtps_cpp/cmake)
[0.232s] -- Found OpenSSL: /usr/lib/aarch64-linux-gnu/libcrypto.so (found version "3.0.13")  
[0.237s] -- Found FastRTPS: /opt/ros/jazzy/include (Required is at least version "2.13") 
[0.244s] -- Using RMW implementation 'rmw_fastrtps_cpp' as default
[0.265s] -- Found msgs: 0.0.0 (/home/yang/proj/ros-prac/learn3/src/install/msgs/share/msgs/cmake)
[0.295s] -- Configuring done (0.3s)
[0.298s] -- Generating done (0.0s)
[0.299s] -- Build files have been written to: /home/yang/proj/ros-prac/learn3/src/build/nodes
[0.303s] Invoked command in '/home/yang/proj/ros-prac/learn3/src/build/nodes' returned '0': AMENT_PREFIX_PATH=/home/yang/proj/ros-prac/learn3/src/install/msgs:${AMENT_PREFIX_PATH} CMAKE_PREFIX_PATH=/home/yang/proj/ros-prac/learn3/src/install/msgs:/opt/ros/jazzy /usr/bin/cmake /home/yang/proj/ros-prac/learn3/src/nodes -DCMAKE_EXPORT_COMPILE_COMMANDS=ON -DCMAKE_INSTALL_PREFIX=/home/yang/proj/ros-prac/learn3/src/install/nodes
[0.303s] Invoking command in '/home/yang/proj/ros-prac/learn3/src/build/nodes': AMENT_PREFIX_PATH=/home/yang/proj/ros-prac/learn3/src/install/msgs:${AMENT_PREFIX_PATH} CMAKE_PREFIX_PATH=/home/yang/proj/ros-prac/learn3/src/install/msgs:/opt/ros/jazzy /usr/bin/cmake --build /home/yang/proj/ros-prac/learn3/src/build/nodes -- -j10 -l10
[0.316s] [ 50%] [32mBuilding CXX object CMakeFiles/talker.dir/src/talker.cpp.o[0m
[0.320s] [01m[K/home/yang/proj/ros-prac/learn3/src/nodes/src/talker.cpp:[m[K In function ‘[01m[Kint[01;32m[K main[m[K(int, char**)[m[K’:
[0.320s] [01m[K/home/yang/proj/ros-prac/learn3/src/nodes/src/talker.cpp:1:14:[m[K [01;35m[Kwarning: [m[Kunused parameter ‘[01m[Kargc[m[K’ [[01;35m[K]8;;https://gcc.gnu.org/onlinedocs/gcc/Warning-Options.html#index-Wunused-parameter-Wunused-parameter]8;;[m[K]
[0.320s]     1 | int main([01;35m[Kint argc[m[K, char *argv[]) { return 0; }
[0.320s]       |          [01;35m[K~~~~^~~~[m[K
[0.320s] [01m[K/home/yang/proj/ros-prac/learn3/src/nodes/src/talker.cpp:1:26:[m[K [01;35m[Kwarning: [m[Kunused parameter ‘[01m[Kargv[m[K’ [[01;35m[K]8;;https://gcc.gnu.org/onlinedocs/gcc/Warning-Options.html#index-Wunused-parameter-Wunused-parameter]8;;[m[K]
[0.320s]     1 | int main(int argc, [01;35m[Kchar *argv[][m[K) { return 0; }
[0.320s]       |                    [01;35m[K~~~~~~^~~~~~[m[K
[0.323s] [100%] [32m[1mLinking CXX executable talker[0m
[0.359s] [100%] Built target talker
[0.362s] Invoked command in '/home/yang/proj/ros-prac/learn3/src/build/nodes' returned '0': AMENT_PREFIX_PATH=/home/yang/proj/ros-prac/learn3/src/install/msgs:${AMENT_PREFIX_PATH} CMAKE_PREFIX_PATH=/home/yang/proj/ros-prac/learn3/src/install/msgs:/opt/ros/jazzy /usr/bin/cmake --build /home/yang/proj/ros-prac/learn3/src/build/nodes -- -j10 -l10
[0.362s] Invoking command in '/home/yang/proj/ros-prac/learn3/src/build/nodes': AMENT_PREFIX_PATH=/home/yang/proj/ros-prac/learn3/src/install/msgs:${AMENT_PREFIX_PATH} CMAKE_PREFIX_PATH=/home/yang/proj/ros-prac/learn3/src/install/msgs:/opt/ros/jazzy /usr/bin/cmake --install /home/yang/proj/ros-prac/learn3/src/build/nodes
[0.364s] -- Install configuration: ""
[0.364s] -- Installing: /home/yang/proj/ros-prac/learn3/src/install/nodes/lib/nodes/talker
[0.364s] -- Set non-toolchain portion of runtime path of "/home/yang/proj/ros-prac/learn3/src/install/nodes/lib/nodes/talker" to ""
[0.364s] -- Installing: /home/yang/proj/ros-prac/learn3/src/install/nodes/share/ament_index/resource_index/package_run_dependencies/nodes
[0.365s] -- Installing: /home/yang/proj/ros-prac/learn3/src/install/nodes/share/ament_index/resource_index/parent_prefix_path/nodes
[0.365s] -- Installing: /home/yang/proj/ros-prac/learn3/src/install/nodes/share/nodes/environment/ament_prefix_path.sh
[0.365s] -- Installing: /home/yang/proj/ros-prac/learn3/src/install/nodes/share/nodes/environment/ament_prefix_path.dsv
[0.365s] -- Installing: /home/yang/proj/ros-prac/learn3/src/install/nodes/share/nodes/environment/path.sh
[0.365s] -- Installing: /home/yang/proj/ros-prac/learn3/src/install/nodes/share/nodes/environment/path.dsv
[0.365s] -- Installing: /home/yang/proj/ros-prac/learn3/src/install/nodes/share/nodes/local_setup.bash
[0.365s] -- Installing: /home/yang/proj/ros-prac/learn3/src/install/nodes/share/nodes/local_setup.sh
[0.365s] -- Installing: /home/yang/proj/ros-prac/learn3/src/install/nodes/share/nodes/local_setup.zsh
[0.365s] -- Installing: /home/yang/proj/ros-prac/learn3/src/install/nodes/share/nodes/local_setup.dsv
[0.365s] -- Installing: /home/yang/proj/ros-prac/learn3/src/install/nodes/share/nodes/package.dsv
[0.365s] -- Installing: /home/yang/proj/ros-prac/learn3/src/install/nodes/share/ament_index/resource_index/packages/nodes
[0.365s] -- Installing: /home/yang/proj/ros-prac/learn3/src/install/nodes/share/nodes/cmake/nodesConfig.cmake
[0.365s] -- Installing: /home/yang/proj/ros-prac/learn3/src/install/nodes/share/nodes/cmake/nodesConfig-version.cmake
[0.365s] -- Installing: /home/yang/proj/ros-prac/learn3/src/install/nodes/share/nodes/package.xml
[0.366s] Invoked command in '/home/yang/proj/ros-prac/learn3/src/build/nodes' returned '0': AMENT_PREFIX_PATH=/home/yang/proj/ros-prac/learn3/src/install/msgs:${AMENT_PREFIX_PATH} CMAKE_PREFIX_PATH=/home/yang/proj/ros-prac/learn3/src/install/msgs:/opt/ros/jazzy /usr/bin/cmake --install /home/yang/proj/ros-prac/learn3/src/build/nodes
