[0.001s] Invoking command in '/home/yang/proj/ros-prac/learn3/build/msgs': CMAKE_PREFIX_PATH=/opt/ros/jazzy /usr/bin/cmake /home/yang/proj/ros-prac/learn3/src/msgs -DCMAKE_EXPORT_COMPILE_COMMANDS=ON -DCMAKE_INSTALL_PREFIX=/home/yang/proj/ros-prac/learn3/install/msgs
[0.036s] -- The C compiler identification is GNU 13.3.0
[0.061s] -- The CXX compiler identification is GNU 13.3.0
[0.066s] -- Detecting C compiler ABI info
[0.091s] -- Detecting C compiler ABI info - done
[0.095s] -- Check for working C compiler: /usr/bin/cc - skipped
[0.095s] -- Detecting C compile features
[0.095s] -- Detecting C compile features - done
[0.099s] -- Detecting CXX compiler ABI info
[0.126s] -- Detecting CXX compiler ABI info - done
[0.130s] -- Check for working CXX compiler: /usr/bin/c++ - skipped
[0.130s] -- Detecting CXX compile features
[0.130s] -- Detecting CXX compile features - done
[0.131s] -- Found ament_cmake: 2.5.6 (/opt/ros/jazzy/share/ament_cmake/cmake)
[0.167s] -- Found Python3: /usr/bin/python3 (found version "3.12.3") found components: Interpreter 
[0.197s] -- Found rosidl_default_generators: 1.6.0 (/opt/ros/jazzy/share/rosidl_default_generators/cmake)
[0.198s] -- Using all available rosidl_typesupport_c: rosidl_typesupport_fastrtps_c;rosidl_typesupport_introspection_c
[0.209s] -- Using all available rosidl_typesupport_cpp: rosidl_typesupport_fastrtps_cpp;rosidl_typesupport_introspection_cpp
[0.221s] -- Found rosidl_adapter: 4.6.7 (/opt/ros/jazzy/share/rosidl_adapter/cmake)
[0.222s] [31mCMake Error at CMakeLists.txt:11 (rosidl_default_generators):
[0.222s]   Unknown CMake command "rosidl_default_generators".
[0.222s] 
[0.222s] [0m
[0.222s] -- Configuring incomplete, errors occurred!
[0.224s] Invoked command in '/home/yang/proj/ros-prac/learn3/build/msgs' returned '1': CMAKE_PREFIX_PATH=/opt/ros/jazzy /usr/bin/cmake /home/yang/proj/ros-prac/learn3/src/msgs -DCMAKE_EXPORT_COMPILE_COMMANDS=ON -DCMAKE_INSTALL_PREFIX=/home/yang/proj/ros-prac/learn3/install/msgs
