[0.001s] Invoking command in '/home/yang/proj/ros-prac/learn6/build/nodes': CMAKE_PREFIX_PATH=/opt/ros/jazzy /usr/bin/cmake /home/yang/proj/ros-prac/learn6/src/nodes -DCMAKE_EXPORT_COMPILE_COMMANDS=ON -DCMAKE_INSTALL_PREFIX=/home/yang/proj/ros-prac/learn6/install/nodes
[0.124s] -- The C compiler identification is GNU 13.3.0
[0.200s] -- The CXX compiler identification is GNU 13.3.0
[0.207s] -- Detecting C compiler ABI info
[0.236s] -- Detecting C compiler ABI info - done
[0.240s] -- Check for working C compiler: /usr/bin/cc - skipped
[0.240s] -- Detecting C compile features
[0.240s] -- Detecting C compile features - done
[0.243s] -- Detecting CXX compiler ABI info
[0.272s] -- Detecting CXX compiler ABI info - done
[0.276s] -- Check for working CXX compiler: /usr/bin/c++ - skipped
[0.276s] -- Detecting CXX compile features
[0.276s] -- Detecting CXX compile features - done
[0.278s] -- Found ament_cmake: 2.5.6 (/opt/ros/jazzy/share/ament_cmake/cmake)
[0.319s] -- Found Python3: /usr/bin/python3 (found version "3.12.3") found components: Interpreter 
[0.354s] -- Found rclcpp: 28.1.18 (/opt/ros/jazzy/share/rclcpp/cmake)
[0.368s] -- Found rosidl_generator_c: 4.6.7 (/opt/ros/jazzy/share/rosidl_generator_c/cmake)
[0.372s] -- Found rosidl_generator_cpp: 4.6.7 (/opt/ros/jazzy/share/rosidl_generator_cpp/cmake)
[0.378s] -- Using all available rosidl_typesupport_c: rosidl_typesupport_fastrtps_c;rosidl_typesupport_introspection_c
[0.384s] -- Using all available rosidl_typesupport_cpp: rosidl_typesupport_fastrtps_cpp;rosidl_typesupport_introspection_cpp
[0.411s] -- Found rmw_implementation_cmake: 7.3.3 (/opt/ros/jazzy/share/rmw_implementation_cmake/cmake)
[0.411s] -- Found rmw_fastrtps_cpp: 8.4.3 (/opt/ros/jazzy/share/rmw_fastrtps_cpp/cmake)
[0.437s] -- Found OpenSSL: /usr/lib/aarch64-linux-gnu/libcrypto.so (found version "3.0.13")  
[0.442s] -- Found FastRTPS: /opt/ros/jazzy/include (Required is at least version "2.13") 
[0.449s] -- Using RMW implementation 'rmw_fastrtps_cpp' as default
[0.474s] -- Found ament_lint_auto: 0.17.5 (/opt/ros/jazzy/share/ament_lint_auto/cmake)
[0.510s] -- Added test 'cppcheck' to perform static code analysis on C / C++ code
[0.510s] -- Configured cppcheck include dirs: 
[0.510s] -- Configured cppcheck exclude dirs and/or files: 
[0.510s] -- Added test 'lint_cmake' to check CMake code style
[0.511s] -- Added test 'uncrustify' to check C / C++ code style
[0.511s] -- Configured uncrustify additional arguments: 
[0.511s] -- Added test 'xmllint' to check XML markup files
[0.512s] -- Configuring done (0.5s)
[0.513s] -- Generating done (0.0s)
[0.514s] [33mCMake Warning:
[0.514s]   Manually-specified variables were not used by the project:
[0.514s] 
[0.514s]     CMAKE_EXPORT_COMPILE_COMMANDS
[0.514s] 
[0.514s] [0m
[0.514s] -- Build files have been written to: /home/yang/proj/ros-prac/learn6/build/nodes
[0.518s] Invoked command in '/home/yang/proj/ros-prac/learn6/build/nodes' returned '0': CMAKE_PREFIX_PATH=/opt/ros/jazzy /usr/bin/cmake /home/yang/proj/ros-prac/learn6/src/nodes -DCMAKE_EXPORT_COMPILE_COMMANDS=ON -DCMAKE_INSTALL_PREFIX=/home/yang/proj/ros-prac/learn6/install/nodes
[0.518s] Invoking command in '/home/yang/proj/ros-prac/learn6/build/nodes': CMAKE_PREFIX_PATH=/opt/ros/jazzy /usr/bin/cmake --build /home/yang/proj/ros-prac/learn6/build/nodes -- -j10 -l10
[0.529s] Invoked command in '/home/yang/proj/ros-prac/learn6/build/nodes' returned '0': CMAKE_PREFIX_PATH=/opt/ros/jazzy /usr/bin/cmake --build /home/yang/proj/ros-prac/learn6/build/nodes -- -j10 -l10
[0.532s] Invoking command in '/home/yang/proj/ros-prac/learn6/build/nodes': CMAKE_PREFIX_PATH=/opt/ros/jazzy /usr/bin/cmake --install /home/yang/proj/ros-prac/learn6/build/nodes
[0.534s] -- Install configuration: ""
[0.534s] -- Installing: /home/yang/proj/ros-prac/learn6/install/nodes/share/ament_index/resource_index/package_run_dependencies/nodes
[0.534s] -- Installing: /home/yang/proj/ros-prac/learn6/install/nodes/share/ament_index/resource_index/parent_prefix_path/nodes
[0.534s] -- Installing: /home/yang/proj/ros-prac/learn6/install/nodes/share/nodes/environment/ament_prefix_path.sh
[0.534s] -- Installing: /home/yang/proj/ros-prac/learn6/install/nodes/share/nodes/environment/ament_prefix_path.dsv
[0.534s] -- Installing: /home/yang/proj/ros-prac/learn6/install/nodes/share/nodes/environment/path.sh
[0.534s] -- Installing: /home/yang/proj/ros-prac/learn6/install/nodes/share/nodes/environment/path.dsv
[0.534s] -- Installing: /home/yang/proj/ros-prac/learn6/install/nodes/share/nodes/local_setup.bash
[0.534s] -- Installing: /home/yang/proj/ros-prac/learn6/install/nodes/share/nodes/local_setup.sh
[0.534s] -- Installing: /home/yang/proj/ros-prac/learn6/install/nodes/share/nodes/local_setup.zsh
[0.534s] -- Installing: /home/yang/proj/ros-prac/learn6/install/nodes/share/nodes/local_setup.dsv
[0.534s] -- Installing: /home/yang/proj/ros-prac/learn6/install/nodes/share/nodes/package.dsv
[0.535s] -- Installing: /home/yang/proj/ros-prac/learn6/install/nodes/share/ament_index/resource_index/packages/nodes
[0.535s] -- Installing: /home/yang/proj/ros-prac/learn6/install/nodes/share/nodes/cmake/nodesConfig.cmake
[0.535s] -- Installing: /home/yang/proj/ros-prac/learn6/install/nodes/share/nodes/cmake/nodesConfig-version.cmake
[0.535s] -- Installing: /home/yang/proj/ros-prac/learn6/install/nodes/share/nodes/package.xml
[0.536s] Invoked command in '/home/yang/proj/ros-prac/learn6/build/nodes' returned '0': CMAKE_PREFIX_PATH=/opt/ros/jazzy /usr/bin/cmake --install /home/yang/proj/ros-prac/learn6/build/nodes
