[0.003s] Invoking command in '/home/yang/proj/ros-prac/learn6/build/nodes': CMAKE_PREFIX_PATH=/opt/ros/jazzy /usr/bin/cmake --build /home/yang/proj/ros-prac/learn6/build/nodes -- -j10 -l10
[0.030s] [ 50%] [32mBuilding CXX object CMakeFiles/heater.dir/src/heater.cpp.o[0m
[0.046s] [100%] [32m[1mLinking CXX executable heater[0m
[0.085s] [100%] Built target heater
[0.088s] Invoked command in '/home/yang/proj/ros-prac/learn6/build/nodes' returned '0': CMAKE_PREFIX_PATH=/opt/ros/jazzy /usr/bin/cmake --build /home/yang/proj/ros-prac/learn6/build/nodes -- -j10 -l10
[0.090s] Invoking command in '/home/yang/proj/ros-prac/learn6/build/nodes': CMAKE_PREFIX_PATH=/opt/ros/jazzy /usr/bin/cmake --install /home/yang/proj/ros-prac/learn6/build/nodes
[0.092s] -- Install configuration: ""
[0.092s] -- Installing: /home/yang/proj/ros-prac/learn6/install/nodes/lib/nodes/heater
[0.093s] -- Set non-toolchain portion of runtime path of "/home/yang/proj/ros-prac/learn6/install/nodes/lib/nodes/heater" to ""
[0.093s] -- Up-to-date: /home/yang/proj/ros-prac/learn6/install/nodes/share/ament_index/resource_index/package_run_dependencies/nodes
[0.093s] -- Up-to-date: /home/yang/proj/ros-prac/learn6/install/nodes/share/ament_index/resource_index/parent_prefix_path/nodes
[0.093s] -- Up-to-date: /home/yang/proj/ros-prac/learn6/install/nodes/share/nodes/environment/ament_prefix_path.sh
[0.093s] -- Up-to-date: /home/yang/proj/ros-prac/learn6/install/nodes/share/nodes/environment/ament_prefix_path.dsv
[0.093s] -- Up-to-date: /home/yang/proj/ros-prac/learn6/install/nodes/share/nodes/environment/path.sh
[0.093s] -- Up-to-date: /home/yang/proj/ros-prac/learn6/install/nodes/share/nodes/environment/path.dsv
[0.093s] -- Up-to-date: /home/yang/proj/ros-prac/learn6/install/nodes/share/nodes/local_setup.bash
[0.093s] -- Up-to-date: /home/yang/proj/ros-prac/learn6/install/nodes/share/nodes/local_setup.sh
[0.093s] -- Up-to-date: /home/yang/proj/ros-prac/learn6/install/nodes/share/nodes/local_setup.zsh
[0.093s] -- Up-to-date: /home/yang/proj/ros-prac/learn6/install/nodes/share/nodes/local_setup.dsv
[0.093s] -- Installing: /home/yang/proj/ros-prac/learn6/install/nodes/share/nodes/package.dsv
[0.093s] -- Up-to-date: /home/yang/proj/ros-prac/learn6/install/nodes/share/ament_index/resource_index/packages/nodes
[0.093s] -- Up-to-date: /home/yang/proj/ros-prac/learn6/install/nodes/share/nodes/cmake/nodesConfig.cmake
[0.093s] -- Up-to-date: /home/yang/proj/ros-prac/learn6/install/nodes/share/nodes/cmake/nodesConfig-version.cmake
[0.093s] -- Up-to-date: /home/yang/proj/ros-prac/learn6/install/nodes/share/nodes/package.xml
[0.094s] Invoked command in '/home/yang/proj/ros-prac/learn6/build/nodes' returned '0': CMAKE_PREFIX_PATH=/opt/ros/jazzy /usr/bin/cmake --install /home/yang/proj/ros-prac/learn6/build/nodes
