[0.005s] Invoking command in '/home/yang/proj/ros-prac/learn15/build/learn15': CMAKE_PREFIX_PATH=/home/yang/proj/ros-prac/learn15/install/mcl_msgs:/home/yang/proj/ros-prac/learn15/install/learn15:/opt/ros/jazzy/opt/gz_sim_vendor:/opt/ros/jazzy/opt/gz_sensors_vendor:/opt/ros/jazzy/opt/gz_physics_vendor:/opt/ros/jazzy/opt/sdformat_vendor:/opt/ros/jazzy/opt/gz_gui_vendor:/opt/ros/jazzy/opt/gz_transport_vendor:/opt/ros/jazzy/opt/gz_rendering_vendor:/opt/ros/jazzy/opt/gz_plugin_vendor:/opt/ros/jazzy/opt/gz_fuel_tools_vendor:/opt/ros/jazzy/opt/gz_msgs_vendor:/opt/ros/jazzy/opt/gz_common_vendor:/opt/ros/jazzy/opt/gz_math_vendor:/opt/ros/jazzy/opt/gz_utils_vendor:/opt/ros/jazzy/opt/gz_tools_vendor:/opt/ros/jazzy/opt/gz_ogre_next_vendor:/opt/ros/jazzy/opt/gz_dartsim_vendor:/opt/ros/jazzy/opt/gz_cmake_vendor:/opt/ros/jazzy DEBUGINFOD_URLS=https://debuginfod.ubuntu.com LD_LIBRARY_PATH=/home/yang/proj/ros-prac/learn15/install/mcl_msgs/lib:/home/yang/proj/ros-prac/learn15/install/learn15/lib:/opt/ros/jazzy/opt/gz_sim_vendor/lib:/opt/ros/jazzy/opt/gz_sensors_vendor/lib:/opt/ros/jazzy/opt/gz_physics_vendor/lib:/opt/ros/jazzy/opt/sdformat_vendor/lib:/opt/ros/jazzy/opt/rviz_ogre_vendor/lib:/opt/ros/jazzy/lib/x86_64-linux-gnu:/opt/ros/jazzy/opt/gz_gui_vendor/lib:/opt/ros/jazzy/opt/gz_transport_vendor/lib:/opt/ros/jazzy/opt/gz_rendering_vendor/lib:/opt/ros/jazzy/opt/gz_plugin_vendor/lib:/opt/ros/jazzy/opt/gz_fuel_tools_vendor/lib:/opt/ros/jazzy/opt/gz_msgs_vendor/lib:/opt/ros/jazzy/opt/gz_common_vendor/lib:/opt/ros/jazzy/opt/gz_math_vendor/lib:/opt/ros/jazzy/opt/gz_utils_vendor/lib:/opt/ros/jazzy/opt/gz_tools_vendor/lib:/opt/ros/jazzy/opt/gz_ogre_next_vendor/lib:/opt/ros/jazzy/opt/gz_dartsim_vendor/lib:/opt/ros/jazzy/opt/gz_cmake_vendor/lib:/opt/ros/jazzy/lib /usr/bin/cmake --build /home/yang/proj/ros-prac/learn15/build/learn15 -- -j12 -l12
[0.026s] [ 33%] Built target mcl_core
[0.037s] [ 66%] Built target sim2d
[0.038s] [100%] Built target mcl
[0.041s] Invoked command in '/home/yang/proj/ros-prac/learn15/build/learn15' returned '0': CMAKE_PREFIX_PATH=/home/yang/proj/ros-prac/learn15/install/mcl_msgs:/home/yang/proj/ros-prac/learn15/install/learn15:/opt/ros/jazzy/opt/gz_sim_vendor:/opt/ros/jazzy/opt/gz_sensors_vendor:/opt/ros/jazzy/opt/gz_physics_vendor:/opt/ros/jazzy/opt/sdformat_vendor:/opt/ros/jazzy/opt/gz_gui_vendor:/opt/ros/jazzy/opt/gz_transport_vendor:/opt/ros/jazzy/opt/gz_rendering_vendor:/opt/ros/jazzy/opt/gz_plugin_vendor:/opt/ros/jazzy/opt/gz_fuel_tools_vendor:/opt/ros/jazzy/opt/gz_msgs_vendor:/opt/ros/jazzy/opt/gz_common_vendor:/opt/ros/jazzy/opt/gz_math_vendor:/opt/ros/jazzy/opt/gz_utils_vendor:/opt/ros/jazzy/opt/gz_tools_vendor:/opt/ros/jazzy/opt/gz_ogre_next_vendor:/opt/ros/jazzy/opt/gz_dartsim_vendor:/opt/ros/jazzy/opt/gz_cmake_vendor:/opt/ros/jazzy DEBUGINFOD_URLS=https://debuginfod.ubuntu.com LD_LIBRARY_PATH=/home/yang/proj/ros-prac/learn15/install/mcl_msgs/lib:/home/yang/proj/ros-prac/learn15/install/learn15/lib:/opt/ros/jazzy/opt/gz_sim_vendor/lib:/opt/ros/jazzy/opt/gz_sensors_vendor/lib:/opt/ros/jazzy/opt/gz_physics_vendor/lib:/opt/ros/jazzy/opt/sdformat_vendor/lib:/opt/ros/jazzy/opt/rviz_ogre_vendor/lib:/opt/ros/jazzy/lib/x86_64-linux-gnu:/opt/ros/jazzy/opt/gz_gui_vendor/lib:/opt/ros/jazzy/opt/gz_transport_vendor/lib:/opt/ros/jazzy/opt/gz_rendering_vendor/lib:/opt/ros/jazzy/opt/gz_plugin_vendor/lib:/opt/ros/jazzy/opt/gz_fuel_tools_vendor/lib:/opt/ros/jazzy/opt/gz_msgs_vendor/lib:/opt/ros/jazzy/opt/gz_common_vendor/lib:/opt/ros/jazzy/opt/gz_math_vendor/lib:/opt/ros/jazzy/opt/gz_utils_vendor/lib:/opt/ros/jazzy/opt/gz_tools_vendor/lib:/opt/ros/jazzy/opt/gz_ogre_next_vendor/lib:/opt/ros/jazzy/opt/gz_dartsim_vendor/lib:/opt/ros/jazzy/opt/gz_cmake_vendor/lib:/opt/ros/jazzy/lib /usr/bin/cmake --build /home/yang/proj/ros-prac/learn15/build/learn15 -- -j12 -l12
[0.045s] Invoking command in '/home/yang/proj/ros-prac/learn15/build/learn15': CMAKE_PREFIX_PATH=/home/yang/proj/ros-prac/learn15/install/mcl_msgs:/home/yang/proj/ros-prac/learn15/install/learn15:/opt/ros/jazzy/opt/gz_sim_vendor:/opt/ros/jazzy/opt/gz_sensors_vendor:/opt/ros/jazzy/opt/gz_physics_vendor:/opt/ros/jazzy/opt/sdformat_vendor:/opt/ros/jazzy/opt/gz_gui_vendor:/opt/ros/jazzy/opt/gz_transport_vendor:/opt/ros/jazzy/opt/gz_rendering_vendor:/opt/ros/jazzy/opt/gz_plugin_vendor:/opt/ros/jazzy/opt/gz_fuel_tools_vendor:/opt/ros/jazzy/opt/gz_msgs_vendor:/opt/ros/jazzy/opt/gz_common_vendor:/opt/ros/jazzy/opt/gz_math_vendor:/opt/ros/jazzy/opt/gz_utils_vendor:/opt/ros/jazzy/opt/gz_tools_vendor:/opt/ros/jazzy/opt/gz_ogre_next_vendor:/opt/ros/jazzy/opt/gz_dartsim_vendor:/opt/ros/jazzy/opt/gz_cmake_vendor:/opt/ros/jazzy DEBUGINFOD_URLS=https://debuginfod.ubuntu.com LD_LIBRARY_PATH=/home/yang/proj/ros-prac/learn15/install/mcl_msgs/lib:/home/yang/proj/ros-prac/learn15/install/learn15/lib:/opt/ros/jazzy/opt/gz_sim_vendor/lib:/opt/ros/jazzy/opt/gz_sensors_vendor/lib:/opt/ros/jazzy/opt/gz_physics_vendor/lib:/opt/ros/jazzy/opt/sdformat_vendor/lib:/opt/ros/jazzy/opt/rviz_ogre_vendor/lib:/opt/ros/jazzy/lib/x86_64-linux-gnu:/opt/ros/jazzy/opt/gz_gui_vendor/lib:/opt/ros/jazzy/opt/gz_transport_vendor/lib:/opt/ros/jazzy/opt/gz_rendering_vendor/lib:/opt/ros/jazzy/opt/gz_plugin_vendor/lib:/opt/ros/jazzy/opt/gz_fuel_tools_vendor/lib:/opt/ros/jazzy/opt/gz_msgs_vendor/lib:/opt/ros/jazzy/opt/gz_common_vendor/lib:/opt/ros/jazzy/opt/gz_math_vendor/lib:/opt/ros/jazzy/opt/gz_utils_vendor/lib:/opt/ros/jazzy/opt/gz_tools_vendor/lib:/opt/ros/jazzy/opt/gz_ogre_next_vendor/lib:/opt/ros/jazzy/opt/gz_dartsim_vendor/lib:/opt/ros/jazzy/opt/gz_cmake_vendor/lib:/opt/ros/jazzy/lib /usr/bin/cmake --install /home/yang/proj/ros-prac/learn15/build/learn15
[0.048s] -- Install configuration: ""
[0.048s] -- Up-to-date: /home/yang/proj/ros-prac/learn15/install/learn15/lib/libmcl_core.so
[0.048s] -- Up-to-date: /home/yang/proj/ros-prac/learn15/install/learn15/lib/learn15/mcl
[0.048s] -- Up-to-date: /home/yang/proj/ros-prac/learn15/install/learn15/lib/learn15/sim2d
[0.048s] -- Up-to-date: /home/yang/proj/ros-prac/learn15/install/learn15/include/learn15
[0.048s] -- Up-to-date: /home/yang/proj/ros-prac/learn15/install/learn15/include/learn15/learn15
[0.048s] -- Up-to-date: /home/yang/proj/ros-prac/learn15/install/learn15/include/learn15/learn15/geom.hpp
[0.048s] -- Up-to-date: /home/yang/proj/ros-prac/learn15/install/learn15/include/learn15/learn15/mcl.hpp
[0.048s] -- Up-to-date: /home/yang/proj/ros-prac/learn15/install/learn15/include/learn15/learn15/slam_types.hpp
[0.048s] -- Up-to-date: /home/yang/proj/ros-prac/learn15/install/learn15/share/learn15/launch
[0.048s] -- Up-to-date: /home/yang/proj/ros-prac/learn15/install/learn15/share/learn15/launch/mcl_demo.launch.py
[0.048s] -- Up-to-date: /home/yang/proj/ros-prac/learn15/install/learn15/share/learn15/rviz
[0.048s] -- Up-to-date: /home/yang/proj/ros-prac/learn15/install/learn15/share/learn15/rviz/mcl_demo.rviz
[0.048s] -- Up-to-date: /home/yang/proj/ros-prac/learn15/install/learn15/share/learn15/environment/library_path.sh
[0.048s] -- Up-to-date: /home/yang/proj/ros-prac/learn15/install/learn15/share/learn15/environment/library_path.dsv
[0.048s] -- Up-to-date: /home/yang/proj/ros-prac/learn15/install/learn15/share/ament_index/resource_index/package_run_dependencies/learn15
[0.048s] -- Up-to-date: /home/yang/proj/ros-prac/learn15/install/learn15/share/ament_index/resource_index/parent_prefix_path/learn15
[0.048s] -- Up-to-date: /home/yang/proj/ros-prac/learn15/install/learn15/share/learn15/environment/ament_prefix_path.sh
[0.049s] -- Up-to-date: /home/yang/proj/ros-prac/learn15/install/learn15/share/learn15/environment/ament_prefix_path.dsv
[0.049s] -- Up-to-date: /home/yang/proj/ros-prac/learn15/install/learn15/share/learn15/environment/path.sh
[0.049s] -- Up-to-date: /home/yang/proj/ros-prac/learn15/install/learn15/share/learn15/environment/path.dsv
[0.049s] -- Up-to-date: /home/yang/proj/ros-prac/learn15/install/learn15/share/learn15/local_setup.bash
[0.049s] -- Up-to-date: /home/yang/proj/ros-prac/learn15/install/learn15/share/learn15/local_setup.sh
[0.049s] -- Up-to-date: /home/yang/proj/ros-prac/learn15/install/learn15/share/learn15/local_setup.zsh
[0.049s] -- Up-to-date: /home/yang/proj/ros-prac/learn15/install/learn15/share/learn15/local_setup.dsv
[0.049s] -- Installing: /home/yang/proj/ros-prac/learn15/install/learn15/share/learn15/package.dsv
[0.049s] -- Up-to-date: /home/yang/proj/ros-prac/learn15/install/learn15/share/ament_index/resource_index/packages/learn15
[0.049s] -- Up-to-date: /home/yang/proj/ros-prac/learn15/install/learn15/share/learn15/cmake/export_learn15Export.cmake
[0.049s] -- Up-to-date: /home/yang/proj/ros-prac/learn15/install/learn15/share/learn15/cmake/export_learn15Export-noconfig.cmake
[0.049s] -- Up-to-date: /home/yang/proj/ros-prac/learn15/install/learn15/share/learn15/cmake/ament_cmake_export_targets-extras.cmake
[0.049s] -- Up-to-date: /home/yang/proj/ros-prac/learn15/install/learn15/share/learn15/cmake/ament_cmake_export_dependencies-extras.cmake
[0.049s] -- Up-to-date: /home/yang/proj/ros-prac/learn15/install/learn15/share/learn15/cmake/learn15Config.cmake
[0.049s] -- Up-to-date: /home/yang/proj/ros-prac/learn15/install/learn15/share/learn15/cmake/learn15Config-version.cmake
[0.049s] -- Up-to-date: /home/yang/proj/ros-prac/learn15/install/learn15/share/learn15/package.xml
[0.049s] Invoked command in '/home/yang/proj/ros-prac/learn15/build/learn15' returned '0': CMAKE_PREFIX_PATH=/home/yang/proj/ros-prac/learn15/install/mcl_msgs:/home/yang/proj/ros-prac/learn15/install/learn15:/opt/ros/jazzy/opt/gz_sim_vendor:/opt/ros/jazzy/opt/gz_sensors_vendor:/opt/ros/jazzy/opt/gz_physics_vendor:/opt/ros/jazzy/opt/sdformat_vendor:/opt/ros/jazzy/opt/gz_gui_vendor:/opt/ros/jazzy/opt/gz_transport_vendor:/opt/ros/jazzy/opt/gz_rendering_vendor:/opt/ros/jazzy/opt/gz_plugin_vendor:/opt/ros/jazzy/opt/gz_fuel_tools_vendor:/opt/ros/jazzy/opt/gz_msgs_vendor:/opt/ros/jazzy/opt/gz_common_vendor:/opt/ros/jazzy/opt/gz_math_vendor:/opt/ros/jazzy/opt/gz_utils_vendor:/opt/ros/jazzy/opt/gz_tools_vendor:/opt/ros/jazzy/opt/gz_ogre_next_vendor:/opt/ros/jazzy/opt/gz_dartsim_vendor:/opt/ros/jazzy/opt/gz_cmake_vendor:/opt/ros/jazzy DEBUGINFOD_URLS=https://debuginfod.ubuntu.com LD_LIBRARY_PATH=/home/yang/proj/ros-prac/learn15/install/mcl_msgs/lib:/home/yang/proj/ros-prac/learn15/install/learn15/lib:/opt/ros/jazzy/opt/gz_sim_vendor/lib:/opt/ros/jazzy/opt/gz_sensors_vendor/lib:/opt/ros/jazzy/opt/gz_physics_vendor/lib:/opt/ros/jazzy/opt/sdformat_vendor/lib:/opt/ros/jazzy/opt/rviz_ogre_vendor/lib:/opt/ros/jazzy/lib/x86_64-linux-gnu:/opt/ros/jazzy/opt/gz_gui_vendor/lib:/opt/ros/jazzy/opt/gz_transport_vendor/lib:/opt/ros/jazzy/opt/gz_rendering_vendor/lib:/opt/ros/jazzy/opt/gz_plugin_vendor/lib:/opt/ros/jazzy/opt/gz_fuel_tools_vendor/lib:/opt/ros/jazzy/opt/gz_msgs_vendor/lib:/opt/ros/jazzy/opt/gz_common_vendor/lib:/opt/ros/jazzy/opt/gz_math_vendor/lib:/opt/ros/jazzy/opt/gz_utils_vendor/lib:/opt/ros/jazzy/opt/gz_tools_vendor/lib:/opt/ros/jazzy/opt/gz_ogre_next_vendor/lib:/opt/ros/jazzy/opt/gz_dartsim_vendor/lib:/opt/ros/jazzy/opt/gz_cmake_vendor/lib:/opt/ros/jazzy/lib /usr/bin/cmake --install /home/yang/proj/ros-prac/learn15/build/learn15
