-- The C compiler identification is GNU 13.3.0
-- The CXX compiler identification is GNU 13.3.0
-- Detecting C compiler ABI info
-- Detecting C compiler ABI info - done
-- Check for working C compiler: /usr/bin/cc - skipped
-- Detecting C compile features
-- Detecting C compile features - done
-- Detecting CXX compiler ABI info
-- Detecting CXX compiler ABI info - done
-- Check for working CXX compiler: /usr/bin/c++ - skipped
-- Detecting CXX compile features
-- Detecting CXX compile features - done
-- Found ament_cmake: 2.5.6 (/opt/ros/jazzy/share/ament_cmake/cmake)
-- Found Python3: /usr/bin/python3 (found version "3.12.3") found components: Interpreter 
-- Found rosidl_default_generators: 1.6.0 (/opt/ros/jazzy/share/rosidl_default_generators/cmake)
-- Using all available rosidl_typesupport_c: rosidl_typesupport_fastrtps_c;rosidl_typesupport_introspection_c
-- Using all available rosidl_typesupport_cpp: rosidl_typesupport_fastrtps_cpp;rosidl_typesupport_introspection_cpp
-- Found rosidl_adapter: 4.6.7 (/opt/ros/jazzy/share/rosidl_adapter/cmake)
-- Found std_msgs: 5.3.7 (/opt/ros/jazzy/share/std_msgs/cmake)
-- Found ament_cmake_ros: 0.12.0 (/opt/ros/jazzy/share/ament_cmake_ros/cmake)
-- Using all available rosidl_typesupport_c: rosidl_typesupport_fastrtps_c;rosidl_typesupport_introspection_c
-- Using all available rosidl_typesupport_cpp: rosidl_typesupport_fastrtps_cpp;rosidl_typesupport_introspection_cpp
-- Found python_cmake_module: 0.11.1 (/opt/ros/jazzy/share/python_cmake_module/cmake)
-- Found PythonExtra: /usr/bin/python3  
-- Found Python3: /usr/bin/python3 (found version "3.12.3") found components: Interpreter Development NumPy Development.Module Development.Embed 
-- Found Python3: /usr/bin/python3 (found version "3.12.3") found components: Interpreter 
-- Configuring done (1.3s)
-- Generating done (0.0s)
-- Build files have been written to: /home/yang/proj/ros-prac/learn15/build/mcl_msgs
[  2%] [34m[1mGenerating type hashes for ROS interfaces[0m
[  4%] [34m[1mGenerating Rust code for ROS interfaces[0m
[  4%] Built target ament_cmake_python_copy_mcl_msgs
running egg_info
creating mcl_msgs.egg-info
[  4%] Built target mcl_msgs__rosidl_generator_type_description
writing mcl_msgs.egg-info/PKG-INFO
writing dependency_links to mcl_msgs.egg-info/dependency_links.txt
writing top-level names to mcl_msgs.egg-info/top_level.txt
writing manifest file 'mcl_msgs.egg-info/SOURCES.txt'
[  4%] Built target mcl_msgs__rs
[  6%] [34m[1mGenerating C code for ROS interfaces[0m
[  8%] [34m[1mGenerating C++ code for ROS interfaces[0m
reading manifest file 'mcl_msgs.egg-info/SOURCES.txt'
writing manifest file 'mcl_msgs.egg-info/SOURCES.txt'
[  8%] Built target ament_cmake_python_build_mcl_msgs_egg
[  8%] Built target mcl_msgs__cpp
[ 13%] [32mBuilding C object CMakeFiles/mcl_msgs__rosidl_generator_c.dir/rosidl_generator_c/mcl_msgs/msg/detail/landmark__description.c.o[0m
[ 13%] [32mBuilding C object CMakeFiles/mcl_msgs__rosidl_generator_c.dir/rosidl_generator_c/mcl_msgs/msg/detail/landmark__functions.c.o[0m
[ 15%] [32mBuilding C object CMakeFiles/mcl_msgs__rosidl_generator_c.dir/rosidl_generator_c/mcl_msgs/msg/detail/landmark__type_support.c.o[0m
[ 17%] [32mBuilding C object CMakeFiles/mcl_msgs__rosidl_generator_c.dir/rosidl_generator_c/mcl_msgs/msg/detail/landmark_array__description.c.o[0m
[ 20%] [32mBuilding C object CMakeFiles/mcl_msgs__rosidl_generator_c.dir/rosidl_generator_c/mcl_msgs/msg/detail/landmark_array__functions.c.o[0m
[ 22%] [32mBuilding C object CMakeFiles/mcl_msgs__rosidl_generator_c.dir/rosidl_generator_c/mcl_msgs/msg/detail/landmark_array__type_support.c.o[0m
[ 24%] [32m[1mLinking C shared library libmcl_msgs__rosidl_generator_c.so[0m
[ 24%] Built target mcl_msgs__rosidl_generator_c
[ 31%] [34m[1mGenerating C++ introspection for ROS interfaces[0m
[ 26%] [34m[1mGenerating C++ type support dispatch for ROS interfaces[0m
[ 31%] [34m[1mGenerating C type support for eProsima Fast-RTPS[0m
[ 35%] [34m[1mGenerating C++ type support for eProsima Fast-RTPS[0m
[ 35%] [34m[1mGenerating C introspection for ROS interfaces[0m
[ 37%] [34m[1mGenerating C type support dispatch for ROS interfaces[0m
[ 40%] [32mBuilding CXX object CMakeFiles/mcl_msgs__rosidl_typesupport_cpp.dir/rosidl_typesupport_cpp/mcl_msgs/msg/landmark_array__type_support.cpp.o[0m
[ 44%] [32mBuilding CXX object CMakeFiles/mcl_msgs__rosidl_typesupport_cpp.dir/rosidl_typesupport_cpp/mcl_msgs/msg/landmark__type_support.cpp.o[0m
[ 44%] [32mBuilding CXX object CMakeFiles/mcl_msgs__rosidl_typesupport_c.dir/rosidl_typesupport_c/mcl_msgs/msg/landmark_array__type_support.cpp.o[0m
[ 46%] [32mBuilding CXX object CMakeFiles/mcl_msgs__rosidl_typesupport_c.dir/rosidl_typesupport_c/mcl_msgs/msg/landmark__type_support.cpp.o[0m
[ 48%] [32mBuilding CXX object CMakeFiles/mcl_msgs__rosidl_typesupport_introspection_cpp.dir/rosidl_typesupport_introspection_cpp/mcl_msgs/msg/detail/landmark_array__type_support.cpp.o[0m
[ 51%] [32mBuilding CXX object CMakeFiles/mcl_msgs__rosidl_typesupport_introspection_cpp.dir/rosidl_typesupport_introspection_cpp/mcl_msgs/msg/detail/landmark__type_support.cpp.o[0m
[ 53%] [32mBuilding C object CMakeFiles/mcl_msgs__rosidl_typesupport_introspection_c.dir/rosidl_typesupport_introspection_c/mcl_msgs/msg/detail/landmark__type_support.c.o[0m
[ 55%] [32mBuilding C object CMakeFiles/mcl_msgs__rosidl_typesupport_introspection_c.dir/rosidl_typesupport_introspection_c/mcl_msgs/msg/detail/landmark_array__type_support.c.o[0m
[ 57%] [32mBuilding CXX object CMakeFiles/mcl_msgs__rosidl_typesupport_fastrtps_cpp.dir/rosidl_typesupport_fastrtps_cpp/mcl_msgs/msg/detail/dds_fastrtps/landmark_array__type_support.cpp.o[0m
[ 60%] [32mBuilding CXX object CMakeFiles/mcl_msgs__rosidl_typesupport_fastrtps_cpp.dir/rosidl_typesupport_fastrtps_cpp/mcl_msgs/msg/detail/dds_fastrtps/landmark__type_support.cpp.o[0m
[ 66%] [32m[1mLinking CXX shared library libmcl_msgs__rosidl_typesupport_c.so[0m
[ 66%] [32mBuilding CXX object CMakeFiles/mcl_msgs__rosidl_typesupport_fastrtps_c.dir/rosidl_typesupport_fastrtps_c/mcl_msgs/msg/detail/landmark__type_support_c.cpp.o[0m
[ 66%] [32mBuilding CXX object CMakeFiles/mcl_msgs__rosidl_typesupport_fastrtps_c.dir/rosidl_typesupport_fastrtps_c/mcl_msgs/msg/detail/landmark_array__type_support_c.cpp.o[0m
[ 68%] [32m[1mLinking C shared library libmcl_msgs__rosidl_typesupport_introspection_c.so[0m
[ 68%] Built target mcl_msgs__rosidl_typesupport_introspection_c
[ 68%] Built target mcl_msgs__rosidl_typesupport_c
[ 71%] [32m[1mLinking CXX shared library libmcl_msgs__rosidl_typesupport_cpp.so[0m
[ 71%] Built target mcl_msgs__rosidl_typesupport_cpp
[ 73%] [32m[1mLinking CXX shared library libmcl_msgs__rosidl_typesupport_introspection_cpp.so[0m
[ 73%] Built target mcl_msgs__rosidl_typesupport_introspection_cpp
[ 75%] [32m[1mLinking CXX shared library libmcl_msgs__rosidl_typesupport_fastrtps_cpp.so[0m
[ 77%] [32m[1mLinking CXX shared library libmcl_msgs__rosidl_typesupport_fastrtps_c.so[0m
[ 77%] Built target mcl_msgs__rosidl_typesupport_fastrtps_c
[ 77%] Built target mcl_msgs__rosidl_typesupport_fastrtps_cpp
[ 77%] Built target mcl_msgs
[ 80%] [34m[1mGenerating Python code for ROS interfaces[0m
[ 80%] Built target mcl_msgs__py
[ 84%] [32mBuilding C object CMakeFiles/mcl_msgs__rosidl_generator_py.dir/rosidl_generator_py/mcl_msgs/msg/_landmark_s.c.o[0m
[ 84%] [32mBuilding C object CMakeFiles/mcl_msgs__rosidl_generator_py.dir/rosidl_generator_py/mcl_msgs/msg/_landmark_array_s.c.o[0m
[ 86%] [32m[1mLinking C shared library libmcl_msgs__rosidl_generator_py.so[0m
[ 86%] Built target mcl_msgs__rosidl_generator_py
[ 88%] [32mBuilding C object CMakeFiles/mcl_msgs_s__rosidl_typesupport_fastrtps_c.dir/rosidl_generator_py/mcl_msgs/_mcl_msgs_s.ep.rosidl_typesupport_fastrtps_c.c.o[0m
[ 91%] [32mBuilding C object CMakeFiles/mcl_msgs_s__rosidl_typesupport_c.dir/rosidl_generator_py/mcl_msgs/_mcl_msgs_s.ep.rosidl_typesupport_c.c.o[0m
[ 93%] [32mBuilding C object CMakeFiles/mcl_msgs_s__rosidl_typesupport_introspection_c.dir/rosidl_generator_py/mcl_msgs/_mcl_msgs_s.ep.rosidl_typesupport_introspection_c.c.o[0m
[100%] [32m[1mLinking C shared module rosidl_generator_py/mcl_msgs/mcl_msgs_s__rosidl_typesupport_introspection_c.so[0m
[100%] [32m[1mLinking C shared module rosidl_generator_py/mcl_msgs/mcl_msgs_s__rosidl_typesupport_c.so[0m
[100%] [32m[1mLinking C shared module rosidl_generator_py/mcl_msgs/mcl_msgs_s__rosidl_typesupport_fastrtps_c.so[0m
[100%] Built target mcl_msgs_s__rosidl_typesupport_c
[100%] Built target mcl_msgs_s__rosidl_typesupport_fastrtps_c
[100%] Built target mcl_msgs_s__rosidl_typesupport_introspection_c
-- Install configuration: ""
-- Installing: /home/yang/proj/ros-prac/learn15/install/mcl_msgs/share/ament_index/resource_index/rosidl_interfaces/mcl_msgs
-- Installing: /home/yang/proj/ros-prac/learn15/install/mcl_msgs/share/mcl_msgs/msg/Landmark.json
-- Installing: /home/yang/proj/ros-prac/learn15/install/mcl_msgs/share/mcl_msgs/msg/LandmarkArray.json
-- Installing: /home/yang/proj/ros-prac/learn15/install/mcl_msgs/include/mcl_msgs/mcl_msgs
-- Installing: /home/yang/proj/ros-prac/learn15/install/mcl_msgs/include/mcl_msgs/mcl_msgs/msg
-- Installing: /home/yang/proj/ros-prac/learn15/install/mcl_msgs/include/mcl_msgs/mcl_msgs/msg/landmark_array.h
-- Installing: /home/yang/proj/ros-prac/learn15/install/mcl_msgs/include/mcl_msgs/mcl_msgs/msg/landmark.h
-- Installing: /home/yang/proj/ros-prac/learn15/install/mcl_msgs/include/mcl_msgs/mcl_msgs/msg/rosidl_generator_c__visibility_control.h
-- Installing: /home/yang/proj/ros-prac/learn15/install/mcl_msgs/include/mcl_msgs/mcl_msgs/msg/detail
-- Installing: /home/yang/proj/ros-prac/learn15/install/mcl_msgs/include/mcl_msgs/mcl_msgs/msg/detail/landmark__functions.h
-- Installing: /home/yang/proj/ros-prac/learn15/install/mcl_msgs/include/mcl_msgs/mcl_msgs/msg/detail/landmark_array__struct.h
-- Installing: /home/yang/proj/ros-prac/learn15/install/mcl_msgs/include/mcl_msgs/mcl_msgs/msg/detail/landmark_array__functions.h
-- Installing: /home/yang/proj/ros-prac/learn15/install/mcl_msgs/include/mcl_msgs/mcl_msgs/msg/detail/landmark_array__functions.c
-- Installing: /home/yang/proj/ros-prac/learn15/install/mcl_msgs/include/mcl_msgs/mcl_msgs/msg/detail/landmark_array__type_support.h
-- Installing: /home/yang/proj/ros-prac/learn15/install/mcl_msgs/include/mcl_msgs/mcl_msgs/msg/detail/landmark_array__description.c
-- Installing: /home/yang/proj/ros-prac/learn15/install/mcl_msgs/include/mcl_msgs/mcl_msgs/msg/detail/landmark_array__type_support.c
-- Installing: /home/yang/proj/ros-prac/learn15/install/mcl_msgs/include/mcl_msgs/mcl_msgs/msg/detail/landmark__type_support.h
-- Installing: /home/yang/proj/ros-prac/learn15/install/mcl_msgs/include/mcl_msgs/mcl_msgs/msg/detail/landmark__struct.h
-- Installing: /home/yang/proj/ros-prac/learn15/install/mcl_msgs/include/mcl_msgs/mcl_msgs/msg/detail/landmark__type_support.c
-- Installing: /home/yang/proj/ros-prac/learn15/install/mcl_msgs/include/mcl_msgs/mcl_msgs/msg/detail/landmark__functions.c
-- Installing: /home/yang/proj/ros-prac/learn15/install/mcl_msgs/include/mcl_msgs/mcl_msgs/msg/detail/landmark__description.c
-- Installing: /home/yang/proj/ros-prac/learn15/install/mcl_msgs/share/mcl_msgs/environment/library_path.sh
-- Installing: /home/yang/proj/ros-prac/learn15/install/mcl_msgs/share/mcl_msgs/environment/library_path.dsv
-- Installing: /home/yang/proj/ros-prac/learn15/install/mcl_msgs/lib/libmcl_msgs__rosidl_generator_c.so
-- Set non-toolchain portion of runtime path of "/home/yang/proj/ros-prac/learn15/install/mcl_msgs/lib/libmcl_msgs__rosidl_generator_c.so" to ""
-- Up-to-date: /home/yang/proj/ros-prac/learn15/install/mcl_msgs/include/mcl_msgs/mcl_msgs
-- Up-to-date: /home/yang/proj/ros-prac/learn15/install/mcl_msgs/include/mcl_msgs/mcl_msgs/msg
-- Installing: /home/yang/proj/ros-prac/learn15/install/mcl_msgs/include/mcl_msgs/mcl_msgs/msg/rosidl_typesupport_fastrtps_c__visibility_control.h
-- Up-to-date: /home/yang/proj/ros-prac/learn15/install/mcl_msgs/include/mcl_msgs/mcl_msgs/msg/detail
-- Installing: /home/yang/proj/ros-prac/learn15/install/mcl_msgs/include/mcl_msgs/mcl_msgs/msg/detail/landmark_array__rosidl_typesupport_fastrtps_c.h
-- Installing: /home/yang/proj/ros-prac/learn15/install/mcl_msgs/include/mcl_msgs/mcl_msgs/msg/detail/landmark__rosidl_typesupport_fastrtps_c.h
-- Installing: /home/yang/proj/ros-prac/learn15/install/mcl_msgs/lib/libmcl_msgs__rosidl_typesupport_fastrtps_c.so
-- Set non-toolchain portion of runtime path of "/home/yang/proj/ros-prac/learn15/install/mcl_msgs/lib/libmcl_msgs__rosidl_typesupport_fastrtps_c.so" to ""
-- Up-to-date: /home/yang/proj/ros-prac/learn15/install/mcl_msgs/include/mcl_msgs/mcl_msgs
-- Up-to-date: /home/yang/proj/ros-prac/learn15/install/mcl_msgs/include/mcl_msgs/mcl_msgs/msg
-- Up-to-date: /home/yang/proj/ros-prac/learn15/install/mcl_msgs/include/mcl_msgs/mcl_msgs/msg/detail
-- Up-to-date: /home/yang/proj/ros-prac/learn15/install/mcl_msgs/include/mcl_msgs/mcl_msgs/msg/detail/landmark_array__type_support.c
-- Installing: /home/yang/proj/ros-prac/learn15/install/mcl_msgs/include/mcl_msgs/mcl_msgs/msg/detail/landmark__rosidl_typesupport_introspection_c.h
-- Up-to-date: /home/yang/proj/ros-prac/learn15/install/mcl_msgs/include/mcl_msgs/mcl_msgs/msg/detail/landmark__type_support.c
-- Installing: /home/yang/proj/ros-prac/learn15/install/mcl_msgs/include/mcl_msgs/mcl_msgs/msg/detail/landmark_array__rosidl_typesupport_introspection_c.h
-- Installing: /home/yang/proj/ros-prac/learn15/install/mcl_msgs/include/mcl_msgs/mcl_msgs/msg/rosidl_typesupport_introspection_c__visibility_control.h
-- Installing: /home/yang/proj/ros-prac/learn15/install/mcl_msgs/lib/libmcl_msgs__rosidl_typesupport_introspection_c.so
-- Set non-toolchain portion of runtime path of "/home/yang/proj/ros-prac/learn15/install/mcl_msgs/lib/libmcl_msgs__rosidl_typesupport_introspection_c.so" to ""
-- Installing: /home/yang/proj/ros-prac/learn15/install/mcl_msgs/lib/libmcl_msgs__rosidl_typesupport_c.so
-- Set non-toolchain portion of runtime path of "/home/yang/proj/ros-prac/learn15/install/mcl_msgs/lib/libmcl_msgs__rosidl_typesupport_c.so" to ""
-- Up-to-date: /home/yang/proj/ros-prac/learn15/install/mcl_msgs/include/mcl_msgs/mcl_msgs
-- Up-to-date: /home/yang/proj/ros-prac/learn15/install/mcl_msgs/include/mcl_msgs/mcl_msgs/msg
-- Installing: /home/yang/proj/ros-prac/learn15/install/mcl_msgs/include/mcl_msgs/mcl_msgs/msg/landmark.hpp
-- Installing: /home/yang/proj/ros-prac/learn15/install/mcl_msgs/include/mcl_msgs/mcl_msgs/msg/rosidl_generator_cpp__visibility_control.hpp
-- Installing: /home/yang/proj/ros-prac/learn15/install/mcl_msgs/include/mcl_msgs/mcl_msgs/msg/landmark_array.hpp
-- Up-to-date: /home/yang/proj/ros-prac/learn15/install/mcl_msgs/include/mcl_msgs/mcl_msgs/msg/detail
-- Installing: /home/yang/proj/ros-prac/learn15/install/mcl_msgs/include/mcl_msgs/mcl_msgs/msg/detail/landmark_array__builder.hpp
-- Installing: /home/yang/proj/ros-prac/learn15/install/mcl_msgs/include/mcl_msgs/mcl_msgs/msg/detail/landmark__struct.hpp
-- Installing: /home/yang/proj/ros-prac/learn15/install/mcl_msgs/include/mcl_msgs/mcl_msgs/msg/detail/landmark_array__struct.hpp
-- Installing: /home/yang/proj/ros-prac/learn15/install/mcl_msgs/include/mcl_msgs/mcl_msgs/msg/detail/landmark__type_support.hpp
-- Installing: /home/yang/proj/ros-prac/learn15/install/mcl_msgs/include/mcl_msgs/mcl_msgs/msg/detail/landmark__builder.hpp
-- Installing: /home/yang/proj/ros-prac/learn15/install/mcl_msgs/include/mcl_msgs/mcl_msgs/msg/detail/landmark_array__traits.hpp
-- Installing: /home/yang/proj/ros-prac/learn15/install/mcl_msgs/include/mcl_msgs/mcl_msgs/msg/detail/landmark_array__type_support.hpp
-- Installing: /home/yang/proj/ros-prac/learn15/install/mcl_msgs/include/mcl_msgs/mcl_msgs/msg/detail/landmark__traits.hpp
-- Up-to-date: /home/yang/proj/ros-prac/learn15/install/mcl_msgs/include/mcl_msgs/mcl_msgs
-- Up-to-date: /home/yang/proj/ros-prac/learn15/install/mcl_msgs/include/mcl_msgs/mcl_msgs/msg
-- Installing: /home/yang/proj/ros-prac/learn15/install/mcl_msgs/include/mcl_msgs/mcl_msgs/msg/rosidl_typesupport_fastrtps_cpp__visibility_control.h
-- Up-to-date: /home/yang/proj/ros-prac/learn15/install/mcl_msgs/include/mcl_msgs/mcl_msgs/msg/detail
-- Installing: /home/yang/proj/ros-prac/learn15/install/mcl_msgs/include/mcl_msgs/mcl_msgs/msg/detail/dds_fastrtps
-- Installing: /home/yang/proj/ros-prac/learn15/install/mcl_msgs/include/mcl_msgs/mcl_msgs/msg/detail/landmark_array__rosidl_typesupport_fastrtps_cpp.hpp
-- Installing: /home/yang/proj/ros-prac/learn15/install/mcl_msgs/include/mcl_msgs/mcl_msgs/msg/detail/landmark__rosidl_typesupport_fastrtps_cpp.hpp
-- Installing: /home/yang/proj/ros-prac/learn15/install/mcl_msgs/lib/libmcl_msgs__rosidl_typesupport_fastrtps_cpp.so
-- Set non-toolchain portion of runtime path of "/home/yang/proj/ros-prac/learn15/install/mcl_msgs/lib/libmcl_msgs__rosidl_typesupport_fastrtps_cpp.so" to ""
-- Up-to-date: /home/yang/proj/ros-prac/learn15/install/mcl_msgs/include/mcl_msgs/mcl_msgs
-- Up-to-date: /home/yang/proj/ros-prac/learn15/install/mcl_msgs/include/mcl_msgs/mcl_msgs/msg
-- Up-to-date: /home/yang/proj/ros-prac/learn15/install/mcl_msgs/include/mcl_msgs/mcl_msgs/msg/detail
-- Installing: /home/yang/proj/ros-prac/learn15/install/mcl_msgs/include/mcl_msgs/mcl_msgs/msg/detail/landmark_array__rosidl_typesupport_introspection_cpp.hpp
-- Installing: /home/yang/proj/ros-prac/learn15/install/mcl_msgs/include/mcl_msgs/mcl_msgs/msg/detail/landmark_array__type_support.cpp
-- Installing: /home/yang/proj/ros-prac/learn15/install/mcl_msgs/include/mcl_msgs/mcl_msgs/msg/detail/landmark__type_support.cpp
-- Installing: /home/yang/proj/ros-prac/learn15/install/mcl_msgs/include/mcl_msgs/mcl_msgs/msg/detail/landmark__rosidl_typesupport_introspection_cpp.hpp
-- Installing: /home/yang/proj/ros-prac/learn15/install/mcl_msgs/lib/libmcl_msgs__rosidl_typesupport_introspection_cpp.so
-- Set non-toolchain portion of runtime path of "/home/yang/proj/ros-prac/learn15/install/mcl_msgs/lib/libmcl_msgs__rosidl_typesupport_introspection_cpp.so" to ""
-- Installing: /home/yang/proj/ros-prac/learn15/install/mcl_msgs/lib/libmcl_msgs__rosidl_typesupport_cpp.so
-- Set non-toolchain portion of runtime path of "/home/yang/proj/ros-prac/learn15/install/mcl_msgs/lib/libmcl_msgs__rosidl_typesupport_cpp.so" to ""
-- Installing: /home/yang/proj/ros-prac/learn15/install/mcl_msgs/share/mcl_msgs/environment/pythonpath.sh
-- Installing: /home/yang/proj/ros-prac/learn15/install/mcl_msgs/share/mcl_msgs/environment/pythonpath.dsv
-- Installing: /home/yang/proj/ros-prac/learn15/install/mcl_msgs/lib/python3.12/site-packages/mcl_msgs-0.0.0-py3.12.egg-info
-- Installing: /home/yang/proj/ros-prac/learn15/install/mcl_msgs/lib/python3.12/site-packages/mcl_msgs-0.0.0-py3.12.egg-info/top_level.txt
-- Installing: /home/yang/proj/ros-prac/learn15/install/mcl_msgs/lib/python3.12/site-packages/mcl_msgs-0.0.0-py3.12.egg-info/PKG-INFO
-- Installing: /home/yang/proj/ros-prac/learn15/install/mcl_msgs/lib/python3.12/site-packages/mcl_msgs-0.0.0-py3.12.egg-info/dependency_links.txt
-- Installing: /home/yang/proj/ros-prac/learn15/install/mcl_msgs/lib/python3.12/site-packages/mcl_msgs-0.0.0-py3.12.egg-info/SOURCES.txt
-- Installing: /home/yang/proj/ros-prac/learn15/install/mcl_msgs/lib/python3.12/site-packages/mcl_msgs
-- Installing: /home/yang/proj/ros-prac/learn15/install/mcl_msgs/lib/python3.12/site-packages/mcl_msgs/_mcl_msgs_s.ep.rosidl_typesupport_fastrtps_c.c
-- Installing: /home/yang/proj/ros-prac/learn15/install/mcl_msgs/lib/python3.12/site-packages/mcl_msgs/msg
-- Installing: /home/yang/proj/ros-prac/learn15/install/mcl_msgs/lib/python3.12/site-packages/mcl_msgs/msg/_landmark_array_s.c
-- Installing: /home/yang/proj/ros-prac/learn15/install/mcl_msgs/lib/python3.12/site-packages/mcl_msgs/msg/_landmark.py
-- Installing: /home/yang/proj/ros-prac/learn15/install/mcl_msgs/lib/python3.12/site-packages/mcl_msgs/msg/_landmark_s.c
-- Installing: /home/yang/proj/ros-prac/learn15/install/mcl_msgs/lib/python3.12/site-packages/mcl_msgs/msg/_landmark_array.py
-- Installing: /home/yang/proj/ros-prac/learn15/install/mcl_msgs/lib/python3.12/site-packages/mcl_msgs/msg/__init__.py
-- Installing: /home/yang/proj/ros-prac/learn15/install/mcl_msgs/lib/python3.12/site-packages/mcl_msgs/mcl_msgs_s__rosidl_typesupport_fastrtps_c.so
-- Installing: /home/yang/proj/ros-prac/learn15/install/mcl_msgs/lib/python3.12/site-packages/mcl_msgs/mcl_msgs_s__rosidl_typesupport_c.so
-- Installing: /home/yang/proj/ros-prac/learn15/install/mcl_msgs/lib/python3.12/site-packages/mcl_msgs/_mcl_msgs_s.ep.rosidl_typesupport_introspection_c.c
-- Installing: /home/yang/proj/ros-prac/learn15/install/mcl_msgs/lib/python3.12/site-packages/mcl_msgs/_mcl_msgs_s.ep.rosidl_typesupport_c.c
-- Installing: /home/yang/proj/ros-prac/learn15/install/mcl_msgs/lib/python3.12/site-packages/mcl_msgs/__init__.py
-- Installing: /home/yang/proj/ros-prac/learn15/install/mcl_msgs/lib/python3.12/site-packages/mcl_msgs/mcl_msgs_s__rosidl_typesupport_introspection_c.so
Listing '/home/yang/proj/ros-prac/learn15/install/mcl_msgs/lib/python3.12/site-packages/mcl_msgs'...
Compiling '/home/yang/proj/ros-prac/learn15/install/mcl_msgs/lib/python3.12/site-packages/mcl_msgs/__init__.py'...
Listing '/home/yang/proj/ros-prac/learn15/install/mcl_msgs/lib/python3.12/site-packages/mcl_msgs/msg'...
Compiling '/home/yang/proj/ros-prac/learn15/install/mcl_msgs/lib/python3.12/site-packages/mcl_msgs/msg/__init__.py'...
Compiling '/home/yang/proj/ros-prac/learn15/install/mcl_msgs/lib/python3.12/site-packages/mcl_msgs/msg/_landmark.py'...
Compiling '/home/yang/proj/ros-prac/learn15/install/mcl_msgs/lib/python3.12/site-packages/mcl_msgs/msg/_landmark_array.py'...
-- Installing: /home/yang/proj/ros-prac/learn15/install/mcl_msgs/lib/python3.12/site-packages/mcl_msgs/mcl_msgs_s__rosidl_typesupport_fastrtps_c.so
-- Set non-toolchain portion of runtime path of "/home/yang/proj/ros-prac/learn15/install/mcl_msgs/lib/python3.12/site-packages/mcl_msgs/mcl_msgs_s__rosidl_typesupport_fastrtps_c.so" to ""
-- Installing: /home/yang/proj/ros-prac/learn15/install/mcl_msgs/lib/python3.12/site-packages/mcl_msgs/mcl_msgs_s__rosidl_typesupport_introspection_c.so
-- Set non-toolchain portion of runtime path of "/home/yang/proj/ros-prac/learn15/install/mcl_msgs/lib/python3.12/site-packages/mcl_msgs/mcl_msgs_s__rosidl_typesupport_introspection_c.so" to ""
-- Installing: /home/yang/proj/ros-prac/learn15/install/mcl_msgs/lib/python3.12/site-packages/mcl_msgs/mcl_msgs_s__rosidl_typesupport_c.so
-- Set non-toolchain portion of runtime path of "/home/yang/proj/ros-prac/learn15/install/mcl_msgs/lib/python3.12/site-packages/mcl_msgs/mcl_msgs_s__rosidl_typesupport_c.so" to ""
-- Installing: /home/yang/proj/ros-prac/learn15/install/mcl_msgs/lib/libmcl_msgs__rosidl_generator_py.so
-- Set non-toolchain portion of runtime path of "/home/yang/proj/ros-prac/learn15/install/mcl_msgs/lib/libmcl_msgs__rosidl_generator_py.so" to ""
-- Installing: /home/yang/proj/ros-prac/learn15/install/mcl_msgs/share/ament_index/resource_index/rust_packages/mcl_msgs
-- Installing: /home/yang/proj/ros-prac/learn15/install/mcl_msgs/share/mcl_msgs/rust
-- Installing: /home/yang/proj/ros-prac/learn15/install/mcl_msgs/share/mcl_msgs/rust/Cargo.toml
-- Installing: /home/yang/proj/ros-prac/learn15/install/mcl_msgs/share/mcl_msgs/rust/src
-- Installing: /home/yang/proj/ros-prac/learn15/install/mcl_msgs/share/mcl_msgs/rust/src/msg
-- Installing: /home/yang/proj/ros-prac/learn15/install/mcl_msgs/share/mcl_msgs/rust/src/msg/rmw.rs
-- Installing: /home/yang/proj/ros-prac/learn15/install/mcl_msgs/share/mcl_msgs/rust/src/lib.rs
-- Installing: /home/yang/proj/ros-prac/learn15/install/mcl_msgs/share/mcl_msgs/rust/src/msg.rs
-- Installing: /home/yang/proj/ros-prac/learn15/install/mcl_msgs/share/mcl_msgs/rust/build.rs
-- Installing: /home/yang/proj/ros-prac/learn15/install/mcl_msgs/share/mcl_msgs/msg/Landmark.idl
-- Installing: /home/yang/proj/ros-prac/learn15/install/mcl_msgs/share/mcl_msgs/msg/LandmarkArray.idl
-- Installing: /home/yang/proj/ros-prac/learn15/install/mcl_msgs/share/mcl_msgs/msg/Landmark.msg
-- Installing: /home/yang/proj/ros-prac/learn15/install/mcl_msgs/share/mcl_msgs/msg/LandmarkArray.msg
-- Installing: /home/yang/proj/ros-prac/learn15/install/mcl_msgs/share/ament_index/resource_index/package_run_dependencies/mcl_msgs
-- Installing: /home/yang/proj/ros-prac/learn15/install/mcl_msgs/share/ament_index/resource_index/parent_prefix_path/mcl_msgs
-- Installing: /home/yang/proj/ros-prac/learn15/install/mcl_msgs/share/mcl_msgs/environment/ament_prefix_path.sh
-- Installing: /home/yang/proj/ros-prac/learn15/install/mcl_msgs/share/mcl_msgs/environment/ament_prefix_path.dsv
-- Installing: /home/yang/proj/ros-prac/learn15/install/mcl_msgs/share/mcl_msgs/environment/path.sh
-- Installing: /home/yang/proj/ros-prac/learn15/install/mcl_msgs/share/mcl_msgs/environment/path.dsv
-- Installing: /home/yang/proj/ros-prac/learn15/install/mcl_msgs/share/mcl_msgs/local_setup.bash
-- Installing: /home/yang/proj/ros-prac/learn15/install/mcl_msgs/share/mcl_msgs/local_setup.sh
-- Installing: /home/yang/proj/ros-prac/learn15/install/mcl_msgs/share/mcl_msgs/local_setup.zsh
-- Installing: /home/yang/proj/ros-prac/learn15/install/mcl_msgs/share/mcl_msgs/local_setup.dsv
-- Installing: /home/yang/proj/ros-prac/learn15/install/mcl_msgs/share/mcl_msgs/package.dsv
-- Installing: /home/yang/proj/ros-prac/learn15/install/mcl_msgs/share/ament_index/resource_index/packages/mcl_msgs
-- Installing: /home/yang/proj/ros-prac/learn15/install/mcl_msgs/share/mcl_msgs/cmake/export_mcl_msgs__rosidl_generator_cExport.cmake
-- Installing: /home/yang/proj/ros-prac/learn15/install/mcl_msgs/share/mcl_msgs/cmake/export_mcl_msgs__rosidl_generator_cExport-noconfig.cmake
-- Installing: /home/yang/proj/ros-prac/learn15/install/mcl_msgs/share/mcl_msgs/cmake/export_mcl_msgs__rosidl_typesupport_fastrtps_cExport.cmake
-- Installing: /home/yang/proj/ros-prac/learn15/install/mcl_msgs/share/mcl_msgs/cmake/export_mcl_msgs__rosidl_typesupport_fastrtps_cExport-noconfig.cmake
-- Installing: /home/yang/proj/ros-prac/learn15/install/mcl_msgs/share/mcl_msgs/cmake/mcl_msgs__rosidl_typesupport_introspection_cExport.cmake
-- Installing: /home/yang/proj/ros-prac/learn15/install/mcl_msgs/share/mcl_msgs/cmake/mcl_msgs__rosidl_typesupport_introspection_cExport-noconfig.cmake
-- Installing: /home/yang/proj/ros-prac/learn15/install/mcl_msgs/share/mcl_msgs/cmake/mcl_msgs__rosidl_typesupport_cExport.cmake
-- Installing: /home/yang/proj/ros-prac/learn15/install/mcl_msgs/share/mcl_msgs/cmake/mcl_msgs__rosidl_typesupport_cExport-noconfig.cmake
-- Installing: /home/yang/proj/ros-prac/learn15/install/mcl_msgs/share/mcl_msgs/cmake/export_mcl_msgs__rosidl_generator_cppExport.cmake
-- Installing: /home/yang/proj/ros-prac/learn15/install/mcl_msgs/share/mcl_msgs/cmake/export_mcl_msgs__rosidl_typesupport_fastrtps_cppExport.cmake
-- Installing: /home/yang/proj/ros-prac/learn15/install/mcl_msgs/share/mcl_msgs/cmake/export_mcl_msgs__rosidl_typesupport_fastrtps_cppExport-noconfig.cmake
-- Installing: /home/yang/proj/ros-prac/learn15/install/mcl_msgs/share/mcl_msgs/cmake/mcl_msgs__rosidl_typesupport_introspection_cppExport.cmake
-- Installing: /home/yang/proj/ros-prac/learn15/install/mcl_msgs/share/mcl_msgs/cmake/mcl_msgs__rosidl_typesupport_introspection_cppExport-noconfig.cmake
-- Installing: /home/yang/proj/ros-prac/learn15/install/mcl_msgs/share/mcl_msgs/cmake/mcl_msgs__rosidl_typesupport_cppExport.cmake
-- Installing: /home/yang/proj/ros-prac/learn15/install/mcl_msgs/share/mcl_msgs/cmake/mcl_msgs__rosidl_typesupport_cppExport-noconfig.cmake
-- Installing: /home/yang/proj/ros-prac/learn15/install/mcl_msgs/share/mcl_msgs/cmake/export_mcl_msgs__rosidl_generator_pyExport.cmake
-- Installing: /home/yang/proj/ros-prac/learn15/install/mcl_msgs/share/mcl_msgs/cmake/export_mcl_msgs__rosidl_generator_pyExport-noconfig.cmake
-- Installing: /home/yang/proj/ros-prac/learn15/install/mcl_msgs/share/mcl_msgs/cmake/rosidl_cmake-extras.cmake
-- Installing: /home/yang/proj/ros-prac/learn15/install/mcl_msgs/share/mcl_msgs/cmake/ament_cmake_export_dependencies-extras.cmake
-- Installing: /home/yang/proj/ros-prac/learn15/install/mcl_msgs/share/mcl_msgs/cmake/ament_cmake_export_include_directories-extras.cmake
-- Installing: /home/yang/proj/ros-prac/learn15/install/mcl_msgs/share/mcl_msgs/cmake/ament_cmake_export_libraries-extras.cmake
-- Installing: /home/yang/proj/ros-prac/learn15/install/mcl_msgs/share/mcl_msgs/cmake/ament_cmake_export_targets-extras.cmake
-- Installing: /home/yang/proj/ros-prac/learn15/install/mcl_msgs/share/mcl_msgs/cmake/rosidl_cmake_export_typesupport_targets-extras.cmake
-- Installing: /home/yang/proj/ros-prac/learn15/install/mcl_msgs/share/mcl_msgs/cmake/rosidl_cmake_export_typesupport_libraries-extras.cmake
-- Installing: /home/yang/proj/ros-prac/learn15/install/mcl_msgs/share/mcl_msgs/cmake/mcl_msgsConfig.cmake
-- Installing: /home/yang/proj/ros-prac/learn15/install/mcl_msgs/share/mcl_msgs/cmake/mcl_msgsConfig-version.cmake
-- Installing: /home/yang/proj/ros-prac/learn15/install/mcl_msgs/share/mcl_msgs/package.xml
