[0.005s] Invoking command in '/home/yang/proj/ros-prac/learn15/build/mcl_msgs': CMAKE_PREFIX_PATH=${CMAKE_PREFIX_PATH}:/opt/ros/jazzy DEBUGINFOD_URLS=https://debuginfod.ubuntu.com /usr/bin/cmake /home/yang/proj/ros-prac/learn15/src/mcl_msgs -DCMAKE_INSTALL_PREFIX=/home/yang/proj/ros-prac/learn15/install/mcl_msgs
[0.033s] -- The C compiler identification is GNU 13.3.0
[0.061s] -- The CXX compiler identification is GNU 13.3.0
[0.069s] -- Detecting C compiler ABI info
[0.109s] -- Detecting C compiler ABI info - done
[0.114s] -- Check for working C compiler: /usr/bin/cc - skipped
[0.114s] -- Detecting C compile features
[0.114s] -- Detecting C compile features - done
[0.118s] -- Detecting CXX compiler ABI info
[0.157s] -- Detecting CXX compiler ABI info - done
[0.161s] -- Check for working CXX compiler: /usr/bin/c++ - skipped
[0.161s] -- Detecting CXX compile features
[0.161s] -- Detecting CXX compile features - done
[0.162s] -- Found ament_cmake: 2.5.6 (/opt/ros/jazzy/share/ament_cmake/cmake)
[0.225s] -- Found Python3: /usr/bin/python3 (found version "3.12.3") found components: Interpreter 
[0.273s] -- Found rosidl_default_generators: 1.6.0 (/opt/ros/jazzy/share/rosidl_default_generators/cmake)
[0.276s] -- Using all available rosidl_typesupport_c: rosidl_typesupport_fastrtps_c;rosidl_typesupport_introspection_c
[0.301s] -- Using all available rosidl_typesupport_cpp: rosidl_typesupport_fastrtps_cpp;rosidl_typesupport_introspection_cpp
[0.323s] -- Found rosidl_adapter: 4.6.7 (/opt/ros/jazzy/share/rosidl_adapter/cmake)
[0.325s] -- Found std_msgs: 5.3.7 (/opt/ros/jazzy/share/std_msgs/cmake)
[0.590s] -- Found ament_cmake_ros: 0.12.0 (/opt/ros/jazzy/share/ament_cmake_ros/cmake)
[0.784s] -- Using all available rosidl_typesupport_c: rosidl_typesupport_fastrtps_c;rosidl_typesupport_introspection_c
[1.039s] -- Using all available rosidl_typesupport_cpp: rosidl_typesupport_fastrtps_cpp;rosidl_typesupport_introspection_cpp
[1.041s] -- Found python_cmake_module: 0.11.1 (/opt/ros/jazzy/share/python_cmake_module/cmake)
[1.097s] -- Found PythonExtra: /usr/bin/python3  
[1.282s] -- Found Python3: /usr/bin/python3 (found version "3.12.3") found components: Interpreter Development NumPy Development.Module Development.Embed 
[1.318s] -- Found Python3: /usr/bin/python3 (found version "3.12.3") found components: Interpreter 
[1.321s] -- Configuring done (1.3s)
[1.334s] -- Generating done (0.0s)
[1.338s] -- Build files have been written to: /home/yang/proj/ros-prac/learn15/build/mcl_msgs
[1.342s] Invoked command in '/home/yang/proj/ros-prac/learn15/build/mcl_msgs' returned '0': CMAKE_PREFIX_PATH=${CMAKE_PREFIX_PATH}:/opt/ros/jazzy DEBUGINFOD_URLS=https://debuginfod.ubuntu.com /usr/bin/cmake /home/yang/proj/ros-prac/learn15/src/mcl_msgs -DCMAKE_INSTALL_PREFIX=/home/yang/proj/ros-prac/learn15/install/mcl_msgs
[1.343s] Invoking command in '/home/yang/proj/ros-prac/learn15/build/mcl_msgs': CMAKE_PREFIX_PATH=${CMAKE_PREFIX_PATH}:/opt/ros/jazzy DEBUGINFOD_URLS=https://debuginfod.ubuntu.com /usr/bin/cmake --build /home/yang/proj/ros-prac/learn15/build/mcl_msgs -- -j12 -l12
[1.363s] [  2%] [34m[1mGenerating type hashes for ROS interfaces[0m
[1.363s] [  4%] [34m[1mGenerating Rust code for ROS interfaces[0m
[1.365s] [  4%] Built target ament_cmake_python_copy_mcl_msgs
[1.446s] running egg_info
[1.446s] creating mcl_msgs.egg-info
[1.452s] [  4%] Built target mcl_msgs__rosidl_generator_type_description
[1.452s] writing mcl_msgs.egg-info/PKG-INFO
[1.453s] writing dependency_links to mcl_msgs.egg-info/dependency_links.txt
[1.453s] writing top-level names to mcl_msgs.egg-info/top_level.txt
[1.453s] writing manifest file 'mcl_msgs.egg-info/SOURCES.txt'
[1.455s] [  4%] Built target mcl_msgs__rs
[1.455s] [  6%] [34m[1mGenerating C code for ROS interfaces[0m
[1.459s] [  8%] [34m[1mGenerating C++ code for ROS interfaces[0m
[1.471s] reading manifest file 'mcl_msgs.egg-info/SOURCES.txt'
[1.471s] writing manifest file 'mcl_msgs.egg-info/SOURCES.txt'
[1.486s] [  8%] Built target ament_cmake_python_build_mcl_msgs_egg
[1.567s] [  8%] Built target mcl_msgs__cpp
[1.584s] [ 13%] [32mBuilding C object CMakeFiles/mcl_msgs__rosidl_generator_c.dir/rosidl_generator_c/mcl_msgs/msg/detail/landmark__description.c.o[0m
[1.584s] [ 13%] [32mBuilding C object CMakeFiles/mcl_msgs__rosidl_generator_c.dir/rosidl_generator_c/mcl_msgs/msg/detail/landmark__functions.c.o[0m
[1.584s] [ 15%] [32mBuilding C object CMakeFiles/mcl_msgs__rosidl_generator_c.dir/rosidl_generator_c/mcl_msgs/msg/detail/landmark__type_support.c.o[0m
[1.584s] [ 17%] [32mBuilding C object CMakeFiles/mcl_msgs__rosidl_generator_c.dir/rosidl_generator_c/mcl_msgs/msg/detail/landmark_array__description.c.o[0m
[1.584s] [ 20%] [32mBuilding C object CMakeFiles/mcl_msgs__rosidl_generator_c.dir/rosidl_generator_c/mcl_msgs/msg/detail/landmark_array__functions.c.o[0m
[1.585s] [ 22%] [32mBuilding C object CMakeFiles/mcl_msgs__rosidl_generator_c.dir/rosidl_generator_c/mcl_msgs/msg/detail/landmark_array__type_support.c.o[0m
[1.605s] [ 24%] [32m[1mLinking C shared library libmcl_msgs__rosidl_generator_c.so[0m
[1.620s] [ 24%] Built target mcl_msgs__rosidl_generator_c
[1.624s] [ 31%] [34m[1mGenerating C++ introspection for ROS interfaces[0m
[1.624s] [ 26%] [34m[1mGenerating C++ type support dispatch for ROS interfaces[0m
[1.624s] [ 31%] [34m[1mGenerating C type support for eProsima Fast-RTPS[0m
[1.624s] [ 35%] [34m[1mGenerating C++ type support for eProsima Fast-RTPS[0m
[1.624s] [ 35%] [34m[1mGenerating C introspection for ROS interfaces[0m
[1.624s] [ 37%] [34m[1mGenerating C type support dispatch for ROS interfaces[0m
[1.730s] [ 40%] [32mBuilding CXX object CMakeFiles/mcl_msgs__rosidl_typesupport_cpp.dir/rosidl_typesupport_cpp/mcl_msgs/msg/landmark_array__type_support.cpp.o[0m
[1.730s] [ 44%] [32mBuilding CXX object CMakeFiles/mcl_msgs__rosidl_typesupport_cpp.dir/rosidl_typesupport_cpp/mcl_msgs/msg/landmark__type_support.cpp.o[0m
[1.730s] [ 44%] [32mBuilding CXX object CMakeFiles/mcl_msgs__rosidl_typesupport_c.dir/rosidl_typesupport_c/mcl_msgs/msg/landmark_array__type_support.cpp.o[0m
[1.730s] [ 46%] [32mBuilding CXX object CMakeFiles/mcl_msgs__rosidl_typesupport_c.dir/rosidl_typesupport_c/mcl_msgs/msg/landmark__type_support.cpp.o[0m
[1.737s] [ 48%] [32mBuilding CXX object CMakeFiles/mcl_msgs__rosidl_typesupport_introspection_cpp.dir/rosidl_typesupport_introspection_cpp/mcl_msgs/msg/detail/landmark_array__type_support.cpp.o[0m
[1.737s] [ 51%] [32mBuilding CXX object CMakeFiles/mcl_msgs__rosidl_typesupport_introspection_cpp.dir/rosidl_typesupport_introspection_cpp/mcl_msgs/msg/detail/landmark__type_support.cpp.o[0m
[1.738s] [ 53%] [32mBuilding C object CMakeFiles/mcl_msgs__rosidl_typesupport_introspection_c.dir/rosidl_typesupport_introspection_c/mcl_msgs/msg/detail/landmark__type_support.c.o[0m
[1.738s] [ 55%] [32mBuilding C object CMakeFiles/mcl_msgs__rosidl_typesupport_introspection_c.dir/rosidl_typesupport_introspection_c/mcl_msgs/msg/detail/landmark_array__type_support.c.o[0m
[1.755s] [ 57%] [32mBuilding CXX object CMakeFiles/mcl_msgs__rosidl_typesupport_fastrtps_cpp.dir/rosidl_typesupport_fastrtps_cpp/mcl_msgs/msg/detail/dds_fastrtps/landmark_array__type_support.cpp.o[0m
[1.755s] [ 60%] [32mBuilding CXX object CMakeFiles/mcl_msgs__rosidl_typesupport_fastrtps_cpp.dir/rosidl_typesupport_fastrtps_cpp/mcl_msgs/msg/detail/dds_fastrtps/landmark__type_support.cpp.o[0m
[1.760s] [ 66%] [32m[1mLinking CXX shared library libmcl_msgs__rosidl_typesupport_c.so[0m
[1.760s] [ 66%] [32mBuilding CXX object CMakeFiles/mcl_msgs__rosidl_typesupport_fastrtps_c.dir/rosidl_typesupport_fastrtps_c/mcl_msgs/msg/detail/landmark__type_support_c.cpp.o[0m
[1.760s] [ 66%] [32mBuilding CXX object CMakeFiles/mcl_msgs__rosidl_typesupport_fastrtps_c.dir/rosidl_typesupport_fastrtps_c/mcl_msgs/msg/detail/landmark_array__type_support_c.cpp.o[0m
[1.762s] [ 68%] [32m[1mLinking C shared library libmcl_msgs__rosidl_typesupport_introspection_c.so[0m
[1.783s] [ 68%] Built target mcl_msgs__rosidl_typesupport_introspection_c
[1.788s] [ 68%] Built target mcl_msgs__rosidl_typesupport_c
[1.869s] [ 71%] [32m[1mLinking CXX shared library libmcl_msgs__rosidl_typesupport_cpp.so[0m
[1.888s] [ 71%] Built target mcl_msgs__rosidl_typesupport_cpp
[1.916s] [ 73%] [32m[1mLinking CXX shared library libmcl_msgs__rosidl_typesupport_introspection_cpp.so[0m
[1.948s] [ 73%] Built target mcl_msgs__rosidl_typesupport_introspection_cpp
[1.974s] [ 75%] [32m[1mLinking CXX shared library libmcl_msgs__rosidl_typesupport_fastrtps_cpp.so[0m
[1.975s] [ 77%] [32m[1mLinking CXX shared library libmcl_msgs__rosidl_typesupport_fastrtps_c.so[0m
[1.996s] [ 77%] Built target mcl_msgs__rosidl_typesupport_fastrtps_c
[2.003s] [ 77%] Built target mcl_msgs__rosidl_typesupport_fastrtps_cpp
[2.010s] [ 77%] Built target mcl_msgs
[2.017s] [ 80%] [34m[1mGenerating Python code for ROS interfaces[0m
[2.146s] [ 80%] Built target mcl_msgs__py
[2.153s] [ 84%] [32mBuilding C object CMakeFiles/mcl_msgs__rosidl_generator_py.dir/rosidl_generator_py/mcl_msgs/msg/_landmark_s.c.o[0m
[2.153s] [ 84%] [32mBuilding C object CMakeFiles/mcl_msgs__rosidl_generator_py.dir/rosidl_generator_py/mcl_msgs/msg/_landmark_array_s.c.o[0m
[2.201s] [ 86%] [32m[1mLinking C shared library libmcl_msgs__rosidl_generator_py.so[0m
[2.217s] [ 86%] Built target mcl_msgs__rosidl_generator_py
[2.224s] [ 88%] [32mBuilding C object CMakeFiles/mcl_msgs_s__rosidl_typesupport_fastrtps_c.dir/rosidl_generator_py/mcl_msgs/_mcl_msgs_s.ep.rosidl_typesupport_fastrtps_c.c.o[0m
[2.224s] [ 91%] [32mBuilding C object CMakeFiles/mcl_msgs_s__rosidl_typesupport_c.dir/rosidl_generator_py/mcl_msgs/_mcl_msgs_s.ep.rosidl_typesupport_c.c.o[0m
[2.224s] [ 93%] [32mBuilding C object CMakeFiles/mcl_msgs_s__rosidl_typesupport_introspection_c.dir/rosidl_generator_py/mcl_msgs/_mcl_msgs_s.ep.rosidl_typesupport_introspection_c.c.o[0m
[2.265s] [100%] [32m[1mLinking C shared module rosidl_generator_py/mcl_msgs/mcl_msgs_s__rosidl_typesupport_introspection_c.so[0m
[2.265s] [100%] [32m[1mLinking C shared module rosidl_generator_py/mcl_msgs/mcl_msgs_s__rosidl_typesupport_c.so[0m
[2.265s] [100%] [32m[1mLinking C shared module rosidl_generator_py/mcl_msgs/mcl_msgs_s__rosidl_typesupport_fastrtps_c.so[0m
[2.276s] [100%] Built target mcl_msgs_s__rosidl_typesupport_c
[2.276s] [100%] Built target mcl_msgs_s__rosidl_typesupport_fastrtps_c
[2.276s] [100%] Built target mcl_msgs_s__rosidl_typesupport_introspection_c
[2.280s] Invoked command in '/home/yang/proj/ros-prac/learn15/build/mcl_msgs' returned '0': CMAKE_PREFIX_PATH=${CMAKE_PREFIX_PATH}:/opt/ros/jazzy DEBUGINFOD_URLS=https://debuginfod.ubuntu.com /usr/bin/cmake --build /home/yang/proj/ros-prac/learn15/build/mcl_msgs -- -j12 -l12
[2.284s] Invoking command in '/home/yang/proj/ros-prac/learn15/build/mcl_msgs': CMAKE_PREFIX_PATH=${CMAKE_PREFIX_PATH}:/opt/ros/jazzy DEBUGINFOD_URLS=https://debuginfod.ubuntu.com /usr/bin/cmake --install /home/yang/proj/ros-prac/learn15/build/mcl_msgs
[2.287s] -- Install configuration: ""
[2.287s] -- Installing: /home/yang/proj/ros-prac/learn15/install/mcl_msgs/share/ament_index/resource_index/rosidl_interfaces/mcl_msgs
[2.287s] -- Installing: /home/yang/proj/ros-prac/learn15/install/mcl_msgs/share/mcl_msgs/msg/Landmark.json
[2.287s] -- Installing: /home/yang/proj/ros-prac/learn15/install/mcl_msgs/share/mcl_msgs/msg/LandmarkArray.json
[2.287s] -- Installing: /home/yang/proj/ros-prac/learn15/install/mcl_msgs/include/mcl_msgs/mcl_msgs
[2.287s] -- Installing: /home/yang/proj/ros-prac/learn15/install/mcl_msgs/include/mcl_msgs/mcl_msgs/msg
[2.287s] -- Installing: /home/yang/proj/ros-prac/learn15/install/mcl_msgs/include/mcl_msgs/mcl_msgs/msg/landmark_array.h
[2.287s] -- Installing: /home/yang/proj/ros-prac/learn15/install/mcl_msgs/include/mcl_msgs/mcl_msgs/msg/landmark.h
[2.287s] -- Installing: /home/yang/proj/ros-prac/learn15/install/mcl_msgs/include/mcl_msgs/mcl_msgs/msg/rosidl_generator_c__visibility_control.h
[2.287s] -- Installing: /home/yang/proj/ros-prac/learn15/install/mcl_msgs/include/mcl_msgs/mcl_msgs/msg/detail
[2.287s] -- Installing: /home/yang/proj/ros-prac/learn15/install/mcl_msgs/include/mcl_msgs/mcl_msgs/msg/detail/landmark__functions.h
[2.288s] -- Installing: /home/yang/proj/ros-prac/learn15/install/mcl_msgs/include/mcl_msgs/mcl_msgs/msg/detail/landmark_array__struct.h
[2.288s] -- Installing: /home/yang/proj/ros-prac/learn15/install/mcl_msgs/include/mcl_msgs/mcl_msgs/msg/detail/landmark_array__functions.h
[2.288s] -- Installing: /home/yang/proj/ros-prac/learn15/install/mcl_msgs/include/mcl_msgs/mcl_msgs/msg/detail/landmark_array__functions.c
[2.288s] -- Installing: /home/yang/proj/ros-prac/learn15/install/mcl_msgs/include/mcl_msgs/mcl_msgs/msg/detail/landmark_array__type_support.h
[2.288s] -- Installing: /home/yang/proj/ros-prac/learn15/install/mcl_msgs/include/mcl_msgs/mcl_msgs/msg/detail/landmark_array__description.c
[2.288s] -- Installing: /home/yang/proj/ros-prac/learn15/install/mcl_msgs/include/mcl_msgs/mcl_msgs/msg/detail/landmark_array__type_support.c
[2.288s] -- Installing: /home/yang/proj/ros-prac/learn15/install/mcl_msgs/include/mcl_msgs/mcl_msgs/msg/detail/landmark__type_support.h
[2.288s] -- Installing: /home/yang/proj/ros-prac/learn15/install/mcl_msgs/include/mcl_msgs/mcl_msgs/msg/detail/landmark__struct.h
[2.288s] -- Installing: /home/yang/proj/ros-prac/learn15/install/mcl_msgs/include/mcl_msgs/mcl_msgs/msg/detail/landmark__type_support.c
[2.288s] -- Installing: /home/yang/proj/ros-prac/learn15/install/mcl_msgs/include/mcl_msgs/mcl_msgs/msg/detail/landmark__functions.c
[2.288s] -- Installing: /home/yang/proj/ros-prac/learn15/install/mcl_msgs/include/mcl_msgs/mcl_msgs/msg/detail/landmark__description.c
[2.288s] -- Installing: /home/yang/proj/ros-prac/learn15/install/mcl_msgs/share/mcl_msgs/environment/library_path.sh
[2.288s] -- Installing: /home/yang/proj/ros-prac/learn15/install/mcl_msgs/share/mcl_msgs/environment/library_path.dsv
[2.288s] -- Installing: /home/yang/proj/ros-prac/learn15/install/mcl_msgs/lib/libmcl_msgs__rosidl_generator_c.so
[2.288s] -- Set non-toolchain portion of runtime path of "/home/yang/proj/ros-prac/learn15/install/mcl_msgs/lib/libmcl_msgs__rosidl_generator_c.so" to ""
[2.288s] -- Up-to-date: /home/yang/proj/ros-prac/learn15/install/mcl_msgs/include/mcl_msgs/mcl_msgs
[2.288s] -- Up-to-date: /home/yang/proj/ros-prac/learn15/install/mcl_msgs/include/mcl_msgs/mcl_msgs/msg
[2.288s] -- Installing: /home/yang/proj/ros-prac/learn15/install/mcl_msgs/include/mcl_msgs/mcl_msgs/msg/rosidl_typesupport_fastrtps_c__visibility_control.h
[2.288s] -- Up-to-date: /home/yang/proj/ros-prac/learn15/install/mcl_msgs/include/mcl_msgs/mcl_msgs/msg/detail
[2.288s] -- Installing: /home/yang/proj/ros-prac/learn15/install/mcl_msgs/include/mcl_msgs/mcl_msgs/msg/detail/landmark_array__rosidl_typesupport_fastrtps_c.h
[2.288s] -- Installing: /home/yang/proj/ros-prac/learn15/install/mcl_msgs/include/mcl_msgs/mcl_msgs/msg/detail/landmark__rosidl_typesupport_fastrtps_c.h
[2.288s] -- Installing: /home/yang/proj/ros-prac/learn15/install/mcl_msgs/lib/libmcl_msgs__rosidl_typesupport_fastrtps_c.so
[2.288s] -- Set non-toolchain portion of runtime path of "/home/yang/proj/ros-prac/learn15/install/mcl_msgs/lib/libmcl_msgs__rosidl_typesupport_fastrtps_c.so" to ""
[2.288s] -- Up-to-date: /home/yang/proj/ros-prac/learn15/install/mcl_msgs/include/mcl_msgs/mcl_msgs
[2.288s] -- Up-to-date: /home/yang/proj/ros-prac/learn15/install/mcl_msgs/include/mcl_msgs/mcl_msgs/msg
[2.288s] -- Up-to-date: /home/yang/proj/ros-prac/learn15/install/mcl_msgs/include/mcl_msgs/mcl_msgs/msg/detail
[2.288s] -- Up-to-date: /home/yang/proj/ros-prac/learn15/install/mcl_msgs/include/mcl_msgs/mcl_msgs/msg/detail/landmark_array__type_support.c
[2.288s] -- Installing: /home/yang/proj/ros-prac/learn15/install/mcl_msgs/include/mcl_msgs/mcl_msgs/msg/detail/landmark__rosidl_typesupport_introspection_c.h
[2.288s] -- Up-to-date: /home/yang/proj/ros-prac/learn15/install/mcl_msgs/include/mcl_msgs/mcl_msgs/msg/detail/landmark__type_support.c
[2.289s] -- Installing: /home/yang/proj/ros-prac/learn15/install/mcl_msgs/include/mcl_msgs/mcl_msgs/msg/detail/landmark_array__rosidl_typesupport_introspection_c.h
[2.289s] -- Installing: /home/yang/proj/ros-prac/learn15/install/mcl_msgs/include/mcl_msgs/mcl_msgs/msg/rosidl_typesupport_introspection_c__visibility_control.h
[2.289s] -- Installing: /home/yang/proj/ros-prac/learn15/install/mcl_msgs/lib/libmcl_msgs__rosidl_typesupport_introspection_c.so
[2.289s] -- Set non-toolchain portion of runtime path of "/home/yang/proj/ros-prac/learn15/install/mcl_msgs/lib/libmcl_msgs__rosidl_typesupport_introspection_c.so" to ""
[2.289s] -- Installing: /home/yang/proj/ros-prac/learn15/install/mcl_msgs/lib/libmcl_msgs__rosidl_typesupport_c.so
[2.289s] -- Set non-toolchain portion of runtime path of "/home/yang/proj/ros-prac/learn15/install/mcl_msgs/lib/libmcl_msgs__rosidl_typesupport_c.so" to ""
[2.289s] -- Up-to-date: /home/yang/proj/ros-prac/learn15/install/mcl_msgs/include/mcl_msgs/mcl_msgs
[2.289s] -- Up-to-date: /home/yang/proj/ros-prac/learn15/install/mcl_msgs/include/mcl_msgs/mcl_msgs/msg
[2.289s] -- Installing: /home/yang/proj/ros-prac/learn15/install/mcl_msgs/include/mcl_msgs/mcl_msgs/msg/landmark.hpp
[2.289s] -- Installing: /home/yang/proj/ros-prac/learn15/install/mcl_msgs/include/mcl_msgs/mcl_msgs/msg/rosidl_generator_cpp__visibility_control.hpp
[2.289s] -- Installing: /home/yang/proj/ros-prac/learn15/install/mcl_msgs/include/mcl_msgs/mcl_msgs/msg/landmark_array.hpp
[2.289s] -- Up-to-date: /home/yang/proj/ros-prac/learn15/install/mcl_msgs/include/mcl_msgs/mcl_msgs/msg/detail
[2.289s] -- Installing: /home/yang/proj/ros-prac/learn15/install/mcl_msgs/include/mcl_msgs/mcl_msgs/msg/detail/landmark_array__builder.hpp
[2.289s] -- Installing: /home/yang/proj/ros-prac/learn15/install/mcl_msgs/include/mcl_msgs/mcl_msgs/msg/detail/landmark__struct.hpp
[2.289s] -- Installing: /home/yang/proj/ros-prac/learn15/install/mcl_msgs/include/mcl_msgs/mcl_msgs/msg/detail/landmark_array__struct.hpp
[2.289s] -- Installing: /home/yang/proj/ros-prac/learn15/install/mcl_msgs/include/mcl_msgs/mcl_msgs/msg/detail/landmark__type_support.hpp
[2.289s] -- Installing: /home/yang/proj/ros-prac/learn15/install/mcl_msgs/include/mcl_msgs/mcl_msgs/msg/detail/landmark__builder.hpp
[2.289s] -- Installing: /home/yang/proj/ros-prac/learn15/install/mcl_msgs/include/mcl_msgs/mcl_msgs/msg/detail/landmark_array__traits.hpp
[2.289s] -- Installing: /home/yang/proj/ros-prac/learn15/install/mcl_msgs/include/mcl_msgs/mcl_msgs/msg/detail/landmark_array__type_support.hpp
[2.289s] -- Installing: /home/yang/proj/ros-prac/learn15/install/mcl_msgs/include/mcl_msgs/mcl_msgs/msg/detail/landmark__traits.hpp
[2.289s] -- Up-to-date: /home/yang/proj/ros-prac/learn15/install/mcl_msgs/include/mcl_msgs/mcl_msgs
[2.289s] -- Up-to-date: /home/yang/proj/ros-prac/learn15/install/mcl_msgs/include/mcl_msgs/mcl_msgs/msg
[2.289s] -- Installing: /home/yang/proj/ros-prac/learn15/install/mcl_msgs/include/mcl_msgs/mcl_msgs/msg/rosidl_typesupport_fastrtps_cpp__visibility_control.h
[2.289s] -- Up-to-date: /home/yang/proj/ros-prac/learn15/install/mcl_msgs/include/mcl_msgs/mcl_msgs/msg/detail
[2.289s] -- Installing: /home/yang/proj/ros-prac/learn15/install/mcl_msgs/include/mcl_msgs/mcl_msgs/msg/detail/dds_fastrtps
[2.289s] -- Installing: /home/yang/proj/ros-prac/learn15/install/mcl_msgs/include/mcl_msgs/mcl_msgs/msg/detail/landmark_array__rosidl_typesupport_fastrtps_cpp.hpp
[2.289s] -- Installing: /home/yang/proj/ros-prac/learn15/install/mcl_msgs/include/mcl_msgs/mcl_msgs/msg/detail/landmark__rosidl_typesupport_fastrtps_cpp.hpp
[2.289s] -- Installing: /home/yang/proj/ros-prac/learn15/install/mcl_msgs/lib/libmcl_msgs__rosidl_typesupport_fastrtps_cpp.so
[2.289s] -- Set non-toolchain portion of runtime path of "/home/yang/proj/ros-prac/learn15/install/mcl_msgs/lib/libmcl_msgs__rosidl_typesupport_fastrtps_cpp.so" to ""
[2.289s] -- Up-to-date: /home/yang/proj/ros-prac/learn15/install/mcl_msgs/include/mcl_msgs/mcl_msgs
[2.289s] -- Up-to-date: /home/yang/proj/ros-prac/learn15/install/mcl_msgs/include/mcl_msgs/mcl_msgs/msg
[2.290s] -- Up-to-date: /home/yang/proj/ros-prac/learn15/install/mcl_msgs/include/mcl_msgs/mcl_msgs/msg/detail
[2.290s] -- Installing: /home/yang/proj/ros-prac/learn15/install/mcl_msgs/include/mcl_msgs/mcl_msgs/msg/detail/landmark_array__rosidl_typesupport_introspection_cpp.hpp
[2.290s] -- Installing: /home/yang/proj/ros-prac/learn15/install/mcl_msgs/include/mcl_msgs/mcl_msgs/msg/detail/landmark_array__type_support.cpp
[2.290s] -- Installing: /home/yang/proj/ros-prac/learn15/install/mcl_msgs/include/mcl_msgs/mcl_msgs/msg/detail/landmark__type_support.cpp
[2.290s] -- Installing: /home/yang/proj/ros-prac/learn15/install/mcl_msgs/include/mcl_msgs/mcl_msgs/msg/detail/landmark__rosidl_typesupport_introspection_cpp.hpp
[2.290s] -- Installing: /home/yang/proj/ros-prac/learn15/install/mcl_msgs/lib/libmcl_msgs__rosidl_typesupport_introspection_cpp.so
[2.290s] -- Set non-toolchain portion of runtime path of "/home/yang/proj/ros-prac/learn15/install/mcl_msgs/lib/libmcl_msgs__rosidl_typesupport_introspection_cpp.so" to ""
[2.290s] -- Installing: /home/yang/proj/ros-prac/learn15/install/mcl_msgs/lib/libmcl_msgs__rosidl_typesupport_cpp.so
[2.290s] -- Set non-toolchain portion of runtime path of "/home/yang/proj/ros-prac/learn15/install/mcl_msgs/lib/libmcl_msgs__rosidl_typesupport_cpp.so" to ""
[2.290s] -- Installing: /home/yang/proj/ros-prac/learn15/install/mcl_msgs/share/mcl_msgs/environment/pythonpath.sh
[2.290s] -- Installing: /home/yang/proj/ros-prac/learn15/install/mcl_msgs/share/mcl_msgs/environment/pythonpath.dsv
[2.290s] -- Installing: /home/yang/proj/ros-prac/learn15/install/mcl_msgs/lib/python3.12/site-packages/mcl_msgs-0.0.0-py3.12.egg-info
[2.290s] -- Installing: /home/yang/proj/ros-prac/learn15/install/mcl_msgs/lib/python3.12/site-packages/mcl_msgs-0.0.0-py3.12.egg-info/top_level.txt
[2.290s] -- Installing: /home/yang/proj/ros-prac/learn15/install/mcl_msgs/lib/python3.12/site-packages/mcl_msgs-0.0.0-py3.12.egg-info/PKG-INFO
[2.290s] -- Installing: /home/yang/proj/ros-prac/learn15/install/mcl_msgs/lib/python3.12/site-packages/mcl_msgs-0.0.0-py3.12.egg-info/dependency_links.txt
[2.290s] -- Installing: /home/yang/proj/ros-prac/learn15/install/mcl_msgs/lib/python3.12/site-packages/mcl_msgs-0.0.0-py3.12.egg-info/SOURCES.txt
[2.290s] -- Installing: /home/yang/proj/ros-prac/learn15/install/mcl_msgs/lib/python3.12/site-packages/mcl_msgs
[2.290s] -- Installing: /home/yang/proj/ros-prac/learn15/install/mcl_msgs/lib/python3.12/site-packages/mcl_msgs/_mcl_msgs_s.ep.rosidl_typesupport_fastrtps_c.c
[2.290s] -- Installing: /home/yang/proj/ros-prac/learn15/install/mcl_msgs/lib/python3.12/site-packages/mcl_msgs/msg
[2.290s] -- Installing: /home/yang/proj/ros-prac/learn15/install/mcl_msgs/lib/python3.12/site-packages/mcl_msgs/msg/_landmark_array_s.c
[2.290s] -- Installing: /home/yang/proj/ros-prac/learn15/install/mcl_msgs/lib/python3.12/site-packages/mcl_msgs/msg/_landmark.py
[2.290s] -- Installing: /home/yang/proj/ros-prac/learn15/install/mcl_msgs/lib/python3.12/site-packages/mcl_msgs/msg/_landmark_s.c
[2.290s] -- Installing: /home/yang/proj/ros-prac/learn15/install/mcl_msgs/lib/python3.12/site-packages/mcl_msgs/msg/_landmark_array.py
[2.290s] -- Installing: /home/yang/proj/ros-prac/learn15/install/mcl_msgs/lib/python3.12/site-packages/mcl_msgs/msg/__init__.py
[2.290s] -- Installing: /home/yang/proj/ros-prac/learn15/install/mcl_msgs/lib/python3.12/site-packages/mcl_msgs/mcl_msgs_s__rosidl_typesupport_fastrtps_c.so
[2.290s] -- Installing: /home/yang/proj/ros-prac/learn15/install/mcl_msgs/lib/python3.12/site-packages/mcl_msgs/mcl_msgs_s__rosidl_typesupport_c.so
[2.290s] -- Installing: /home/yang/proj/ros-prac/learn15/install/mcl_msgs/lib/python3.12/site-packages/mcl_msgs/_mcl_msgs_s.ep.rosidl_typesupport_introspection_c.c
[2.290s] -- Installing: /home/yang/proj/ros-prac/learn15/install/mcl_msgs/lib/python3.12/site-packages/mcl_msgs/_mcl_msgs_s.ep.rosidl_typesupport_c.c
[2.290s] -- Installing: /home/yang/proj/ros-prac/learn15/install/mcl_msgs/lib/python3.12/site-packages/mcl_msgs/__init__.py
[2.290s] -- Installing: /home/yang/proj/ros-prac/learn15/install/mcl_msgs/lib/python3.12/site-packages/mcl_msgs/mcl_msgs_s__rosidl_typesupport_introspection_c.so
[2.307s] Listing '/home/yang/proj/ros-prac/learn15/install/mcl_msgs/lib/python3.12/site-packages/mcl_msgs'...
[2.307s] Compiling '/home/yang/proj/ros-prac/learn15/install/mcl_msgs/lib/python3.12/site-packages/mcl_msgs/__init__.py'...
[2.307s] Listing '/home/yang/proj/ros-prac/learn15/install/mcl_msgs/lib/python3.12/site-packages/mcl_msgs/msg'...
[2.307s] Compiling '/home/yang/proj/ros-prac/learn15/install/mcl_msgs/lib/python3.12/site-packages/mcl_msgs/msg/__init__.py'...
[2.307s] Compiling '/home/yang/proj/ros-prac/learn15/install/mcl_msgs/lib/python3.12/site-packages/mcl_msgs/msg/_landmark.py'...
[2.307s] Compiling '/home/yang/proj/ros-prac/learn15/install/mcl_msgs/lib/python3.12/site-packages/mcl_msgs/msg/_landmark_array.py'...
[2.310s] -- Installing: /home/yang/proj/ros-prac/learn15/install/mcl_msgs/lib/python3.12/site-packages/mcl_msgs/mcl_msgs_s__rosidl_typesupport_fastrtps_c.so
[2.310s] -- Set non-toolchain portion of runtime path of "/home/yang/proj/ros-prac/learn15/install/mcl_msgs/lib/python3.12/site-packages/mcl_msgs/mcl_msgs_s__rosidl_typesupport_fastrtps_c.so" to ""
[2.310s] -- Installing: /home/yang/proj/ros-prac/learn15/install/mcl_msgs/lib/python3.12/site-packages/mcl_msgs/mcl_msgs_s__rosidl_typesupport_introspection_c.so
[2.310s] -- Set non-toolchain portion of runtime path of "/home/yang/proj/ros-prac/learn15/install/mcl_msgs/lib/python3.12/site-packages/mcl_msgs/mcl_msgs_s__rosidl_typesupport_introspection_c.so" to ""
[2.310s] -- Installing: /home/yang/proj/ros-prac/learn15/install/mcl_msgs/lib/python3.12/site-packages/mcl_msgs/mcl_msgs_s__rosidl_typesupport_c.so
[2.310s] -- Set non-toolchain portion of runtime path of "/home/yang/proj/ros-prac/learn15/install/mcl_msgs/lib/python3.12/site-packages/mcl_msgs/mcl_msgs_s__rosidl_typesupport_c.so" to ""
[2.310s] -- Installing: /home/yang/proj/ros-prac/learn15/install/mcl_msgs/lib/libmcl_msgs__rosidl_generator_py.so
[2.310s] -- Set non-toolchain portion of runtime path of "/home/yang/proj/ros-prac/learn15/install/mcl_msgs/lib/libmcl_msgs__rosidl_generator_py.so" to ""
[2.310s] -- Installing: /home/yang/proj/ros-prac/learn15/install/mcl_msgs/share/ament_index/resource_index/rust_packages/mcl_msgs
[2.310s] -- Installing: /home/yang/proj/ros-prac/learn15/install/mcl_msgs/share/mcl_msgs/rust
[2.310s] -- Installing: /home/yang/proj/ros-prac/learn15/install/mcl_msgs/share/mcl_msgs/rust/Cargo.toml
[2.310s] -- Installing: /home/yang/proj/ros-prac/learn15/install/mcl_msgs/share/mcl_msgs/rust/src
[2.310s] -- Installing: /home/yang/proj/ros-prac/learn15/install/mcl_msgs/share/mcl_msgs/rust/src/msg
[2.310s] -- Installing: /home/yang/proj/ros-prac/learn15/install/mcl_msgs/share/mcl_msgs/rust/src/msg/rmw.rs
[2.310s] -- Installing: /home/yang/proj/ros-prac/learn15/install/mcl_msgs/share/mcl_msgs/rust/src/lib.rs
[2.310s] -- Installing: /home/yang/proj/ros-prac/learn15/install/mcl_msgs/share/mcl_msgs/rust/src/msg.rs
[2.310s] -- Installing: /home/yang/proj/ros-prac/learn15/install/mcl_msgs/share/mcl_msgs/rust/build.rs
[2.310s] -- Installing: /home/yang/proj/ros-prac/learn15/install/mcl_msgs/share/mcl_msgs/msg/Landmark.idl
[2.310s] -- Installing: /home/yang/proj/ros-prac/learn15/install/mcl_msgs/share/mcl_msgs/msg/LandmarkArray.idl
[2.310s] -- Installing: /home/yang/proj/ros-prac/learn15/install/mcl_msgs/share/mcl_msgs/msg/Landmark.msg
[2.310s] -- Installing: /home/yang/proj/ros-prac/learn15/install/mcl_msgs/share/mcl_msgs/msg/LandmarkArray.msg
[2.310s] -- Installing: /home/yang/proj/ros-prac/learn15/install/mcl_msgs/share/ament_index/resource_index/package_run_dependencies/mcl_msgs
[2.311s] -- Installing: /home/yang/proj/ros-prac/learn15/install/mcl_msgs/share/ament_index/resource_index/parent_prefix_path/mcl_msgs
[2.311s] -- Installing: /home/yang/proj/ros-prac/learn15/install/mcl_msgs/share/mcl_msgs/environment/ament_prefix_path.sh
[2.311s] -- Installing: /home/yang/proj/ros-prac/learn15/install/mcl_msgs/share/mcl_msgs/environment/ament_prefix_path.dsv
[2.311s] -- Installing: /home/yang/proj/ros-prac/learn15/install/mcl_msgs/share/mcl_msgs/environment/path.sh
[2.311s] -- Installing: /home/yang/proj/ros-prac/learn15/install/mcl_msgs/share/mcl_msgs/environment/path.dsv
[2.311s] -- Installing: /home/yang/proj/ros-prac/learn15/install/mcl_msgs/share/mcl_msgs/local_setup.bash
[2.311s] -- Installing: /home/yang/proj/ros-prac/learn15/install/mcl_msgs/share/mcl_msgs/local_setup.sh
[2.311s] -- Installing: /home/yang/proj/ros-prac/learn15/install/mcl_msgs/share/mcl_msgs/local_setup.zsh
[2.311s] -- Installing: /home/yang/proj/ros-prac/learn15/install/mcl_msgs/share/mcl_msgs/local_setup.dsv
[2.311s] -- Installing: /home/yang/proj/ros-prac/learn15/install/mcl_msgs/share/mcl_msgs/package.dsv
[2.311s] -- Installing: /home/yang/proj/ros-prac/learn15/install/mcl_msgs/share/ament_index/resource_index/packages/mcl_msgs
[2.311s] -- Installing: /home/yang/proj/ros-prac/learn15/install/mcl_msgs/share/mcl_msgs/cmake/export_mcl_msgs__rosidl_generator_cExport.cmake
[2.311s] -- Installing: /home/yang/proj/ros-prac/learn15/install/mcl_msgs/share/mcl_msgs/cmake/export_mcl_msgs__rosidl_generator_cExport-noconfig.cmake
[2.311s] -- Installing: /home/yang/proj/ros-prac/learn15/install/mcl_msgs/share/mcl_msgs/cmake/export_mcl_msgs__rosidl_typesupport_fastrtps_cExport.cmake
[2.311s] -- Installing: /home/yang/proj/ros-prac/learn15/install/mcl_msgs/share/mcl_msgs/cmake/export_mcl_msgs__rosidl_typesupport_fastrtps_cExport-noconfig.cmake
[2.311s] -- Installing: /home/yang/proj/ros-prac/learn15/install/mcl_msgs/share/mcl_msgs/cmake/mcl_msgs__rosidl_typesupport_introspection_cExport.cmake
[2.311s] -- Installing: /home/yang/proj/ros-prac/learn15/install/mcl_msgs/share/mcl_msgs/cmake/mcl_msgs__rosidl_typesupport_introspection_cExport-noconfig.cmake
[2.311s] -- Installing: /home/yang/proj/ros-prac/learn15/install/mcl_msgs/share/mcl_msgs/cmake/mcl_msgs__rosidl_typesupport_cExport.cmake
[2.311s] -- Installing: /home/yang/proj/ros-prac/learn15/install/mcl_msgs/share/mcl_msgs/cmake/mcl_msgs__rosidl_typesupport_cExport-noconfig.cmake
[2.311s] -- Installing: /home/yang/proj/ros-prac/learn15/install/mcl_msgs/share/mcl_msgs/cmake/export_mcl_msgs__rosidl_generator_cppExport.cmake
[2.311s] -- Installing: /home/yang/proj/ros-prac/learn15/install/mcl_msgs/share/mcl_msgs/cmake/export_mcl_msgs__rosidl_typesupport_fastrtps_cppExport.cmake
[2.311s] -- Installing: /home/yang/proj/ros-prac/learn15/install/mcl_msgs/share/mcl_msgs/cmake/export_mcl_msgs__rosidl_typesupport_fastrtps_cppExport-noconfig.cmake
[2.311s] -- Installing: /home/yang/proj/ros-prac/learn15/install/mcl_msgs/share/mcl_msgs/cmake/mcl_msgs__rosidl_typesupport_introspection_cppExport.cmake
[2.311s] -- Installing: /home/yang/proj/ros-prac/learn15/install/mcl_msgs/share/mcl_msgs/cmake/mcl_msgs__rosidl_typesupport_introspection_cppExport-noconfig.cmake
[2.311s] -- Installing: /home/yang/proj/ros-prac/learn15/install/mcl_msgs/share/mcl_msgs/cmake/mcl_msgs__rosidl_typesupport_cppExport.cmake
[2.311s] -- Installing: /home/yang/proj/ros-prac/learn15/install/mcl_msgs/share/mcl_msgs/cmake/mcl_msgs__rosidl_typesupport_cppExport-noconfig.cmake
[2.311s] -- Installing: /home/yang/proj/ros-prac/learn15/install/mcl_msgs/share/mcl_msgs/cmake/export_mcl_msgs__rosidl_generator_pyExport.cmake
[2.311s] -- Installing: /home/yang/proj/ros-prac/learn15/install/mcl_msgs/share/mcl_msgs/cmake/export_mcl_msgs__rosidl_generator_pyExport-noconfig.cmake
[2.311s] -- Installing: /home/yang/proj/ros-prac/learn15/install/mcl_msgs/share/mcl_msgs/cmake/rosidl_cmake-extras.cmake
[2.311s] -- Installing: /home/yang/proj/ros-prac/learn15/install/mcl_msgs/share/mcl_msgs/cmake/ament_cmake_export_dependencies-extras.cmake
[2.311s] -- Installing: /home/yang/proj/ros-prac/learn15/install/mcl_msgs/share/mcl_msgs/cmake/ament_cmake_export_include_directories-extras.cmake
[2.312s] -- Installing: /home/yang/proj/ros-prac/learn15/install/mcl_msgs/share/mcl_msgs/cmake/ament_cmake_export_libraries-extras.cmake
[2.312s] -- Installing: /home/yang/proj/ros-prac/learn15/install/mcl_msgs/share/mcl_msgs/cmake/ament_cmake_export_targets-extras.cmake
[2.312s] -- Installing: /home/yang/proj/ros-prac/learn15/install/mcl_msgs/share/mcl_msgs/cmake/rosidl_cmake_export_typesupport_targets-extras.cmake
[2.312s] -- Installing: /home/yang/proj/ros-prac/learn15/install/mcl_msgs/share/mcl_msgs/cmake/rosidl_cmake_export_typesupport_libraries-extras.cmake
[2.312s] -- Installing: /home/yang/proj/ros-prac/learn15/install/mcl_msgs/share/mcl_msgs/cmake/mcl_msgsConfig.cmake
[2.312s] -- Installing: /home/yang/proj/ros-prac/learn15/install/mcl_msgs/share/mcl_msgs/cmake/mcl_msgsConfig-version.cmake
[2.312s] -- Installing: /home/yang/proj/ros-prac/learn15/install/mcl_msgs/share/mcl_msgs/package.xml
[2.312s] Invoked command in '/home/yang/proj/ros-prac/learn15/build/mcl_msgs' returned '0': CMAKE_PREFIX_PATH=${CMAKE_PREFIX_PATH}:/opt/ros/jazzy DEBUGINFOD_URLS=https://debuginfod.ubuntu.com /usr/bin/cmake --install /home/yang/proj/ros-prac/learn15/build/mcl_msgs
