[0.003s] Invoking command in '/home/yang/proj/ros-prac/learn6/build/nodes': CMAKE_PREFIX_PATH=${CMAKE_PREFIX_PATH}:/opt/ros/jazzy /usr/bin/cmake --build /home/yang/proj/ros-prac/learn6/build/nodes -- -j10 -l10
[0.020s] -- Found ament_cmake: 2.5.6 (/opt/ros/jazzy/share/ament_cmake/cmake)
[0.086s] -- Found rclcpp: 28.1.18 (/opt/ros/jazzy/share/rclcpp/cmake)
[0.094s] -- Found rosidl_generator_c: 4.6.7 (/opt/ros/jazzy/share/rosidl_generator_c/cmake)
[0.097s] -- Found rosidl_generator_cpp: 4.6.7 (/opt/ros/jazzy/share/rosidl_generator_cpp/cmake)
[0.101s] -- Using all available rosidl_typesupport_c: rosidl_typesupport_fastrtps_c;rosidl_typesupport_introspection_c
[0.106s] -- Using all available rosidl_typesupport_cpp: rosidl_typesupport_fastrtps_cpp;rosidl_typesupport_introspection_cpp
[0.126s] -- Found rmw_implementation_cmake: 7.3.3 (/opt/ros/jazzy/share/rmw_implementation_cmake/cmake)
[0.127s] -- Found rmw_fastrtps_cpp: 8.4.3 (/opt/ros/jazzy/share/rmw_fastrtps_cpp/cmake)
[0.147s] -- Using RMW implementation 'rmw_fastrtps_cpp' as default
[0.199s] -- Configuring done (0.2s)
[0.204s] -- Generating done (0.0s)
[0.206s] -- Build files have been written to: /home/yang/proj/ros-prac/learn6/build/nodes
[0.219s] [100%] Built target heater
[0.222s] Invoked command in '/home/yang/proj/ros-prac/learn6/build/nodes' returned '0': CMAKE_PREFIX_PATH=${CMAKE_PREFIX_PATH}:/opt/ros/jazzy /usr/bin/cmake --build /home/yang/proj/ros-prac/learn6/build/nodes -- -j10 -l10
[0.225s] Invoking command in '/home/yang/proj/ros-prac/learn6/build/nodes': CMAKE_PREFIX_PATH=${CMAKE_PREFIX_PATH}:/opt/ros/jazzy /usr/bin/cmake --install /home/yang/proj/ros-prac/learn6/build/nodes
[0.227s] -- Install configuration: ""
[0.227s] -- Up-to-date: /home/yang/proj/ros-prac/learn6/install/nodes/lib/nodes/heater
[0.227s] -- Up-to-date: /home/yang/proj/ros-prac/learn6/install/nodes/share/nodes/config
[0.227s] -- Up-to-date: /home/yang/proj/ros-prac/learn6/install/nodes/share/nodes/config/heater.yaml
[0.227s] -- Up-to-date: /home/yang/proj/ros-prac/learn6/install/nodes/share/nodes/launch
[0.227s] -- Installing: /home/yang/proj/ros-prac/learn6/install/nodes/share/nodes/launch/heater.launch.py
[0.227s] -- Up-to-date: /home/yang/proj/ros-prac/learn6/install/nodes/share/ament_index/resource_index/package_run_dependencies/nodes
[0.227s] -- Installing: /home/yang/proj/ros-prac/learn6/install/nodes/share/ament_index/resource_index/parent_prefix_path/nodes
[0.227s] -- Up-to-date: /home/yang/proj/ros-prac/learn6/install/nodes/share/nodes/environment/ament_prefix_path.sh
[0.227s] -- Up-to-date: /home/yang/proj/ros-prac/learn6/install/nodes/share/nodes/environment/ament_prefix_path.dsv
[0.227s] -- Up-to-date: /home/yang/proj/ros-prac/learn6/install/nodes/share/nodes/environment/path.sh
[0.227s] -- Up-to-date: /home/yang/proj/ros-prac/learn6/install/nodes/share/nodes/environment/path.dsv
[0.227s] -- Up-to-date: /home/yang/proj/ros-prac/learn6/install/nodes/share/nodes/local_setup.bash
[0.227s] -- Up-to-date: /home/yang/proj/ros-prac/learn6/install/nodes/share/nodes/local_setup.sh
[0.227s] -- Up-to-date: /home/yang/proj/ros-prac/learn6/install/nodes/share/nodes/local_setup.zsh
[0.227s] -- Up-to-date: /home/yang/proj/ros-prac/learn6/install/nodes/share/nodes/local_setup.dsv
[0.227s] -- Installing: /home/yang/proj/ros-prac/learn6/install/nodes/share/nodes/package.dsv
[0.228s] -- Up-to-date: /home/yang/proj/ros-prac/learn6/install/nodes/share/ament_index/resource_index/packages/nodes
[0.228s] -- Up-to-date: /home/yang/proj/ros-prac/learn6/install/nodes/share/nodes/cmake/nodesConfig.cmake
[0.228s] -- Up-to-date: /home/yang/proj/ros-prac/learn6/install/nodes/share/nodes/cmake/nodesConfig-version.cmake
[0.228s] -- Up-to-date: /home/yang/proj/ros-prac/learn6/install/nodes/share/nodes/package.xml
[0.231s] Invoked command in '/home/yang/proj/ros-prac/learn6/build/nodes' returned '0': CMAKE_PREFIX_PATH=${CMAKE_PREFIX_PATH}:/opt/ros/jazzy /usr/bin/cmake --install /home/yang/proj/ros-prac/learn6/build/nodes
