[0.005s] Invoking command in '/home/yang/proj/ros-prac/learn15/build/mcl_msgs': CMAKE_PREFIX_PATH=${CMAKE_PREFIX_PATH}:/opt/ros/jazzy DEBUGINFOD_URLS=https://debuginfod.ubuntu.com /usr/bin/cmake /home/yang/proj/ros-prac/learn15/src/mcl_msgs -DCMAKE_EXPORT_COMPILE_COMMANDS=ON -DCMAKE_INSTALL_PREFIX=/home/yang/proj/ros-prac/learn15/install/mcl_msgs
[0.013s] -- Found ament_cmake: 2.5.6 (/opt/ros/jazzy/share/ament_cmake/cmake)
[0.071s] -- Found rosidl_default_generators: 1.6.0 (/opt/ros/jazzy/share/rosidl_default_generators/cmake)
[0.072s] -- Using all available rosidl_typesupport_c: rosidl_typesupport_fastrtps_c;rosidl_typesupport_introspection_c
[0.090s] -- Using all available rosidl_typesupport_cpp: rosidl_typesupport_fastrtps_cpp;rosidl_typesupport_introspection_cpp
[0.102s] -- Found rosidl_adapter: 4.6.7 (/opt/ros/jazzy/share/rosidl_adapter/cmake)
[0.103s] -- Found std_msgs: 5.3.7 (/opt/ros/jazzy/share/std_msgs/cmake)
[0.230s] -- Found ament_cmake_ros: 0.12.0 (/opt/ros/jazzy/share/ament_cmake_ros/cmake)
[0.283s] -- Using all available rosidl_typesupport_c: rosidl_typesupport_fastrtps_c;rosidl_typesupport_introspection_c
[0.353s] -- Using all available rosidl_typesupport_cpp: rosidl_typesupport_fastrtps_cpp;rosidl_typesupport_introspection_cpp
[0.353s] -- Found python_cmake_module: 0.11.1 (/opt/ros/jazzy/share/python_cmake_module/cmake)
[0.466s] -- Found Python3: /usr/bin/python3 (found version "3.12.3") found components: Interpreter Development NumPy Development.Module Development.Embed 
[0.493s] -- Found Python3: /usr/bin/python3 (found version "3.12.3") found components: Interpreter 
[0.495s] -- Configuring done (0.5s)
[0.509s] -- Generating done (0.0s)
[0.514s] -- Build files have been written to: /home/yang/proj/ros-prac/learn15/build/mcl_msgs
[0.518s] Invoked command in '/home/yang/proj/ros-prac/learn15/build/mcl_msgs' returned '0': CMAKE_PREFIX_PATH=${CMAKE_PREFIX_PATH}:/opt/ros/jazzy DEBUGINFOD_URLS=https://debuginfod.ubuntu.com /usr/bin/cmake /home/yang/proj/ros-prac/learn15/src/mcl_msgs -DCMAKE_EXPORT_COMPILE_COMMANDS=ON -DCMAKE_INSTALL_PREFIX=/home/yang/proj/ros-prac/learn15/install/mcl_msgs
[0.518s] Invoking command in '/home/yang/proj/ros-prac/learn15/build/mcl_msgs': CMAKE_PREFIX_PATH=${CMAKE_PREFIX_PATH}:/opt/ros/jazzy DEBUGINFOD_URLS=https://debuginfod.ubuntu.com /usr/bin/cmake --build /home/yang/proj/ros-prac/learn15/build/mcl_msgs -- -j12 -l12
[0.538s] [  2%] Built target mcl_msgs__rosidl_generator_type_description
[0.538s] [  4%] Built target mcl_msgs__rs
[0.541s] [  4%] Built target ament_cmake_python_copy_mcl_msgs
[0.545s] [  6%] Built target mcl_msgs__cpp
[0.546s] [ 24%] Built target mcl_msgs__rosidl_generator_c
[0.555s] [ 33%] Built target mcl_msgs__rosidl_typesupport_c
[0.556s] [ 42%] Built target mcl_msgs__rosidl_typesupport_introspection_cpp
[0.556s] [ 51%] Built target mcl_msgs__rosidl_typesupport_cpp
[0.556s] [ 60%] Built target mcl_msgs__rosidl_typesupport_fastrtps_cpp
[0.556s] [ 68%] Built target mcl_msgs__rosidl_typesupport_fastrtps_c
[0.557s] [ 77%] Built target mcl_msgs__rosidl_typesupport_introspection_c
[0.564s] [ 77%] Built target mcl_msgs
[0.572s] [ 80%] Built target mcl_msgs__py
[0.580s] [ 86%] Built target mcl_msgs__rosidl_generator_py
[0.589s] [ 97%] Built target mcl_msgs_s__rosidl_typesupport_introspection_c
[0.589s] [100%] Built target mcl_msgs_s__rosidl_typesupport_fastrtps_c
[0.589s] [ 97%] Built target mcl_msgs_s__rosidl_typesupport_c
[0.625s] running egg_info
[0.631s] writing mcl_msgs.egg-info/PKG-INFO
[0.631s] writing dependency_links to mcl_msgs.egg-info/dependency_links.txt
[0.631s] writing top-level names to mcl_msgs.egg-info/top_level.txt
[0.649s] reading manifest file 'mcl_msgs.egg-info/SOURCES.txt'
[0.650s] writing manifest file 'mcl_msgs.egg-info/SOURCES.txt'
[0.663s] [100%] Built target ament_cmake_python_build_mcl_msgs_egg
[0.668s] Invoked command in '/home/yang/proj/ros-prac/learn15/build/mcl_msgs' returned '0': CMAKE_PREFIX_PATH=${CMAKE_PREFIX_PATH}:/opt/ros/jazzy DEBUGINFOD_URLS=https://debuginfod.ubuntu.com /usr/bin/cmake --build /home/yang/proj/ros-prac/learn15/build/mcl_msgs -- -j12 -l12
[0.671s] Invoking command in '/home/yang/proj/ros-prac/learn15/build/mcl_msgs': CMAKE_PREFIX_PATH=${CMAKE_PREFIX_PATH}:/opt/ros/jazzy DEBUGINFOD_URLS=https://debuginfod.ubuntu.com /usr/bin/cmake --install /home/yang/proj/ros-prac/learn15/build/mcl_msgs
[0.674s] -- Install configuration: ""
[0.675s] -- Up-to-date: /home/yang/proj/ros-prac/learn15/install/mcl_msgs/share/ament_index/resource_index/rosidl_interfaces/mcl_msgs
[0.675s] -- Up-to-date: /home/yang/proj/ros-prac/learn15/install/mcl_msgs/share/mcl_msgs/msg/Landmark.json
[0.675s] -- Up-to-date: /home/yang/proj/ros-prac/learn15/install/mcl_msgs/share/mcl_msgs/msg/LandmarkArray.json
[0.675s] -- Up-to-date: /home/yang/proj/ros-prac/learn15/install/mcl_msgs/include/mcl_msgs/mcl_msgs
[0.675s] -- Up-to-date: /home/yang/proj/ros-prac/learn15/install/mcl_msgs/include/mcl_msgs/mcl_msgs/msg
[0.675s] -- Up-to-date: /home/yang/proj/ros-prac/learn15/install/mcl_msgs/include/mcl_msgs/mcl_msgs/msg/landmark_array.h
[0.675s] -- Up-to-date: /home/yang/proj/ros-prac/learn15/install/mcl_msgs/include/mcl_msgs/mcl_msgs/msg/landmark.h
[0.675s] -- Up-to-date: /home/yang/proj/ros-prac/learn15/install/mcl_msgs/include/mcl_msgs/mcl_msgs/msg/rosidl_generator_c__visibility_control.h
[0.675s] -- Up-to-date: /home/yang/proj/ros-prac/learn15/install/mcl_msgs/include/mcl_msgs/mcl_msgs/msg/detail
[0.675s] -- Up-to-date: /home/yang/proj/ros-prac/learn15/install/mcl_msgs/include/mcl_msgs/mcl_msgs/msg/detail/landmark__functions.h
[0.675s] -- Up-to-date: /home/yang/proj/ros-prac/learn15/install/mcl_msgs/include/mcl_msgs/mcl_msgs/msg/detail/landmark_array__struct.h
[0.675s] -- Up-to-date: /home/yang/proj/ros-prac/learn15/install/mcl_msgs/include/mcl_msgs/mcl_msgs/msg/detail/landmark_array__functions.h
[0.675s] -- Up-to-date: /home/yang/proj/ros-prac/learn15/install/mcl_msgs/include/mcl_msgs/mcl_msgs/msg/detail/landmark_array__functions.c
[0.675s] -- Up-to-date: /home/yang/proj/ros-prac/learn15/install/mcl_msgs/include/mcl_msgs/mcl_msgs/msg/detail/landmark_array__type_support.h
[0.675s] -- Up-to-date: /home/yang/proj/ros-prac/learn15/install/mcl_msgs/include/mcl_msgs/mcl_msgs/msg/detail/landmark_array__description.c
[0.675s] -- Up-to-date: /home/yang/proj/ros-prac/learn15/install/mcl_msgs/include/mcl_msgs/mcl_msgs/msg/detail/landmark_array__type_support.c
[0.675s] -- Up-to-date: /home/yang/proj/ros-prac/learn15/install/mcl_msgs/include/mcl_msgs/mcl_msgs/msg/detail/landmark__type_support.h
[0.675s] -- Up-to-date: /home/yang/proj/ros-prac/learn15/install/mcl_msgs/include/mcl_msgs/mcl_msgs/msg/detail/landmark__struct.h
[0.675s] -- Up-to-date: /home/yang/proj/ros-prac/learn15/install/mcl_msgs/include/mcl_msgs/mcl_msgs/msg/detail/landmark__type_support.c
[0.675s] -- Up-to-date: /home/yang/proj/ros-prac/learn15/install/mcl_msgs/include/mcl_msgs/mcl_msgs/msg/detail/landmark__functions.c
[0.675s] -- Up-to-date: /home/yang/proj/ros-prac/learn15/install/mcl_msgs/include/mcl_msgs/mcl_msgs/msg/detail/landmark__description.c
[0.675s] -- Up-to-date: /home/yang/proj/ros-prac/learn15/install/mcl_msgs/share/mcl_msgs/environment/library_path.sh
[0.675s] -- Up-to-date: /home/yang/proj/ros-prac/learn15/install/mcl_msgs/share/mcl_msgs/environment/library_path.dsv
[0.675s] -- Up-to-date: /home/yang/proj/ros-prac/learn15/install/mcl_msgs/lib/libmcl_msgs__rosidl_generator_c.so
[0.675s] -- Up-to-date: /home/yang/proj/ros-prac/learn15/install/mcl_msgs/include/mcl_msgs/mcl_msgs
[0.675s] -- Up-to-date: /home/yang/proj/ros-prac/learn15/install/mcl_msgs/include/mcl_msgs/mcl_msgs/msg
[0.675s] -- Up-to-date: /home/yang/proj/ros-prac/learn15/install/mcl_msgs/include/mcl_msgs/mcl_msgs/msg/rosidl_typesupport_fastrtps_c__visibility_control.h
[0.675s] -- Up-to-date: /home/yang/proj/ros-prac/learn15/install/mcl_msgs/include/mcl_msgs/mcl_msgs/msg/detail
[0.675s] -- Up-to-date: /home/yang/proj/ros-prac/learn15/install/mcl_msgs/include/mcl_msgs/mcl_msgs/msg/detail/landmark_array__rosidl_typesupport_fastrtps_c.h
[0.675s] -- Up-to-date: /home/yang/proj/ros-prac/learn15/install/mcl_msgs/include/mcl_msgs/mcl_msgs/msg/detail/landmark__rosidl_typesupport_fastrtps_c.h
[0.675s] -- Up-to-date: /home/yang/proj/ros-prac/learn15/install/mcl_msgs/lib/libmcl_msgs__rosidl_typesupport_fastrtps_c.so
[0.675s] -- Up-to-date: /home/yang/proj/ros-prac/learn15/install/mcl_msgs/include/mcl_msgs/mcl_msgs
[0.675s] -- Up-to-date: /home/yang/proj/ros-prac/learn15/install/mcl_msgs/include/mcl_msgs/mcl_msgs/msg
[0.675s] -- Up-to-date: /home/yang/proj/ros-prac/learn15/install/mcl_msgs/include/mcl_msgs/mcl_msgs/msg/detail
[0.675s] -- Up-to-date: /home/yang/proj/ros-prac/learn15/install/mcl_msgs/include/mcl_msgs/mcl_msgs/msg/detail/landmark_array__type_support.c
[0.675s] -- Up-to-date: /home/yang/proj/ros-prac/learn15/install/mcl_msgs/include/mcl_msgs/mcl_msgs/msg/detail/landmark__rosidl_typesupport_introspection_c.h
[0.675s] -- Up-to-date: /home/yang/proj/ros-prac/learn15/install/mcl_msgs/include/mcl_msgs/mcl_msgs/msg/detail/landmark__type_support.c
[0.675s] -- Up-to-date: /home/yang/proj/ros-prac/learn15/install/mcl_msgs/include/mcl_msgs/mcl_msgs/msg/detail/landmark_array__rosidl_typesupport_introspection_c.h
[0.675s] -- Up-to-date: /home/yang/proj/ros-prac/learn15/install/mcl_msgs/include/mcl_msgs/mcl_msgs/msg/rosidl_typesupport_introspection_c__visibility_control.h
[0.675s] -- Up-to-date: /home/yang/proj/ros-prac/learn15/install/mcl_msgs/lib/libmcl_msgs__rosidl_typesupport_introspection_c.so
[0.675s] -- Up-to-date: /home/yang/proj/ros-prac/learn15/install/mcl_msgs/lib/libmcl_msgs__rosidl_typesupport_c.so
[0.675s] -- Up-to-date: /home/yang/proj/ros-prac/learn15/install/mcl_msgs/include/mcl_msgs/mcl_msgs
[0.675s] -- Up-to-date: /home/yang/proj/ros-prac/learn15/install/mcl_msgs/include/mcl_msgs/mcl_msgs/msg
[0.675s] -- Up-to-date: /home/yang/proj/ros-prac/learn15/install/mcl_msgs/include/mcl_msgs/mcl_msgs/msg/landmark.hpp
[0.675s] -- Up-to-date: /home/yang/proj/ros-prac/learn15/install/mcl_msgs/include/mcl_msgs/mcl_msgs/msg/rosidl_generator_cpp__visibility_control.hpp
[0.676s] -- Up-to-date: /home/yang/proj/ros-prac/learn15/install/mcl_msgs/include/mcl_msgs/mcl_msgs/msg/landmark_array.hpp
[0.676s] -- Up-to-date: /home/yang/proj/ros-prac/learn15/install/mcl_msgs/include/mcl_msgs/mcl_msgs/msg/detail
[0.676s] -- Up-to-date: /home/yang/proj/ros-prac/learn15/install/mcl_msgs/include/mcl_msgs/mcl_msgs/msg/detail/landmark_array__builder.hpp
[0.676s] -- Up-to-date: /home/yang/proj/ros-prac/learn15/install/mcl_msgs/include/mcl_msgs/mcl_msgs/msg/detail/landmark__struct.hpp
[0.676s] -- Up-to-date: /home/yang/proj/ros-prac/learn15/install/mcl_msgs/include/mcl_msgs/mcl_msgs/msg/detail/landmark_array__struct.hpp
[0.676s] -- Up-to-date: /home/yang/proj/ros-prac/learn15/install/mcl_msgs/include/mcl_msgs/mcl_msgs/msg/detail/landmark__type_support.hpp
[0.676s] -- Up-to-date: /home/yang/proj/ros-prac/learn15/install/mcl_msgs/include/mcl_msgs/mcl_msgs/msg/detail/landmark__builder.hpp
[0.676s] -- Up-to-date: /home/yang/proj/ros-prac/learn15/install/mcl_msgs/include/mcl_msgs/mcl_msgs/msg/detail/landmark_array__traits.hpp
[0.676s] -- Up-to-date: /home/yang/proj/ros-prac/learn15/install/mcl_msgs/include/mcl_msgs/mcl_msgs/msg/detail/landmark_array__type_support.hpp
[0.676s] -- Up-to-date: /home/yang/proj/ros-prac/learn15/install/mcl_msgs/include/mcl_msgs/mcl_msgs/msg/detail/landmark__traits.hpp
[0.676s] -- Up-to-date: /home/yang/proj/ros-prac/learn15/install/mcl_msgs/include/mcl_msgs/mcl_msgs
[0.676s] -- Up-to-date: /home/yang/proj/ros-prac/learn15/install/mcl_msgs/include/mcl_msgs/mcl_msgs/msg
[0.676s] -- Up-to-date: /home/yang/proj/ros-prac/learn15/install/mcl_msgs/include/mcl_msgs/mcl_msgs/msg/rosidl_typesupport_fastrtps_cpp__visibility_control.h
[0.676s] -- Up-to-date: /home/yang/proj/ros-prac/learn15/install/mcl_msgs/include/mcl_msgs/mcl_msgs/msg/detail
[0.676s] -- Up-to-date: /home/yang/proj/ros-prac/learn15/install/mcl_msgs/include/mcl_msgs/mcl_msgs/msg/detail/dds_fastrtps
[0.676s] -- Up-to-date: /home/yang/proj/ros-prac/learn15/install/mcl_msgs/include/mcl_msgs/mcl_msgs/msg/detail/landmark_array__rosidl_typesupport_fastrtps_cpp.hpp
[0.676s] -- Up-to-date: /home/yang/proj/ros-prac/learn15/install/mcl_msgs/include/mcl_msgs/mcl_msgs/msg/detail/landmark__rosidl_typesupport_fastrtps_cpp.hpp
[0.676s] -- Up-to-date: /home/yang/proj/ros-prac/learn15/install/mcl_msgs/lib/libmcl_msgs__rosidl_typesupport_fastrtps_cpp.so
[0.676s] -- Up-to-date: /home/yang/proj/ros-prac/learn15/install/mcl_msgs/include/mcl_msgs/mcl_msgs
[0.676s] -- Up-to-date: /home/yang/proj/ros-prac/learn15/install/mcl_msgs/include/mcl_msgs/mcl_msgs/msg
[0.676s] -- Up-to-date: /home/yang/proj/ros-prac/learn15/install/mcl_msgs/include/mcl_msgs/mcl_msgs/msg/detail
[0.676s] -- Up-to-date: /home/yang/proj/ros-prac/learn15/install/mcl_msgs/include/mcl_msgs/mcl_msgs/msg/detail/landmark_array__rosidl_typesupport_introspection_cpp.hpp
[0.676s] -- Up-to-date: /home/yang/proj/ros-prac/learn15/install/mcl_msgs/include/mcl_msgs/mcl_msgs/msg/detail/landmark_array__type_support.cpp
[0.676s] -- Up-to-date: /home/yang/proj/ros-prac/learn15/install/mcl_msgs/include/mcl_msgs/mcl_msgs/msg/detail/landmark__type_support.cpp
[0.676s] -- Up-to-date: /home/yang/proj/ros-prac/learn15/install/mcl_msgs/include/mcl_msgs/mcl_msgs/msg/detail/landmark__rosidl_typesupport_introspection_cpp.hpp
[0.676s] -- Up-to-date: /home/yang/proj/ros-prac/learn15/install/mcl_msgs/lib/libmcl_msgs__rosidl_typesupport_introspection_cpp.so
[0.676s] -- Up-to-date: /home/yang/proj/ros-prac/learn15/install/mcl_msgs/lib/libmcl_msgs__rosidl_typesupport_cpp.so
[0.676s] -- Up-to-date: /home/yang/proj/ros-prac/learn15/install/mcl_msgs/share/mcl_msgs/environment/pythonpath.sh
[0.676s] -- Up-to-date: /home/yang/proj/ros-prac/learn15/install/mcl_msgs/share/mcl_msgs/environment/pythonpath.dsv
[0.676s] -- Up-to-date: /home/yang/proj/ros-prac/learn15/install/mcl_msgs/lib/python3.12/site-packages/mcl_msgs-0.0.0-py3.12.egg-info
[0.676s] -- Installing: /home/yang/proj/ros-prac/learn15/install/mcl_msgs/lib/python3.12/site-packages/mcl_msgs-0.0.0-py3.12.egg-info/top_level.txt
[0.676s] -- Installing: /home/yang/proj/ros-prac/learn15/install/mcl_msgs/lib/python3.12/site-packages/mcl_msgs-0.0.0-py3.12.egg-info/PKG-INFO
[0.676s] -- Installing: /home/yang/proj/ros-prac/learn15/install/mcl_msgs/lib/python3.12/site-packages/mcl_msgs-0.0.0-py3.12.egg-info/dependency_links.txt
[0.676s] -- Installing: /home/yang/proj/ros-prac/learn15/install/mcl_msgs/lib/python3.12/site-packages/mcl_msgs-0.0.0-py3.12.egg-info/SOURCES.txt
[0.676s] -- Up-to-date: /home/yang/proj/ros-prac/learn15/install/mcl_msgs/lib/python3.12/site-packages/mcl_msgs
[0.676s] -- Up-to-date: /home/yang/proj/ros-prac/learn15/install/mcl_msgs/lib/python3.12/site-packages/mcl_msgs/_mcl_msgs_s.ep.rosidl_typesupport_fastrtps_c.c
[0.676s] -- Up-to-date: /home/yang/proj/ros-prac/learn15/install/mcl_msgs/lib/python3.12/site-packages/mcl_msgs/msg
[0.676s] -- Up-to-date: /home/yang/proj/ros-prac/learn15/install/mcl_msgs/lib/python3.12/site-packages/mcl_msgs/msg/_landmark_array_s.c
[0.676s] -- Up-to-date: /home/yang/proj/ros-prac/learn15/install/mcl_msgs/lib/python3.12/site-packages/mcl_msgs/msg/_landmark.py
[0.676s] -- Up-to-date: /home/yang/proj/ros-prac/learn15/install/mcl_msgs/lib/python3.12/site-packages/mcl_msgs/msg/_landmark_s.c
[0.676s] -- Up-to-date: /home/yang/proj/ros-prac/learn15/install/mcl_msgs/lib/python3.12/site-packages/mcl_msgs/msg/_landmark_array.py
[0.676s] -- Up-to-date: /home/yang/proj/ros-prac/learn15/install/mcl_msgs/lib/python3.12/site-packages/mcl_msgs/msg/__init__.py
[0.676s] -- Up-to-date: /home/yang/proj/ros-prac/learn15/install/mcl_msgs/lib/python3.12/site-packages/mcl_msgs/mcl_msgs_s__rosidl_typesupport_fastrtps_c.so
[0.676s] -- Up-to-date: /home/yang/proj/ros-prac/learn15/install/mcl_msgs/lib/python3.12/site-packages/mcl_msgs/mcl_msgs_s__rosidl_typesupport_c.so
[0.676s] -- Up-to-date: /home/yang/proj/ros-prac/learn15/install/mcl_msgs/lib/python3.12/site-packages/mcl_msgs/_mcl_msgs_s.ep.rosidl_typesupport_introspection_c.c
[0.676s] -- Up-to-date: /home/yang/proj/ros-prac/learn15/install/mcl_msgs/lib/python3.12/site-packages/mcl_msgs/_mcl_msgs_s.ep.rosidl_typesupport_c.c
[0.676s] -- Installing: /home/yang/proj/ros-prac/learn15/install/mcl_msgs/lib/python3.12/site-packages/mcl_msgs/__init__.py
[0.676s] -- Up-to-date: /home/yang/proj/ros-prac/learn15/install/mcl_msgs/lib/python3.12/site-packages/mcl_msgs/mcl_msgs_s__rosidl_typesupport_introspection_c.so
[0.692s] Listing '/home/yang/proj/ros-prac/learn15/install/mcl_msgs/lib/python3.12/site-packages/mcl_msgs'...
[0.692s] Compiling '/home/yang/proj/ros-prac/learn15/install/mcl_msgs/lib/python3.12/site-packages/mcl_msgs/__init__.py'...
[0.692s] Listing '/home/yang/proj/ros-prac/learn15/install/mcl_msgs/lib/python3.12/site-packages/mcl_msgs/msg'...
[0.694s] -- Up-to-date: /home/yang/proj/ros-prac/learn15/install/mcl_msgs/lib/python3.12/site-packages/mcl_msgs/mcl_msgs_s__rosidl_typesupport_fastrtps_c.so
[0.694s] -- Up-to-date: /home/yang/proj/ros-prac/learn15/install/mcl_msgs/lib/python3.12/site-packages/mcl_msgs/mcl_msgs_s__rosidl_typesupport_introspection_c.so
[0.694s] -- Up-to-date: /home/yang/proj/ros-prac/learn15/install/mcl_msgs/lib/python3.12/site-packages/mcl_msgs/mcl_msgs_s__rosidl_typesupport_c.so
[0.694s] -- Up-to-date: /home/yang/proj/ros-prac/learn15/install/mcl_msgs/lib/libmcl_msgs__rosidl_generator_py.so
[0.694s] -- Up-to-date: /home/yang/proj/ros-prac/learn15/install/mcl_msgs/share/ament_index/resource_index/rust_packages/mcl_msgs
[0.694s] -- Up-to-date: /home/yang/proj/ros-prac/learn15/install/mcl_msgs/share/mcl_msgs/rust
[0.694s] -- Up-to-date: /home/yang/proj/ros-prac/learn15/install/mcl_msgs/share/mcl_msgs/rust/Cargo.toml
[0.694s] -- Up-to-date: /home/yang/proj/ros-prac/learn15/install/mcl_msgs/share/mcl_msgs/rust/src
[0.694s] -- Up-to-date: /home/yang/proj/ros-prac/learn15/install/mcl_msgs/share/mcl_msgs/rust/src/msg
[0.694s] -- Up-to-date: /home/yang/proj/ros-prac/learn15/install/mcl_msgs/share/mcl_msgs/rust/src/msg/rmw.rs
[0.694s] -- Up-to-date: /home/yang/proj/ros-prac/learn15/install/mcl_msgs/share/mcl_msgs/rust/src/lib.rs
[0.695s] -- Up-to-date: /home/yang/proj/ros-prac/learn15/install/mcl_msgs/share/mcl_msgs/rust/src/msg.rs
[0.695s] -- Up-to-date: /home/yang/proj/ros-prac/learn15/install/mcl_msgs/share/mcl_msgs/rust/build.rs
[0.695s] -- Up-to-date: /home/yang/proj/ros-prac/learn15/install/mcl_msgs/share/mcl_msgs/msg/Landmark.idl
[0.695s] -- Up-to-date: /home/yang/proj/ros-prac/learn15/install/mcl_msgs/share/mcl_msgs/msg/LandmarkArray.idl
[0.695s] -- Up-to-date: /home/yang/proj/ros-prac/learn15/install/mcl_msgs/share/mcl_msgs/msg/Landmark.msg
[0.695s] -- Up-to-date: /home/yang/proj/ros-prac/learn15/install/mcl_msgs/share/mcl_msgs/msg/LandmarkArray.msg
[0.695s] -- Up-to-date: /home/yang/proj/ros-prac/learn15/install/mcl_msgs/share/ament_index/resource_index/package_run_dependencies/mcl_msgs
[0.695s] -- Up-to-date: /home/yang/proj/ros-prac/learn15/install/mcl_msgs/share/ament_index/resource_index/parent_prefix_path/mcl_msgs
[0.695s] -- Up-to-date: /home/yang/proj/ros-prac/learn15/install/mcl_msgs/share/mcl_msgs/environment/ament_prefix_path.sh
[0.695s] -- Up-to-date: /home/yang/proj/ros-prac/learn15/install/mcl_msgs/share/mcl_msgs/environment/ament_prefix_path.dsv
[0.695s] -- Up-to-date: /home/yang/proj/ros-prac/learn15/install/mcl_msgs/share/mcl_msgs/environment/path.sh
[0.695s] -- Up-to-date: /home/yang/proj/ros-prac/learn15/install/mcl_msgs/share/mcl_msgs/environment/path.dsv
[0.695s] -- Up-to-date: /home/yang/proj/ros-prac/learn15/install/mcl_msgs/share/mcl_msgs/local_setup.bash
[0.695s] -- Up-to-date: /home/yang/proj/ros-prac/learn15/install/mcl_msgs/share/mcl_msgs/local_setup.sh
[0.695s] -- Up-to-date: /home/yang/proj/ros-prac/learn15/install/mcl_msgs/share/mcl_msgs/local_setup.zsh
[0.695s] -- Up-to-date: /home/yang/proj/ros-prac/learn15/install/mcl_msgs/share/mcl_msgs/local_setup.dsv
[0.695s] -- Up-to-date: /home/yang/proj/ros-prac/learn15/install/mcl_msgs/share/mcl_msgs/package.dsv
[0.695s] -- Up-to-date: /home/yang/proj/ros-prac/learn15/install/mcl_msgs/share/ament_index/resource_index/packages/mcl_msgs
[0.695s] -- Up-to-date: /home/yang/proj/ros-prac/learn15/install/mcl_msgs/share/mcl_msgs/cmake/export_mcl_msgs__rosidl_generator_cExport.cmake
[0.695s] -- Up-to-date: /home/yang/proj/ros-prac/learn15/install/mcl_msgs/share/mcl_msgs/cmake/export_mcl_msgs__rosidl_generator_cExport-noconfig.cmake
[0.695s] -- Up-to-date: /home/yang/proj/ros-prac/learn15/install/mcl_msgs/share/mcl_msgs/cmake/export_mcl_msgs__rosidl_typesupport_fastrtps_cExport.cmake
[0.695s] -- Up-to-date: /home/yang/proj/ros-prac/learn15/install/mcl_msgs/share/mcl_msgs/cmake/export_mcl_msgs__rosidl_typesupport_fastrtps_cExport-noconfig.cmake
[0.695s] -- Up-to-date: /home/yang/proj/ros-prac/learn15/install/mcl_msgs/share/mcl_msgs/cmake/mcl_msgs__rosidl_typesupport_introspection_cExport.cmake
[0.695s] -- Up-to-date: /home/yang/proj/ros-prac/learn15/install/mcl_msgs/share/mcl_msgs/cmake/mcl_msgs__rosidl_typesupport_introspection_cExport-noconfig.cmake
[0.695s] -- Up-to-date: /home/yang/proj/ros-prac/learn15/install/mcl_msgs/share/mcl_msgs/cmake/mcl_msgs__rosidl_typesupport_cExport.cmake
[0.695s] -- Up-to-date: /home/yang/proj/ros-prac/learn15/install/mcl_msgs/share/mcl_msgs/cmake/mcl_msgs__rosidl_typesupport_cExport-noconfig.cmake
[0.695s] -- Up-to-date: /home/yang/proj/ros-prac/learn15/install/mcl_msgs/share/mcl_msgs/cmake/export_mcl_msgs__rosidl_generator_cppExport.cmake
[0.695s] -- Up-to-date: /home/yang/proj/ros-prac/learn15/install/mcl_msgs/share/mcl_msgs/cmake/export_mcl_msgs__rosidl_typesupport_fastrtps_cppExport.cmake
[0.695s] -- Up-to-date: /home/yang/proj/ros-prac/learn15/install/mcl_msgs/share/mcl_msgs/cmake/export_mcl_msgs__rosidl_typesupport_fastrtps_cppExport-noconfig.cmake
[0.695s] -- Up-to-date: /home/yang/proj/ros-prac/learn15/install/mcl_msgs/share/mcl_msgs/cmake/mcl_msgs__rosidl_typesupport_introspection_cppExport.cmake
[0.695s] -- Up-to-date: /home/yang/proj/ros-prac/learn15/install/mcl_msgs/share/mcl_msgs/cmake/mcl_msgs__rosidl_typesupport_introspection_cppExport-noconfig.cmake
[0.695s] -- Up-to-date: /home/yang/proj/ros-prac/learn15/install/mcl_msgs/share/mcl_msgs/cmake/mcl_msgs__rosidl_typesupport_cppExport.cmake
[0.695s] -- Up-to-date: /home/yang/proj/ros-prac/learn15/install/mcl_msgs/share/mcl_msgs/cmake/mcl_msgs__rosidl_typesupport_cppExport-noconfig.cmake
[0.695s] -- Up-to-date: /home/yang/proj/ros-prac/learn15/install/mcl_msgs/share/mcl_msgs/cmake/export_mcl_msgs__rosidl_generator_pyExport.cmake
[0.695s] -- Up-to-date: /home/yang/proj/ros-prac/learn15/install/mcl_msgs/share/mcl_msgs/cmake/export_mcl_msgs__rosidl_generator_pyExport-noconfig.cmake
[0.695s] -- Up-to-date: /home/yang/proj/ros-prac/learn15/install/mcl_msgs/share/mcl_msgs/cmake/rosidl_cmake-extras.cmake
[0.695s] -- Up-to-date: /home/yang/proj/ros-prac/learn15/install/mcl_msgs/share/mcl_msgs/cmake/ament_cmake_export_dependencies-extras.cmake
[0.695s] -- Up-to-date: /home/yang/proj/ros-prac/learn15/install/mcl_msgs/share/mcl_msgs/cmake/ament_cmake_export_include_directories-extras.cmake
[0.695s] -- Up-to-date: /home/yang/proj/ros-prac/learn15/install/mcl_msgs/share/mcl_msgs/cmake/ament_cmake_export_libraries-extras.cmake
[0.695s] -- Up-to-date: /home/yang/proj/ros-prac/learn15/install/mcl_msgs/share/mcl_msgs/cmake/ament_cmake_export_targets-extras.cmake
[0.695s] -- Up-to-date: /home/yang/proj/ros-prac/learn15/install/mcl_msgs/share/mcl_msgs/cmake/rosidl_cmake_export_typesupport_targets-extras.cmake
[0.695s] -- Up-to-date: /home/yang/proj/ros-prac/learn15/install/mcl_msgs/share/mcl_msgs/cmake/rosidl_cmake_export_typesupport_libraries-extras.cmake
[0.695s] -- Up-to-date: /home/yang/proj/ros-prac/learn15/install/mcl_msgs/share/mcl_msgs/cmake/mcl_msgsConfig.cmake
[0.695s] -- Up-to-date: /home/yang/proj/ros-prac/learn15/install/mcl_msgs/share/mcl_msgs/cmake/mcl_msgsConfig-version.cmake
[0.695s] -- Up-to-date: /home/yang/proj/ros-prac/learn15/install/mcl_msgs/share/mcl_msgs/package.xml
[0.696s] Invoked command in '/home/yang/proj/ros-prac/learn15/build/mcl_msgs' returned '0': CMAKE_PREFIX_PATH=${CMAKE_PREFIX_PATH}:/opt/ros/jazzy DEBUGINFOD_URLS=https://debuginfod.ubuntu.com /usr/bin/cmake --install /home/yang/proj/ros-prac/learn15/build/mcl_msgs
