[ 50%] [32mBuilding CXX object CMakeFiles/talker.dir/src/publisher_node.cpp.o[0m
[100%] [32m[1mLinking CXX executable talker[0m
[100%] Built target talker
-- Install configuration: ""
-- Installing: /home/yang/Desktop/proj/ros-prac/install/p0/lib/p0/talker
-- Set non-toolchain portion of runtime path of "/home/yang/Desktop/proj/ros-prac/install/p0/lib/p0/talker" to ""
-- Installing: /home/yang/Desktop/proj/ros-prac/install/p0/share/ament_index/resource_index/package_run_dependencies/p0
-- Installing: /home/yang/Desktop/proj/ros-prac/install/p0/share/ament_index/resource_index/parent_prefix_path/p0
-- Installing: /home/yang/Desktop/proj/ros-prac/install/p0/share/p0/environment/ament_prefix_path.sh
-- Installing: /home/yang/Desktop/proj/ros-prac/install/p0/share/p0/environment/ament_prefix_path.dsv
-- Installing: /home/yang/Desktop/proj/ros-prac/install/p0/share/p0/environment/path.sh
-- Installing: /home/yang/Desktop/proj/ros-prac/install/p0/share/p0/environment/path.dsv
-- Installing: /home/yang/Desktop/proj/ros-prac/install/p0/share/p0/local_setup.bash
-- Installing: /home/yang/Desktop/proj/ros-prac/install/p0/share/p0/local_setup.sh
-- Installing: /home/yang/Desktop/proj/ros-prac/install/p0/share/p0/local_setup.zsh
-- Installing: /home/yang/Desktop/proj/ros-prac/install/p0/share/p0/local_setup.dsv
-- Up-to-date: /home/yang/Desktop/proj/ros-prac/install/p0/share/p0/package.dsv
-- Installing: /home/yang/Desktop/proj/ros-prac/install/p0/share/ament_index/resource_index/packages/p0
-- Installing: /home/yang/Desktop/proj/ros-prac/install/p0/share/p0/cmake/p0Config.cmake
-- Installing: /home/yang/Desktop/proj/ros-prac/install/p0/share/p0/cmake/p0Config-version.cmake
-- Installing: /home/yang/Desktop/proj/ros-prac/install/p0/share/p0/package.xml
