[0.010s] Invoking command in '/home/yang/Desktop/proj/ros-prac/build/p0': CMAKE_PREFIX_PATH=/opt/ros/humble /usr/local/bin/cmake --build /home/yang/Desktop/proj/ros-prac/build/p0 -- -j16 -l16
[0.032s] [ 50%] [32mBuilding CXX object CMakeFiles/talker.dir/src/publisher_node.cpp.o[0m
[0.199s] [100%] [32m[1mLinking CXX executable talker[0m
[0.243s] [100%] Built target talker
[0.248s] Invoked command in '/home/yang/Desktop/proj/ros-prac/build/p0' returned '0': CMAKE_PREFIX_PATH=/opt/ros/humble /usr/local/bin/cmake --build /home/yang/Desktop/proj/ros-prac/build/p0 -- -j16 -l16
[0.254s] Invoking command in '/home/yang/Desktop/proj/ros-prac/build/p0': CMAKE_PREFIX_PATH=/opt/ros/humble /usr/local/bin/cmake --install /home/yang/Desktop/proj/ros-prac/build/p0
[0.255s] -- Install configuration: ""
[0.255s] -- Installing: /home/yang/Desktop/proj/ros-prac/install/p0/lib/p0/talker
[0.255s] -- Set non-toolchain portion of runtime path of "/home/yang/Desktop/proj/ros-prac/install/p0/lib/p0/talker" to ""
[0.255s] -- Installing: /home/yang/Desktop/proj/ros-prac/install/p0/share/ament_index/resource_index/package_run_dependencies/p0
[0.255s] -- Installing: /home/yang/Desktop/proj/ros-prac/install/p0/share/ament_index/resource_index/parent_prefix_path/p0
[0.256s] -- Installing: /home/yang/Desktop/proj/ros-prac/install/p0/share/p0/environment/ament_prefix_path.sh
[0.256s] -- Installing: /home/yang/Desktop/proj/ros-prac/install/p0/share/p0/environment/ament_prefix_path.dsv
[0.256s] -- Installing: /home/yang/Desktop/proj/ros-prac/install/p0/share/p0/environment/path.sh
[0.256s] -- Installing: /home/yang/Desktop/proj/ros-prac/install/p0/share/p0/environment/path.dsv
[0.256s] -- Installing: /home/yang/Desktop/proj/ros-prac/install/p0/share/p0/local_setup.bash
[0.256s] -- Installing: /home/yang/Desktop/proj/ros-prac/install/p0/share/p0/local_setup.sh
[0.256s] -- Installing: /home/yang/Desktop/proj/ros-prac/install/p0/share/p0/local_setup.zsh
[0.256s] -- Installing: /home/yang/Desktop/proj/ros-prac/install/p0/share/p0/local_setup.dsv
[0.257s] -- Up-to-date: /home/yang/Desktop/proj/ros-prac/install/p0/share/p0/package.dsv
[0.257s] -- Installing: /home/yang/Desktop/proj/ros-prac/install/p0/share/ament_index/resource_index/packages/p0
[0.257s] -- Installing: /home/yang/Desktop/proj/ros-prac/install/p0/share/p0/cmake/p0Config.cmake
[0.257s] -- Installing: /home/yang/Desktop/proj/ros-prac/install/p0/share/p0/cmake/p0Config-version.cmake
[0.257s] -- Installing: /home/yang/Desktop/proj/ros-prac/install/p0/share/p0/package.xml
[0.258s] Invoked command in '/home/yang/Desktop/proj/ros-prac/build/p0' returned '0': CMAKE_PREFIX_PATH=/opt/ros/humble /usr/local/bin/cmake --install /home/yang/Desktop/proj/ros-prac/build/p0
