-- Found ament_cmake: 2.5.6 (/opt/ros/jazzy/share/ament_cmake/cmake)
-- Found rosidl_default_generators: 1.6.0 (/opt/ros/jazzy/share/rosidl_default_generators/cmake)
-- Using all available rosidl_typesupport_c: rosidl_typesupport_fastrtps_c;rosidl_typesupport_introspection_c
-- Using all available rosidl_typesupport_cpp: rosidl_typesupport_fastrtps_cpp;rosidl_typesupport_introspection_cpp
-- Found rosidl_adapter: 4.6.7 (/opt/ros/jazzy/share/rosidl_adapter/cmake)
-- Found ament_cmake_ros: 0.12.0 (/opt/ros/jazzy/share/ament_cmake_ros/cmake)
-- Using all available rosidl_typesupport_c: rosidl_typesupport_fastrtps_c;rosidl_typesupport_introspection_c
-- Using all available rosidl_typesupport_cpp: rosidl_typesupport_fastrtps_cpp;rosidl_typesupport_introspection_cpp
-- Found python_cmake_module: 0.11.1 (/opt/ros/jazzy/share/python_cmake_module/cmake)
-- Found PythonExtra: /usr/bin/python3  
-- Found Python3: /usr/bin/python3 (found version "3.12.3") found components: Interpreter Development NumPy Development.Module Development.Embed 
-- Found Python3: /usr/bin/python3 (found version "3.12.3") found components: Interpreter 
-- Configuring done (0.7s)
-- Generating done (0.0s)
-- Build files have been written to: /home/yang/proj/ros-prac/learn4/build/msgs
[  2%] [34m[1mGenerating Rust code for ROS interfaces[0m
[  5%] [34m[1mGenerating type hashes for ROS interfaces[0m
[  5%] Built target ament_cmake_python_copy_msgs
running egg_info
creating msgs.egg-info
writing msgs.egg-info/PKG-INFO
writing dependency_links to msgs.egg-info/dependency_links.txt
writing top-level names to msgs.egg-info/top_level.txt
writing manifest file 'msgs.egg-info/SOURCES.txt'
reading manifest file 'msgs.egg-info/SOURCES.txt'
writing manifest file 'msgs.egg-info/SOURCES.txt'
[  5%] Built target msgs__rosidl_generator_type_description
[  8%] [34m[1mGenerating C code for ROS interfaces[0m
[ 11%] [34m[1mGenerating C++ code for ROS interfaces[0m
[ 11%] Built target ament_cmake_python_build_msgs_egg
[ 11%] Built target msgs__rs
[ 11%] Built target msgs__cpp
[ 14%] [32mBuilding C object CMakeFiles/msgs__rosidl_generator_c.dir/rosidl_generator_c/msgs/action/detail/countdown__description.c.o[0m
[ 17%] [32mBuilding C object CMakeFiles/msgs__rosidl_generator_c.dir/rosidl_generator_c/msgs/action/detail/countdown__type_support.c.o[0m
[ 20%] [32mBuilding C object CMakeFiles/msgs__rosidl_generator_c.dir/rosidl_generator_c/msgs/action/detail/countdown__functions.c.o[0m
[ 22%] [32m[1mLinking C shared library libmsgs__rosidl_generator_c.so[0m
[ 22%] Built target msgs__rosidl_generator_c
[ 28%] [34m[1mGenerating C type support for eProsima Fast-RTPS[0m
[ 31%] [34m[1mGenerating C introspection for ROS interfaces[0m
[ 31%] [34m[1mGenerating C type support dispatch for ROS interfaces[0m
[ 34%] [34m[1mGenerating C++ type support for eProsima Fast-RTPS[0m
[ 37%] [34m[1mGenerating C++ introspection for ROS interfaces[0m
[ 40%] [34m[1mGenerating C++ type support dispatch for ROS interfaces[0m
[ 45%] [32mBuilding CXX object CMakeFiles/msgs__rosidl_typesupport_cpp.dir/rosidl_typesupport_cpp/msgs/action/countdown__type_support.cpp.o[0m
[ 45%] [32mBuilding CXX object CMakeFiles/msgs__rosidl_typesupport_c.dir/rosidl_typesupport_c/msgs/action/countdown__type_support.cpp.o[0m
[ 48%] [32mBuilding CXX object CMakeFiles/msgs__rosidl_typesupport_introspection_cpp.dir/rosidl_typesupport_introspection_cpp/msgs/action/detail/countdown__type_support.cpp.o[0m
[ 51%] [32mBuilding C object CMakeFiles/msgs__rosidl_typesupport_introspection_c.dir/rosidl_typesupport_introspection_c/msgs/action/detail/countdown__type_support.c.o[0m
[ 54%] [32m[1mLinking CXX shared library libmsgs__rosidl_typesupport_c.so[0m
[ 54%] Built target msgs__rosidl_typesupport_c
[ 57%] [32m[1mLinking C shared library libmsgs__rosidl_typesupport_introspection_c.so[0m
[ 60%] [32mBuilding CXX object CMakeFiles/msgs__rosidl_typesupport_fastrtps_cpp.dir/rosidl_typesupport_fastrtps_cpp/msgs/action/detail/dds_fastrtps/countdown__type_support.cpp.o[0m
[ 60%] Built target msgs__rosidl_typesupport_introspection_c
[ 62%] [32mBuilding CXX object CMakeFiles/msgs__rosidl_typesupport_fastrtps_c.dir/rosidl_typesupport_fastrtps_c/msgs/action/detail/countdown__type_support_c.cpp.o[0m
[ 65%] [32m[1mLinking CXX shared library libmsgs__rosidl_typesupport_cpp.so[0m
[ 65%] Built target msgs__rosidl_typesupport_cpp
[ 68%] [32m[1mLinking CXX shared library libmsgs__rosidl_typesupport_introspection_cpp.so[0m
[ 71%] [32m[1mLinking CXX shared library libmsgs__rosidl_typesupport_fastrtps_c.so[0m
[ 71%] Built target msgs__rosidl_typesupport_introspection_cpp
[ 71%] Built target msgs__rosidl_typesupport_fastrtps_c
[ 74%] [32m[1mLinking CXX shared library libmsgs__rosidl_typesupport_fastrtps_cpp.so[0m
[ 74%] Built target msgs__rosidl_typesupport_fastrtps_cpp
[ 74%] Built target msgs
[ 77%] [34m[1mGenerating Python code for ROS interfaces[0m
[ 77%] Built target msgs__py
[ 80%] [32mBuilding C object CMakeFiles/msgs__rosidl_generator_py.dir/rosidl_generator_py/msgs/action/_countdown_s.c.o[0m
[ 82%] [32m[1mLinking C shared library libmsgs__rosidl_generator_py.so[0m
[ 82%] Built target msgs__rosidl_generator_py
[ 85%] [32mBuilding C object CMakeFiles/msgs_s__rosidl_typesupport_introspection_c.dir/rosidl_generator_py/msgs/_msgs_s.ep.rosidl_typesupport_introspection_c.c.o[0m
[ 88%] [32mBuilding C object CMakeFiles/msgs_s__rosidl_typesupport_fastrtps_c.dir/rosidl_generator_py/msgs/_msgs_s.ep.rosidl_typesupport_fastrtps_c.c.o[0m
[ 91%] [32mBuilding C object CMakeFiles/msgs_s__rosidl_typesupport_c.dir/rosidl_generator_py/msgs/_msgs_s.ep.rosidl_typesupport_c.c.o[0m
[ 97%] [32m[1mLinking C shared module rosidl_generator_py/msgs/msgs_s__rosidl_typesupport_introspection_c.so[0m
[ 97%] [32m[1mLinking C shared module rosidl_generator_py/msgs/msgs_s__rosidl_typesupport_c.so[0m
[100%] [32m[1mLinking C shared module rosidl_generator_py/msgs/msgs_s__rosidl_typesupport_fastrtps_c.so[0m
[100%] Built target msgs_s__rosidl_typesupport_introspection_c
[100%] Built target msgs_s__rosidl_typesupport_fastrtps_c
[100%] Built target msgs_s__rosidl_typesupport_c
-- Install configuration: ""
-- Installing: /home/yang/proj/ros-prac/learn4/install/msgs/share/ament_index/resource_index/rosidl_interfaces/msgs
-- Installing: /home/yang/proj/ros-prac/learn4/install/msgs/share/msgs/action/Countdown.json
-- Installing: /home/yang/proj/ros-prac/learn4/install/msgs/include/msgs/msgs
-- Installing: /home/yang/proj/ros-prac/learn4/install/msgs/include/msgs/msgs/msg
-- Installing: /home/yang/proj/ros-prac/learn4/install/msgs/include/msgs/msgs/msg/rosidl_generator_c__visibility_control.h
-- Installing: /home/yang/proj/ros-prac/learn4/install/msgs/include/msgs/msgs/action
-- Installing: /home/yang/proj/ros-prac/learn4/install/msgs/include/msgs/msgs/action/countdown.h
-- Installing: /home/yang/proj/ros-prac/learn4/install/msgs/include/msgs/msgs/action/detail
-- Installing: /home/yang/proj/ros-prac/learn4/install/msgs/include/msgs/msgs/action/detail/countdown__description.c
-- Installing: /home/yang/proj/ros-prac/learn4/install/msgs/include/msgs/msgs/action/detail/countdown__functions.c
-- Installing: /home/yang/proj/ros-prac/learn4/install/msgs/include/msgs/msgs/action/detail/countdown__functions.h
-- Installing: /home/yang/proj/ros-prac/learn4/install/msgs/include/msgs/msgs/action/detail/countdown__struct.h
-- Installing: /home/yang/proj/ros-prac/learn4/install/msgs/include/msgs/msgs/action/detail/countdown__type_support.c
-- Installing: /home/yang/proj/ros-prac/learn4/install/msgs/include/msgs/msgs/action/detail/countdown__type_support.h
-- Installing: /home/yang/proj/ros-prac/learn4/install/msgs/share/msgs/environment/library_path.sh
-- Installing: /home/yang/proj/ros-prac/learn4/install/msgs/share/msgs/environment/library_path.dsv
-- Installing: /home/yang/proj/ros-prac/learn4/install/msgs/lib/libmsgs__rosidl_generator_c.so
-- Set non-toolchain portion of runtime path of "/home/yang/proj/ros-prac/learn4/install/msgs/lib/libmsgs__rosidl_generator_c.so" to ""
-- Up-to-date: /home/yang/proj/ros-prac/learn4/install/msgs/include/msgs/msgs
-- Up-to-date: /home/yang/proj/ros-prac/learn4/install/msgs/include/msgs/msgs/msg
-- Installing: /home/yang/proj/ros-prac/learn4/install/msgs/include/msgs/msgs/msg/rosidl_typesupport_fastrtps_c__visibility_control.h
-- Up-to-date: /home/yang/proj/ros-prac/learn4/install/msgs/include/msgs/msgs/action
-- Up-to-date: /home/yang/proj/ros-prac/learn4/install/msgs/include/msgs/msgs/action/detail
-- Installing: /home/yang/proj/ros-prac/learn4/install/msgs/include/msgs/msgs/action/detail/countdown__rosidl_typesupport_fastrtps_c.h
-- Installing: /home/yang/proj/ros-prac/learn4/install/msgs/lib/libmsgs__rosidl_typesupport_fastrtps_c.so
-- Set non-toolchain portion of runtime path of "/home/yang/proj/ros-prac/learn4/install/msgs/lib/libmsgs__rosidl_typesupport_fastrtps_c.so" to ""
-- Up-to-date: /home/yang/proj/ros-prac/learn4/install/msgs/include/msgs/msgs
-- Up-to-date: /home/yang/proj/ros-prac/learn4/install/msgs/include/msgs/msgs/msg
-- Installing: /home/yang/proj/ros-prac/learn4/install/msgs/include/msgs/msgs/msg/rosidl_typesupport_introspection_c__visibility_control.h
-- Up-to-date: /home/yang/proj/ros-prac/learn4/install/msgs/include/msgs/msgs/action
-- Up-to-date: /home/yang/proj/ros-prac/learn4/install/msgs/include/msgs/msgs/action/detail
-- Installing: /home/yang/proj/ros-prac/learn4/install/msgs/include/msgs/msgs/action/detail/countdown__rosidl_typesupport_introspection_c.h
-- Up-to-date: /home/yang/proj/ros-prac/learn4/install/msgs/include/msgs/msgs/action/detail/countdown__type_support.c
-- Installing: /home/yang/proj/ros-prac/learn4/install/msgs/lib/libmsgs__rosidl_typesupport_introspection_c.so
-- Set non-toolchain portion of runtime path of "/home/yang/proj/ros-prac/learn4/install/msgs/lib/libmsgs__rosidl_typesupport_introspection_c.so" to ""
-- Installing: /home/yang/proj/ros-prac/learn4/install/msgs/lib/libmsgs__rosidl_typesupport_c.so
-- Set non-toolchain portion of runtime path of "/home/yang/proj/ros-prac/learn4/install/msgs/lib/libmsgs__rosidl_typesupport_c.so" to ""
-- Up-to-date: /home/yang/proj/ros-prac/learn4/install/msgs/include/msgs/msgs
-- Up-to-date: /home/yang/proj/ros-prac/learn4/install/msgs/include/msgs/msgs/msg
-- Installing: /home/yang/proj/ros-prac/learn4/install/msgs/include/msgs/msgs/msg/rosidl_generator_cpp__visibility_control.hpp
-- Up-to-date: /home/yang/proj/ros-prac/learn4/install/msgs/include/msgs/msgs/action
-- Installing: /home/yang/proj/ros-prac/learn4/install/msgs/include/msgs/msgs/action/countdown.hpp
-- Up-to-date: /home/yang/proj/ros-prac/learn4/install/msgs/include/msgs/msgs/action/detail
-- Installing: /home/yang/proj/ros-prac/learn4/install/msgs/include/msgs/msgs/action/detail/countdown__builder.hpp
-- Installing: /home/yang/proj/ros-prac/learn4/install/msgs/include/msgs/msgs/action/detail/countdown__struct.hpp
-- Installing: /home/yang/proj/ros-prac/learn4/install/msgs/include/msgs/msgs/action/detail/countdown__traits.hpp
-- Installing: /home/yang/proj/ros-prac/learn4/install/msgs/include/msgs/msgs/action/detail/countdown__type_support.hpp
-- Up-to-date: /home/yang/proj/ros-prac/learn4/install/msgs/include/msgs/msgs
-- Up-to-date: /home/yang/proj/ros-prac/learn4/install/msgs/include/msgs/msgs/msg
-- Installing: /home/yang/proj/ros-prac/learn4/install/msgs/include/msgs/msgs/msg/rosidl_typesupport_fastrtps_cpp__visibility_control.h
-- Up-to-date: /home/yang/proj/ros-prac/learn4/install/msgs/include/msgs/msgs/action
-- Up-to-date: /home/yang/proj/ros-prac/learn4/install/msgs/include/msgs/msgs/action/detail
-- Installing: /home/yang/proj/ros-prac/learn4/install/msgs/include/msgs/msgs/action/detail/countdown__rosidl_typesupport_fastrtps_cpp.hpp
-- Installing: /home/yang/proj/ros-prac/learn4/install/msgs/include/msgs/msgs/action/detail/dds_fastrtps
-- Installing: /home/yang/proj/ros-prac/learn4/install/msgs/lib/libmsgs__rosidl_typesupport_fastrtps_cpp.so
-- Set non-toolchain portion of runtime path of "/home/yang/proj/ros-prac/learn4/install/msgs/lib/libmsgs__rosidl_typesupport_fastrtps_cpp.so" to ""
-- Up-to-date: /home/yang/proj/ros-prac/learn4/install/msgs/include/msgs/msgs
-- Up-to-date: /home/yang/proj/ros-prac/learn4/install/msgs/include/msgs/msgs/action
-- Up-to-date: /home/yang/proj/ros-prac/learn4/install/msgs/include/msgs/msgs/action/detail
-- Installing: /home/yang/proj/ros-prac/learn4/install/msgs/include/msgs/msgs/action/detail/countdown__rosidl_typesupport_introspection_cpp.hpp
-- Installing: /home/yang/proj/ros-prac/learn4/install/msgs/include/msgs/msgs/action/detail/countdown__type_support.cpp
-- Installing: /home/yang/proj/ros-prac/learn4/install/msgs/lib/libmsgs__rosidl_typesupport_introspection_cpp.so
-- Set non-toolchain portion of runtime path of "/home/yang/proj/ros-prac/learn4/install/msgs/lib/libmsgs__rosidl_typesupport_introspection_cpp.so" to ""
-- Installing: /home/yang/proj/ros-prac/learn4/install/msgs/lib/libmsgs__rosidl_typesupport_cpp.so
-- Set non-toolchain portion of runtime path of "/home/yang/proj/ros-prac/learn4/install/msgs/lib/libmsgs__rosidl_typesupport_cpp.so" to ""
-- Installing: /home/yang/proj/ros-prac/learn4/install/msgs/share/msgs/environment/pythonpath.sh
-- Installing: /home/yang/proj/ros-prac/learn4/install/msgs/share/msgs/environment/pythonpath.dsv
-- Installing: /home/yang/proj/ros-prac/learn4/install/msgs/lib/python3.12/site-packages/msgs-0.0.0-py3.12.egg-info
-- Installing: /home/yang/proj/ros-prac/learn4/install/msgs/lib/python3.12/site-packages/msgs-0.0.0-py3.12.egg-info/PKG-INFO
-- Installing: /home/yang/proj/ros-prac/learn4/install/msgs/lib/python3.12/site-packages/msgs-0.0.0-py3.12.egg-info/dependency_links.txt
-- Installing: /home/yang/proj/ros-prac/learn4/install/msgs/lib/python3.12/site-packages/msgs-0.0.0-py3.12.egg-info/top_level.txt
-- Installing: /home/yang/proj/ros-prac/learn4/install/msgs/lib/python3.12/site-packages/msgs-0.0.0-py3.12.egg-info/SOURCES.txt
-- Installing: /home/yang/proj/ros-prac/learn4/install/msgs/lib/python3.12/site-packages/msgs
-- Installing: /home/yang/proj/ros-prac/learn4/install/msgs/lib/python3.12/site-packages/msgs/__init__.py
-- Installing: /home/yang/proj/ros-prac/learn4/install/msgs/lib/python3.12/site-packages/msgs/action
-- Installing: /home/yang/proj/ros-prac/learn4/install/msgs/lib/python3.12/site-packages/msgs/action/_countdown.py
-- Installing: /home/yang/proj/ros-prac/learn4/install/msgs/lib/python3.12/site-packages/msgs/action/_countdown_s.c
-- Installing: /home/yang/proj/ros-prac/learn4/install/msgs/lib/python3.12/site-packages/msgs/action/__init__.py
-- Installing: /home/yang/proj/ros-prac/learn4/install/msgs/lib/python3.12/site-packages/msgs/_msgs_s.ep.rosidl_typesupport_fastrtps_c.c
-- Installing: /home/yang/proj/ros-prac/learn4/install/msgs/lib/python3.12/site-packages/msgs/_msgs_s.ep.rosidl_typesupport_introspection_c.c
-- Installing: /home/yang/proj/ros-prac/learn4/install/msgs/lib/python3.12/site-packages/msgs/_msgs_s.ep.rosidl_typesupport_c.c
-- Installing: /home/yang/proj/ros-prac/learn4/install/msgs/lib/python3.12/site-packages/msgs/msgs_s__rosidl_typesupport_c.so
-- Installing: /home/yang/proj/ros-prac/learn4/install/msgs/lib/python3.12/site-packages/msgs/msgs_s__rosidl_typesupport_introspection_c.so
-- Installing: /home/yang/proj/ros-prac/learn4/install/msgs/lib/python3.12/site-packages/msgs/msgs_s__rosidl_typesupport_fastrtps_c.so
Listing '/home/yang/proj/ros-prac/learn4/install/msgs/lib/python3.12/site-packages/msgs'...
Compiling '/home/yang/proj/ros-prac/learn4/install/msgs/lib/python3.12/site-packages/msgs/__init__.py'...
Listing '/home/yang/proj/ros-prac/learn4/install/msgs/lib/python3.12/site-packages/msgs/action'...
Compiling '/home/yang/proj/ros-prac/learn4/install/msgs/lib/python3.12/site-packages/msgs/action/__init__.py'...
Compiling '/home/yang/proj/ros-prac/learn4/install/msgs/lib/python3.12/site-packages/msgs/action/_countdown.py'...
-- Installing: /home/yang/proj/ros-prac/learn4/install/msgs/lib/python3.12/site-packages/msgs/msgs_s__rosidl_typesupport_fastrtps_c.so
-- Set non-toolchain portion of runtime path of "/home/yang/proj/ros-prac/learn4/install/msgs/lib/python3.12/site-packages/msgs/msgs_s__rosidl_typesupport_fastrtps_c.so" to ""
-- Installing: /home/yang/proj/ros-prac/learn4/install/msgs/lib/python3.12/site-packages/msgs/msgs_s__rosidl_typesupport_introspection_c.so
-- Set non-toolchain portion of runtime path of "/home/yang/proj/ros-prac/learn4/install/msgs/lib/python3.12/site-packages/msgs/msgs_s__rosidl_typesupport_introspection_c.so" to ""
-- Installing: /home/yang/proj/ros-prac/learn4/install/msgs/lib/python3.12/site-packages/msgs/msgs_s__rosidl_typesupport_c.so
-- Set non-toolchain portion of runtime path of "/home/yang/proj/ros-prac/learn4/install/msgs/lib/python3.12/site-packages/msgs/msgs_s__rosidl_typesupport_c.so" to ""
-- Installing: /home/yang/proj/ros-prac/learn4/install/msgs/lib/libmsgs__rosidl_generator_py.so
-- Set non-toolchain portion of runtime path of "/home/yang/proj/ros-prac/learn4/install/msgs/lib/libmsgs__rosidl_generator_py.so" to ""
-- Installing: /home/yang/proj/ros-prac/learn4/install/msgs/share/ament_index/resource_index/rust_packages/msgs
-- Installing: /home/yang/proj/ros-prac/learn4/install/msgs/share/msgs/rust
-- Installing: /home/yang/proj/ros-prac/learn4/install/msgs/share/msgs/rust/src
-- Installing: /home/yang/proj/ros-prac/learn4/install/msgs/share/msgs/rust/src/action.rs
-- Installing: /home/yang/proj/ros-prac/learn4/install/msgs/share/msgs/rust/src/action
-- Installing: /home/yang/proj/ros-prac/learn4/install/msgs/share/msgs/rust/src/action/rmw.rs
-- Installing: /home/yang/proj/ros-prac/learn4/install/msgs/share/msgs/rust/src/lib.rs
-- Installing: /home/yang/proj/ros-prac/learn4/install/msgs/share/msgs/rust/Cargo.toml
-- Installing: /home/yang/proj/ros-prac/learn4/install/msgs/share/msgs/rust/build.rs
-- Installing: /home/yang/proj/ros-prac/learn4/install/msgs/share/msgs/action/Countdown.idl
-- Installing: /home/yang/proj/ros-prac/learn4/install/msgs/share/msgs/action/Countdown.action
-- Installing: /home/yang/proj/ros-prac/learn4/install/msgs/share/ament_index/resource_index/package_run_dependencies/msgs
-- Up-to-date: /home/yang/proj/ros-prac/learn4/install/msgs/share/ament_index/resource_index/parent_prefix_path/msgs
-- Up-to-date: /home/yang/proj/ros-prac/learn4/install/msgs/share/msgs/environment/ament_prefix_path.sh
-- Up-to-date: /home/yang/proj/ros-prac/learn4/install/msgs/share/msgs/environment/ament_prefix_path.dsv
-- Up-to-date: /home/yang/proj/ros-prac/learn4/install/msgs/share/msgs/environment/path.sh
-- Up-to-date: /home/yang/proj/ros-prac/learn4/install/msgs/share/msgs/environment/path.dsv
-- Up-to-date: /home/yang/proj/ros-prac/learn4/install/msgs/share/msgs/local_setup.bash
-- Installing: /home/yang/proj/ros-prac/learn4/install/msgs/share/msgs/local_setup.sh
-- Up-to-date: /home/yang/proj/ros-prac/learn4/install/msgs/share/msgs/local_setup.zsh
-- Installing: /home/yang/proj/ros-prac/learn4/install/msgs/share/msgs/local_setup.dsv
-- Installing: /home/yang/proj/ros-prac/learn4/install/msgs/share/msgs/package.dsv
-- Up-to-date: /home/yang/proj/ros-prac/learn4/install/msgs/share/ament_index/resource_index/packages/msgs
-- Installing: /home/yang/proj/ros-prac/learn4/install/msgs/share/msgs/cmake/export_msgs__rosidl_generator_cExport.cmake
-- Installing: /home/yang/proj/ros-prac/learn4/install/msgs/share/msgs/cmake/export_msgs__rosidl_generator_cExport-noconfig.cmake
-- Installing: /home/yang/proj/ros-prac/learn4/install/msgs/share/msgs/cmake/export_msgs__rosidl_typesupport_fastrtps_cExport.cmake
-- Installing: /home/yang/proj/ros-prac/learn4/install/msgs/share/msgs/cmake/export_msgs__rosidl_typesupport_fastrtps_cExport-noconfig.cmake
-- Installing: /home/yang/proj/ros-prac/learn4/install/msgs/share/msgs/cmake/msgs__rosidl_typesupport_introspection_cExport.cmake
-- Installing: /home/yang/proj/ros-prac/learn4/install/msgs/share/msgs/cmake/msgs__rosidl_typesupport_introspection_cExport-noconfig.cmake
-- Installing: /home/yang/proj/ros-prac/learn4/install/msgs/share/msgs/cmake/msgs__rosidl_typesupport_cExport.cmake
-- Installing: /home/yang/proj/ros-prac/learn4/install/msgs/share/msgs/cmake/msgs__rosidl_typesupport_cExport-noconfig.cmake
-- Installing: /home/yang/proj/ros-prac/learn4/install/msgs/share/msgs/cmake/export_msgs__rosidl_generator_cppExport.cmake
-- Installing: /home/yang/proj/ros-prac/learn4/install/msgs/share/msgs/cmake/export_msgs__rosidl_typesupport_fastrtps_cppExport.cmake
-- Installing: /home/yang/proj/ros-prac/learn4/install/msgs/share/msgs/cmake/export_msgs__rosidl_typesupport_fastrtps_cppExport-noconfig.cmake
-- Installing: /home/yang/proj/ros-prac/learn4/install/msgs/share/msgs/cmake/msgs__rosidl_typesupport_introspection_cppExport.cmake
-- Installing: /home/yang/proj/ros-prac/learn4/install/msgs/share/msgs/cmake/msgs__rosidl_typesupport_introspection_cppExport-noconfig.cmake
-- Installing: /home/yang/proj/ros-prac/learn4/install/msgs/share/msgs/cmake/msgs__rosidl_typesupport_cppExport.cmake
-- Installing: /home/yang/proj/ros-prac/learn4/install/msgs/share/msgs/cmake/msgs__rosidl_typesupport_cppExport-noconfig.cmake
-- Installing: /home/yang/proj/ros-prac/learn4/install/msgs/share/msgs/cmake/export_msgs__rosidl_generator_pyExport.cmake
-- Installing: /home/yang/proj/ros-prac/learn4/install/msgs/share/msgs/cmake/export_msgs__rosidl_generator_pyExport-noconfig.cmake
-- Installing: /home/yang/proj/ros-prac/learn4/install/msgs/share/msgs/cmake/rosidl_cmake-extras.cmake
-- Installing: /home/yang/proj/ros-prac/learn4/install/msgs/share/msgs/cmake/ament_cmake_export_dependencies-extras.cmake
-- Installing: /home/yang/proj/ros-prac/learn4/install/msgs/share/msgs/cmake/ament_cmake_export_include_directories-extras.cmake
-- Installing: /home/yang/proj/ros-prac/learn4/install/msgs/share/msgs/cmake/ament_cmake_export_libraries-extras.cmake
-- Installing: /home/yang/proj/ros-prac/learn4/install/msgs/share/msgs/cmake/ament_cmake_export_targets-extras.cmake
-- Installing: /home/yang/proj/ros-prac/learn4/install/msgs/share/msgs/cmake/rosidl_cmake_export_typesupport_targets-extras.cmake
-- Installing: /home/yang/proj/ros-prac/learn4/install/msgs/share/msgs/cmake/rosidl_cmake_export_typesupport_libraries-extras.cmake
-- Installing: /home/yang/proj/ros-prac/learn4/install/msgs/share/msgs/cmake/msgsConfig.cmake
-- Up-to-date: /home/yang/proj/ros-prac/learn4/install/msgs/share/msgs/cmake/msgsConfig-version.cmake
-- Installing: /home/yang/proj/ros-prac/learn4/install/msgs/share/msgs/package.xml
