[0.002s] Invoking command in '/home/yang/proj/ros-prac/learn7/build/nodes': CMAKE_PREFIX_PATH=${CMAKE_PREFIX_PATH}:/opt/ros/jazzy /usr/bin/cmake /home/yang/proj/ros-prac/learn7/src/nodes -DCMAKE_EXPORT_COMPILE_COMMANDS=ON -DCMAKE_INSTALL_PREFIX=/home/yang/proj/ros-prac/learn7/install/nodes
[0.033s] -- The C compiler identification is GNU 13.3.0
[0.058s] -- The CXX compiler identification is GNU 13.3.0
[0.063s] -- Detecting C compiler ABI info
[0.092s] -- Detecting C compiler ABI info - done
[0.096s] -- Check for working C compiler: /usr/bin/cc - skipped
[0.097s] -- Detecting C compile features
[0.097s] -- Detecting C compile features - done
[0.100s] -- Detecting CXX compiler ABI info
[0.130s] -- Detecting CXX compiler ABI info - done
[0.134s] -- Check for working CXX compiler: /usr/bin/c++ - skipped
[0.134s] -- Detecting CXX compile features
[0.134s] -- Detecting CXX compile features - done
[0.135s] -- Found ament_cmake: 2.5.6 (/opt/ros/jazzy/share/ament_cmake/cmake)
[0.172s] -- Found Python3: /usr/bin/python3 (found version "3.12.3") found components: Interpreter 
[0.203s] -- Found rclcpp: 28.1.18 (/opt/ros/jazzy/share/rclcpp/cmake)
[0.212s] -- Found rosidl_generator_c: 4.6.7 (/opt/ros/jazzy/share/rosidl_generator_c/cmake)
[0.215s] -- Found rosidl_generator_cpp: 4.6.7 (/opt/ros/jazzy/share/rosidl_generator_cpp/cmake)
[0.220s] -- Using all available rosidl_typesupport_c: rosidl_typesupport_fastrtps_c;rosidl_typesupport_introspection_c
[0.225s] -- Using all available rosidl_typesupport_cpp: rosidl_typesupport_fastrtps_cpp;rosidl_typesupport_introspection_cpp
[0.247s] -- Found rmw_implementation_cmake: 7.3.3 (/opt/ros/jazzy/share/rmw_implementation_cmake/cmake)
[0.248s] -- Found rmw_fastrtps_cpp: 8.4.3 (/opt/ros/jazzy/share/rmw_fastrtps_cpp/cmake)
[0.267s] -- Found OpenSSL: /usr/lib/aarch64-linux-gnu/libcrypto.so (found version "3.0.13")  
[0.270s] -- Found FastRTPS: /opt/ros/jazzy/include (Required is at least version "2.13") 
[0.278s] -- Using RMW implementation 'rmw_fastrtps_cpp' as default
[0.300s] -- Found tf2: 0.36.20 (/opt/ros/jazzy/share/tf2/cmake)
[0.316s] -- Found tf2_ros: 0.36.20 (/opt/ros/jazzy/share/tf2_ros/cmake)
[0.358s] -- Found tf2_geometry_msgs: 0.36.20 (/opt/ros/jazzy/share/tf2_geometry_msgs/cmake)
[0.362s] -- Found eigen3_cmake_module: 0.3.0 (/opt/ros/jazzy/share/eigen3_cmake_module/cmake)
[0.363s] -- Found Eigen3: TRUE (found version "3.4.0") 
[0.363s] -- Ensuring Eigen3 include directory is part of orocos-kdl CMake target
[0.397s] -- Configuring done (0.4s)
[0.399s] -- Generating done (0.0s)
[0.399s] -- Build files have been written to: /home/yang/proj/ros-prac/learn7/build/nodes
[0.403s] Invoked command in '/home/yang/proj/ros-prac/learn7/build/nodes' returned '0': CMAKE_PREFIX_PATH=${CMAKE_PREFIX_PATH}:/opt/ros/jazzy /usr/bin/cmake /home/yang/proj/ros-prac/learn7/src/nodes -DCMAKE_EXPORT_COMPILE_COMMANDS=ON -DCMAKE_INSTALL_PREFIX=/home/yang/proj/ros-prac/learn7/install/nodes
[0.403s] Invoking command in '/home/yang/proj/ros-prac/learn7/build/nodes': CMAKE_PREFIX_PATH=${CMAKE_PREFIX_PATH}:/opt/ros/jazzy /usr/bin/cmake --build /home/yang/proj/ros-prac/learn7/build/nodes -- -j10 -l10
[0.417s] [ 50%] [32mBuilding CXX object CMakeFiles/static_broadcaster.dir/src/static_broadcaster.cpp.o[0m
[0.425s] [100%] [32m[1mLinking CXX executable static_broadcaster[0m
[0.437s] [100%] Built target static_broadcaster
[0.440s] Invoked command in '/home/yang/proj/ros-prac/learn7/build/nodes' returned '0': CMAKE_PREFIX_PATH=${CMAKE_PREFIX_PATH}:/opt/ros/jazzy /usr/bin/cmake --build /home/yang/proj/ros-prac/learn7/build/nodes -- -j10 -l10
[0.443s] Invoking command in '/home/yang/proj/ros-prac/learn7/build/nodes': CMAKE_PREFIX_PATH=${CMAKE_PREFIX_PATH}:/opt/ros/jazzy /usr/bin/cmake --install /home/yang/proj/ros-prac/learn7/build/nodes
[0.445s] -- Install configuration: ""
[0.445s] -- Installing: /home/yang/proj/ros-prac/learn7/install/nodes/share/ament_index/resource_index/package_run_dependencies/nodes
[0.445s] -- Installing: /home/yang/proj/ros-prac/learn7/install/nodes/share/ament_index/resource_index/parent_prefix_path/nodes
[0.445s] -- Installing: /home/yang/proj/ros-prac/learn7/install/nodes/share/nodes/environment/ament_prefix_path.sh
[0.445s] -- Installing: /home/yang/proj/ros-prac/learn7/install/nodes/share/nodes/environment/ament_prefix_path.dsv
[0.445s] -- Installing: /home/yang/proj/ros-prac/learn7/install/nodes/share/nodes/environment/path.sh
[0.445s] -- Installing: /home/yang/proj/ros-prac/learn7/install/nodes/share/nodes/environment/path.dsv
[0.445s] -- Installing: /home/yang/proj/ros-prac/learn7/install/nodes/share/nodes/local_setup.bash
[0.445s] -- Installing: /home/yang/proj/ros-prac/learn7/install/nodes/share/nodes/local_setup.sh
[0.445s] -- Installing: /home/yang/proj/ros-prac/learn7/install/nodes/share/nodes/local_setup.zsh
[0.446s] -- Installing: /home/yang/proj/ros-prac/learn7/install/nodes/share/nodes/local_setup.dsv
[0.446s] -- Installing: /home/yang/proj/ros-prac/learn7/install/nodes/share/nodes/package.dsv
[0.446s] -- Installing: /home/yang/proj/ros-prac/learn7/install/nodes/share/ament_index/resource_index/packages/nodes
[0.446s] -- Installing: /home/yang/proj/ros-prac/learn7/install/nodes/share/nodes/cmake/nodesConfig.cmake
[0.446s] -- Installing: /home/yang/proj/ros-prac/learn7/install/nodes/share/nodes/cmake/nodesConfig-version.cmake
[0.446s] -- Installing: /home/yang/proj/ros-prac/learn7/install/nodes/share/nodes/package.xml
[0.447s] Invoked command in '/home/yang/proj/ros-prac/learn7/build/nodes' returned '0': CMAKE_PREFIX_PATH=${CMAKE_PREFIX_PATH}:/opt/ros/jazzy /usr/bin/cmake --install /home/yang/proj/ros-prac/learn7/build/nodes
