-- The C compiler identification is GNU 13.3.0
-- The CXX compiler identification is GNU 13.3.0
-- Detecting C compiler ABI info
-- Detecting C compiler ABI info - done
-- Check for working C compiler: /usr/bin/cc - skipped
-- Detecting C compile features
-- Detecting C compile features - done
-- Detecting CXX compiler ABI info
-- Detecting CXX compiler ABI info - done
-- Check for working CXX compiler: /usr/bin/c++ - skipped
-- Detecting CXX compile features
-- Detecting CXX compile features - done
-- Found ament_cmake: 2.5.6 (/opt/ros/jazzy/share/ament_cmake/cmake)
-- Found Python3: /usr/bin/python3 (found version "3.12.3") found components: Interpreter 
[31mCMake Error at CMakeLists.txt:9 (find_package):
  By not providing "Findsensor.cmake" in CMAKE_MODULE_PATH this project has
  asked CMake to find a package configuration file provided by "sensor", but
  CMake did not find one.

  Could not find a package configuration file provided by "sensor" with any
  of the following names:

    sensorConfig.cmake
    sensor-config.cmake

  Add the installation prefix of "sensor" to CMAKE_PREFIX_PATH or set
  "sensor_DIR" to a directory containing one of the above files.  If "sensor"
  provides a separate development package or SDK, be sure it has been
  installed.

[0m
-- Configuring incomplete, errors occurred!
