[0.002s] Invoking command in '/home/yang/proj/ros-prac/task1/src/nodes/build/nodes': CMAKE_PREFIX_PATH=${CMAKE_PREFIX_PATH}:/opt/ros/jazzy /usr/bin/cmake /home/yang/proj/ros-prac/task1/src/nodes -DCMAKE_EXPORT_COMPILE_COMMANDS=ON -DCMAKE_INSTALL_PREFIX=/home/yang/proj/ros-prac/task1/src/nodes/install/nodes
[0.026s] -- The C compiler identification is GNU 13.3.0
[0.046s] -- The CXX compiler identification is GNU 13.3.0
[0.050s] -- Detecting C compiler ABI info
[0.078s] -- Detecting C compiler ABI info - done
[0.082s] -- Check for working C compiler: /usr/bin/cc - skipped
[0.082s] -- Detecting C compile features
[0.082s] -- Detecting C compile features - done
[0.086s] -- Detecting CXX compiler ABI info
[0.115s] -- Detecting CXX compiler ABI info - done
[0.119s] -- Check for working CXX compiler: /usr/bin/c++ - skipped
[0.119s] -- Detecting CXX compile features
[0.119s] -- Detecting CXX compile features - done
[0.120s] -- Found ament_cmake: 2.5.6 (/opt/ros/jazzy/share/ament_cmake/cmake)
[0.157s] -- Found Python3: /usr/bin/python3 (found version "3.12.3") found components: Interpreter 
[0.187s] [31mCMake Error at CMakeLists.txt:9 (find_package):
[0.187s]   By not providing "Findsensor.cmake" in CMAKE_MODULE_PATH this project has
[0.187s]   asked CMake to find a package configuration file provided by "sensor", but
[0.187s]   CMake did not find one.
[0.187s] 
[0.187s]   Could not find a package configuration file provided by "sensor" with any
[0.187s]   of the following names:
[0.187s] 
[0.187s]     sensorConfig.cmake
[0.187s]     sensor-config.cmake
[0.187s] 
[0.187s]   Add the installation prefix of "sensor" to CMAKE_PREFIX_PATH or set
[0.187s]   "sensor_DIR" to a directory containing one of the above files.  If "sensor"
[0.187s]   provides a separate development package or SDK, be sure it has been
[0.187s]   installed.
[0.187s] 
[0.187s] [0m
[0.187s] -- Configuring incomplete, errors occurred!
[0.189s] Invoked command in '/home/yang/proj/ros-prac/task1/src/nodes/build/nodes' returned '1': CMAKE_PREFIX_PATH=${CMAKE_PREFIX_PATH}:/opt/ros/jazzy /usr/bin/cmake /home/yang/proj/ros-prac/task1/src/nodes -DCMAKE_EXPORT_COMPILE_COMMANDS=ON -DCMAKE_INSTALL_PREFIX=/home/yang/proj/ros-prac/task1/src/nodes/install/nodes
