[0.009s] Invoking command in '/home/yang/Desktop/proj/ros-prac/build/p0': CMAKE_PREFIX_PATH=/opt/ros/humble /usr/local/bin/cmake /home/yang/Desktop/proj/ros-prac/src/p0 -DCMAKE_EXPORT_COMPILE_COMMANDS=ON -DCMAKE_INSTALL_PREFIX=/home/yang/Desktop/proj/ros-prac/install/p0
[0.124s] -- The C compiler identification is GNU 11.4.0
[0.219s] -- The CXX compiler identification is GNU 11.4.0
[0.233s] -- Detecting C compiler ABI info
[0.292s] -- Detecting C compiler ABI info - done
[0.305s] -- Check for working C compiler: /usr/bin/cc - skipped
[0.306s] -- Detecting C compile features
[0.306s] -- Detecting C compile features - done
[0.310s] -- Detecting CXX compiler ABI info
[0.373s] -- Detecting CXX compiler ABI info - done
[0.388s] -- Check for working CXX compiler: /usr/bin/c++ - skipped
[0.388s] -- Detecting CXX compile features
[0.389s] -- Detecting CXX compile features - done
[0.393s] -- Found ament_cmake: 1.3.13 (/opt/ros/humble/share/ament_cmake/cmake)
[0.495s] -- Found Python3: /usr/bin/python3 (found version "3.10.12") found components: Interpreter
[0.571s] -- Found rclcpp: 16.0.18 (/opt/ros/humble/share/rclcpp/cmake)
[0.614s] -- Found rosidl_generator_c: 3.1.8 (/opt/ros/humble/share/rosidl_generator_c/cmake)
[0.619s] -- Found rosidl_adapter: 3.1.8 (/opt/ros/humble/share/rosidl_adapter/cmake)
[0.628s] -- Found rosidl_generator_cpp: 3.1.8 (/opt/ros/humble/share/rosidl_generator_cpp/cmake)
[0.642s] -- Using all available rosidl_typesupport_c: rosidl_typesupport_fastrtps_c;rosidl_typesupport_introspection_c
[0.659s] -- Using all available rosidl_typesupport_cpp: rosidl_typesupport_fastrtps_cpp;rosidl_typesupport_introspection_cpp
[0.706s] -- Found rmw_implementation_cmake: 6.1.2 (/opt/ros/humble/share/rmw_implementation_cmake/cmake)
[0.709s] -- Found rmw_fastrtps_cpp: 6.2.10 (/opt/ros/humble/share/rmw_fastrtps_cpp/cmake)
[0.800s] -- Found OpenSSL: /usr/lib/x86_64-linux-gnu/libcrypto.so (found version "3.0.2")
[0.825s] -- Found FastRTPS: /opt/ros/humble/include
[0.862s] -- Using RMW implementation 'rmw_fastrtps_cpp' as default
[0.871s] -- Performing Test CMAKE_HAVE_LIBC_PTHREAD
[0.929s] -- Performing Test CMAKE_HAVE_LIBC_PTHREAD - Success
[0.930s] -- Found Threads: TRUE
[0.991s] -- Found ament_lint_auto: 0.12.15 (/opt/ros/humble/share/ament_lint_auto/cmake)
[1.053s] -- Added test 'cppcheck' to perform static code analysis on C / C++ code
[1.053s] -- Configured cppcheck include dirs: 
[1.053s] -- Configured cppcheck exclude dirs and/or files: 
[1.053s] -- Added test 'lint_cmake' to check CMake code style
[1.054s] -- Added test 'uncrustify' to check C / C++ code style
[1.054s] -- Configured uncrustify additional arguments: 
[1.055s] -- Added test 'xmllint' to check XML markup files
[1.056s] -- Configuring done (1.0s)
[1.065s] -- Generating done (0.0s)
[1.068s] -- Build files have been written to: /home/yang/Desktop/proj/ros-prac/build/p0
[1.075s] Invoked command in '/home/yang/Desktop/proj/ros-prac/build/p0' returned '0': CMAKE_PREFIX_PATH=/opt/ros/humble /usr/local/bin/cmake /home/yang/Desktop/proj/ros-prac/src/p0 -DCMAKE_EXPORT_COMPILE_COMMANDS=ON -DCMAKE_INSTALL_PREFIX=/home/yang/Desktop/proj/ros-prac/install/p0
[1.078s] Invoking command in '/home/yang/Desktop/proj/ros-prac/build/p0': CMAKE_PREFIX_PATH=/opt/ros/humble /usr/local/bin/cmake --build /home/yang/Desktop/proj/ros-prac/build/p0 -- -j16 -l16
[1.099s] [ 50%] [32mBuilding CXX object CMakeFiles/talker.dir/src/publisher_node.cpp.o[0m
[1.285s] [100%] [32m[1mLinking CXX executable talker[0m
[1.340s] /usr/bin/ld: /usr/lib/gcc/x86_64-linux-gnu/11/../../../x86_64-linux-gnu/Scrt1.o: in function `_start':
[1.340s] (.text+0x1b): undefined reference to `main'
[1.342s] collect2: error: ld returned 1 exit status
[1.343s] gmake[2]: *** [CMakeFiles/talker.dir/build.make:159: talker] Error 1
[1.343s] gmake[1]: *** [CMakeFiles/Makefile2:137: CMakeFiles/talker.dir/all] Error 2
[1.343s] gmake: *** [Makefile:146: all] Error 2
[1.346s] Invoked command in '/home/yang/Desktop/proj/ros-prac/build/p0' returned '2': CMAKE_PREFIX_PATH=/opt/ros/humble /usr/local/bin/cmake --build /home/yang/Desktop/proj/ros-prac/build/p0 -- -j16 -l16
