[0.052s] DEBUG:colcon:Command line arguments: ['/usr/bin/colcon', 'build', '--packages-select', 'mcl_msgs']
[0.052s] DEBUG:colcon:Parsed command line arguments: Namespace(log_base=None, log_level=None, verb_name='build', build_base='build', install_base='install', merge_install=False, symlink_install=False, test_result_base=None, continue_on_error=False, executor='parallel', parallel_workers=12, event_handlers=None, ignore_user_meta=False, metas=['./colcon.meta'], base_paths=['.'], packages_ignore=None, packages_ignore_regex=None, paths=None, packages_up_to=None, packages_up_to_regex=None, packages_above=None, packages_above_and_dependencies=None, packages_above_depth=None, packages_select_by_dep=None, packages_skip_by_dep=None, packages_skip_up_to=None, packages_select_build_failed=False, packages_skip_build_finished=False, packages_select_test_failures=False, packages_skip_test_passed=False, packages_select=['mcl_msgs'], packages_skip=None, packages_select_regex=None, packages_skip_regex=None, packages_start=None, packages_end=None, allow_overriding=[], cmake_args=None, cmake_target=None, cmake_target_skip_unavailable=False, cmake_clean_cache=False, cmake_clean_first=False, cmake_force_configure=False, ament_cmake_args=None, catkin_cmake_args=None, catkin_skip_building_tests=False, mixin_files=None, mixin=None, verb_parser=<colcon_mixin.mixin.mixin_argument.MixinArgumentDecorator object at 0x7de8dba4cf20>, verb_extension=<colcon_core.verb.build.BuildVerb object at 0x7de8db295130>, main=<bound method BuildVerb.main of <colcon_core.verb.build.BuildVerb object at 0x7de8db295130>>, mixin_verb=('build',))
[0.072s] Level 1:colcon.colcon_core.package_discovery:discover_packages(colcon_meta) check parameters
[0.072s] Level 1:colcon.colcon_core.package_discovery:discover_packages(recursive) check parameters
[0.072s] Level 1:colcon.colcon_core.package_discovery:discover_packages(ignore) check parameters
[0.072s] Level 1:colcon.colcon_core.package_discovery:discover_packages(path) check parameters
[0.072s] Level 1:colcon.colcon_core.package_discovery:discover_packages(colcon_meta) discover
[0.072s] Level 1:colcon.colcon_core.package_discovery:discover_packages(recursive) discover
[0.072s] INFO:colcon.colcon_core.package_discovery:Crawling recursively for packages in '/home/yang/proj/ros-prac/learn15'
[0.072s] Level 1:colcon.colcon_core.package_identification:_identify(.) by extensions ['ignore', 'ignore_ament_install']
[0.072s] Level 1:colcon.colcon_core.package_identification:_identify(.) by extension 'ignore'
[0.072s] Level 1:colcon.colcon_core.package_identification:_identify(.) by extension 'ignore_ament_install'
[0.072s] Level 1:colcon.colcon_core.package_identification:_identify(.) by extensions ['colcon_pkg']
[0.072s] Level 1:colcon.colcon_core.package_identification:_identify(.) by extension 'colcon_pkg'
[0.072s] Level 1:colcon.colcon_core.package_identification:_identify(.) by extensions ['colcon_meta']
[0.072s] Level 1:colcon.colcon_core.package_identification:_identify(.) by extension 'colcon_meta'
[0.072s] Level 1:colcon.colcon_core.package_identification:_identify(.) by extensions ['ros']
[0.072s] Level 1:colcon.colcon_core.package_identification:_identify(.) by extension 'ros'
[0.086s] Level 1:colcon.colcon_core.package_identification:_identify(.) by extensions ['cmake', 'python']
[0.086s] Level 1:colcon.colcon_core.package_identification:_identify(.) by extension 'cmake'
[0.086s] Level 1:colcon.colcon_core.package_identification:_identify(.) by extension 'python'
[0.086s] Level 1:colcon.colcon_core.package_identification:_identify(.) by extensions ['python_setup_py']
[0.086s] Level 1:colcon.colcon_core.package_identification:_identify(.) by extension 'python_setup_py'
[0.086s] Level 1:colcon.colcon_core.package_identification:_identify(build) by extensions ['ignore', 'ignore_ament_install']
[0.086s] Level 1:colcon.colcon_core.package_identification:_identify(build) by extension 'ignore'
[0.086s] Level 1:colcon.colcon_core.package_identification:_identify(build) ignored
[0.086s] Level 1:colcon.colcon_core.package_identification:_identify(install) by extensions ['ignore', 'ignore_ament_install']
[0.086s] Level 1:colcon.colcon_core.package_identification:_identify(install) by extension 'ignore'
[0.086s] Level 1:colcon.colcon_core.package_identification:_identify(install) ignored
[0.086s] Level 1:colcon.colcon_core.package_identification:_identify(log) by extensions ['ignore', 'ignore_ament_install']
[0.086s] Level 1:colcon.colcon_core.package_identification:_identify(log) by extension 'ignore'
[0.086s] Level 1:colcon.colcon_core.package_identification:_identify(log) ignored
[0.087s] Level 1:colcon.colcon_core.package_identification:_identify(src) by extensions ['ignore', 'ignore_ament_install']
[0.087s] Level 1:colcon.colcon_core.package_identification:_identify(src) by extension 'ignore'
[0.087s] Level 1:colcon.colcon_core.package_identification:_identify(src) by extension 'ignore_ament_install'
[0.087s] Level 1:colcon.colcon_core.package_identification:_identify(src) by extensions ['colcon_pkg']
[0.087s] Level 1:colcon.colcon_core.package_identification:_identify(src) by extension 'colcon_pkg'
[0.087s] Level 1:colcon.colcon_core.package_identification:_identify(src) by extensions ['colcon_meta']
[0.087s] Level 1:colcon.colcon_core.package_identification:_identify(src) by extension 'colcon_meta'
[0.087s] Level 1:colcon.colcon_core.package_identification:_identify(src) by extensions ['ros']
[0.087s] Level 1:colcon.colcon_core.package_identification:_identify(src) by extension 'ros'
[0.087s] Level 1:colcon.colcon_core.package_identification:_identify(src) by extensions ['cmake', 'python']
[0.087s] Level 1:colcon.colcon_core.package_identification:_identify(src) by extension 'cmake'
[0.087s] Level 1:colcon.colcon_core.package_identification:_identify(src) by extension 'python'
[0.087s] Level 1:colcon.colcon_core.package_identification:_identify(src) by extensions ['python_setup_py']
[0.087s] Level 1:colcon.colcon_core.package_identification:_identify(src) by extension 'python_setup_py'
[0.087s] Level 1:colcon.colcon_core.package_identification:_identify(src/learn15) by extensions ['ignore', 'ignore_ament_install']
[0.087s] Level 1:colcon.colcon_core.package_identification:_identify(src/learn15) by extension 'ignore'
[0.087s] Level 1:colcon.colcon_core.package_identification:_identify(src/learn15) by extension 'ignore_ament_install'
[0.087s] Level 1:colcon.colcon_core.package_identification:_identify(src/learn15) by extensions ['colcon_pkg']
[0.087s] Level 1:colcon.colcon_core.package_identification:_identify(src/learn15) by extension 'colcon_pkg'
[0.087s] Level 1:colcon.colcon_core.package_identification:_identify(src/learn15) by extensions ['colcon_meta']
[0.087s] Level 1:colcon.colcon_core.package_identification:_identify(src/learn15) by extension 'colcon_meta'
[0.087s] Level 1:colcon.colcon_core.package_identification:_identify(src/learn15) by extensions ['ros']
[0.087s] Level 1:colcon.colcon_core.package_identification:_identify(src/learn15) by extension 'ros'
[0.088s] DEBUG:colcon.colcon_core.package_identification:Package 'src/learn15' with type 'ros.ament_cmake' and name 'learn15'
[0.088s] Level 1:colcon.colcon_core.package_identification:_identify(src/mcl_msgs) by extensions ['ignore', 'ignore_ament_install']
[0.089s] Level 1:colcon.colcon_core.package_identification:_identify(src/mcl_msgs) by extension 'ignore'
[0.089s] Level 1:colcon.colcon_core.package_identification:_identify(src/mcl_msgs) by extension 'ignore_ament_install'
[0.089s] Level 1:colcon.colcon_core.package_identification:_identify(src/mcl_msgs) by extensions ['colcon_pkg']
[0.089s] Level 1:colcon.colcon_core.package_identification:_identify(src/mcl_msgs) by extension 'colcon_pkg'
[0.089s] Level 1:colcon.colcon_core.package_identification:_identify(src/mcl_msgs) by extensions ['colcon_meta']
[0.089s] Level 1:colcon.colcon_core.package_identification:_identify(src/mcl_msgs) by extension 'colcon_meta'
[0.089s] Level 1:colcon.colcon_core.package_identification:_identify(src/mcl_msgs) by extensions ['ros']
[0.089s] Level 1:colcon.colcon_core.package_identification:_identify(src/mcl_msgs) by extension 'ros'
[0.089s] DEBUG:colcon.colcon_core.package_identification:Package 'src/mcl_msgs' with type 'ros.ament_cmake' and name 'mcl_msgs'
[0.089s] Level 1:colcon.colcon_core.package_discovery:discover_packages(recursive) using defaults
[0.089s] Level 1:colcon.colcon_core.package_discovery:discover_packages(ignore) discover
[0.089s] Level 1:colcon.colcon_core.package_discovery:discover_packages(ignore) using defaults
[0.089s] Level 1:colcon.colcon_core.package_discovery:discover_packages(path) discover
[0.089s] Level 1:colcon.colcon_core.package_discovery:discover_packages(path) using defaults
[0.098s] INFO:colcon.colcon_core.package_selection:Skipping not selected package 'learn15' in 'src/learn15'
[0.099s] Level 1:colcon.colcon_core.package_discovery:discover_packages(prefix_path) check parameters
[0.099s] Level 1:colcon.colcon_core.package_discovery:discover_packages(prefix_path) discover
[0.099s] WARNING:colcon.colcon_ros.prefix_path.ament:The path '/home/yang/proj/ros-prac/learn15/install/learn15' in the environment variable AMENT_PREFIX_PATH doesn't exist
[0.099s] WARNING:colcon.colcon_ros.prefix_path.ament:The path '/home/yang/proj/ros-prac/learn15/install/mcl_msgs' in the environment variable AMENT_PREFIX_PATH doesn't exist
[0.099s] WARNING:colcon.colcon_ros.prefix_path.catkin:The path '/home/yang/proj/ros-prac/learn15/install/learn15' in the environment variable CMAKE_PREFIX_PATH doesn't exist
[0.099s] WARNING:colcon.colcon_ros.prefix_path.catkin:The path '/home/yang/proj/ros-prac/learn15/install/mcl_msgs' in the environment variable CMAKE_PREFIX_PATH doesn't exist
[0.099s] DEBUG:colcon.colcon_installed_package_information.package_discovery:Found 0 installed packages in /home/yang/proj/ros-prac/learn15/install
[0.100s] DEBUG:colcon.colcon_installed_package_information.package_discovery:Found 319 installed packages in /opt/ros/jazzy
[0.101s] Level 1:colcon.colcon_core.package_discovery:discover_packages(prefix_path) using defaults
[0.120s] Level 5:colcon.colcon_core.verb:set package 'mcl_msgs' build argument 'cmake_args' from command line to 'None'
[0.120s] Level 5:colcon.colcon_core.verb:set package 'mcl_msgs' build argument 'cmake_target' from command line to 'None'
[0.120s] Level 5:colcon.colcon_core.verb:set package 'mcl_msgs' build argument 'cmake_target_skip_unavailable' from command line to 'False'
[0.120s] Level 5:colcon.colcon_core.verb:set package 'mcl_msgs' build argument 'cmake_clean_cache' from command line to 'False'
[0.120s] Level 5:colcon.colcon_core.verb:set package 'mcl_msgs' build argument 'cmake_clean_first' from command line to 'False'
[0.120s] Level 5:colcon.colcon_core.verb:set package 'mcl_msgs' build argument 'cmake_force_configure' from command line to 'False'
[0.120s] Level 5:colcon.colcon_core.verb:set package 'mcl_msgs' build argument 'ament_cmake_args' from command line to 'None'
[0.120s] Level 5:colcon.colcon_core.verb:set package 'mcl_msgs' build argument 'catkin_cmake_args' from command line to 'None'
[0.120s] Level 5:colcon.colcon_core.verb:set package 'mcl_msgs' build argument 'catkin_skip_building_tests' from command line to 'False'
[0.120s] DEBUG:colcon.colcon_core.verb:Building package 'mcl_msgs' with the following arguments: {'ament_cmake_args': None, 'build_base': '/home/yang/proj/ros-prac/learn15/build/mcl_msgs', 'catkin_cmake_args': None, 'catkin_skip_building_tests': False, 'cmake_args': None, 'cmake_clean_cache': False, 'cmake_clean_first': False, 'cmake_force_configure': False, 'cmake_target': None, 'cmake_target_skip_unavailable': False, 'install_base': '/home/yang/proj/ros-prac/learn15/install/mcl_msgs', 'merge_install': False, 'path': '/home/yang/proj/ros-prac/learn15/src/mcl_msgs', 'symlink_install': False, 'test_result_base': None}
[0.121s] INFO:colcon.colcon_core.executor:Executing jobs using 'parallel' executor
[0.121s] DEBUG:colcon.colcon_parallel_executor.executor.parallel:run_until_complete
[0.121s] INFO:colcon.colcon_ros.task.ament_cmake.build:Building ROS package in '/home/yang/proj/ros-prac/learn15/src/mcl_msgs' with build type 'ament_cmake'
[0.121s] INFO:colcon.colcon_cmake.task.cmake.build:Building CMake package in '/home/yang/proj/ros-prac/learn15/src/mcl_msgs'
[0.122s] INFO:colcon.colcon_core.plugin_system:Skipping extension 'colcon_core.shell.bat': Not used on non-Windows systems
[0.122s] INFO:colcon.colcon_core.shell:Skip shell extension 'powershell' for command environment: Not usable outside of PowerShell
[0.122s] DEBUG:colcon.colcon_core.shell:Skip shell extension 'dsv' for command environment
[0.126s] DEBUG:colcon.colcon_core.event_handler.log_command:Invoking command in '/home/yang/proj/ros-prac/learn15/build/mcl_msgs': CMAKE_PREFIX_PATH=${CMAKE_PREFIX_PATH}:/opt/ros/jazzy DEBUGINFOD_URLS=https://debuginfod.ubuntu.com /usr/bin/cmake /home/yang/proj/ros-prac/learn15/src/mcl_msgs -DCMAKE_INSTALL_PREFIX=/home/yang/proj/ros-prac/learn15/install/mcl_msgs
[1.464s] DEBUG:colcon.colcon_core.event_handler.log_command:Invoked command in '/home/yang/proj/ros-prac/learn15/build/mcl_msgs' returned '0': CMAKE_PREFIX_PATH=${CMAKE_PREFIX_PATH}:/opt/ros/jazzy DEBUGINFOD_URLS=https://debuginfod.ubuntu.com /usr/bin/cmake /home/yang/proj/ros-prac/learn15/src/mcl_msgs -DCMAKE_INSTALL_PREFIX=/home/yang/proj/ros-prac/learn15/install/mcl_msgs
[1.464s] DEBUG:colcon.colcon_core.event_handler.log_command:Invoking command in '/home/yang/proj/ros-prac/learn15/build/mcl_msgs': CMAKE_PREFIX_PATH=${CMAKE_PREFIX_PATH}:/opt/ros/jazzy DEBUGINFOD_URLS=https://debuginfod.ubuntu.com /usr/bin/cmake --build /home/yang/proj/ros-prac/learn15/build/mcl_msgs -- -j12 -l12
[2.402s] DEBUG:colcon.colcon_core.event_handler.log_command:Invoked command in '/home/yang/proj/ros-prac/learn15/build/mcl_msgs' returned '0': CMAKE_PREFIX_PATH=${CMAKE_PREFIX_PATH}:/opt/ros/jazzy DEBUGINFOD_URLS=https://debuginfod.ubuntu.com /usr/bin/cmake --build /home/yang/proj/ros-prac/learn15/build/mcl_msgs -- -j12 -l12
[2.405s] DEBUG:colcon.colcon_core.event_handler.log_command:Invoking command in '/home/yang/proj/ros-prac/learn15/build/mcl_msgs': CMAKE_PREFIX_PATH=${CMAKE_PREFIX_PATH}:/opt/ros/jazzy DEBUGINFOD_URLS=https://debuginfod.ubuntu.com /usr/bin/cmake --install /home/yang/proj/ros-prac/learn15/build/mcl_msgs
[2.433s] Level 1:colcon.colcon_core.environment:create_environment_scripts_only(mcl_msgs)
[2.434s] DEBUG:colcon.colcon_core.event_handler.log_command:Invoked command in '/home/yang/proj/ros-prac/learn15/build/mcl_msgs' returned '0': CMAKE_PREFIX_PATH=${CMAKE_PREFIX_PATH}:/opt/ros/jazzy DEBUGINFOD_URLS=https://debuginfod.ubuntu.com /usr/bin/cmake --install /home/yang/proj/ros-prac/learn15/build/mcl_msgs
[2.434s] Level 1:colcon.colcon_core.environment:checking '/home/yang/proj/ros-prac/learn15/install/mcl_msgs' for CMake module files
[2.435s] Level 1:colcon.colcon_core.environment:checking '/home/yang/proj/ros-prac/learn15/install/mcl_msgs' for CMake config files
[2.435s] Level 1:colcon.colcon_core.shell:create_environment_hook('mcl_msgs', 'cmake_prefix_path')
[2.435s] INFO:colcon.colcon_core.shell:Creating environment hook '/home/yang/proj/ros-prac/learn15/install/mcl_msgs/share/mcl_msgs/hook/cmake_prefix_path.ps1'
[2.435s] INFO:colcon.colcon_core.shell:Creating environment descriptor '/home/yang/proj/ros-prac/learn15/install/mcl_msgs/share/mcl_msgs/hook/cmake_prefix_path.dsv'
[2.435s] INFO:colcon.colcon_core.shell:Creating environment hook '/home/yang/proj/ros-prac/learn15/install/mcl_msgs/share/mcl_msgs/hook/cmake_prefix_path.sh'
[2.436s] Level 1:colcon.colcon_core.environment:checking '/home/yang/proj/ros-prac/learn15/install/mcl_msgs/lib'
[2.436s] Level 1:colcon.colcon_core.shell:create_environment_hook('mcl_msgs', 'ld_library_path_lib')
[2.436s] INFO:colcon.colcon_core.shell:Creating environment hook '/home/yang/proj/ros-prac/learn15/install/mcl_msgs/share/mcl_msgs/hook/ld_library_path_lib.ps1'
[2.436s] INFO:colcon.colcon_core.shell:Creating environment descriptor '/home/yang/proj/ros-prac/learn15/install/mcl_msgs/share/mcl_msgs/hook/ld_library_path_lib.dsv'
[2.436s] INFO:colcon.colcon_core.shell:Creating environment hook '/home/yang/proj/ros-prac/learn15/install/mcl_msgs/share/mcl_msgs/hook/ld_library_path_lib.sh'
[2.436s] Level 1:colcon.colcon_core.environment:checking '/home/yang/proj/ros-prac/learn15/install/mcl_msgs/bin'
[2.436s] Level 1:colcon.colcon_core.environment:checking '/home/yang/proj/ros-prac/learn15/install/mcl_msgs/lib/pkgconfig/mcl_msgs.pc'
[2.436s] Level 1:colcon.colcon_core.environment:checking '/home/yang/proj/ros-prac/learn15/install/mcl_msgs/lib/python3.12/site-packages'
[2.436s] Level 1:colcon.colcon_core.shell:create_environment_hook('mcl_msgs', 'pythonpath')
[2.436s] INFO:colcon.colcon_core.shell:Creating environment hook '/home/yang/proj/ros-prac/learn15/install/mcl_msgs/share/mcl_msgs/hook/pythonpath.ps1'
[2.436s] INFO:colcon.colcon_core.shell:Creating environment descriptor '/home/yang/proj/ros-prac/learn15/install/mcl_msgs/share/mcl_msgs/hook/pythonpath.dsv'
[2.436s] INFO:colcon.colcon_core.shell:Creating environment hook '/home/yang/proj/ros-prac/learn15/install/mcl_msgs/share/mcl_msgs/hook/pythonpath.sh'
[2.437s] Level 1:colcon.colcon_core.environment:checking '/home/yang/proj/ros-prac/learn15/install/mcl_msgs/bin'
[2.437s] INFO:colcon.colcon_core.shell:Creating package script '/home/yang/proj/ros-prac/learn15/install/mcl_msgs/share/mcl_msgs/package.ps1'
[2.437s] INFO:colcon.colcon_core.shell:Creating package descriptor '/home/yang/proj/ros-prac/learn15/install/mcl_msgs/share/mcl_msgs/package.dsv'
[2.437s] INFO:colcon.colcon_core.shell:Creating package script '/home/yang/proj/ros-prac/learn15/install/mcl_msgs/share/mcl_msgs/package.sh'
[2.438s] INFO:colcon.colcon_core.shell:Creating package script '/home/yang/proj/ros-prac/learn15/install/mcl_msgs/share/mcl_msgs/package.bash'
[2.438s] INFO:colcon.colcon_core.shell:Creating package script '/home/yang/proj/ros-prac/learn15/install/mcl_msgs/share/mcl_msgs/package.zsh'
[2.438s] Level 1:colcon.colcon_core.environment:create_file_with_runtime_dependencies(/home/yang/proj/ros-prac/learn15/install/mcl_msgs/share/colcon-core/packages/mcl_msgs)
[2.438s] Level 1:colcon.colcon_core.environment:create_environment_scripts_only(mcl_msgs)
[2.438s] Level 1:colcon.colcon_core.environment:checking '/home/yang/proj/ros-prac/learn15/install/mcl_msgs' for CMake module files
[2.438s] Level 1:colcon.colcon_core.environment:checking '/home/yang/proj/ros-prac/learn15/install/mcl_msgs' for CMake config files
[2.439s] Level 1:colcon.colcon_core.shell:create_environment_hook('mcl_msgs', 'cmake_prefix_path')
[2.439s] INFO:colcon.colcon_core.shell:Creating environment hook '/home/yang/proj/ros-prac/learn15/install/mcl_msgs/share/mcl_msgs/hook/cmake_prefix_path.ps1'
[2.439s] INFO:colcon.colcon_core.shell:Creating environment descriptor '/home/yang/proj/ros-prac/learn15/install/mcl_msgs/share/mcl_msgs/hook/cmake_prefix_path.dsv'
[2.439s] INFO:colcon.colcon_core.shell:Creating environment hook '/home/yang/proj/ros-prac/learn15/install/mcl_msgs/share/mcl_msgs/hook/cmake_prefix_path.sh'
[2.439s] Level 1:colcon.colcon_core.environment:checking '/home/yang/proj/ros-prac/learn15/install/mcl_msgs/lib'
[2.439s] Level 1:colcon.colcon_core.shell:create_environment_hook('mcl_msgs', 'ld_library_path_lib')
[2.439s] INFO:colcon.colcon_core.shell:Creating environment hook '/home/yang/proj/ros-prac/learn15/install/mcl_msgs/share/mcl_msgs/hook/ld_library_path_lib.ps1'
[2.439s] INFO:colcon.colcon_core.shell:Creating environment descriptor '/home/yang/proj/ros-prac/learn15/install/mcl_msgs/share/mcl_msgs/hook/ld_library_path_lib.dsv'
[2.439s] INFO:colcon.colcon_core.shell:Creating environment hook '/home/yang/proj/ros-prac/learn15/install/mcl_msgs/share/mcl_msgs/hook/ld_library_path_lib.sh'
[2.440s] Level 1:colcon.colcon_core.environment:checking '/home/yang/proj/ros-prac/learn15/install/mcl_msgs/bin'
[2.440s] Level 1:colcon.colcon_core.environment:checking '/home/yang/proj/ros-prac/learn15/install/mcl_msgs/lib/pkgconfig/mcl_msgs.pc'
[2.440s] Level 1:colcon.colcon_core.environment:checking '/home/yang/proj/ros-prac/learn15/install/mcl_msgs/lib/python3.12/site-packages'
[2.440s] Level 1:colcon.colcon_core.shell:create_environment_hook('mcl_msgs', 'pythonpath')
[2.440s] INFO:colcon.colcon_core.shell:Creating environment hook '/home/yang/proj/ros-prac/learn15/install/mcl_msgs/share/mcl_msgs/hook/pythonpath.ps1'
[2.440s] INFO:colcon.colcon_core.shell:Creating environment descriptor '/home/yang/proj/ros-prac/learn15/install/mcl_msgs/share/mcl_msgs/hook/pythonpath.dsv'
[2.440s] INFO:colcon.colcon_core.shell:Creating environment hook '/home/yang/proj/ros-prac/learn15/install/mcl_msgs/share/mcl_msgs/hook/pythonpath.sh'
[2.440s] Level 1:colcon.colcon_core.environment:checking '/home/yang/proj/ros-prac/learn15/install/mcl_msgs/bin'
[2.440s] INFO:colcon.colcon_core.shell:Creating package script '/home/yang/proj/ros-prac/learn15/install/mcl_msgs/share/mcl_msgs/package.ps1'
[2.441s] INFO:colcon.colcon_core.shell:Creating package descriptor '/home/yang/proj/ros-prac/learn15/install/mcl_msgs/share/mcl_msgs/package.dsv'
[2.441s] INFO:colcon.colcon_core.shell:Creating package script '/home/yang/proj/ros-prac/learn15/install/mcl_msgs/share/mcl_msgs/package.sh'
[2.441s] INFO:colcon.colcon_core.shell:Creating package script '/home/yang/proj/ros-prac/learn15/install/mcl_msgs/share/mcl_msgs/package.bash'
[2.441s] INFO:colcon.colcon_core.shell:Creating package script '/home/yang/proj/ros-prac/learn15/install/mcl_msgs/share/mcl_msgs/package.zsh'
[2.441s] Level 1:colcon.colcon_core.environment:create_file_with_runtime_dependencies(/home/yang/proj/ros-prac/learn15/install/mcl_msgs/share/colcon-core/packages/mcl_msgs)
[2.441s] DEBUG:colcon.colcon_parallel_executor.executor.parallel:closing loop
[2.441s] DEBUG:colcon.colcon_parallel_executor.executor.parallel:loop closed
[2.441s] DEBUG:colcon.colcon_parallel_executor.executor.parallel:run_until_complete finished with '0'
[2.441s] DEBUG:colcon.colcon_core.event_reactor:joining thread
[2.444s] INFO:colcon.colcon_core.plugin_system:Skipping extension 'colcon_notification.desktop_notification.terminal_notifier': Not used on non-Darwin systems
[2.444s] INFO:colcon.colcon_core.plugin_system:Skipping extension 'colcon_notification.desktop_notification.win32': Not used on non-Windows systems
[2.444s] INFO:colcon.colcon_notification.desktop_notification:Sending desktop notification using 'notify2'
[2.449s] DEBUG:colcon.colcon_core.event_reactor:joined thread
[2.449s] INFO:colcon.colcon_core.shell:Creating prefix script '/home/yang/proj/ros-prac/learn15/install/local_setup.ps1'
[2.450s] INFO:colcon.colcon_core.shell:Creating prefix util module '/home/yang/proj/ros-prac/learn15/install/_local_setup_util_ps1.py'
[2.450s] INFO:colcon.colcon_core.shell:Creating prefix chain script '/home/yang/proj/ros-prac/learn15/install/setup.ps1'
[2.450s] INFO:colcon.colcon_core.shell:Creating prefix script '/home/yang/proj/ros-prac/learn15/install/local_setup.sh'
[2.451s] INFO:colcon.colcon_core.shell:Creating prefix util module '/home/yang/proj/ros-prac/learn15/install/_local_setup_util_sh.py'
[2.451s] INFO:colcon.colcon_core.shell:Creating prefix chain script '/home/yang/proj/ros-prac/learn15/install/setup.sh'
[2.451s] INFO:colcon.colcon_core.shell:Creating prefix script '/home/yang/proj/ros-prac/learn15/install/local_setup.bash'
[2.451s] INFO:colcon.colcon_core.shell:Creating prefix chain script '/home/yang/proj/ros-prac/learn15/install/setup.bash'
[2.451s] INFO:colcon.colcon_core.shell:Creating prefix script '/home/yang/proj/ros-prac/learn15/install/local_setup.zsh'
[2.452s] INFO:colcon.colcon_core.shell:Creating prefix chain script '/home/yang/proj/ros-prac/learn15/install/setup.zsh'
