[0.009s] Invoking command in '/home/yang/Desktop/proj/ros-prac/build/p0': CMAKE_PREFIX_PATH=${CMAKE_PREFIX_PATH}:/opt/ros/humble /usr/local/bin/cmake --build /home/yang/Desktop/proj/ros-prac/build/p0 -- -j16 -l16
[0.021s] -- Found ament_cmake: 1.3.13 (/opt/ros/humble/share/ament_cmake/cmake)
[0.168s] -- Found rclcpp: 16.0.18 (/opt/ros/humble/share/rclcpp/cmake)
[0.194s] -- Found rosidl_generator_c: 3.1.8 (/opt/ros/humble/share/rosidl_generator_c/cmake)
[0.196s] -- Found rosidl_adapter: 3.1.8 (/opt/ros/humble/share/rosidl_adapter/cmake)
[0.202s] -- Found rosidl_generator_cpp: 3.1.8 (/opt/ros/humble/share/rosidl_generator_cpp/cmake)
[0.210s] -- Using all available rosidl_typesupport_c: rosidl_typesupport_fastrtps_c;rosidl_typesupport_introspection_c
[0.222s] -- Using all available rosidl_typesupport_cpp: rosidl_typesupport_fastrtps_cpp;rosidl_typesupport_introspection_cpp
[0.254s] -- Found rmw_implementation_cmake: 6.1.2 (/opt/ros/humble/share/rmw_implementation_cmake/cmake)
[0.255s] -- Found rmw_fastrtps_cpp: 6.2.10 (/opt/ros/humble/share/rmw_fastrtps_cpp/cmake)
[0.350s] -- Using RMW implementation 'rmw_fastrtps_cpp' as default
[0.448s] -- Configuring done (0.4s)
[0.458s] -- Generating done (0.0s)
[0.461s] -- Build files have been written to: /home/yang/Desktop/proj/ros-prac/build/p0
[0.479s] [ 50%] [32mBuilding CXX object CMakeFiles/ping.dir/src/ping.cpp.o[0m
[0.479s] [ 50%] [32mBuilding CXX object CMakeFiles/pong.dir/src/pong.cpp.o[0m
[1.600s] In file included from [01m[K/opt/ros/humble/include/rclcpp/rclcpp/topic_statistics/subscription_topic_statistics.hpp:31[m[K,
[1.600s]                  from [01m[K/opt/ros/humble/include/rclcpp/rclcpp/subscription.hpp:50[m[K,
[1.600s]                  from [01m[K/opt/ros/humble/include/rclcpp/rclcpp/any_executable.hpp:25[m[K,
[1.600s]                  from [01m[K/opt/ros/humble/include/rclcpp/rclcpp/memory_strategy.hpp:25[m[K,
[1.600s]                  from [01m[K/opt/ros/humble/include/rclcpp/rclcpp/memory_strategies.hpp:18[m[K,
[1.600s]                  from [01m[K/opt/ros/humble/include/rclcpp/rclcpp/executor_options.hpp:20[m[K,
[1.600s]                  from [01m[K/opt/ros/humble/include/rclcpp/rclcpp/executor.hpp:37[m[K,
[1.600s]                  from [01m[K/opt/ros/humble/include/rclcpp/rclcpp/executors/multi_threaded_executor.hpp:25[m[K,
[1.600s]                  from [01m[K/opt/ros/humble/include/rclcpp/rclcpp/executors.hpp:21[m[K,
[1.600s]                  from [01m[K/home/yang/Desktop/proj/ros-prac/src/p0/src/pong.cpp:3[m[K:
[1.600s] /opt/ros/humble/include/rclcpp/rclcpp/publisher.hpp: In instantiation of ‘[01m[Kclass rclcpp::Publisher<std_msgs::msg::Int32_<std::allocator<void> > >[m[K’:
[1.600s] [01m[K/home/yang/Desktop/proj/ros-prac/src/p0/src/pong.cpp:35:42:[m[K   required from here
[1.600s] [01m[K/opt/ros/humble/include/rclcpp/rclcpp/publisher.hpp:81:47:[m[K [01;31m[Kerror: [m[Kstatic assertion failed: given message type is not compatible with ROS and cannot be used with a Publisher
[1.600s]    81 |     rclcpp::is_ros_compatible_type<MessageT>::[01;31m[Kvalue[m[K,
[1.600s]       |                                               [01;31m[K^~~~~[m[K
[1.600s] [01m[K/opt/ros/humble/include/rclcpp/rclcpp/publisher.hpp:81:47:[m[K [01;36m[Knote: [m[K‘[01m[Krclcpp::is_ros_compatible_type<std_msgs::msg::Int32_<std::allocator<void> > >::value[m[K’ evaluates to false
[1.657s] [01m[K/home/yang/Desktop/proj/ros-prac/src/p0/src/pong.cpp:[m[K In member function ‘[01m[Kvoid Pong::publish_message(int32_t)[m[K’:
[1.657s] [01m[K/home/yang/Desktop/proj/ros-prac/src/p0/src/pong.cpp:32:24:[m[K [01;31m[Kerror: [m[Kno matching function for call to ‘[01m[Krclcpp::Publisher<std_msgs::msg::Int32_<std::allocator<void> > >::publish(std_msgs::msg::Int32_<std::allocator<void> >&)[m[K’
[1.657s]    32 |     [01;31m[Kpublisher_->publish(message)[m[K;
[1.657s]       |     [01;31m[K~~~~~~~~~~~~~~~~~~~^~~~~~~~~[m[K
[1.662s] In file included from [01m[K/opt/ros/humble/include/rclcpp/rclcpp/topic_statistics/subscription_topic_statistics.hpp:31[m[K,
[1.662s]                  from [01m[K/opt/ros/humble/include/rclcpp/rclcpp/subscription.hpp:50[m[K,
[1.663s]                  from [01m[K/opt/ros/humble/include/rclcpp/rclcpp/any_executable.hpp:25[m[K,
[1.663s]                  from [01m[K/opt/ros/humble/include/rclcpp/rclcpp/memory_strategy.hpp:25[m[K,
[1.663s]                  from [01m[K/opt/ros/humble/include/rclcpp/rclcpp/memory_strategies.hpp:18[m[K,
[1.663s]                  from [01m[K/opt/ros/humble/include/rclcpp/rclcpp/executor_options.hpp:20[m[K,
[1.663s]                  from [01m[K/opt/ros/humble/include/rclcpp/rclcpp/executor.hpp:37[m[K,
[1.663s]                  from [01m[K/opt/ros/humble/include/rclcpp/rclcpp/executors/multi_threaded_executor.hpp:25[m[K,
[1.663s]                  from [01m[K/opt/ros/humble/include/rclcpp/rclcpp/executors.hpp:21[m[K,
[1.663s]                  from [01m[K/home/yang/Desktop/proj/ros-prac/src/p0/src/pong.cpp:3[m[K:
[1.663s] [01m[K/opt/ros/humble/include/rclcpp/rclcpp/publisher.hpp:254:3:[m[K [01;36m[Knote: [m[Kcandidate: ‘[01m[Ktemplate<class T> std::enable_if_t<(rosidl_generator_traits::is_message<T>::value && std::is_same<T, typename rclcpp::TypeAdapter<MessageT>::ros_message_type>::value)> rclcpp::Publisher<MessageT, AllocatorT>::publish(std::unique_ptr<T, typename std::conditional<std::is_same<typename std::allocator_traits<typename std::allocator_traits<_Allocator>::rebind_traits<typename rclcpp::TypeAdapter<MessageT, void, void>::ros_message_type>::allocator_type>::rebind_alloc<typename rclcpp::TypeAdapter<MessageT, void, void>::ros_message_type>, std::allocator<typename rclcpp::TypeAdapter<MessageT>::ros_message_type> >::value, std::default_delete<typename rclcpp::TypeAdapter<MessageT>::ros_message_type>, rclcpp::allocator::AllocatorDeleter<typename std::allocator_traits<_Allocator>::rebind_traits<typename rclcpp::TypeAdapter<MessageT, void, void>::ros_message_type>::allocator_type> >::type>) [with T = T; MessageT = std_msgs::msg::Int32_<std::allocator<void> >; AllocatorT = std::allocator<void>][m[K’
[1.663s]   254 |   [01;36m[Kpublish[m[K(std::unique_ptr<T, ROSMessageTypeDeleter> msg)
[1.664s]       |   [01;36m[K^~~~~~~[m[K
[1.664s] [01m[K/opt/ros/humble/include/rclcpp/rclcpp/publisher.hpp:254:3:[m[K [01;36m[Knote: [m[K  template argument deduction/substitution failed:
[1.664s] [01m[K/home/yang/Desktop/proj/ros-prac/src/p0/src/pong.cpp:32:24:[m[K [01;36m[Knote: [m[K  ‘[01m[Kstd_msgs::msg::Int32_<std::allocator<void> >[m[K’ is not derived from ‘[01m[Kstd::unique_ptr<T, std::default_delete<std_msgs::msg::Int32_<std::allocator<void> > > >[m[K’
[1.664s]    32 |     [01;36m[Kpublisher_->publish(message)[m[K;
[1.664s]       |     [01;36m[K~~~~~~~~~~~~~~~~~~~^~~~~~~~~[m[K
[1.664s] In file included from [01m[K/opt/ros/humble/include/rclcpp/rclcpp/topic_statistics/subscription_topic_statistics.hpp:31[m[K,
[1.664s]                  from [01m[K/opt/ros/humble/include/rclcpp/rclcpp/subscription.hpp:50[m[K,
[1.664s]                  from [01m[K/opt/ros/humble/include/rclcpp/rclcpp/any_executable.hpp:25[m[K,
[1.664s]                  from [01m[K/opt/ros/humble/include/rclcpp/rclcpp/memory_strategy.hpp:25[m[K,
[1.664s]                  from [01m[K/opt/ros/humble/include/rclcpp/rclcpp/memory_strategies.hpp:18[m[K,
[1.664s]                  from [01m[K/opt/ros/humble/include/rclcpp/rclcpp/executor_options.hpp:20[m[K,
[1.664s]                  from [01m[K/opt/ros/humble/include/rclcpp/rclcpp/executor.hpp:37[m[K,
[1.664s]                  from [01m[K/opt/ros/humble/include/rclcpp/rclcpp/executors/multi_threaded_executor.hpp:25[m[K,
[1.664s]                  from [01m[K/opt/ros/humble/include/rclcpp/rclcpp/executors.hpp:21[m[K,
[1.664s]                  from [01m[K/home/yang/Desktop/proj/ros-prac/src/p0/src/pong.cpp:3[m[K:
[1.664s] [01m[K/opt/ros/humble/include/rclcpp/rclcpp/publisher.hpp:295:3:[m[K [01;36m[Knote: [m[Kcandidate: ‘[01m[Ktemplate<class T> std::enable_if_t<(rosidl_generator_traits::is_message<T>::value && std::is_same<T, typename rclcpp::TypeAdapter<MessageT>::ros_message_type>::value)> rclcpp::Publisher<MessageT, AllocatorT>::publish(const T&) [with T = T; MessageT = std_msgs::msg::Int32_<std::allocator<void> >; AllocatorT = std::allocator<void>][m[K’
[1.664s]   295 |   [01;36m[Kpublish[m[K(const T & msg)
[1.664s]       |   [01;36m[K^~~~~~~[m[K
[1.664s] [01m[K/opt/ros/humble/include/rclcpp/rclcpp/publisher.hpp:295:3:[m[K [01;36m[Knote: [m[K  template argument deduction/substitution failed:
[1.664s] In file included from [01m[K/usr/include/c++/11/bits/move.h:57[m[K,
[1.664s]                  from [01m[K/usr/include/c++/11/bits/stl_pair.h:59[m[K,
[1.664s]                  from [01m[K/usr/include/c++/11/bits/stl_algobase.h:64[m[K,
[1.664s]                  from [01m[K/usr/include/c++/11/memory:63[m[K,
[1.664s]                  from [01m[K/home/yang/Desktop/proj/ros-prac/src/p0/src/pong.cpp:2[m[K:
[1.664s] /usr/include/c++/11/type_traits: In substitution of ‘[01m[Ktemplate<bool _Cond, class _Tp> using enable_if_t = typename std::enable_if::type [with bool _Cond = false; _Tp = void][m[K’:
[1.664s] [01m[K/opt/ros/humble/include/rclcpp/rclcpp/publisher.hpp:295:3:[m[K   required by substitution of ‘[01m[Ktemplate<class T> std::enable_if_t<(rosidl_generator_traits::is_message<T>::value && std::is_same<T, std_msgs::msg::Int32_<std::allocator<void> > >::value), void> rclcpp::Publisher<std_msgs::msg::Int32_<std::allocator<void> > >::publish<T>(const T&) [with T = std_msgs::msg::Int32_<std::allocator<void> >][m[K’
[1.664s] [01m[K/home/yang/Desktop/proj/ros-prac/src/p0/src/pong.cpp:32:24:[m[K   required from here
[1.664s] [01m[K/usr/include/c++/11/type_traits:2579:11:[m[K [01;31m[Kerror: [m[Kno type named ‘[01m[Ktype[m[K’ in ‘[01m[Kstruct std::enable_if<false, void>[m[K’
[1.665s]  2579 |     using [01;31m[Kenable_if_t[m[K = typename enable_if<_Cond, _Tp>::type;
[1.665s]       |           [01;31m[K^~~~~~~~~~~[m[K
[1.665s] In file included from [01m[K/opt/ros/humble/include/rclcpp/rclcpp/topic_statistics/subscription_topic_statistics.hpp:31[m[K,
[1.665s]                  from [01m[K/opt/ros/humble/include/rclcpp/rclcpp/subscription.hpp:50[m[K,
[1.665s]                  from [01m[K/opt/ros/humble/include/rclcpp/rclcpp/any_executable.hpp:25[m[K,
[1.665s]                  from [01m[K/opt/ros/humble/include/rclcpp/rclcpp/memory_strategy.hpp:25[m[K,
[1.665s]                  from [01m[K/opt/ros/humble/include/rclcpp/rclcpp/memory_strategies.hpp:18[m[K,
[1.665s]                  from [01m[K/opt/ros/humble/include/rclcpp/rclcpp/executor_options.hpp:20[m[K,
[1.665s]                  from [01m[K/opt/ros/humble/include/rclcpp/rclcpp/executor.hpp:37[m[K,
[1.665s]                  from [01m[K/opt/ros/humble/include/rclcpp/rclcpp/executors/multi_threaded_executor.hpp:25[m[K,
[1.665s]                  from [01m[K/opt/ros/humble/include/rclcpp/rclcpp/executors.hpp:21[m[K,
[1.665s]                  from [01m[K/home/yang/Desktop/proj/ros-prac/src/p0/src/pong.cpp:3[m[K:
[1.665s] [01m[K/opt/ros/humble/include/rclcpp/rclcpp/publisher.hpp:325:3:[m[K [01;36m[Knote: [m[Kcandidate: ‘[01m[Ktemplate<class T> std::enable_if_t<(typename rclcpp::TypeAdapter<MessageT>::is_specialized::value && std::is_same<T, typename rclcpp::TypeAdapter<MessageT>::custom_type>::value)> rclcpp::Publisher<MessageT, AllocatorT>::publish(std::unique_ptr<T, typename std::conditional<std::is_same<typename std::allocator_traits<typename std::allocator_traits<_Allocator>::rebind_traits<typename rclcpp::TypeAdapter<MessageT, void, void>::custom_type>::allocator_type>::rebind_alloc<typename rclcpp::TypeAdapter<MessageT, void, void>::custom_type>, std::allocator<typename rclcpp::TypeAdapter<MessageT>::custom_type> >::value, std::default_delete<typename rclcpp::TypeAdapter<MessageT>::custom_type>, rclcpp::allocator::AllocatorDeleter<typename std::allocator_traits<_Allocator>::rebind_traits<typename rclcpp::TypeAdapter<MessageT, void, void>::custom_type>::allocator_type> >::type>) [with T = T; MessageT = std_msgs::msg::Int32_<std::allocator<void> >; AllocatorT = std::allocator<void>][m[K’
[1.665s]   325 |   [01;36m[Kpublish[m[K(std::unique_ptr<T, PublishedTypeDeleter> msg)
[1.665s]       |   [01;36m[K^~~~~~~[m[K
[1.665s] [01m[K/opt/ros/humble/include/rclcpp/rclcpp/publisher.hpp:325:3:[m[K [01;36m[Knote: [m[K  template argument deduction/substitution failed:
[1.665s] [01m[K/home/yang/Desktop/proj/ros-prac/src/p0/src/pong.cpp:32:24:[m[K [01;36m[Knote: [m[K  ‘[01m[Kstd_msgs::msg::Int32_<std::allocator<void> >[m[K’ is not derived from ‘[01m[Kstd::unique_ptr<T, std::default_delete<std_msgs::msg::Int32_<std::allocator<void> > > >[m[K’
[1.665s]    32 |     [01;36m[Kpublisher_->publish(message)[m[K;
[1.665s]       |     [01;36m[K~~~~~~~~~~~~~~~~~~~^~~~~~~~~[m[K
[1.665s] In file included from [01m[K/opt/ros/humble/include/rclcpp/rclcpp/topic_statistics/subscription_topic_statistics.hpp:31[m[K,
[1.665s]                  from [01m[K/opt/ros/humble/include/rclcpp/rclcpp/subscription.hpp:50[m[K,
[1.665s]                  from [01m[K/opt/ros/humble/include/rclcpp/rclcpp/any_executable.hpp:25[m[K,
[1.665s]                  from [01m[K/opt/ros/humble/include/rclcpp/rclcpp/memory_strategy.hpp:25[m[K,
[1.665s]                  from [01m[K/opt/ros/humble/include/rclcpp/rclcpp/memory_strategies.hpp:18[m[K,
[1.665s]                  from [01m[K/opt/ros/humble/include/rclcpp/rclcpp/executor_options.hpp:20[m[K,
[1.665s]                  from [01m[K/opt/ros/humble/include/rclcpp/rclcpp/executor.hpp:37[m[K,
[1.665s]                  from [01m[K/opt/ros/humble/include/rclcpp/rclcpp/executors/multi_threaded_executor.hpp:25[m[K,
[1.666s]                  from [01m[K/opt/ros/humble/include/rclcpp/rclcpp/executors.hpp:21[m[K,
[1.666s]                  from [01m[K/home/yang/Desktop/proj/ros-prac/src/p0/src/pong.cpp:3[m[K:
[1.666s] [01m[K/opt/ros/humble/include/rclcpp/rclcpp/publisher.hpp:367:3:[m[K [01;36m[Knote: [m[Kcandidate: ‘[01m[Ktemplate<class T> std::enable_if_t<(typename rclcpp::TypeAdapter<MessageT>::is_specialized::value && std::is_same<T, typename rclcpp::TypeAdapter<MessageT>::custom_type>::value)> rclcpp::Publisher<MessageT, AllocatorT>::publish(const T&) [with T = T; MessageT = std_msgs::msg::Int32_<std::allocator<void> >; AllocatorT = std::allocator<void>][m[K’
[1.666s]   367 |   [01;36m[Kpublish[m[K(const T & msg)
[1.666s]       |   [01;36m[K^~~~~~~[m[K
[1.666s] [01m[K/opt/ros/humble/include/rclcpp/rclcpp/publisher.hpp:367:3:[m[K [01;36m[Knote: [m[K  template argument deduction/substitution failed:
[1.666s] [01m[K/opt/ros/humble/include/rclcpp/rclcpp/publisher.hpp:386:3:[m[K [01;36m[Knote: [m[Kcandidate: ‘[01m[Kvoid rclcpp::Publisher<MessageT, AllocatorT>::publish(const rcl_serialized_message_t&) [with MessageT = std_msgs::msg::Int32_<std::allocator<void> >; AllocatorT = std::allocator<void>; rcl_serialized_message_t = rcutils_uint8_array_s][m[K’
[1.666s]   386 |   [01;36m[Kpublish[m[K(const rcl_serialized_message_t & serialized_msg)
[1.666s]       |   [01;36m[K^~~~~~~[m[K
[1.666s] [01m[K/opt/ros/humble/include/rclcpp/rclcpp/publisher.hpp:386:44:[m[K [01;36m[Knote: [m[K  no known conversion for argument 1 from ‘[01m[Kstd_msgs::msg::Int32_<std::allocator<void> >[m[K’ to ‘[01m[Kconst rcl_serialized_message_t&[m[K’ {aka ‘[01m[Kconst rcutils_uint8_array_s&[m[K’}
[1.666s]   386 |   publish([01;36m[Kconst rcl_serialized_message_t & serialized_msg[m[K)
[1.666s]       |           [01;36m[K~~~~~~~~~~~~~~~~~~~~~~~~~~~~~~~~~^~~~~~~~~~~~~~[m[K
[1.666s] [01m[K/opt/ros/humble/include/rclcpp/rclcpp/publisher.hpp:392:3:[m[K [01;36m[Knote: [m[Kcandidate: ‘[01m[Kvoid rclcpp::Publisher<MessageT, AllocatorT>::publish(const rclcpp::SerializedMessage&) [with MessageT = std_msgs::msg::Int32_<std::allocator<void> >; AllocatorT = std::allocator<void>][m[K’
[1.666s]   392 |   [01;36m[Kpublish[m[K(const SerializedMessage & serialized_msg)
[1.666s]       |   [01;36m[K^~~~~~~[m[K
[1.666s] [01m[K/opt/ros/humble/include/rclcpp/rclcpp/publisher.hpp:392:37:[m[K [01;36m[Knote: [m[K  no known conversion for argument 1 from ‘[01m[Kstd_msgs::msg::Int32_<std::allocator<void> >[m[K’ to ‘[01m[Kconst rclcpp::SerializedMessage&[m[K’
[1.666s]   392 |   publish([01;36m[Kconst SerializedMessage & serialized_msg[m[K)
[1.666s]       |           [01;36m[K~~~~~~~~~~~~~~~~~~~~~~~~~~^~~~~~~~~~~~~~[m[K
[1.666s] [01m[K/opt/ros/humble/include/rclcpp/rclcpp/publisher.hpp:406:3:[m[K [01;36m[Knote: [m[Kcandidate: ‘[01m[Kvoid rclcpp::Publisher<MessageT, AllocatorT>::publish(rclcpp::LoanedMessage<typename rclcpp::TypeAdapter<MessageT>::ros_message_type, AllocatorT>&&) [with MessageT = std_msgs::msg::Int32_<std::allocator<void> >; AllocatorT = std::allocator<void>; typename rclcpp::TypeAdapter<MessageT>::ros_message_type = std_msgs::msg::Int32_<std::allocator<void> >][m[K’
[1.666s]   406 |   [01;36m[Kpublish[m[K(rclcpp::LoanedMessage<ROSMessageType, AllocatorT> && loaned_msg)
[1.666s]       |   [01;36m[K^~~~~~~[m[K
[1.666s] [01m[K/opt/ros/humble/include/rclcpp/rclcpp/publisher.hpp:406:64:[m[K [01;36m[Knote: [m[K  no known conversion for argument 1 from ‘[01m[Kstd_msgs::msg::Int32_<std::allocator<void> >[m[K’ to ‘[01m[Krclcpp::LoanedMessage<std_msgs::msg::Int32_<std::allocator<void> >, std::allocator<void> >&&[m[K’
[1.666s]   406 |   publish([01;36m[Krclcpp::LoanedMessage<ROSMessageType, AllocatorT> && loaned_msg[m[K)
[1.666s]       |           [01;36m[K~~~~~~~~~~~~~~~~~~~~~~~~~~~~~~~~~~~~~~~~~~~~~~~~~~~~~^~~~~~~~~~[m[K
[3.704s] gmake[2]: *** [CMakeFiles/pong.dir/build.make:76: CMakeFiles/pong.dir/src/pong.cpp.o] Error 1
[3.704s] gmake[1]: *** [CMakeFiles/Makefile2:165: CMakeFiles/pong.dir/all] Error 2
[3.705s] gmake[1]: *** Waiting for unfinished jobs....
[6.965s] [ 75%] [32m[1mLinking CXX executable ping[0m
[7.225s] [ 75%] Built target ping
[7.226s] gmake: *** [Makefile:146: all] Error 2
[7.227s] Invoked command in '/home/yang/Desktop/proj/ros-prac/build/p0' returned '2': CMAKE_PREFIX_PATH=${CMAKE_PREFIX_PATH}:/opt/ros/humble /usr/local/bin/cmake --build /home/yang/Desktop/proj/ros-prac/build/p0 -- -j16 -l16
