[0.004s] Invoking command in '/home/yang/proj/ros-prac/task1/src/build/nodes': CMAKE_PREFIX_PATH=${CMAKE_PREFIX_PATH}:/opt/ros/jazzy /usr/bin/cmake --build /home/yang/proj/ros-prac/task1/src/build/nodes -- -j10 -l10
[0.026s] [100%] Built target sensor
[0.030s] Invoked command in '/home/yang/proj/ros-prac/task1/src/build/nodes' returned '0': CMAKE_PREFIX_PATH=${CMAKE_PREFIX_PATH}:/opt/ros/jazzy /usr/bin/cmake --build /home/yang/proj/ros-prac/task1/src/build/nodes -- -j10 -l10
[0.035s] Invoking command in '/home/yang/proj/ros-prac/task1/src/build/nodes': CMAKE_PREFIX_PATH=${CMAKE_PREFIX_PATH}:/opt/ros/jazzy /usr/bin/cmake --install /home/yang/proj/ros-prac/task1/src/build/nodes
[0.038s] -- Install configuration: ""
[0.038s] -- Up-to-date: /home/yang/proj/ros-prac/task1/src/install/nodes/lib/nodes/sensor
[0.038s] -- Up-to-date: /home/yang/proj/ros-prac/task1/src/install/nodes/share/ament_index/resource_index/package_run_dependencies/nodes
[0.038s] -- Up-to-date: /home/yang/proj/ros-prac/task1/src/install/nodes/share/ament_index/resource_index/parent_prefix_path/nodes
[0.038s] -- Up-to-date: /home/yang/proj/ros-prac/task1/src/install/nodes/share/nodes/environment/ament_prefix_path.sh
[0.038s] -- Up-to-date: /home/yang/proj/ros-prac/task1/src/install/nodes/share/nodes/environment/ament_prefix_path.dsv
[0.038s] -- Up-to-date: /home/yang/proj/ros-prac/task1/src/install/nodes/share/nodes/environment/path.sh
[0.038s] -- Up-to-date: /home/yang/proj/ros-prac/task1/src/install/nodes/share/nodes/environment/path.dsv
[0.038s] -- Up-to-date: /home/yang/proj/ros-prac/task1/src/install/nodes/share/nodes/local_setup.bash
[0.038s] -- Up-to-date: /home/yang/proj/ros-prac/task1/src/install/nodes/share/nodes/local_setup.sh
[0.038s] -- Up-to-date: /home/yang/proj/ros-prac/task1/src/install/nodes/share/nodes/local_setup.zsh
[0.039s] -- Up-to-date: /home/yang/proj/ros-prac/task1/src/install/nodes/share/nodes/local_setup.dsv
[0.039s] -- Installing: /home/yang/proj/ros-prac/task1/src/install/nodes/share/nodes/package.dsv
[0.039s] -- Up-to-date: /home/yang/proj/ros-prac/task1/src/install/nodes/share/ament_index/resource_index/packages/nodes
[0.039s] -- Up-to-date: /home/yang/proj/ros-prac/task1/src/install/nodes/share/nodes/cmake/nodesConfig.cmake
[0.039s] -- Up-to-date: /home/yang/proj/ros-prac/task1/src/install/nodes/share/nodes/cmake/nodesConfig-version.cmake
[0.039s] -- Up-to-date: /home/yang/proj/ros-prac/task1/src/install/nodes/share/nodes/package.xml
[0.039s] Invoked command in '/home/yang/proj/ros-prac/task1/src/build/nodes' returned '0': CMAKE_PREFIX_PATH=${CMAKE_PREFIX_PATH}:/opt/ros/jazzy /usr/bin/cmake --install /home/yang/proj/ros-prac/task1/src/build/nodes
