[0.002s] Invoking command in '/home/yang/proj/ros-prac/learn5/build/nodes': AMENT_PREFIX_PATH=/home/yang/proj/ros-prac/learn5/install/msgs:${AMENT_PREFIX_PATH} CMAKE_PREFIX_PATH=/home/yang/proj/ros-prac/learn5/install/msgs:/home/yang/proj/ros-prac/learn4/install/nodes:/home/yang/proj/ros-prac/learn4/install/msgs:/opt/ros/jazzy LD_LIBRARY_PATH=/home/yang/proj/ros-prac/learn5/install/msgs/lib:${LD_LIBRARY_PATH} PYTHONPATH=/home/yang/proj/ros-prac/learn5/install/msgs/lib/python3.12/site-packages:${PYTHONPATH} /usr/bin/cmake --build /home/yang/proj/ros-prac/learn5/build/nodes -- -j10 -l10
[0.016s] [ 50%] [32mBuilding CXX object CMakeFiles/talker.dir/src/talker.cpp.o[0m
[0.024s] [100%] [32m[1mLinking CXX executable talker[0m
[0.063s] [100%] Built target talker
[0.066s] Invoked command in '/home/yang/proj/ros-prac/learn5/build/nodes' returned '0': AMENT_PREFIX_PATH=/home/yang/proj/ros-prac/learn5/install/msgs:${AMENT_PREFIX_PATH} CMAKE_PREFIX_PATH=/home/yang/proj/ros-prac/learn5/install/msgs:/home/yang/proj/ros-prac/learn4/install/nodes:/home/yang/proj/ros-prac/learn4/install/msgs:/opt/ros/jazzy LD_LIBRARY_PATH=/home/yang/proj/ros-prac/learn5/install/msgs/lib:${LD_LIBRARY_PATH} PYTHONPATH=/home/yang/proj/ros-prac/learn5/install/msgs/lib/python3.12/site-packages:${PYTHONPATH} /usr/bin/cmake --build /home/yang/proj/ros-prac/learn5/build/nodes -- -j10 -l10
[0.066s] Invoking command in '/home/yang/proj/ros-prac/learn5/build/nodes': AMENT_PREFIX_PATH=/home/yang/proj/ros-prac/learn5/install/msgs:${AMENT_PREFIX_PATH} CMAKE_PREFIX_PATH=/home/yang/proj/ros-prac/learn5/install/msgs:/home/yang/proj/ros-prac/learn4/install/nodes:/home/yang/proj/ros-prac/learn4/install/msgs:/opt/ros/jazzy LD_LIBRARY_PATH=/home/yang/proj/ros-prac/learn5/install/msgs/lib:${LD_LIBRARY_PATH} PYTHONPATH=/home/yang/proj/ros-prac/learn5/install/msgs/lib/python3.12/site-packages:${PYTHONPATH} /usr/bin/cmake --install /home/yang/proj/ros-prac/learn5/build/nodes
[0.068s] -- Install configuration: ""
[0.068s] -- Installing: /home/yang/proj/ros-prac/learn5/install/nodes/share/ament_index/resource_index/package_run_dependencies/nodes
[0.068s] -- Installing: /home/yang/proj/ros-prac/learn5/install/nodes/share/ament_index/resource_index/parent_prefix_path/nodes
[0.068s] -- Installing: /home/yang/proj/ros-prac/learn5/install/nodes/share/nodes/environment/ament_prefix_path.sh
[0.068s] -- Installing: /home/yang/proj/ros-prac/learn5/install/nodes/share/nodes/environment/ament_prefix_path.dsv
[0.069s] -- Installing: /home/yang/proj/ros-prac/learn5/install/nodes/share/nodes/environment/path.sh
[0.069s] -- Installing: /home/yang/proj/ros-prac/learn5/install/nodes/share/nodes/environment/path.dsv
[0.069s] -- Installing: /home/yang/proj/ros-prac/learn5/install/nodes/share/nodes/local_setup.bash
[0.069s] -- Installing: /home/yang/proj/ros-prac/learn5/install/nodes/share/nodes/local_setup.sh
[0.069s] -- Installing: /home/yang/proj/ros-prac/learn5/install/nodes/share/nodes/local_setup.zsh
[0.069s] -- Installing: /home/yang/proj/ros-prac/learn5/install/nodes/share/nodes/local_setup.dsv
[0.069s] -- Up-to-date: /home/yang/proj/ros-prac/learn5/install/nodes/share/nodes/package.dsv
[0.069s] -- Installing: /home/yang/proj/ros-prac/learn5/install/nodes/share/ament_index/resource_index/packages/nodes
[0.069s] -- Installing: /home/yang/proj/ros-prac/learn5/install/nodes/share/nodes/cmake/nodesConfig.cmake
[0.069s] -- Installing: /home/yang/proj/ros-prac/learn5/install/nodes/share/nodes/cmake/nodesConfig-version.cmake
[0.069s] -- Installing: /home/yang/proj/ros-prac/learn5/install/nodes/share/nodes/package.xml
[0.070s] Invoked command in '/home/yang/proj/ros-prac/learn5/build/nodes' returned '0': AMENT_PREFIX_PATH=/home/yang/proj/ros-prac/learn5/install/msgs:${AMENT_PREFIX_PATH} CMAKE_PREFIX_PATH=/home/yang/proj/ros-prac/learn5/install/msgs:/home/yang/proj/ros-prac/learn4/install/nodes:/home/yang/proj/ros-prac/learn4/install/msgs:/opt/ros/jazzy LD_LIBRARY_PATH=/home/yang/proj/ros-prac/learn5/install/msgs/lib:${LD_LIBRARY_PATH} PYTHONPATH=/home/yang/proj/ros-prac/learn5/install/msgs/lib/python3.12/site-packages:${PYTHONPATH} /usr/bin/cmake --install /home/yang/proj/ros-prac/learn5/build/nodes
