[0.002s] Invoking command in '/home/yang/proj/ros-prac/learn8/build/robot_desc': CMAKE_PREFIX_PATH=${CMAKE_PREFIX_PATH}:/opt/ros/jazzy /usr/bin/cmake --build /home/yang/proj/ros-prac/learn8/build/robot_desc -- -j10 -l10
[0.018s] Invoked command in '/home/yang/proj/ros-prac/learn8/build/robot_desc' returned '0': CMAKE_PREFIX_PATH=${CMAKE_PREFIX_PATH}:/opt/ros/jazzy /usr/bin/cmake --build /home/yang/proj/ros-prac/learn8/build/robot_desc -- -j10 -l10
[0.021s] Invoking command in '/home/yang/proj/ros-prac/learn8/build/robot_desc': CMAKE_PREFIX_PATH=${CMAKE_PREFIX_PATH}:/opt/ros/jazzy /usr/bin/cmake --install /home/yang/proj/ros-prac/learn8/build/robot_desc
[0.024s] -- Install configuration: ""
[0.024s] -- Up-to-date: /home/yang/proj/ros-prac/learn8/install/robot_desc/share/robot_desc/urdf
[0.024s] -- Up-to-date: /home/yang/proj/ros-prac/learn8/install/robot_desc/share/robot_desc/urdf/robot.urdf
[0.024s] -- Up-to-date: /home/yang/proj/ros-prac/learn8/install/robot_desc/share/robot_desc/urdf/robot.xacro
[0.024s] -- Up-to-date: /home/yang/proj/ros-prac/learn8/install/robot_desc/share/robot_desc/launch
[0.024s] -- Up-to-date: /home/yang/proj/ros-prac/learn8/install/robot_desc/share/robot_desc/launch/display_xacro.launch.py
[0.024s] -- Installing: /home/yang/proj/ros-prac/learn8/install/robot_desc/share/robot_desc/launch/display.launch.py
[0.024s] -- Up-to-date: /home/yang/proj/ros-prac/learn8/install/robot_desc/share/robot_desc/rviz
[0.024s] -- Up-to-date: /home/yang/proj/ros-prac/learn8/install/robot_desc/share/robot_desc/rviz/config.rviz
[0.024s] -- Up-to-date: /home/yang/proj/ros-prac/learn8/install/robot_desc/share/ament_index/resource_index/package_run_dependencies/robot_desc
[0.024s] -- Up-to-date: /home/yang/proj/ros-prac/learn8/install/robot_desc/share/ament_index/resource_index/parent_prefix_path/robot_desc
[0.024s] -- Up-to-date: /home/yang/proj/ros-prac/learn8/install/robot_desc/share/robot_desc/environment/ament_prefix_path.sh
[0.024s] -- Up-to-date: /home/yang/proj/ros-prac/learn8/install/robot_desc/share/robot_desc/environment/ament_prefix_path.dsv
[0.024s] -- Up-to-date: /home/yang/proj/ros-prac/learn8/install/robot_desc/share/robot_desc/environment/path.sh
[0.024s] -- Up-to-date: /home/yang/proj/ros-prac/learn8/install/robot_desc/share/robot_desc/environment/path.dsv
[0.024s] -- Up-to-date: /home/yang/proj/ros-prac/learn8/install/robot_desc/share/robot_desc/local_setup.bash
[0.024s] -- Up-to-date: /home/yang/proj/ros-prac/learn8/install/robot_desc/share/robot_desc/local_setup.sh
[0.024s] -- Up-to-date: /home/yang/proj/ros-prac/learn8/install/robot_desc/share/robot_desc/local_setup.zsh
[0.024s] -- Up-to-date: /home/yang/proj/ros-prac/learn8/install/robot_desc/share/robot_desc/local_setup.dsv
[0.024s] -- Installing: /home/yang/proj/ros-prac/learn8/install/robot_desc/share/robot_desc/package.dsv
[0.024s] -- Up-to-date: /home/yang/proj/ros-prac/learn8/install/robot_desc/share/ament_index/resource_index/packages/robot_desc
[0.024s] -- Up-to-date: /home/yang/proj/ros-prac/learn8/install/robot_desc/share/robot_desc/cmake/robot_descConfig.cmake
[0.024s] -- Up-to-date: /home/yang/proj/ros-prac/learn8/install/robot_desc/share/robot_desc/cmake/robot_descConfig-version.cmake
[0.024s] -- Up-to-date: /home/yang/proj/ros-prac/learn8/install/robot_desc/share/robot_desc/package.xml
[0.025s] Invoked command in '/home/yang/proj/ros-prac/learn8/build/robot_desc' returned '0': CMAKE_PREFIX_PATH=${CMAKE_PREFIX_PATH}:/opt/ros/jazzy /usr/bin/cmake --install /home/yang/proj/ros-prac/learn8/build/robot_desc
