-- Found ament_cmake: 2.5.6 (/opt/ros/jazzy/share/ament_cmake/cmake)
-- Found rclcpp: 28.1.18 (/opt/ros/jazzy/share/rclcpp/cmake)
-- Found rosidl_generator_c: 4.6.7 (/opt/ros/jazzy/share/rosidl_generator_c/cmake)
-- Found rosidl_generator_cpp: 4.6.7 (/opt/ros/jazzy/share/rosidl_generator_cpp/cmake)
-- Using all available rosidl_typesupport_c: rosidl_typesupport_fastrtps_c;rosidl_typesupport_introspection_c
-- Using all available rosidl_typesupport_cpp: rosidl_typesupport_fastrtps_cpp;rosidl_typesupport_introspection_cpp
-- Found rmw_implementation_cmake: 7.3.3 (/opt/ros/jazzy/share/rmw_implementation_cmake/cmake)
-- Found rmw_fastrtps_cpp: 8.4.3 (/opt/ros/jazzy/share/rmw_fastrtps_cpp/cmake)
-- Using RMW implementation 'rmw_fastrtps_cpp' as default
-- Found msgs: 0.0.0 (/home/yang/proj/ros-prac/learn4/install/msgs/share/msgs/cmake)
-- Found rclcpp_action: 28.1.18 (/opt/ros/jazzy/share/rclcpp_action/cmake)
-- Configuring done (0.2s)
-- Generating done (0.0s)
-- Build files have been written to: /home/yang/proj/ros-prac/learn4/build/nodes
[ 50%] [32mBuilding CXX object CMakeFiles/server.dir/src/server.cpp.o[0m
[01m[K/home/yang/proj/ros-prac/learn4/src/nodes/src/server.cpp:[m[K In function ‘[01m[Kint[01;32m[K main[m[K(int, char**)[m[K’:
[01m[K/home/yang/proj/ros-prac/learn4/src/nodes/src/server.cpp:4:14:[m[K [01;35m[Kwarning: [m[Kunused parameter ‘[01m[Kargc[m[K’ [[01;35m[K]8;;https://gcc.gnu.org/onlinedocs/gcc/Warning-Options.html#index-Wunused-parameter-Wunused-parameter]8;;[m[K]
    4 | int main([01;35m[Kint argc[m[K, char *argv[]) { return 0; }
      |          [01;35m[K~~~~^~~~[m[K
[01m[K/home/yang/proj/ros-prac/learn4/src/nodes/src/server.cpp:4:26:[m[K [01;35m[Kwarning: [m[Kunused parameter ‘[01m[Kargv[m[K’ [[01;35m[K]8;;https://gcc.gnu.org/onlinedocs/gcc/Warning-Options.html#index-Wunused-parameter-Wunused-parameter]8;;[m[K]
    4 | int main(int argc, [01;35m[Kchar *argv[][m[K) { return 0; }
      |                    [01;35m[K~~~~~~^~~~~~[m[K
[100%] [32m[1mLinking CXX executable server[0m
[100%] Built target server
-- Install configuration: ""
-- Installing: /home/yang/proj/ros-prac/learn4/install/nodes/lib/nodes/server
-- Set non-toolchain portion of runtime path of "/home/yang/proj/ros-prac/learn4/install/nodes/lib/nodes/server" to ""
-- Up-to-date: /home/yang/proj/ros-prac/learn4/install/nodes/share/ament_index/resource_index/package_run_dependencies/nodes
-- Up-to-date: /home/yang/proj/ros-prac/learn4/install/nodes/share/ament_index/resource_index/parent_prefix_path/nodes
-- Up-to-date: /home/yang/proj/ros-prac/learn4/install/nodes/share/nodes/environment/ament_prefix_path.sh
-- Up-to-date: /home/yang/proj/ros-prac/learn4/install/nodes/share/nodes/environment/ament_prefix_path.dsv
-- Up-to-date: /home/yang/proj/ros-prac/learn4/install/nodes/share/nodes/environment/path.sh
-- Up-to-date: /home/yang/proj/ros-prac/learn4/install/nodes/share/nodes/environment/path.dsv
-- Up-to-date: /home/yang/proj/ros-prac/learn4/install/nodes/share/nodes/local_setup.bash
-- Up-to-date: /home/yang/proj/ros-prac/learn4/install/nodes/share/nodes/local_setup.sh
-- Up-to-date: /home/yang/proj/ros-prac/learn4/install/nodes/share/nodes/local_setup.zsh
-- Up-to-date: /home/yang/proj/ros-prac/learn4/install/nodes/share/nodes/local_setup.dsv
-- Installing: /home/yang/proj/ros-prac/learn4/install/nodes/share/nodes/package.dsv
-- Up-to-date: /home/yang/proj/ros-prac/learn4/install/nodes/share/ament_index/resource_index/packages/nodes
-- Up-to-date: /home/yang/proj/ros-prac/learn4/install/nodes/share/nodes/cmake/nodesConfig.cmake
-- Up-to-date: /home/yang/proj/ros-prac/learn4/install/nodes/share/nodes/cmake/nodesConfig-version.cmake
-- Up-to-date: /home/yang/proj/ros-prac/learn4/install/nodes/share/nodes/package.xml
