[0.002s] Invoking command in '/home/yang/proj/ros-prac/task1/build/nodes': CMAKE_PREFIX_PATH=/home/yang/proj/ros-prac/task1/install/msgs:/home/yang/proj/ros-prac/task1/install/nodes:/opt/ros/jazzy /usr/bin/cmake --build /home/yang/proj/ros-prac/task1/build/nodes -- -j10 -l10
[0.010s] -- Found ament_cmake: 2.5.6 (/opt/ros/jazzy/share/ament_cmake/cmake)
[0.071s] -- Found rclcpp: 28.1.18 (/opt/ros/jazzy/share/rclcpp/cmake)
[0.079s] -- Found rosidl_generator_c: 4.6.7 (/opt/ros/jazzy/share/rosidl_generator_c/cmake)
[0.082s] -- Found rosidl_generator_cpp: 4.6.7 (/opt/ros/jazzy/share/rosidl_generator_cpp/cmake)
[0.086s] -- Using all available rosidl_typesupport_c: rosidl_typesupport_fastrtps_c;rosidl_typesupport_introspection_c
[0.090s] -- Using all available rosidl_typesupport_cpp: rosidl_typesupport_fastrtps_cpp;rosidl_typesupport_introspection_cpp
[0.110s] -- Found rmw_implementation_cmake: 7.3.3 (/opt/ros/jazzy/share/rmw_implementation_cmake/cmake)
[0.111s] -- Found rmw_fastrtps_cpp: 8.4.3 (/opt/ros/jazzy/share/rmw_fastrtps_cpp/cmake)
[0.130s] -- Using RMW implementation 'rmw_fastrtps_cpp' as default
[0.150s] -- Found msgs: 0.0.0 (/home/yang/proj/ros-prac/task1/install/msgs/share/msgs/cmake)
[0.185s] -- Configuring done (0.2s)
[0.192s] -- Generating done (0.0s)
[0.194s] -- Build files have been written to: /home/yang/proj/ros-prac/task1/build/nodes
[0.208s] [ 50%] Built target monitor
[0.208s] [100%] Built target sensor
[0.211s] Invoked command in '/home/yang/proj/ros-prac/task1/build/nodes' returned '0': CMAKE_PREFIX_PATH=/home/yang/proj/ros-prac/task1/install/msgs:/home/yang/proj/ros-prac/task1/install/nodes:/opt/ros/jazzy /usr/bin/cmake --build /home/yang/proj/ros-prac/task1/build/nodes -- -j10 -l10
[0.211s] Invoking command in '/home/yang/proj/ros-prac/task1/build/nodes': CMAKE_PREFIX_PATH=/home/yang/proj/ros-prac/task1/install/msgs:/home/yang/proj/ros-prac/task1/install/nodes:/opt/ros/jazzy /usr/bin/cmake --install /home/yang/proj/ros-prac/task1/build/nodes
[0.213s] -- Install configuration: ""
[0.213s] -- Up-to-date: /home/yang/proj/ros-prac/task1/install/nodes/lib/nodes/sensor
[0.213s] -- Up-to-date: /home/yang/proj/ros-prac/task1/install/nodes/lib/nodes/sensor
[0.213s] -- Up-to-date: /home/yang/proj/ros-prac/task1/install/nodes/lib/nodes/monitor
[0.213s] -- Up-to-date: /home/yang/proj/ros-prac/task1/install/nodes/share/ament_index/resource_index/package_run_dependencies/nodes
[0.213s] -- Up-to-date: /home/yang/proj/ros-prac/task1/install/nodes/share/ament_index/resource_index/parent_prefix_path/nodes
[0.213s] -- Up-to-date: /home/yang/proj/ros-prac/task1/install/nodes/share/nodes/environment/ament_prefix_path.sh
[0.213s] -- Up-to-date: /home/yang/proj/ros-prac/task1/install/nodes/share/nodes/environment/ament_prefix_path.dsv
[0.213s] -- Up-to-date: /home/yang/proj/ros-prac/task1/install/nodes/share/nodes/environment/path.sh
[0.213s] -- Up-to-date: /home/yang/proj/ros-prac/task1/install/nodes/share/nodes/environment/path.dsv
[0.214s] -- Up-to-date: /home/yang/proj/ros-prac/task1/install/nodes/share/nodes/local_setup.bash
[0.214s] -- Up-to-date: /home/yang/proj/ros-prac/task1/install/nodes/share/nodes/local_setup.sh
[0.214s] -- Up-to-date: /home/yang/proj/ros-prac/task1/install/nodes/share/nodes/local_setup.zsh
[0.214s] -- Up-to-date: /home/yang/proj/ros-prac/task1/install/nodes/share/nodes/local_setup.dsv
[0.214s] -- Installing: /home/yang/proj/ros-prac/task1/install/nodes/share/nodes/package.dsv
[0.214s] -- Up-to-date: /home/yang/proj/ros-prac/task1/install/nodes/share/ament_index/resource_index/packages/nodes
[0.214s] -- Up-to-date: /home/yang/proj/ros-prac/task1/install/nodes/share/nodes/cmake/nodesConfig.cmake
[0.214s] -- Up-to-date: /home/yang/proj/ros-prac/task1/install/nodes/share/nodes/cmake/nodesConfig-version.cmake
[0.214s] -- Up-to-date: /home/yang/proj/ros-prac/task1/install/nodes/share/nodes/package.xml
[0.214s] Invoked command in '/home/yang/proj/ros-prac/task1/build/nodes' returned '0': CMAKE_PREFIX_PATH=/home/yang/proj/ros-prac/task1/install/msgs:/home/yang/proj/ros-prac/task1/install/nodes:/opt/ros/jazzy /usr/bin/cmake --install /home/yang/proj/ros-prac/task1/build/nodes
