[0.003s] Invoking command in '/home/yang/proj/ros-prac/learn7/build/nodes': CMAKE_PREFIX_PATH=${CMAKE_PREFIX_PATH}:/opt/ros/jazzy /usr/bin/cmake --build /home/yang/proj/ros-prac/learn7/build/nodes -- -j10 -l10
[0.013s] -- Found ament_cmake: 2.5.6 (/opt/ros/jazzy/share/ament_cmake/cmake)
[0.077s] -- Found rclcpp: 28.1.18 (/opt/ros/jazzy/share/rclcpp/cmake)
[0.085s] -- Found rosidl_generator_c: 4.6.7 (/opt/ros/jazzy/share/rosidl_generator_c/cmake)
[0.088s] -- Found rosidl_generator_cpp: 4.6.7 (/opt/ros/jazzy/share/rosidl_generator_cpp/cmake)
[0.092s] -- Using all available rosidl_typesupport_c: rosidl_typesupport_fastrtps_c;rosidl_typesupport_introspection_c
[0.097s] -- Using all available rosidl_typesupport_cpp: rosidl_typesupport_fastrtps_cpp;rosidl_typesupport_introspection_cpp
[0.117s] -- Found rmw_implementation_cmake: 7.3.3 (/opt/ros/jazzy/share/rmw_implementation_cmake/cmake)
[0.118s] -- Found rmw_fastrtps_cpp: 8.4.3 (/opt/ros/jazzy/share/rmw_fastrtps_cpp/cmake)
[0.138s] -- Using RMW implementation 'rmw_fastrtps_cpp' as default
[0.158s] -- Found tf2: 0.36.20 (/opt/ros/jazzy/share/tf2/cmake)
[0.169s] -- Found tf2_ros: 0.36.20 (/opt/ros/jazzy/share/tf2_ros/cmake)
[0.204s] -- Found tf2_geometry_msgs: 0.36.20 (/opt/ros/jazzy/share/tf2_geometry_msgs/cmake)
[0.205s] -- Found eigen3_cmake_module: 0.3.0 (/opt/ros/jazzy/share/eigen3_cmake_module/cmake)
[0.206s] -- Ensuring Eigen3 include directory is part of orocos-kdl CMake target
[0.240s] -- Configuring done (0.2s)
[0.247s] -- Generating done (0.0s)
[0.250s] -- Build files have been written to: /home/yang/proj/ros-prac/learn7/build/nodes
[0.260s] [ 50%] [32mBuilding CXX object CMakeFiles/static_broadcaster.dir/src/static_broadcaster.cpp.o[0m
[0.270s] [100%] [32m[1mLinking CXX executable static_broadcaster[0m
[0.398s] [100%] Built target static_broadcaster
[0.401s] Invoked command in '/home/yang/proj/ros-prac/learn7/build/nodes' returned '0': CMAKE_PREFIX_PATH=${CMAKE_PREFIX_PATH}:/opt/ros/jazzy /usr/bin/cmake --build /home/yang/proj/ros-prac/learn7/build/nodes -- -j10 -l10
[0.403s] Invoking command in '/home/yang/proj/ros-prac/learn7/build/nodes': CMAKE_PREFIX_PATH=${CMAKE_PREFIX_PATH}:/opt/ros/jazzy /usr/bin/cmake --install /home/yang/proj/ros-prac/learn7/build/nodes
[0.406s] -- Install configuration: ""
[0.406s] -- Installing: /home/yang/proj/ros-prac/learn7/install/nodes/lib/nodes/static_broadcaster
[0.406s] -- Set non-toolchain portion of runtime path of "/home/yang/proj/ros-prac/learn7/install/nodes/lib/nodes/static_broadcaster" to ""
[0.406s] -- Up-to-date: /home/yang/proj/ros-prac/learn7/install/nodes/share/ament_index/resource_index/package_run_dependencies/nodes
[0.406s] -- Up-to-date: /home/yang/proj/ros-prac/learn7/install/nodes/share/ament_index/resource_index/parent_prefix_path/nodes
[0.406s] -- Up-to-date: /home/yang/proj/ros-prac/learn7/install/nodes/share/nodes/environment/ament_prefix_path.sh
[0.406s] -- Up-to-date: /home/yang/proj/ros-prac/learn7/install/nodes/share/nodes/environment/ament_prefix_path.dsv
[0.406s] -- Up-to-date: /home/yang/proj/ros-prac/learn7/install/nodes/share/nodes/environment/path.sh
[0.406s] -- Up-to-date: /home/yang/proj/ros-prac/learn7/install/nodes/share/nodes/environment/path.dsv
[0.406s] -- Up-to-date: /home/yang/proj/ros-prac/learn7/install/nodes/share/nodes/local_setup.bash
[0.407s] -- Up-to-date: /home/yang/proj/ros-prac/learn7/install/nodes/share/nodes/local_setup.sh
[0.407s] -- Up-to-date: /home/yang/proj/ros-prac/learn7/install/nodes/share/nodes/local_setup.zsh
[0.407s] -- Up-to-date: /home/yang/proj/ros-prac/learn7/install/nodes/share/nodes/local_setup.dsv
[0.407s] -- Installing: /home/yang/proj/ros-prac/learn7/install/nodes/share/nodes/package.dsv
[0.407s] -- Up-to-date: /home/yang/proj/ros-prac/learn7/install/nodes/share/ament_index/resource_index/packages/nodes
[0.407s] -- Up-to-date: /home/yang/proj/ros-prac/learn7/install/nodes/share/nodes/cmake/nodesConfig.cmake
[0.407s] -- Up-to-date: /home/yang/proj/ros-prac/learn7/install/nodes/share/nodes/cmake/nodesConfig-version.cmake
[0.407s] -- Up-to-date: /home/yang/proj/ros-prac/learn7/install/nodes/share/nodes/package.xml
[0.407s] Invoked command in '/home/yang/proj/ros-prac/learn7/build/nodes' returned '0': CMAKE_PREFIX_PATH=${CMAKE_PREFIX_PATH}:/opt/ros/jazzy /usr/bin/cmake --install /home/yang/proj/ros-prac/learn7/build/nodes
