[0.003s] Invoking command in '/home/yang/proj/ros-prac/task1/build/nodes': CMAKE_PREFIX_PATH=/home/yang/proj/ros-prac/task1/install/msgs:/home/yang/proj/ros-prac/task1/install/nodes:/home/yang/proj/ros-prac/task1/src/install/nodes:/home/yang/proj/ros-prac/task1/src/install/msgs:/home/yang/proj/ros-prac/learn3/install/nodes:/home/yang/proj/ros-prac/learn3/install/msgs:/opt/ros/jazzy /usr/bin/cmake --build /home/yang/proj/ros-prac/task1/build/nodes -- -j10 -l10
[0.020s] [ 50%] [32mBuilding CXX object CMakeFiles/sensor.dir/src/sensor.cpp.o[0m
[0.854s] [100%] [32m[1mLinking CXX executable sensor[0m
[0.889s] [100%] Built target sensor
[0.892s] Invoked command in '/home/yang/proj/ros-prac/task1/build/nodes' returned '0': CMAKE_PREFIX_PATH=/home/yang/proj/ros-prac/task1/install/msgs:/home/yang/proj/ros-prac/task1/install/nodes:/home/yang/proj/ros-prac/task1/src/install/nodes:/home/yang/proj/ros-prac/task1/src/install/msgs:/home/yang/proj/ros-prac/learn3/install/nodes:/home/yang/proj/ros-prac/learn3/install/msgs:/opt/ros/jazzy /usr/bin/cmake --build /home/yang/proj/ros-prac/task1/build/nodes -- -j10 -l10
[0.892s] Invoking command in '/home/yang/proj/ros-prac/task1/build/nodes': CMAKE_PREFIX_PATH=/home/yang/proj/ros-prac/task1/install/msgs:/home/yang/proj/ros-prac/task1/install/nodes:/home/yang/proj/ros-prac/task1/src/install/nodes:/home/yang/proj/ros-prac/task1/src/install/msgs:/home/yang/proj/ros-prac/learn3/install/nodes:/home/yang/proj/ros-prac/learn3/install/msgs:/opt/ros/jazzy /usr/bin/cmake --install /home/yang/proj/ros-prac/task1/build/nodes
[0.894s] -- Install configuration: ""
[0.894s] -- Installing: /home/yang/proj/ros-prac/task1/install/nodes/lib/nodes/sensor
[0.895s] -- Set non-toolchain portion of runtime path of "/home/yang/proj/ros-prac/task1/install/nodes/lib/nodes/sensor" to ""
[0.895s] -- Up-to-date: /home/yang/proj/ros-prac/task1/install/nodes/share/ament_index/resource_index/package_run_dependencies/nodes
[0.896s] -- Up-to-date: /home/yang/proj/ros-prac/task1/install/nodes/share/ament_index/resource_index/parent_prefix_path/nodes
[0.896s] -- Up-to-date: /home/yang/proj/ros-prac/task1/install/nodes/share/nodes/environment/ament_prefix_path.sh
[0.896s] -- Up-to-date: /home/yang/proj/ros-prac/task1/install/nodes/share/nodes/environment/ament_prefix_path.dsv
[0.896s] -- Up-to-date: /home/yang/proj/ros-prac/task1/install/nodes/share/nodes/environment/path.sh
[0.896s] -- Up-to-date: /home/yang/proj/ros-prac/task1/install/nodes/share/nodes/environment/path.dsv
[0.896s] -- Up-to-date: /home/yang/proj/ros-prac/task1/install/nodes/share/nodes/local_setup.bash
[0.896s] -- Up-to-date: /home/yang/proj/ros-prac/task1/install/nodes/share/nodes/local_setup.sh
[0.896s] -- Up-to-date: /home/yang/proj/ros-prac/task1/install/nodes/share/nodes/local_setup.zsh
[0.896s] -- Up-to-date: /home/yang/proj/ros-prac/task1/install/nodes/share/nodes/local_setup.dsv
[0.896s] -- Up-to-date: /home/yang/proj/ros-prac/task1/install/nodes/share/nodes/package.dsv
[0.896s] -- Up-to-date: /home/yang/proj/ros-prac/task1/install/nodes/share/ament_index/resource_index/packages/nodes
[0.896s] -- Up-to-date: /home/yang/proj/ros-prac/task1/install/nodes/share/nodes/cmake/nodesConfig.cmake
[0.896s] -- Up-to-date: /home/yang/proj/ros-prac/task1/install/nodes/share/nodes/cmake/nodesConfig-version.cmake
[0.896s] -- Up-to-date: /home/yang/proj/ros-prac/task1/install/nodes/share/nodes/package.xml
[0.896s] Invoked command in '/home/yang/proj/ros-prac/task1/build/nodes' returned '0': CMAKE_PREFIX_PATH=/home/yang/proj/ros-prac/task1/install/msgs:/home/yang/proj/ros-prac/task1/install/nodes:/home/yang/proj/ros-prac/task1/src/install/nodes:/home/yang/proj/ros-prac/task1/src/install/msgs:/home/yang/proj/ros-prac/learn3/install/nodes:/home/yang/proj/ros-prac/learn3/install/msgs:/opt/ros/jazzy /usr/bin/cmake --install /home/yang/proj/ros-prac/task1/build/nodes
