-- The C compiler identification is GNU 13.3.0
-- The CXX compiler identification is GNU 13.3.0
-- Detecting C compiler ABI info
-- Detecting C compiler ABI info - done
-- Check for working C compiler: /usr/bin/cc - skipped
-- Detecting C compile features
-- Detecting C compile features - done
-- Detecting CXX compiler ABI info
-- Detecting CXX compiler ABI info - done
-- Check for working CXX compiler: /usr/bin/c++ - skipped
-- Detecting CXX compile features
-- Detecting CXX compile features - done
-- Found ament_cmake: 2.5.6 (/opt/ros/jazzy/share/ament_cmake/cmake)
-- Found Python3: /usr/bin/python3 (found version "3.12.3") found components: Interpreter 
-- Found ament_lint_auto: 0.17.5 (/opt/ros/jazzy/share/ament_lint_auto/cmake)
-- Added test 'lint_cmake' to check CMake code style
-- Added test 'xmllint' to check XML markup files
-- Configuring done (0.2s)
-- Generating done (0.0s)
[33mCMake Warning:
  Manually-specified variables were not used by the project:

    CMAKE_EXPORT_COMPILE_COMMANDS

[0m
-- Build files have been written to: /home/yang/proj/ros-prac/learn3/src/build/msgs
-- Install configuration: ""
-- Installing: /home/yang/proj/ros-prac/learn3/src/install/msgs/share/ament_index/resource_index/package_run_dependencies/msgs
-- Installing: /home/yang/proj/ros-prac/learn3/src/install/msgs/share/ament_index/resource_index/parent_prefix_path/msgs
-- Installing: /home/yang/proj/ros-prac/learn3/src/install/msgs/share/msgs/environment/ament_prefix_path.sh
-- Installing: /home/yang/proj/ros-prac/learn3/src/install/msgs/share/msgs/environment/ament_prefix_path.dsv
-- Installing: /home/yang/proj/ros-prac/learn3/src/install/msgs/share/msgs/environment/path.sh
-- Installing: /home/yang/proj/ros-prac/learn3/src/install/msgs/share/msgs/environment/path.dsv
-- Installing: /home/yang/proj/ros-prac/learn3/src/install/msgs/share/msgs/local_setup.bash
-- Installing: /home/yang/proj/ros-prac/learn3/src/install/msgs/share/msgs/local_setup.sh
-- Installing: /home/yang/proj/ros-prac/learn3/src/install/msgs/share/msgs/local_setup.zsh
-- Installing: /home/yang/proj/ros-prac/learn3/src/install/msgs/share/msgs/local_setup.dsv
-- Installing: /home/yang/proj/ros-prac/learn3/src/install/msgs/share/msgs/package.dsv
-- Installing: /home/yang/proj/ros-prac/learn3/src/install/msgs/share/ament_index/resource_index/packages/msgs
-- Installing: /home/yang/proj/ros-prac/learn3/src/install/msgs/share/msgs/cmake/msgsConfig.cmake
-- Installing: /home/yang/proj/ros-prac/learn3/src/install/msgs/share/msgs/cmake/msgsConfig-version.cmake
-- Installing: /home/yang/proj/ros-prac/learn3/src/install/msgs/share/msgs/package.xml
