[0.002s] Invoking command in '/home/yang/proj/ros-prac/learn3/src/build/msgs': CMAKE_PREFIX_PATH=/opt/ros/jazzy /usr/bin/cmake /home/yang/proj/ros-prac/learn3/src/msgs -DCMAKE_EXPORT_COMPILE_COMMANDS=ON -DCMAKE_INSTALL_PREFIX=/home/yang/proj/ros-prac/learn3/src/install/msgs
[0.029s] -- The C compiler identification is GNU 13.3.0
[0.052s] -- The CXX compiler identification is GNU 13.3.0
[0.056s] -- Detecting C compiler ABI info
[0.081s] -- Detecting C compiler ABI info - done
[0.085s] -- Check for working C compiler: /usr/bin/cc - skipped
[0.085s] -- Detecting C compile features
[0.085s] -- Detecting C compile features - done
[0.088s] -- Detecting CXX compiler ABI info
[0.116s] -- Detecting CXX compiler ABI info - done
[0.119s] -- Check for working CXX compiler: /usr/bin/c++ - skipped
[0.119s] -- Detecting CXX compile features
[0.119s] -- Detecting CXX compile features - done
[0.120s] -- Found ament_cmake: 2.5.6 (/opt/ros/jazzy/share/ament_cmake/cmake)
[0.156s] -- Found Python3: /usr/bin/python3 (found version "3.12.3") found components: Interpreter 
[0.184s] -- Found ament_lint_auto: 0.17.5 (/opt/ros/jazzy/share/ament_lint_auto/cmake)
[0.216s] -- Added test 'lint_cmake' to check CMake code style
[0.217s] -- Added test 'xmllint' to check XML markup files
[0.217s] -- Configuring done (0.2s)
[0.218s] -- Generating done (0.0s)
[0.218s] [33mCMake Warning:
[0.218s]   Manually-specified variables were not used by the project:
[0.218s] 
[0.218s]     CMAKE_EXPORT_COMPILE_COMMANDS
[0.218s] 
[0.218s] [0m
[0.219s] -- Build files have been written to: /home/yang/proj/ros-prac/learn3/src/build/msgs
[0.221s] Invoked command in '/home/yang/proj/ros-prac/learn3/src/build/msgs' returned '0': CMAKE_PREFIX_PATH=/opt/ros/jazzy /usr/bin/cmake /home/yang/proj/ros-prac/learn3/src/msgs -DCMAKE_EXPORT_COMPILE_COMMANDS=ON -DCMAKE_INSTALL_PREFIX=/home/yang/proj/ros-prac/learn3/src/install/msgs
[0.221s] Invoking command in '/home/yang/proj/ros-prac/learn3/src/build/msgs': CMAKE_PREFIX_PATH=/opt/ros/jazzy /usr/bin/cmake --build /home/yang/proj/ros-prac/learn3/src/build/msgs -- -j10 -l10
[0.231s] Invoked command in '/home/yang/proj/ros-prac/learn3/src/build/msgs' returned '0': CMAKE_PREFIX_PATH=/opt/ros/jazzy /usr/bin/cmake --build /home/yang/proj/ros-prac/learn3/src/build/msgs -- -j10 -l10
[0.233s] Invoking command in '/home/yang/proj/ros-prac/learn3/src/build/msgs': CMAKE_PREFIX_PATH=/opt/ros/jazzy /usr/bin/cmake --install /home/yang/proj/ros-prac/learn3/src/build/msgs
[0.235s] -- Install configuration: ""
[0.235s] -- Installing: /home/yang/proj/ros-prac/learn3/src/install/msgs/share/ament_index/resource_index/package_run_dependencies/msgs
[0.235s] -- Installing: /home/yang/proj/ros-prac/learn3/src/install/msgs/share/ament_index/resource_index/parent_prefix_path/msgs
[0.235s] -- Installing: /home/yang/proj/ros-prac/learn3/src/install/msgs/share/msgs/environment/ament_prefix_path.sh
[0.235s] -- Installing: /home/yang/proj/ros-prac/learn3/src/install/msgs/share/msgs/environment/ament_prefix_path.dsv
[0.236s] -- Installing: /home/yang/proj/ros-prac/learn3/src/install/msgs/share/msgs/environment/path.sh
[0.236s] -- Installing: /home/yang/proj/ros-prac/learn3/src/install/msgs/share/msgs/environment/path.dsv
[0.236s] -- Installing: /home/yang/proj/ros-prac/learn3/src/install/msgs/share/msgs/local_setup.bash
[0.236s] -- Installing: /home/yang/proj/ros-prac/learn3/src/install/msgs/share/msgs/local_setup.sh
[0.236s] -- Installing: /home/yang/proj/ros-prac/learn3/src/install/msgs/share/msgs/local_setup.zsh
[0.236s] -- Installing: /home/yang/proj/ros-prac/learn3/src/install/msgs/share/msgs/local_setup.dsv
[0.236s] -- Installing: /home/yang/proj/ros-prac/learn3/src/install/msgs/share/msgs/package.dsv
[0.236s] -- Installing: /home/yang/proj/ros-prac/learn3/src/install/msgs/share/ament_index/resource_index/packages/msgs
[0.236s] -- Installing: /home/yang/proj/ros-prac/learn3/src/install/msgs/share/msgs/cmake/msgsConfig.cmake
[0.236s] -- Installing: /home/yang/proj/ros-prac/learn3/src/install/msgs/share/msgs/cmake/msgsConfig-version.cmake
[0.236s] -- Installing: /home/yang/proj/ros-prac/learn3/src/install/msgs/share/msgs/package.xml
[0.237s] Invoked command in '/home/yang/proj/ros-prac/learn3/src/build/msgs' returned '0': CMAKE_PREFIX_PATH=/opt/ros/jazzy /usr/bin/cmake --install /home/yang/proj/ros-prac/learn3/src/build/msgs
