-- Found ament_cmake: 1.3.13 (/opt/ros/humble/share/ament_cmake/cmake)
-- Found rclcpp: 16.0.18 (/opt/ros/humble/share/rclcpp/cmake)
-- Found rosidl_generator_c: 3.1.8 (/opt/ros/humble/share/rosidl_generator_c/cmake)
-- Found rosidl_adapter: 3.1.8 (/opt/ros/humble/share/rosidl_adapter/cmake)
-- Found rosidl_generator_cpp: 3.1.8 (/opt/ros/humble/share/rosidl_generator_cpp/cmake)
-- Using all available rosidl_typesupport_c: rosidl_typesupport_fastrtps_c;rosidl_typesupport_introspection_c
-- Using all available rosidl_typesupport_cpp: rosidl_typesupport_fastrtps_cpp;rosidl_typesupport_introspection_cpp
-- Found rmw_implementation_cmake: 6.1.2 (/opt/ros/humble/share/rmw_implementation_cmake/cmake)
-- Found rmw_fastrtps_cpp: 6.2.10 (/opt/ros/humble/share/rmw_fastrtps_cpp/cmake)
-- Using RMW implementation 'rmw_fastrtps_cpp' as default
-- Configuring done (0.4s)
-- Generating done (0.0s)
-- Build files have been written to: /home/yang/Desktop/proj/ros-prac/build/p0
[ 25%] [32mBuilding CXX object CMakeFiles/listener.dir/src/subscriber_node.cpp.o[0m
[ 50%] [32mBuilding CXX object CMakeFiles/talker.dir/src/publisher_node.cpp.o[0m
[ 75%] [32m[1mLinking CXX executable talker[0m
[ 75%] Built target talker
[100%] [32m[1mLinking CXX executable listener[0m
[100%] Built target listener
-- Install configuration: ""
-- Installing: /home/yang/Desktop/proj/ros-prac/install/p0/lib/p0/talker
-- Set non-toolchain portion of runtime path of "/home/yang/Desktop/proj/ros-prac/install/p0/lib/p0/talker" to ""
-- Up-to-date: /home/yang/Desktop/proj/ros-prac/install/p0/share/ament_index/resource_index/package_run_dependencies/p0
-- Up-to-date: /home/yang/Desktop/proj/ros-prac/install/p0/share/ament_index/resource_index/parent_prefix_path/p0
-- Up-to-date: /home/yang/Desktop/proj/ros-prac/install/p0/share/p0/environment/ament_prefix_path.sh
-- Installing: /home/yang/Desktop/proj/ros-prac/install/p0/share/p0/environment/ament_prefix_path.dsv
-- Up-to-date: /home/yang/Desktop/proj/ros-prac/install/p0/share/p0/environment/path.sh
-- Installing: /home/yang/Desktop/proj/ros-prac/install/p0/share/p0/environment/path.dsv
-- Up-to-date: /home/yang/Desktop/proj/ros-prac/install/p0/share/p0/local_setup.bash
-- Up-to-date: /home/yang/Desktop/proj/ros-prac/install/p0/share/p0/local_setup.sh
-- Up-to-date: /home/yang/Desktop/proj/ros-prac/install/p0/share/p0/local_setup.zsh
-- Installing: /home/yang/Desktop/proj/ros-prac/install/p0/share/p0/local_setup.dsv
-- Installing: /home/yang/Desktop/proj/ros-prac/install/p0/share/p0/package.dsv
-- Up-to-date: /home/yang/Desktop/proj/ros-prac/install/p0/share/ament_index/resource_index/packages/p0
-- Up-to-date: /home/yang/Desktop/proj/ros-prac/install/p0/share/p0/cmake/p0Config.cmake
-- Up-to-date: /home/yang/Desktop/proj/ros-prac/install/p0/share/p0/cmake/p0Config-version.cmake
-- Up-to-date: /home/yang/Desktop/proj/ros-prac/install/p0/share/p0/package.xml
