[0.008s] Invoking command in '/home/yang/Desktop/proj/ros-prac/build/p0': CMAKE_PREFIX_PATH=/opt/ros/humble /usr/local/bin/cmake /home/yang/Desktop/proj/ros-prac/src/p0 -DCMAKE_EXPORT_COMPILE_COMMANDS=ON -DCMAKE_INSTALL_PREFIX=/home/yang/Desktop/proj/ros-prac/install/p0
[0.015s] -- Found ament_cmake: 1.3.13 (/opt/ros/humble/share/ament_cmake/cmake)
[0.157s] -- Found rclcpp: 16.0.18 (/opt/ros/humble/share/rclcpp/cmake)
[0.182s] -- Found rosidl_generator_c: 3.1.8 (/opt/ros/humble/share/rosidl_generator_c/cmake)
[0.184s] -- Found rosidl_adapter: 3.1.8 (/opt/ros/humble/share/rosidl_adapter/cmake)
[0.190s] -- Found rosidl_generator_cpp: 3.1.8 (/opt/ros/humble/share/rosidl_generator_cpp/cmake)
[0.198s] -- Using all available rosidl_typesupport_c: rosidl_typesupport_fastrtps_c;rosidl_typesupport_introspection_c
[0.210s] -- Using all available rosidl_typesupport_cpp: rosidl_typesupport_fastrtps_cpp;rosidl_typesupport_introspection_cpp
[0.242s] -- Found rmw_implementation_cmake: 6.1.2 (/opt/ros/humble/share/rmw_implementation_cmake/cmake)
[0.243s] -- Found rmw_fastrtps_cpp: 6.2.10 (/opt/ros/humble/share/rmw_fastrtps_cpp/cmake)
[0.335s] -- Using RMW implementation 'rmw_fastrtps_cpp' as default
[0.434s] -- Configuring done (0.4s)
[0.443s] -- Generating done (0.0s)
[0.447s] -- Build files have been written to: /home/yang/Desktop/proj/ros-prac/build/p0
[0.453s] Invoked command in '/home/yang/Desktop/proj/ros-prac/build/p0' returned '0': CMAKE_PREFIX_PATH=/opt/ros/humble /usr/local/bin/cmake /home/yang/Desktop/proj/ros-prac/src/p0 -DCMAKE_EXPORT_COMPILE_COMMANDS=ON -DCMAKE_INSTALL_PREFIX=/home/yang/Desktop/proj/ros-prac/install/p0
[0.455s] Invoking command in '/home/yang/Desktop/proj/ros-prac/build/p0': CMAKE_PREFIX_PATH=/opt/ros/humble /usr/local/bin/cmake --build /home/yang/Desktop/proj/ros-prac/build/p0 -- -j16 -l16
[0.476s] [ 25%] [32mBuilding CXX object CMakeFiles/listener.dir/src/subscriber_node.cpp.o[0m
[0.478s] [ 50%] [32mBuilding CXX object CMakeFiles/talker.dir/src/publisher_node.cpp.o[0m
[3.837s] [ 75%] [32m[1mLinking CXX executable talker[0m
[3.980s] [ 75%] Built target talker
[6.548s] [100%] [32m[1mLinking CXX executable listener[0m
[6.797s] [100%] Built target listener
[6.802s] Invoked command in '/home/yang/Desktop/proj/ros-prac/build/p0' returned '0': CMAKE_PREFIX_PATH=/opt/ros/humble /usr/local/bin/cmake --build /home/yang/Desktop/proj/ros-prac/build/p0 -- -j16 -l16
[6.806s] Invoking command in '/home/yang/Desktop/proj/ros-prac/build/p0': CMAKE_PREFIX_PATH=/opt/ros/humble /usr/local/bin/cmake --install /home/yang/Desktop/proj/ros-prac/build/p0
[6.808s] -- Install configuration: ""
[6.808s] -- Installing: /home/yang/Desktop/proj/ros-prac/install/p0/lib/p0/talker
[6.809s] -- Set non-toolchain portion of runtime path of "/home/yang/Desktop/proj/ros-prac/install/p0/lib/p0/talker" to ""
[6.809s] -- Up-to-date: /home/yang/Desktop/proj/ros-prac/install/p0/share/ament_index/resource_index/package_run_dependencies/p0
[6.809s] -- Up-to-date: /home/yang/Desktop/proj/ros-prac/install/p0/share/ament_index/resource_index/parent_prefix_path/p0
[6.810s] -- Up-to-date: /home/yang/Desktop/proj/ros-prac/install/p0/share/p0/environment/ament_prefix_path.sh
[6.810s] -- Installing: /home/yang/Desktop/proj/ros-prac/install/p0/share/p0/environment/ament_prefix_path.dsv
[6.810s] -- Up-to-date: /home/yang/Desktop/proj/ros-prac/install/p0/share/p0/environment/path.sh
[6.810s] -- Installing: /home/yang/Desktop/proj/ros-prac/install/p0/share/p0/environment/path.dsv
[6.810s] -- Up-to-date: /home/yang/Desktop/proj/ros-prac/install/p0/share/p0/local_setup.bash
[6.810s] -- Up-to-date: /home/yang/Desktop/proj/ros-prac/install/p0/share/p0/local_setup.sh
[6.810s] -- Up-to-date: /home/yang/Desktop/proj/ros-prac/install/p0/share/p0/local_setup.zsh
[6.810s] -- Installing: /home/yang/Desktop/proj/ros-prac/install/p0/share/p0/local_setup.dsv
[6.810s] -- Installing: /home/yang/Desktop/proj/ros-prac/install/p0/share/p0/package.dsv
[6.810s] -- Up-to-date: /home/yang/Desktop/proj/ros-prac/install/p0/share/ament_index/resource_index/packages/p0
[6.810s] -- Up-to-date: /home/yang/Desktop/proj/ros-prac/install/p0/share/p0/cmake/p0Config.cmake
[6.810s] -- Up-to-date: /home/yang/Desktop/proj/ros-prac/install/p0/share/p0/cmake/p0Config-version.cmake
[6.811s] -- Up-to-date: /home/yang/Desktop/proj/ros-prac/install/p0/share/p0/package.xml
[6.811s] Invoked command in '/home/yang/Desktop/proj/ros-prac/build/p0' returned '0': CMAKE_PREFIX_PATH=/opt/ros/humble /usr/local/bin/cmake --install /home/yang/Desktop/proj/ros-prac/build/p0
