[0.072s] DEBUG:colcon:Command line arguments: ['/usr/bin/colcon', 'build', '--cmake-args', '-DCMAKE_EXPORT_COMPILE_COMMANDS=ON']
[0.072s] DEBUG:colcon:Parsed command line arguments: Namespace(log_base=None, log_level=None, verb_name='build', build_base='build', install_base='install', merge_install=False, symlink_install=False, test_result_base=None, continue_on_error=False, executor='parallel', parallel_workers=16, event_handlers=None, ignore_user_meta=False, metas=['./colcon.meta'], base_paths=['.'], packages_ignore=None, packages_ignore_regex=None, paths=None, packages_up_to=None, packages_up_to_regex=None, packages_above=None, packages_above_and_dependencies=None, packages_above_depth=None, packages_select_by_dep=None, packages_skip_by_dep=None, packages_skip_up_to=None, packages_select_build_failed=False, packages_skip_build_finished=False, packages_select_test_failures=False, packages_skip_test_passed=False, packages_select=None, packages_skip=None, packages_select_regex=None, packages_skip_regex=None, packages_start=None, packages_end=None, allow_overriding=[], cmake_args=['-DCMAKE_EXPORT_COMPILE_COMMANDS=ON'], cmake_target=None, cmake_target_skip_unavailable=False, cmake_clean_cache=False, cmake_clean_first=False, cmake_force_configure=False, ament_cmake_args=None, catkin_cmake_args=None, catkin_skip_building_tests=False, verb_parser=<colcon_defaults.argument_parser.defaults.DefaultArgumentsDecorator object at 0x76a34b664070>, verb_extension=<colcon_core.verb.build.BuildVerb object at 0x76a34b779420>, main=<bound method BuildVerb.main of <colcon_core.verb.build.BuildVerb object at 0x76a34b779420>>)
[0.187s] Level 1:colcon.colcon_core.package_discovery:discover_packages(colcon_meta) check parameters
[0.187s] Level 1:colcon.colcon_core.package_discovery:discover_packages(recursive) check parameters
[0.187s] Level 1:colcon.colcon_core.package_discovery:discover_packages(ignore) check parameters
[0.187s] Level 1:colcon.colcon_core.package_discovery:discover_packages(path) check parameters
[0.187s] Level 1:colcon.colcon_core.package_discovery:discover_packages(colcon_meta) discover
[0.187s] Level 1:colcon.colcon_core.package_discovery:discover_packages(recursive) discover
[0.187s] INFO:colcon.colcon_core.package_discovery:Crawling recursively for packages in '/home/yang/Desktop/proj/ros-prac'
[0.187s] Level 1:colcon.colcon_core.package_identification:_identify(.) by extensions ['ignore', 'ignore_ament_install']
[0.188s] Level 1:colcon.colcon_core.package_identification:_identify(.) by extension 'ignore'
[0.188s] Level 1:colcon.colcon_core.package_identification:_identify(.) by extension 'ignore_ament_install'
[0.188s] Level 1:colcon.colcon_core.package_identification:_identify(.) by extensions ['colcon_pkg']
[0.188s] Level 1:colcon.colcon_core.package_identification:_identify(.) by extension 'colcon_pkg'
[0.188s] Level 1:colcon.colcon_core.package_identification:_identify(.) by extensions ['colcon_meta']
[0.188s] Level 1:colcon.colcon_core.package_identification:_identify(.) by extension 'colcon_meta'
[0.188s] Level 1:colcon.colcon_core.package_identification:_identify(.) by extensions ['ros']
[0.188s] Level 1:colcon.colcon_core.package_identification:_identify(.) by extension 'ros'
[0.196s] Level 1:colcon.colcon_core.package_identification:_identify(.) by extensions ['cmake', 'python']
[0.196s] Level 1:colcon.colcon_core.package_identification:_identify(.) by extension 'cmake'
[0.196s] Level 1:colcon.colcon_core.package_identification:_identify(.) by extension 'python'
[0.196s] Level 1:colcon.colcon_core.package_identification:_identify(.) by extensions ['python_setup_py']
[0.196s] Level 1:colcon.colcon_core.package_identification:_identify(.) by extension 'python_setup_py'
[0.196s] Level 1:colcon.colcon_core.package_identification:_identify(build) by extensions ['ignore', 'ignore_ament_install']
[0.196s] Level 1:colcon.colcon_core.package_identification:_identify(build) by extension 'ignore'
[0.196s] Level 1:colcon.colcon_core.package_identification:_identify(build) ignored
[0.196s] Level 1:colcon.colcon_core.package_identification:_identify(install) by extensions ['ignore', 'ignore_ament_install']
[0.196s] Level 1:colcon.colcon_core.package_identification:_identify(install) by extension 'ignore'
[0.196s] Level 1:colcon.colcon_core.package_identification:_identify(install) ignored
[0.196s] Level 1:colcon.colcon_core.package_identification:_identify(log) by extensions ['ignore', 'ignore_ament_install']
[0.196s] Level 1:colcon.colcon_core.package_identification:_identify(log) by extension 'ignore'
[0.196s] Level 1:colcon.colcon_core.package_identification:_identify(log) ignored
[0.196s] Level 1:colcon.colcon_core.package_identification:_identify(src) by extensions ['ignore', 'ignore_ament_install']
[0.196s] Level 1:colcon.colcon_core.package_identification:_identify(src) by extension 'ignore'
[0.196s] Level 1:colcon.colcon_core.package_identification:_identify(src) by extension 'ignore_ament_install'
[0.196s] Level 1:colcon.colcon_core.package_identification:_identify(src) by extensions ['colcon_pkg']
[0.196s] Level 1:colcon.colcon_core.package_identification:_identify(src) by extension 'colcon_pkg'
[0.196s] Level 1:colcon.colcon_core.package_identification:_identify(src) by extensions ['colcon_meta']
[0.196s] Level 1:colcon.colcon_core.package_identification:_identify(src) by extension 'colcon_meta'
[0.196s] Level 1:colcon.colcon_core.package_identification:_identify(src) by extensions ['ros']
[0.197s] Level 1:colcon.colcon_core.package_identification:_identify(src) by extension 'ros'
[0.197s] Level 1:colcon.colcon_core.package_identification:_identify(src) by extensions ['cmake', 'python']
[0.197s] Level 1:colcon.colcon_core.package_identification:_identify(src) by extension 'cmake'
[0.197s] Level 1:colcon.colcon_core.package_identification:_identify(src) by extension 'python'
[0.197s] Level 1:colcon.colcon_core.package_identification:_identify(src) by extensions ['python_setup_py']
[0.197s] Level 1:colcon.colcon_core.package_identification:_identify(src) by extension 'python_setup_py'
[0.197s] Level 1:colcon.colcon_core.package_identification:_identify(src/build) by extensions ['ignore', 'ignore_ament_install']
[0.197s] Level 1:colcon.colcon_core.package_identification:_identify(src/build) by extension 'ignore'
[0.197s] Level 1:colcon.colcon_core.package_identification:_identify(src/build) ignored
[0.197s] Level 1:colcon.colcon_core.package_identification:_identify(src/install) by extensions ['ignore', 'ignore_ament_install']
[0.197s] Level 1:colcon.colcon_core.package_identification:_identify(src/install) by extension 'ignore'
[0.197s] Level 1:colcon.colcon_core.package_identification:_identify(src/install) ignored
[0.197s] Level 1:colcon.colcon_core.package_identification:_identify(src/log) by extensions ['ignore', 'ignore_ament_install']
[0.197s] Level 1:colcon.colcon_core.package_identification:_identify(src/log) by extension 'ignore'
[0.197s] Level 1:colcon.colcon_core.package_identification:_identify(src/log) ignored
[0.197s] Level 1:colcon.colcon_core.package_identification:_identify(src/p0) by extensions ['ignore', 'ignore_ament_install']
[0.197s] Level 1:colcon.colcon_core.package_identification:_identify(src/p0) by extension 'ignore'
[0.197s] Level 1:colcon.colcon_core.package_identification:_identify(src/p0) by extension 'ignore_ament_install'
[0.197s] Level 1:colcon.colcon_core.package_identification:_identify(src/p0) by extensions ['colcon_pkg']
[0.197s] Level 1:colcon.colcon_core.package_identification:_identify(src/p0) by extension 'colcon_pkg'
[0.197s] Level 1:colcon.colcon_core.package_identification:_identify(src/p0) by extensions ['colcon_meta']
[0.197s] Level 1:colcon.colcon_core.package_identification:_identify(src/p0) by extension 'colcon_meta'
[0.197s] Level 1:colcon.colcon_core.package_identification:_identify(src/p0) by extensions ['ros']
[0.197s] Level 1:colcon.colcon_core.package_identification:_identify(src/p0) by extension 'ros'
[0.199s] DEBUG:colcon.colcon_core.package_identification:Package 'src/p0' with type 'ros.ament_cmake' and name 'p0'
[0.199s] Level 1:colcon.colcon_core.package_discovery:discover_packages(recursive) using defaults
[0.199s] Level 1:colcon.colcon_core.package_discovery:discover_packages(ignore) discover
[0.199s] Level 1:colcon.colcon_core.package_discovery:discover_packages(ignore) using defaults
[0.199s] Level 1:colcon.colcon_core.package_discovery:discover_packages(path) discover
[0.199s] Level 1:colcon.colcon_core.package_discovery:discover_packages(path) using defaults
[0.221s] Level 1:colcon.colcon_core.package_discovery:discover_packages(prefix_path) check parameters
[0.222s] Level 1:colcon.colcon_core.package_discovery:discover_packages(prefix_path) discover
[0.223s] DEBUG:colcon.colcon_installed_package_information.package_discovery:Found 1 installed packages in /home/yang/Desktop/proj/ros-prac/install
[0.224s] DEBUG:colcon.colcon_installed_package_information.package_discovery:Found 275 installed packages in /opt/ros/humble
[0.225s] Level 1:colcon.colcon_core.package_discovery:discover_packages(prefix_path) using defaults
[0.254s] Level 5:colcon.colcon_core.verb:set package 'p0' build argument 'cmake_args' from command line to '['-DCMAKE_EXPORT_COMPILE_COMMANDS=ON']'
[0.254s] Level 5:colcon.colcon_core.verb:set package 'p0' build argument 'cmake_target' from command line to 'None'
[0.254s] Level 5:colcon.colcon_core.verb:set package 'p0' build argument 'cmake_target_skip_unavailable' from command line to 'False'
[0.254s] Level 5:colcon.colcon_core.verb:set package 'p0' build argument 'cmake_clean_cache' from command line to 'False'
[0.254s] Level 5:colcon.colcon_core.verb:set package 'p0' build argument 'cmake_clean_first' from command line to 'False'
[0.254s] Level 5:colcon.colcon_core.verb:set package 'p0' build argument 'cmake_force_configure' from command line to 'False'
[0.254s] Level 5:colcon.colcon_core.verb:set package 'p0' build argument 'ament_cmake_args' from command line to 'None'
[0.254s] Level 5:colcon.colcon_core.verb:set package 'p0' build argument 'catkin_cmake_args' from command line to 'None'
[0.254s] Level 5:colcon.colcon_core.verb:set package 'p0' build argument 'catkin_skip_building_tests' from command line to 'False'
[0.254s] DEBUG:colcon.colcon_core.verb:Building package 'p0' with the following arguments: {'ament_cmake_args': None, 'build_base': '/home/yang/Desktop/proj/ros-prac/build/p0', 'catkin_cmake_args': None, 'catkin_skip_building_tests': False, 'cmake_args': ['-DCMAKE_EXPORT_COMPILE_COMMANDS=ON'], 'cmake_clean_cache': False, 'cmake_clean_first': False, 'cmake_force_configure': False, 'cmake_target': None, 'cmake_target_skip_unavailable': False, 'install_base': '/home/yang/Desktop/proj/ros-prac/install/p0', 'merge_install': False, 'path': '/home/yang/Desktop/proj/ros-prac/src/p0', 'symlink_install': False, 'test_result_base': None}
[0.254s] INFO:colcon.colcon_core.executor:Executing jobs using 'parallel' executor
[0.256s] DEBUG:colcon.colcon_parallel_executor.executor.parallel:run_until_complete
[0.256s] INFO:colcon.colcon_ros.task.ament_cmake.build:Building ROS package in '/home/yang/Desktop/proj/ros-prac/src/p0' with build type 'ament_cmake'
[0.256s] INFO:colcon.colcon_cmake.task.cmake.build:Building CMake package in '/home/yang/Desktop/proj/ros-prac/src/p0'
[0.257s] INFO:colcon.colcon_core.plugin_system:Skipping extension 'colcon_core.shell.bat': Not used on non-Windows systems
[0.257s] INFO:colcon.colcon_core.shell:Skip shell extension 'powershell' for command environment: Not usable outside of PowerShell
[0.257s] DEBUG:colcon.colcon_core.shell:Skip shell extension 'dsv' for command environment
[0.265s] DEBUG:colcon.colcon_core.event_handler.log_command:Invoking command in '/home/yang/Desktop/proj/ros-prac/build/p0': CMAKE_PREFIX_PATH=${CMAKE_PREFIX_PATH}:/opt/ros/humble /usr/local/bin/cmake --build /home/yang/Desktop/proj/ros-prac/build/p0 -- -j16 -l16
[7.199s] DEBUG:colcon.colcon_core.event_handler.log_command:Invoked command in '/home/yang/Desktop/proj/ros-prac/build/p0' returned '0': CMAKE_PREFIX_PATH=${CMAKE_PREFIX_PATH}:/opt/ros/humble /usr/local/bin/cmake --build /home/yang/Desktop/proj/ros-prac/build/p0 -- -j16 -l16
[7.202s] DEBUG:colcon.colcon_core.event_handler.log_command:Invoking command in '/home/yang/Desktop/proj/ros-prac/build/p0': CMAKE_PREFIX_PATH=${CMAKE_PREFIX_PATH}:/opt/ros/humble /usr/local/bin/cmake --install /home/yang/Desktop/proj/ros-prac/build/p0
[7.214s] Level 1:colcon.colcon_core.environment:create_environment_scripts_only(p0)
[7.214s] DEBUG:colcon.colcon_core.event_handler.log_command:Invoked command in '/home/yang/Desktop/proj/ros-prac/build/p0' returned '0': CMAKE_PREFIX_PATH=${CMAKE_PREFIX_PATH}:/opt/ros/humble /usr/local/bin/cmake --install /home/yang/Desktop/proj/ros-prac/build/p0
[7.216s] Level 1:colcon.colcon_core.environment:checking '/home/yang/Desktop/proj/ros-prac/install/p0' for CMake module files
[7.216s] Level 1:colcon.colcon_core.environment:checking '/home/yang/Desktop/proj/ros-prac/install/p0' for CMake config files
[7.216s] Level 1:colcon.colcon_core.shell:create_environment_hook('p0', 'cmake_prefix_path')
[7.216s] INFO:colcon.colcon_core.shell:Creating environment hook '/home/yang/Desktop/proj/ros-prac/install/p0/share/p0/hook/cmake_prefix_path.ps1'
[7.217s] INFO:colcon.colcon_core.shell:Creating environment descriptor '/home/yang/Desktop/proj/ros-prac/install/p0/share/p0/hook/cmake_prefix_path.dsv'
[7.217s] INFO:colcon.colcon_core.shell:Creating environment hook '/home/yang/Desktop/proj/ros-prac/install/p0/share/p0/hook/cmake_prefix_path.sh'
[7.218s] Level 1:colcon.colcon_core.environment:checking '/home/yang/Desktop/proj/ros-prac/install/p0/lib'
[7.218s] Level 1:colcon.colcon_core.environment:checking '/home/yang/Desktop/proj/ros-prac/install/p0/bin'
[7.218s] Level 1:colcon.colcon_core.environment:checking '/home/yang/Desktop/proj/ros-prac/install/p0/lib/pkgconfig/p0.pc'
[7.218s] Level 1:colcon.colcon_core.environment:checking '/home/yang/Desktop/proj/ros-prac/install/p0/lib/python3.10/site-packages'
[7.218s] Level 1:colcon.colcon_core.environment:checking '/home/yang/Desktop/proj/ros-prac/install/p0/bin'
[7.218s] INFO:colcon.colcon_core.shell:Creating package script '/home/yang/Desktop/proj/ros-prac/install/p0/share/p0/package.ps1'
[7.219s] INFO:colcon.colcon_core.shell:Creating package descriptor '/home/yang/Desktop/proj/ros-prac/install/p0/share/p0/package.dsv'
[7.219s] INFO:colcon.colcon_core.shell:Creating package script '/home/yang/Desktop/proj/ros-prac/install/p0/share/p0/package.sh'
[7.220s] INFO:colcon.colcon_core.shell:Creating package script '/home/yang/Desktop/proj/ros-prac/install/p0/share/p0/package.bash'
[7.220s] INFO:colcon.colcon_core.shell:Creating package script '/home/yang/Desktop/proj/ros-prac/install/p0/share/p0/package.zsh'
[7.221s] Level 1:colcon.colcon_core.environment:create_file_with_runtime_dependencies(/home/yang/Desktop/proj/ros-prac/install/p0/share/colcon-core/packages/p0)
[7.221s] Level 1:colcon.colcon_core.environment:create_environment_scripts_only(p0)
[7.221s] Level 1:colcon.colcon_core.environment:checking '/home/yang/Desktop/proj/ros-prac/install/p0' for CMake module files
[7.222s] Level 1:colcon.colcon_core.environment:checking '/home/yang/Desktop/proj/ros-prac/install/p0' for CMake config files
[7.222s] Level 1:colcon.colcon_core.shell:create_environment_hook('p0', 'cmake_prefix_path')
[7.222s] INFO:colcon.colcon_core.shell:Creating environment hook '/home/yang/Desktop/proj/ros-prac/install/p0/share/p0/hook/cmake_prefix_path.ps1'
[7.222s] INFO:colcon.colcon_core.shell:Creating environment descriptor '/home/yang/Desktop/proj/ros-prac/install/p0/share/p0/hook/cmake_prefix_path.dsv'
[7.222s] INFO:colcon.colcon_core.shell:Creating environment hook '/home/yang/Desktop/proj/ros-prac/install/p0/share/p0/hook/cmake_prefix_path.sh'
[7.223s] Level 1:colcon.colcon_core.environment:checking '/home/yang/Desktop/proj/ros-prac/install/p0/lib'
[7.223s] Level 1:colcon.colcon_core.environment:checking '/home/yang/Desktop/proj/ros-prac/install/p0/bin'
[7.223s] Level 1:colcon.colcon_core.environment:checking '/home/yang/Desktop/proj/ros-prac/install/p0/lib/pkgconfig/p0.pc'
[7.223s] Level 1:colcon.colcon_core.environment:checking '/home/yang/Desktop/proj/ros-prac/install/p0/lib/python3.10/site-packages'
[7.223s] Level 1:colcon.colcon_core.environment:checking '/home/yang/Desktop/proj/ros-prac/install/p0/bin'
[7.223s] INFO:colcon.colcon_core.shell:Creating package script '/home/yang/Desktop/proj/ros-prac/install/p0/share/p0/package.ps1'
[7.224s] INFO:colcon.colcon_core.shell:Creating package descriptor '/home/yang/Desktop/proj/ros-prac/install/p0/share/p0/package.dsv'
[7.224s] INFO:colcon.colcon_core.shell:Creating package script '/home/yang/Desktop/proj/ros-prac/install/p0/share/p0/package.sh'
[7.224s] INFO:colcon.colcon_core.shell:Creating package script '/home/yang/Desktop/proj/ros-prac/install/p0/share/p0/package.bash'
[7.225s] INFO:colcon.colcon_core.shell:Creating package script '/home/yang/Desktop/proj/ros-prac/install/p0/share/p0/package.zsh'
[7.225s] Level 1:colcon.colcon_core.environment:create_file_with_runtime_dependencies(/home/yang/Desktop/proj/ros-prac/install/p0/share/colcon-core/packages/p0)
[7.225s] DEBUG:colcon.colcon_parallel_executor.executor.parallel:closing loop
[7.225s] DEBUG:colcon.colcon_parallel_executor.executor.parallel:loop closed
[7.225s] DEBUG:colcon.colcon_parallel_executor.executor.parallel:run_until_complete finished with '0'
[7.225s] DEBUG:colcon.colcon_core.event_reactor:joining thread
[7.230s] INFO:colcon.colcon_core.plugin_system:Skipping extension 'colcon_notification.desktop_notification.terminal_notifier': Not used on non-Darwin systems
[7.230s] INFO:colcon.colcon_core.plugin_system:Skipping extension 'colcon_notification.desktop_notification.win32': Not used on non-Windows systems
[7.230s] INFO:colcon.colcon_notification.desktop_notification:Sending desktop notification using 'notify2'
[7.238s] DEBUG:colcon.colcon_core.event_reactor:joined thread
[7.239s] INFO:colcon.colcon_core.shell:Creating prefix script '/home/yang/Desktop/proj/ros-prac/install/local_setup.ps1'
[7.240s] INFO:colcon.colcon_core.shell:Creating prefix util module '/home/yang/Desktop/proj/ros-prac/install/_local_setup_util_ps1.py'
[7.240s] INFO:colcon.colcon_core.shell:Creating prefix chain script '/home/yang/Desktop/proj/ros-prac/install/setup.ps1'
[7.241s] INFO:colcon.colcon_core.shell:Creating prefix script '/home/yang/Desktop/proj/ros-prac/install/local_setup.sh'
[7.241s] INFO:colcon.colcon_core.shell:Creating prefix util module '/home/yang/Desktop/proj/ros-prac/install/_local_setup_util_sh.py'
[7.242s] INFO:colcon.colcon_core.shell:Creating prefix chain script '/home/yang/Desktop/proj/ros-prac/install/setup.sh'
[7.242s] INFO:colcon.colcon_core.shell:Creating prefix script '/home/yang/Desktop/proj/ros-prac/install/local_setup.bash'
[7.243s] INFO:colcon.colcon_core.shell:Creating prefix chain script '/home/yang/Desktop/proj/ros-prac/install/setup.bash'
[7.243s] INFO:colcon.colcon_core.shell:Creating prefix script '/home/yang/Desktop/proj/ros-prac/install/local_setup.zsh'
[7.244s] INFO:colcon.colcon_core.shell:Creating prefix chain script '/home/yang/Desktop/proj/ros-prac/install/setup.zsh'
