[0.003s] Invoking command in '/home/yang/proj/ros-prac/learn1/build/pubsub': CMAKE_PREFIX_PATH=/opt/ros/jazzy /usr/bin/cmake --build /home/yang/proj/ros-prac/learn1/build/pubsub -- -j10 -l10
[0.014s] -- Found ament_cmake: 2.5.6 (/opt/ros/jazzy/share/ament_cmake/cmake)
[0.077s] -- Found rclcpp: 28.1.18 (/opt/ros/jazzy/share/rclcpp/cmake)
[0.089s] -- Found rosidl_generator_c: 4.6.7 (/opt/ros/jazzy/share/rosidl_generator_c/cmake)
[0.093s] -- Found rosidl_generator_cpp: 4.6.7 (/opt/ros/jazzy/share/rosidl_generator_cpp/cmake)
[0.098s] -- Using all available rosidl_typesupport_c: rosidl_typesupport_fastrtps_c;rosidl_typesupport_introspection_c
[0.105s] -- Using all available rosidl_typesupport_cpp: rosidl_typesupport_fastrtps_cpp;rosidl_typesupport_introspection_cpp
[0.130s] -- Found rmw_implementation_cmake: 7.3.3 (/opt/ros/jazzy/share/rmw_implementation_cmake/cmake)
[0.131s] -- Found rmw_fastrtps_cpp: 8.4.3 (/opt/ros/jazzy/share/rmw_fastrtps_cpp/cmake)
[0.152s] -- Found OpenSSL: /usr/lib/aarch64-linux-gnu/libcrypto.so (found version "3.0.13")  
[0.157s] -- Found FastRTPS: /opt/ros/jazzy/include (Required is at least version "2.13") 
[0.164s] -- Using RMW implementation 'rmw_fastrtps_cpp' as default
[0.188s] -- Found std_msgs: 5.3.7 (/opt/ros/jazzy/share/std_msgs/cmake)
[0.225s] -- Configuring done (0.2s)
[0.229s] -- Generating done (0.0s)
[0.231s] -- Build files have been written to: /home/yang/proj/ros-prac/learn1/build/pubsub
[0.241s] [ 50%] [32mBuilding CXX object CMakeFiles/publisher.dir/src/publisher.cpp.o[0m
[0.251s] [01m[K/home/yang/proj/ros-prac/learn1/src/pubsub/src/publisher.cpp:[m[K In function ‘[01m[Kint[01;32m[K main[m[K(int, char**)[m[K’:
[0.251s] [01m[K/home/yang/proj/ros-prac/learn1/src/pubsub/src/publisher.cpp:2:14:[m[K [01;35m[Kwarning: [m[Kunused parameter ‘[01m[Kargc[m[K’ [[01;35m[K]8;;https://gcc.gnu.org/onlinedocs/gcc/Warning-Options.html#index-Wunused-parameter-Wunused-parameter]8;;[m[K]
[0.251s]     2 | int main([01;35m[Kint argc[m[K, char* argv[]){
[0.251s]       |          [01;35m[K~~~~^~~~[m[K
[0.251s] [01m[K/home/yang/proj/ros-prac/learn1/src/pubsub/src/publisher.cpp:2:26:[m[K [01;35m[Kwarning: [m[Kunused parameter ‘[01m[Kargv[m[K’ [[01;35m[K]8;;https://gcc.gnu.org/onlinedocs/gcc/Warning-Options.html#index-Wunused-parameter-Wunused-parameter]8;;[m[K]
[0.251s]     2 | int main(int argc, [01;35m[Kchar* argv[][m[K){
[0.251s]       |                    [01;35m[K~~~~~~^~~~~~[m[K
[0.258s] [100%] [32m[1mLinking CXX executable publisher[0m
[0.330s] [100%] Built target publisher
[0.333s] Invoked command in '/home/yang/proj/ros-prac/learn1/build/pubsub' returned '0': CMAKE_PREFIX_PATH=/opt/ros/jazzy /usr/bin/cmake --build /home/yang/proj/ros-prac/learn1/build/pubsub -- -j10 -l10
[0.335s] Invoking command in '/home/yang/proj/ros-prac/learn1/build/pubsub': CMAKE_PREFIX_PATH=/opt/ros/jazzy /usr/bin/cmake --install /home/yang/proj/ros-prac/learn1/build/pubsub
[0.338s] -- Install configuration: ""
[0.338s] -- Installing: /home/yang/proj/ros-prac/learn1/install/pubsub/lib/pubsub/publisher
[0.338s] -- Set non-toolchain portion of runtime path of "/home/yang/proj/ros-prac/learn1/install/pubsub/lib/pubsub/publisher" to ""
[0.338s] -- Up-to-date: /home/yang/proj/ros-prac/learn1/install/pubsub/share/ament_index/resource_index/package_run_dependencies/pubsub
[0.338s] -- Up-to-date: /home/yang/proj/ros-prac/learn1/install/pubsub/share/ament_index/resource_index/parent_prefix_path/pubsub
[0.338s] -- Up-to-date: /home/yang/proj/ros-prac/learn1/install/pubsub/share/pubsub/environment/ament_prefix_path.sh
[0.338s] -- Up-to-date: /home/yang/proj/ros-prac/learn1/install/pubsub/share/pubsub/environment/ament_prefix_path.dsv
[0.338s] -- Up-to-date: /home/yang/proj/ros-prac/learn1/install/pubsub/share/pubsub/environment/path.sh
[0.338s] -- Up-to-date: /home/yang/proj/ros-prac/learn1/install/pubsub/share/pubsub/environment/path.dsv
[0.338s] -- Up-to-date: /home/yang/proj/ros-prac/learn1/install/pubsub/share/pubsub/local_setup.bash
[0.338s] -- Up-to-date: /home/yang/proj/ros-prac/learn1/install/pubsub/share/pubsub/local_setup.sh
[0.338s] -- Up-to-date: /home/yang/proj/ros-prac/learn1/install/pubsub/share/pubsub/local_setup.zsh
[0.338s] -- Up-to-date: /home/yang/proj/ros-prac/learn1/install/pubsub/share/pubsub/local_setup.dsv
[0.338s] -- Installing: /home/yang/proj/ros-prac/learn1/install/pubsub/share/pubsub/package.dsv
[0.338s] -- Up-to-date: /home/yang/proj/ros-prac/learn1/install/pubsub/share/ament_index/resource_index/packages/pubsub
[0.338s] -- Up-to-date: /home/yang/proj/ros-prac/learn1/install/pubsub/share/pubsub/cmake/pubsubConfig.cmake
[0.338s] -- Up-to-date: /home/yang/proj/ros-prac/learn1/install/pubsub/share/pubsub/cmake/pubsubConfig-version.cmake
[0.338s] -- Up-to-date: /home/yang/proj/ros-prac/learn1/install/pubsub/share/pubsub/package.xml
[0.339s] Invoked command in '/home/yang/proj/ros-prac/learn1/build/pubsub' returned '0': CMAKE_PREFIX_PATH=/opt/ros/jazzy /usr/bin/cmake --install /home/yang/proj/ros-prac/learn1/build/pubsub
