[0.003s] Invoking command in '/home/yang/proj/ros-prac/learn4/build/msgs': CMAKE_PREFIX_PATH=/opt/ros/jazzy /usr/bin/cmake --build /home/yang/proj/ros-prac/learn4/build/msgs -- -j10 -l10
[0.023s] [  2%] Built target msgs__rs
[0.023s] [  5%] Built target msgs__rosidl_generator_type_description
[0.025s] [  5%] Built target ament_cmake_python_copy_msgs
[0.028s] [  8%] Built target msgs__cpp
[0.029s] [ 22%] Built target msgs__rosidl_generator_c
[0.037s] [ 31%] Built target msgs__rosidl_typesupport_introspection_c
[0.039s] [ 40%] Built target msgs__rosidl_typesupport_fastrtps_c
[0.039s] [ 48%] Built target msgs__rosidl_typesupport_c
[0.040s] [ 57%] Built target msgs__rosidl_typesupport_cpp
[0.040s] [ 65%] Built target msgs__rosidl_typesupport_introspection_cpp
[0.041s] [ 74%] Built target msgs__rosidl_typesupport_fastrtps_cpp
[0.046s] [ 74%] Built target msgs
[0.051s] [ 77%] Built target msgs__py
[0.058s] [ 82%] Built target msgs__rosidl_generator_py
[0.066s] [100%] Built target msgs_s__rosidl_typesupport_fastrtps_c
[0.066s] [100%] Built target msgs_s__rosidl_typesupport_introspection_c
[0.066s] [100%] Built target msgs_s__rosidl_typesupport_c
[0.083s] running egg_info
[0.086s] writing msgs.egg-info/PKG-INFO
[0.087s] writing dependency_links to msgs.egg-info/dependency_links.txt
[0.087s] writing top-level names to msgs.egg-info/top_level.txt
[0.096s] reading manifest file 'msgs.egg-info/SOURCES.txt'
[0.097s] writing manifest file 'msgs.egg-info/SOURCES.txt'
[0.107s] [100%] Built target ament_cmake_python_build_msgs_egg
[0.110s] Invoked command in '/home/yang/proj/ros-prac/learn4/build/msgs' returned '0': CMAKE_PREFIX_PATH=/opt/ros/jazzy /usr/bin/cmake --build /home/yang/proj/ros-prac/learn4/build/msgs -- -j10 -l10
[0.113s] Invoking command in '/home/yang/proj/ros-prac/learn4/build/msgs': CMAKE_PREFIX_PATH=/opt/ros/jazzy /usr/bin/cmake --install /home/yang/proj/ros-prac/learn4/build/msgs
[0.115s] -- Install configuration: ""
[0.115s] -- Up-to-date: /home/yang/proj/ros-prac/learn4/install/msgs/share/ament_index/resource_index/rosidl_interfaces/msgs
[0.115s] -- Up-to-date: /home/yang/proj/ros-prac/learn4/install/msgs/share/msgs/action/Countdown.json
[0.115s] -- Up-to-date: /home/yang/proj/ros-prac/learn4/install/msgs/include/msgs/msgs
[0.115s] -- Up-to-date: /home/yang/proj/ros-prac/learn4/install/msgs/include/msgs/msgs/msg
[0.115s] -- Up-to-date: /home/yang/proj/ros-prac/learn4/install/msgs/include/msgs/msgs/msg/rosidl_generator_c__visibility_control.h
[0.115s] -- Up-to-date: /home/yang/proj/ros-prac/learn4/install/msgs/include/msgs/msgs/action
[0.115s] -- Up-to-date: /home/yang/proj/ros-prac/learn4/install/msgs/include/msgs/msgs/action/countdown.h
[0.115s] -- Up-to-date: /home/yang/proj/ros-prac/learn4/install/msgs/include/msgs/msgs/action/detail
[0.115s] -- Up-to-date: /home/yang/proj/ros-prac/learn4/install/msgs/include/msgs/msgs/action/detail/countdown__description.c
[0.115s] -- Up-to-date: /home/yang/proj/ros-prac/learn4/install/msgs/include/msgs/msgs/action/detail/countdown__functions.c
[0.115s] -- Up-to-date: /home/yang/proj/ros-prac/learn4/install/msgs/include/msgs/msgs/action/detail/countdown__functions.h
[0.115s] -- Up-to-date: /home/yang/proj/ros-prac/learn4/install/msgs/include/msgs/msgs/action/detail/countdown__struct.h
[0.115s] -- Up-to-date: /home/yang/proj/ros-prac/learn4/install/msgs/include/msgs/msgs/action/detail/countdown__type_support.c
[0.115s] -- Up-to-date: /home/yang/proj/ros-prac/learn4/install/msgs/include/msgs/msgs/action/detail/countdown__type_support.h
[0.115s] -- Up-to-date: /home/yang/proj/ros-prac/learn4/install/msgs/share/msgs/environment/library_path.sh
[0.115s] -- Up-to-date: /home/yang/proj/ros-prac/learn4/install/msgs/share/msgs/environment/library_path.dsv
[0.115s] -- Up-to-date: /home/yang/proj/ros-prac/learn4/install/msgs/lib/libmsgs__rosidl_generator_c.so
[0.116s] -- Up-to-date: /home/yang/proj/ros-prac/learn4/install/msgs/include/msgs/msgs
[0.116s] -- Up-to-date: /home/yang/proj/ros-prac/learn4/install/msgs/include/msgs/msgs/msg
[0.116s] -- Up-to-date: /home/yang/proj/ros-prac/learn4/install/msgs/include/msgs/msgs/msg/rosidl_typesupport_fastrtps_c__visibility_control.h
[0.116s] -- Up-to-date: /home/yang/proj/ros-prac/learn4/install/msgs/include/msgs/msgs/action
[0.116s] -- Up-to-date: /home/yang/proj/ros-prac/learn4/install/msgs/include/msgs/msgs/action/detail
[0.116s] -- Up-to-date: /home/yang/proj/ros-prac/learn4/install/msgs/include/msgs/msgs/action/detail/countdown__rosidl_typesupport_fastrtps_c.h
[0.116s] -- Up-to-date: /home/yang/proj/ros-prac/learn4/install/msgs/lib/libmsgs__rosidl_typesupport_fastrtps_c.so
[0.116s] -- Up-to-date: /home/yang/proj/ros-prac/learn4/install/msgs/include/msgs/msgs
[0.116s] -- Up-to-date: /home/yang/proj/ros-prac/learn4/install/msgs/include/msgs/msgs/msg
[0.116s] -- Up-to-date: /home/yang/proj/ros-prac/learn4/install/msgs/include/msgs/msgs/msg/rosidl_typesupport_introspection_c__visibility_control.h
[0.116s] -- Up-to-date: /home/yang/proj/ros-prac/learn4/install/msgs/include/msgs/msgs/action
[0.116s] -- Up-to-date: /home/yang/proj/ros-prac/learn4/install/msgs/include/msgs/msgs/action/detail
[0.116s] -- Up-to-date: /home/yang/proj/ros-prac/learn4/install/msgs/include/msgs/msgs/action/detail/countdown__rosidl_typesupport_introspection_c.h
[0.116s] -- Up-to-date: /home/yang/proj/ros-prac/learn4/install/msgs/include/msgs/msgs/action/detail/countdown__type_support.c
[0.116s] -- Up-to-date: /home/yang/proj/ros-prac/learn4/install/msgs/lib/libmsgs__rosidl_typesupport_introspection_c.so
[0.116s] -- Up-to-date: /home/yang/proj/ros-prac/learn4/install/msgs/lib/libmsgs__rosidl_typesupport_c.so
[0.116s] -- Up-to-date: /home/yang/proj/ros-prac/learn4/install/msgs/include/msgs/msgs
[0.116s] -- Up-to-date: /home/yang/proj/ros-prac/learn4/install/msgs/include/msgs/msgs/msg
[0.116s] -- Up-to-date: /home/yang/proj/ros-prac/learn4/install/msgs/include/msgs/msgs/msg/rosidl_generator_cpp__visibility_control.hpp
[0.116s] -- Up-to-date: /home/yang/proj/ros-prac/learn4/install/msgs/include/msgs/msgs/action
[0.116s] -- Up-to-date: /home/yang/proj/ros-prac/learn4/install/msgs/include/msgs/msgs/action/countdown.hpp
[0.116s] -- Up-to-date: /home/yang/proj/ros-prac/learn4/install/msgs/include/msgs/msgs/action/detail
[0.116s] -- Up-to-date: /home/yang/proj/ros-prac/learn4/install/msgs/include/msgs/msgs/action/detail/countdown__builder.hpp
[0.116s] -- Up-to-date: /home/yang/proj/ros-prac/learn4/install/msgs/include/msgs/msgs/action/detail/countdown__struct.hpp
[0.116s] -- Up-to-date: /home/yang/proj/ros-prac/learn4/install/msgs/include/msgs/msgs/action/detail/countdown__traits.hpp
[0.116s] -- Up-to-date: /home/yang/proj/ros-prac/learn4/install/msgs/include/msgs/msgs/action/detail/countdown__type_support.hpp
[0.116s] -- Up-to-date: /home/yang/proj/ros-prac/learn4/install/msgs/include/msgs/msgs
[0.116s] -- Up-to-date: /home/yang/proj/ros-prac/learn4/install/msgs/include/msgs/msgs/msg
[0.116s] -- Up-to-date: /home/yang/proj/ros-prac/learn4/install/msgs/include/msgs/msgs/msg/rosidl_typesupport_fastrtps_cpp__visibility_control.h
[0.116s] -- Up-to-date: /home/yang/proj/ros-prac/learn4/install/msgs/include/msgs/msgs/action
[0.116s] -- Up-to-date: /home/yang/proj/ros-prac/learn4/install/msgs/include/msgs/msgs/action/detail
[0.117s] -- Up-to-date: /home/yang/proj/ros-prac/learn4/install/msgs/include/msgs/msgs/action/detail/countdown__rosidl_typesupport_fastrtps_cpp.hpp
[0.117s] -- Up-to-date: /home/yang/proj/ros-prac/learn4/install/msgs/include/msgs/msgs/action/detail/dds_fastrtps
[0.117s] -- Up-to-date: /home/yang/proj/ros-prac/learn4/install/msgs/lib/libmsgs__rosidl_typesupport_fastrtps_cpp.so
[0.117s] -- Up-to-date: /home/yang/proj/ros-prac/learn4/install/msgs/include/msgs/msgs
[0.117s] -- Up-to-date: /home/yang/proj/ros-prac/learn4/install/msgs/include/msgs/msgs/action
[0.117s] -- Up-to-date: /home/yang/proj/ros-prac/learn4/install/msgs/include/msgs/msgs/action/detail
[0.117s] -- Up-to-date: /home/yang/proj/ros-prac/learn4/install/msgs/include/msgs/msgs/action/detail/countdown__rosidl_typesupport_introspection_cpp.hpp
[0.117s] -- Up-to-date: /home/yang/proj/ros-prac/learn4/install/msgs/include/msgs/msgs/action/detail/countdown__type_support.cpp
[0.117s] -- Up-to-date: /home/yang/proj/ros-prac/learn4/install/msgs/lib/libmsgs__rosidl_typesupport_introspection_cpp.so
[0.117s] -- Up-to-date: /home/yang/proj/ros-prac/learn4/install/msgs/lib/libmsgs__rosidl_typesupport_cpp.so
[0.117s] -- Up-to-date: /home/yang/proj/ros-prac/learn4/install/msgs/share/msgs/environment/pythonpath.sh
[0.117s] -- Up-to-date: /home/yang/proj/ros-prac/learn4/install/msgs/share/msgs/environment/pythonpath.dsv
[0.117s] -- Up-to-date: /home/yang/proj/ros-prac/learn4/install/msgs/lib/python3.12/site-packages/msgs-0.0.0-py3.12.egg-info
[0.117s] -- Installing: /home/yang/proj/ros-prac/learn4/install/msgs/lib/python3.12/site-packages/msgs-0.0.0-py3.12.egg-info/PKG-INFO
[0.117s] -- Installing: /home/yang/proj/ros-prac/learn4/install/msgs/lib/python3.12/site-packages/msgs-0.0.0-py3.12.egg-info/dependency_links.txt
[0.117s] -- Installing: /home/yang/proj/ros-prac/learn4/install/msgs/lib/python3.12/site-packages/msgs-0.0.0-py3.12.egg-info/top_level.txt
[0.117s] -- Installing: /home/yang/proj/ros-prac/learn4/install/msgs/lib/python3.12/site-packages/msgs-0.0.0-py3.12.egg-info/SOURCES.txt
[0.117s] -- Up-to-date: /home/yang/proj/ros-prac/learn4/install/msgs/lib/python3.12/site-packages/msgs
[0.117s] -- Up-to-date: /home/yang/proj/ros-prac/learn4/install/msgs/lib/python3.12/site-packages/msgs/__init__.py
[0.117s] -- Up-to-date: /home/yang/proj/ros-prac/learn4/install/msgs/lib/python3.12/site-packages/msgs/action
[0.117s] -- Up-to-date: /home/yang/proj/ros-prac/learn4/install/msgs/lib/python3.12/site-packages/msgs/action/_countdown.py
[0.117s] -- Up-to-date: /home/yang/proj/ros-prac/learn4/install/msgs/lib/python3.12/site-packages/msgs/action/_countdown_s.c
[0.117s] -- Up-to-date: /home/yang/proj/ros-prac/learn4/install/msgs/lib/python3.12/site-packages/msgs/action/__init__.py
[0.117s] -- Up-to-date: /home/yang/proj/ros-prac/learn4/install/msgs/lib/python3.12/site-packages/msgs/_msgs_s.ep.rosidl_typesupport_fastrtps_c.c
[0.117s] -- Up-to-date: /home/yang/proj/ros-prac/learn4/install/msgs/lib/python3.12/site-packages/msgs/_msgs_s.ep.rosidl_typesupport_introspection_c.c
[0.117s] -- Up-to-date: /home/yang/proj/ros-prac/learn4/install/msgs/lib/python3.12/site-packages/msgs/_msgs_s.ep.rosidl_typesupport_c.c
[0.117s] -- Up-to-date: /home/yang/proj/ros-prac/learn4/install/msgs/lib/python3.12/site-packages/msgs/msgs_s__rosidl_typesupport_c.so
[0.117s] -- Up-to-date: /home/yang/proj/ros-prac/learn4/install/msgs/lib/python3.12/site-packages/msgs/msgs_s__rosidl_typesupport_introspection_c.so
[0.117s] -- Up-to-date: /home/yang/proj/ros-prac/learn4/install/msgs/lib/python3.12/site-packages/msgs/msgs_s__rosidl_typesupport_fastrtps_c.so
[0.128s] Listing '/home/yang/proj/ros-prac/learn4/install/msgs/lib/python3.12/site-packages/msgs'...
[0.128s] Listing '/home/yang/proj/ros-prac/learn4/install/msgs/lib/python3.12/site-packages/msgs/action'...
[0.130s] -- Up-to-date: /home/yang/proj/ros-prac/learn4/install/msgs/lib/python3.12/site-packages/msgs/msgs_s__rosidl_typesupport_fastrtps_c.so
[0.130s] -- Up-to-date: /home/yang/proj/ros-prac/learn4/install/msgs/lib/python3.12/site-packages/msgs/msgs_s__rosidl_typesupport_introspection_c.so
[0.131s] -- Up-to-date: /home/yang/proj/ros-prac/learn4/install/msgs/lib/python3.12/site-packages/msgs/msgs_s__rosidl_typesupport_c.so
[0.131s] -- Up-to-date: /home/yang/proj/ros-prac/learn4/install/msgs/lib/libmsgs__rosidl_generator_py.so
[0.131s] -- Up-to-date: /home/yang/proj/ros-prac/learn4/install/msgs/share/ament_index/resource_index/rust_packages/msgs
[0.131s] -- Up-to-date: /home/yang/proj/ros-prac/learn4/install/msgs/share/msgs/rust
[0.131s] -- Up-to-date: /home/yang/proj/ros-prac/learn4/install/msgs/share/msgs/rust/src
[0.131s] -- Up-to-date: /home/yang/proj/ros-prac/learn4/install/msgs/share/msgs/rust/src/action.rs
[0.131s] -- Up-to-date: /home/yang/proj/ros-prac/learn4/install/msgs/share/msgs/rust/src/action
[0.131s] -- Up-to-date: /home/yang/proj/ros-prac/learn4/install/msgs/share/msgs/rust/src/action/rmw.rs
[0.131s] -- Up-to-date: /home/yang/proj/ros-prac/learn4/install/msgs/share/msgs/rust/src/lib.rs
[0.131s] -- Up-to-date: /home/yang/proj/ros-prac/learn4/install/msgs/share/msgs/rust/Cargo.toml
[0.131s] -- Up-to-date: /home/yang/proj/ros-prac/learn4/install/msgs/share/msgs/rust/build.rs
[0.131s] -- Up-to-date: /home/yang/proj/ros-prac/learn4/install/msgs/share/msgs/action/Countdown.idl
[0.131s] -- Up-to-date: /home/yang/proj/ros-prac/learn4/install/msgs/share/msgs/action/Countdown.action
[0.131s] -- Up-to-date: /home/yang/proj/ros-prac/learn4/install/msgs/share/ament_index/resource_index/package_run_dependencies/msgs
[0.131s] -- Up-to-date: /home/yang/proj/ros-prac/learn4/install/msgs/share/ament_index/resource_index/parent_prefix_path/msgs
[0.131s] -- Up-to-date: /home/yang/proj/ros-prac/learn4/install/msgs/share/msgs/environment/ament_prefix_path.sh
[0.131s] -- Up-to-date: /home/yang/proj/ros-prac/learn4/install/msgs/share/msgs/environment/ament_prefix_path.dsv
[0.131s] -- Up-to-date: /home/yang/proj/ros-prac/learn4/install/msgs/share/msgs/environment/path.sh
[0.131s] -- Up-to-date: /home/yang/proj/ros-prac/learn4/install/msgs/share/msgs/environment/path.dsv
[0.131s] -- Up-to-date: /home/yang/proj/ros-prac/learn4/install/msgs/share/msgs/local_setup.bash
[0.131s] -- Up-to-date: /home/yang/proj/ros-prac/learn4/install/msgs/share/msgs/local_setup.sh
[0.131s] -- Up-to-date: /home/yang/proj/ros-prac/learn4/install/msgs/share/msgs/local_setup.zsh
[0.131s] -- Up-to-date: /home/yang/proj/ros-prac/learn4/install/msgs/share/msgs/local_setup.dsv
[0.131s] -- Installing: /home/yang/proj/ros-prac/learn4/install/msgs/share/msgs/package.dsv
[0.131s] -- Up-to-date: /home/yang/proj/ros-prac/learn4/install/msgs/share/ament_index/resource_index/packages/msgs
[0.131s] -- Up-to-date: /home/yang/proj/ros-prac/learn4/install/msgs/share/msgs/cmake/export_msgs__rosidl_generator_cExport.cmake
[0.131s] -- Up-to-date: /home/yang/proj/ros-prac/learn4/install/msgs/share/msgs/cmake/export_msgs__rosidl_generator_cExport-noconfig.cmake
[0.131s] -- Up-to-date: /home/yang/proj/ros-prac/learn4/install/msgs/share/msgs/cmake/export_msgs__rosidl_typesupport_fastrtps_cExport.cmake
[0.132s] -- Up-to-date: /home/yang/proj/ros-prac/learn4/install/msgs/share/msgs/cmake/export_msgs__rosidl_typesupport_fastrtps_cExport-noconfig.cmake
[0.132s] -- Up-to-date: /home/yang/proj/ros-prac/learn4/install/msgs/share/msgs/cmake/msgs__rosidl_typesupport_introspection_cExport.cmake
[0.132s] -- Up-to-date: /home/yang/proj/ros-prac/learn4/install/msgs/share/msgs/cmake/msgs__rosidl_typesupport_introspection_cExport-noconfig.cmake
[0.132s] -- Up-to-date: /home/yang/proj/ros-prac/learn4/install/msgs/share/msgs/cmake/msgs__rosidl_typesupport_cExport.cmake
[0.132s] -- Up-to-date: /home/yang/proj/ros-prac/learn4/install/msgs/share/msgs/cmake/msgs__rosidl_typesupport_cExport-noconfig.cmake
[0.132s] -- Up-to-date: /home/yang/proj/ros-prac/learn4/install/msgs/share/msgs/cmake/export_msgs__rosidl_generator_cppExport.cmake
[0.132s] -- Up-to-date: /home/yang/proj/ros-prac/learn4/install/msgs/share/msgs/cmake/export_msgs__rosidl_typesupport_fastrtps_cppExport.cmake
[0.132s] -- Up-to-date: /home/yang/proj/ros-prac/learn4/install/msgs/share/msgs/cmake/export_msgs__rosidl_typesupport_fastrtps_cppExport-noconfig.cmake
[0.132s] -- Up-to-date: /home/yang/proj/ros-prac/learn4/install/msgs/share/msgs/cmake/msgs__rosidl_typesupport_introspection_cppExport.cmake
[0.132s] -- Up-to-date: /home/yang/proj/ros-prac/learn4/install/msgs/share/msgs/cmake/msgs__rosidl_typesupport_introspection_cppExport-noconfig.cmake
[0.132s] -- Up-to-date: /home/yang/proj/ros-prac/learn4/install/msgs/share/msgs/cmake/msgs__rosidl_typesupport_cppExport.cmake
[0.132s] -- Up-to-date: /home/yang/proj/ros-prac/learn4/install/msgs/share/msgs/cmake/msgs__rosidl_typesupport_cppExport-noconfig.cmake
[0.132s] -- Up-to-date: /home/yang/proj/ros-prac/learn4/install/msgs/share/msgs/cmake/export_msgs__rosidl_generator_pyExport.cmake
[0.132s] -- Up-to-date: /home/yang/proj/ros-prac/learn4/install/msgs/share/msgs/cmake/export_msgs__rosidl_generator_pyExport-noconfig.cmake
[0.132s] -- Up-to-date: /home/yang/proj/ros-prac/learn4/install/msgs/share/msgs/cmake/rosidl_cmake-extras.cmake
[0.132s] -- Up-to-date: /home/yang/proj/ros-prac/learn4/install/msgs/share/msgs/cmake/ament_cmake_export_dependencies-extras.cmake
[0.132s] -- Up-to-date: /home/yang/proj/ros-prac/learn4/install/msgs/share/msgs/cmake/ament_cmake_export_include_directories-extras.cmake
[0.132s] -- Up-to-date: /home/yang/proj/ros-prac/learn4/install/msgs/share/msgs/cmake/ament_cmake_export_libraries-extras.cmake
[0.132s] -- Up-to-date: /home/yang/proj/ros-prac/learn4/install/msgs/share/msgs/cmake/ament_cmake_export_targets-extras.cmake
[0.132s] -- Up-to-date: /home/yang/proj/ros-prac/learn4/install/msgs/share/msgs/cmake/rosidl_cmake_export_typesupport_targets-extras.cmake
[0.132s] -- Up-to-date: /home/yang/proj/ros-prac/learn4/install/msgs/share/msgs/cmake/rosidl_cmake_export_typesupport_libraries-extras.cmake
[0.132s] -- Up-to-date: /home/yang/proj/ros-prac/learn4/install/msgs/share/msgs/cmake/msgsConfig.cmake
[0.132s] -- Up-to-date: /home/yang/proj/ros-prac/learn4/install/msgs/share/msgs/cmake/msgsConfig-version.cmake
[0.132s] -- Up-to-date: /home/yang/proj/ros-prac/learn4/install/msgs/share/msgs/package.xml
[0.133s] Invoked command in '/home/yang/proj/ros-prac/learn4/build/msgs' returned '0': CMAKE_PREFIX_PATH=/opt/ros/jazzy /usr/bin/cmake --install /home/yang/proj/ros-prac/learn4/build/msgs
