[0.002s] Invoking command in '/home/yang/proj/ros-prac/learn5/build/msgs': CMAKE_PREFIX_PATH=${CMAKE_PREFIX_PATH}:/opt/ros/jazzy /usr/bin/cmake /home/yang/proj/ros-prac/learn5/msgs -DCMAKE_EXPORT_COMPILE_COMMANDS=ON -DCMAKE_INSTALL_PREFIX=/home/yang/proj/ros-prac/learn5/install/msgs
[0.033s] -- The C compiler identification is GNU 13.3.0
[0.058s] -- The CXX compiler identification is GNU 13.3.0
[0.064s] -- Detecting C compiler ABI info
[0.093s] -- Detecting C compiler ABI info - done
[0.096s] -- Check for working C compiler: /usr/bin/cc - skipped
[0.096s] -- Detecting C compile features
[0.096s] -- Detecting C compile features - done
[0.099s] -- Detecting CXX compiler ABI info
[0.127s] -- Detecting CXX compiler ABI info - done
[0.131s] -- Check for working CXX compiler: /usr/bin/c++ - skipped
[0.131s] -- Detecting CXX compile features
[0.131s] -- Detecting CXX compile features - done
[0.132s] -- Found ament_cmake: 2.5.6 (/opt/ros/jazzy/share/ament_cmake/cmake)
[0.169s] -- Found Python3: /usr/bin/python3 (found version "3.12.3") found components: Interpreter 
[0.199s] -- Found rosidl_default_generators: 1.6.0 (/opt/ros/jazzy/share/rosidl_default_generators/cmake)
[0.200s] -- Using all available rosidl_typesupport_c: rosidl_typesupport_fastrtps_c;rosidl_typesupport_introspection_c
[0.212s] -- Using all available rosidl_typesupport_cpp: rosidl_typesupport_fastrtps_cpp;rosidl_typesupport_introspection_cpp
[0.225s] -- Found rosidl_adapter: 4.6.7 (/opt/ros/jazzy/share/rosidl_adapter/cmake)
[0.382s] -- Found ament_cmake_ros: 0.12.0 (/opt/ros/jazzy/share/ament_cmake_ros/cmake)
[0.490s] -- Using all available rosidl_typesupport_c: rosidl_typesupport_fastrtps_c;rosidl_typesupport_introspection_c
[0.637s] -- Using all available rosidl_typesupport_cpp: rosidl_typesupport_fastrtps_cpp;rosidl_typesupport_introspection_cpp
[0.638s] -- Found python_cmake_module: 0.11.1 (/opt/ros/jazzy/share/python_cmake_module/cmake)
[0.673s] -- Found PythonExtra: /usr/bin/python3  
[0.810s] -- Found Python3: /usr/bin/python3 (found version "3.12.3") found components: Interpreter Development NumPy Development.Module Development.Embed 
[0.828s] -- Found Python3: /usr/bin/python3 (found version "3.12.3") found components: Interpreter 
[0.830s] -- Configuring done (0.8s)
[0.839s] -- Generating done (0.0s)
[0.843s] -- Build files have been written to: /home/yang/proj/ros-prac/learn5/build/msgs
[0.845s] Invoked command in '/home/yang/proj/ros-prac/learn5/build/msgs' returned '0': CMAKE_PREFIX_PATH=${CMAKE_PREFIX_PATH}:/opt/ros/jazzy /usr/bin/cmake /home/yang/proj/ros-prac/learn5/msgs -DCMAKE_EXPORT_COMPILE_COMMANDS=ON -DCMAKE_INSTALL_PREFIX=/home/yang/proj/ros-prac/learn5/install/msgs
[0.845s] Invoking command in '/home/yang/proj/ros-prac/learn5/build/msgs': CMAKE_PREFIX_PATH=${CMAKE_PREFIX_PATH}:/opt/ros/jazzy /usr/bin/cmake --build /home/yang/proj/ros-prac/learn5/build/msgs -- -j10 -l10
[0.859s] [  2%] [34m[1mGenerating Rust code for ROS interfaces[0m
[0.859s] [  5%] [34m[1mGenerating type hashes for ROS interfaces[0m
[0.861s] [  5%] Built target ament_cmake_python_copy_msgs
[0.921s] running egg_info
[0.922s] creating msgs.egg-info
[0.925s] writing msgs.egg-info/PKG-INFO
[0.925s] writing dependency_links to msgs.egg-info/dependency_links.txt
[0.925s] writing top-level names to msgs.egg-info/top_level.txt
[0.925s] writing manifest file 'msgs.egg-info/SOURCES.txt'
[0.933s] [  5%] Built target msgs__rosidl_generator_type_description
[0.936s] reading manifest file 'msgs.egg-info/SOURCES.txt'
[0.936s] writing manifest file 'msgs.egg-info/SOURCES.txt'
[0.937s] [  8%] [34m[1mGenerating C code for ROS interfaces[0m
[0.941s] [ 11%] [34m[1mGenerating C++ code for ROS interfaces[0m
[0.945s] [ 11%] Built target msgs__rs
[0.948s] [ 11%] Built target ament_cmake_python_build_msgs_egg
[1.022s] [ 11%] Built target msgs__cpp
[1.027s] [ 20%] [32mBuilding C object CMakeFiles/msgs__rosidl_generator_c.dir/rosidl_generator_c/msgs/msg/detail/temperature__description.c.o[0m
[1.027s] [ 20%] [32mBuilding C object CMakeFiles/msgs__rosidl_generator_c.dir/rosidl_generator_c/msgs/msg/detail/temperature__functions.c.o[0m
[1.027s] [ 20%] [32mBuilding C object CMakeFiles/msgs__rosidl_generator_c.dir/rosidl_generator_c/msgs/msg/detail/temperature__type_support.c.o[0m
[1.045s] [ 22%] [32m[1mLinking C shared library libmsgs__rosidl_generator_c.so[0m
[1.055s] [ 22%] Built target msgs__rosidl_generator_c
[1.058s] [ 31%] [34m[1mGenerating C++ introspection for ROS interfaces[0m
[1.058s] [ 31%] [34m[1mGenerating C type support dispatch for ROS interfaces[0m
[1.058s] [ 31%] [34m[1mGenerating C++ type support for eProsima Fast-RTPS[0m
[1.058s] [ 34%] [34m[1mGenerating C introspection for ROS interfaces[0m
[1.059s] [ 37%] [34m[1mGenerating C type support for eProsima Fast-RTPS[0m
[1.059s] [ 40%] [34m[1mGenerating C++ type support dispatch for ROS interfaces[0m
[1.159s] [ 42%] [32mBuilding CXX object CMakeFiles/msgs__rosidl_typesupport_cpp.dir/rosidl_typesupport_cpp/msgs/msg/temperature__type_support.cpp.o[0m
[1.159s] [ 45%] [32mBuilding CXX object CMakeFiles/msgs__rosidl_typesupport_c.dir/rosidl_typesupport_c/msgs/msg/temperature__type_support.cpp.o[0m
[1.162s] [ 48%] [32mBuilding C object CMakeFiles/msgs__rosidl_typesupport_introspection_c.dir/rosidl_typesupport_introspection_c/msgs/msg/detail/temperature__type_support.c.o[0m
[1.169s] [ 51%] [32mBuilding CXX object CMakeFiles/msgs__rosidl_typesupport_introspection_cpp.dir/rosidl_typesupport_introspection_cpp/msgs/msg/detail/temperature__type_support.cpp.o[0m
[1.172s] [ 54%] [32mBuilding CXX object CMakeFiles/msgs__rosidl_typesupport_fastrtps_c.dir/rosidl_typesupport_fastrtps_c/msgs/msg/detail/temperature__type_support_c.cpp.o[0m
[1.174s] [ 57%] [32mBuilding CXX object CMakeFiles/msgs__rosidl_typesupport_fastrtps_cpp.dir/rosidl_typesupport_fastrtps_cpp/msgs/msg/detail/dds_fastrtps/temperature__type_support.cpp.o[0m
[1.176s] [ 60%] [32m[1mLinking CXX shared library libmsgs__rosidl_typesupport_c.so[0m
[1.177s] [ 62%] [32m[1mLinking C shared library libmsgs__rosidl_typesupport_introspection_c.so[0m
[1.190s] [ 62%] Built target msgs__rosidl_typesupport_c
[1.193s] [ 62%] Built target msgs__rosidl_typesupport_introspection_c
[1.264s] [ 65%] [32m[1mLinking CXX shared library libmsgs__rosidl_typesupport_cpp.so[0m
[1.277s] [ 68%] [32m[1mLinking CXX shared library libmsgs__rosidl_typesupport_introspection_cpp.so[0m
[1.277s] [ 68%] Built target msgs__rosidl_typesupport_cpp
[1.298s] [ 68%] Built target msgs__rosidl_typesupport_introspection_cpp
[1.327s] [ 71%] [32m[1mLinking CXX shared library libmsgs__rosidl_typesupport_fastrtps_c.so[0m
[1.335s] [ 74%] [32m[1mLinking CXX shared library libmsgs__rosidl_typesupport_fastrtps_cpp.so[0m
[1.348s] [ 74%] Built target msgs__rosidl_typesupport_fastrtps_c
[1.355s] [ 74%] Built target msgs__rosidl_typesupport_fastrtps_cpp
[1.361s] [ 74%] Built target msgs
[1.365s] [ 77%] [34m[1mGenerating Python code for ROS interfaces[0m
[1.450s] [ 77%] Built target msgs__py
[1.455s] [ 80%] [32mBuilding C object CMakeFiles/msgs__rosidl_generator_py.dir/rosidl_generator_py/msgs/msg/_temperature_s.c.o[0m
[1.506s] [ 82%] [32m[1mLinking C shared library libmsgs__rosidl_generator_py.so[0m
[1.522s] [ 82%] Built target msgs__rosidl_generator_py
[1.530s] [ 91%] [32mBuilding C object CMakeFiles/msgs_s__rosidl_typesupport_fastrtps_c.dir/rosidl_generator_py/msgs/_msgs_s.ep.rosidl_typesupport_fastrtps_c.c.o[0m
[1.530s] [ 91%] [32mBuilding C object CMakeFiles/msgs_s__rosidl_typesupport_c.dir/rosidl_generator_py/msgs/_msgs_s.ep.rosidl_typesupport_c.c.o[0m
[1.530s] [ 91%] [32mBuilding C object CMakeFiles/msgs_s__rosidl_typesupport_introspection_c.dir/rosidl_generator_py/msgs/_msgs_s.ep.rosidl_typesupport_introspection_c.c.o[0m
[1.585s] [ 94%] [32m[1mLinking C shared module rosidl_generator_py/msgs/msgs_s__rosidl_typesupport_fastrtps_c.so[0m
[1.585s] [ 97%] [32m[1mLinking C shared module rosidl_generator_py/msgs/msgs_s__rosidl_typesupport_introspection_c.so[0m
[1.586s] [100%] [32m[1mLinking C shared module rosidl_generator_py/msgs/msgs_s__rosidl_typesupport_c.so[0m
[1.608s] [100%] Built target msgs_s__rosidl_typesupport_fastrtps_c
[1.609s] [100%] Built target msgs_s__rosidl_typesupport_introspection_c
[1.609s] [100%] Built target msgs_s__rosidl_typesupport_c
[1.617s] Invoked command in '/home/yang/proj/ros-prac/learn5/build/msgs' returned '0': CMAKE_PREFIX_PATH=${CMAKE_PREFIX_PATH}:/opt/ros/jazzy /usr/bin/cmake --build /home/yang/proj/ros-prac/learn5/build/msgs -- -j10 -l10
[1.621s] Invoking command in '/home/yang/proj/ros-prac/learn5/build/msgs': CMAKE_PREFIX_PATH=${CMAKE_PREFIX_PATH}:/opt/ros/jazzy /usr/bin/cmake --install /home/yang/proj/ros-prac/learn5/build/msgs
[1.623s] -- Install configuration: ""
[1.623s] -- Installing: /home/yang/proj/ros-prac/learn5/install/msgs/share/ament_index/resource_index/rosidl_interfaces/msgs
[1.623s] -- Installing: /home/yang/proj/ros-prac/learn5/install/msgs/share/msgs/msg/Temperature.json
[1.623s] -- Installing: /home/yang/proj/ros-prac/learn5/install/msgs/include/msgs/msgs
[1.623s] -- Installing: /home/yang/proj/ros-prac/learn5/install/msgs/include/msgs/msgs/msg
[1.623s] -- Installing: /home/yang/proj/ros-prac/learn5/install/msgs/include/msgs/msgs/msg/rosidl_generator_c__visibility_control.h
[1.623s] -- Installing: /home/yang/proj/ros-prac/learn5/install/msgs/include/msgs/msgs/msg/temperature.h
[1.623s] -- Installing: /home/yang/proj/ros-prac/learn5/install/msgs/include/msgs/msgs/msg/detail
[1.623s] -- Installing: /home/yang/proj/ros-prac/learn5/install/msgs/include/msgs/msgs/msg/detail/temperature__description.c
[1.623s] -- Installing: /home/yang/proj/ros-prac/learn5/install/msgs/include/msgs/msgs/msg/detail/temperature__functions.c
[1.623s] -- Installing: /home/yang/proj/ros-prac/learn5/install/msgs/include/msgs/msgs/msg/detail/temperature__functions.h
[1.623s] -- Installing: /home/yang/proj/ros-prac/learn5/install/msgs/include/msgs/msgs/msg/detail/temperature__struct.h
[1.623s] -- Installing: /home/yang/proj/ros-prac/learn5/install/msgs/include/msgs/msgs/msg/detail/temperature__type_support.c
[1.623s] -- Installing: /home/yang/proj/ros-prac/learn5/install/msgs/include/msgs/msgs/msg/detail/temperature__type_support.h
[1.623s] -- Installing: /home/yang/proj/ros-prac/learn5/install/msgs/share/msgs/environment/library_path.sh
[1.624s] -- Installing: /home/yang/proj/ros-prac/learn5/install/msgs/share/msgs/environment/library_path.dsv
[1.624s] -- Installing: /home/yang/proj/ros-prac/learn5/install/msgs/lib/libmsgs__rosidl_generator_c.so
[1.624s] -- Set non-toolchain portion of runtime path of "/home/yang/proj/ros-prac/learn5/install/msgs/lib/libmsgs__rosidl_generator_c.so" to ""
[1.624s] -- Up-to-date: /home/yang/proj/ros-prac/learn5/install/msgs/include/msgs/msgs
[1.624s] -- Up-to-date: /home/yang/proj/ros-prac/learn5/install/msgs/include/msgs/msgs/msg
[1.624s] -- Installing: /home/yang/proj/ros-prac/learn5/install/msgs/include/msgs/msgs/msg/rosidl_typesupport_fastrtps_c__visibility_control.h
[1.624s] -- Up-to-date: /home/yang/proj/ros-prac/learn5/install/msgs/include/msgs/msgs/msg/detail
[1.624s] -- Installing: /home/yang/proj/ros-prac/learn5/install/msgs/include/msgs/msgs/msg/detail/temperature__rosidl_typesupport_fastrtps_c.h
[1.624s] -- Installing: /home/yang/proj/ros-prac/learn5/install/msgs/lib/libmsgs__rosidl_typesupport_fastrtps_c.so
[1.624s] -- Set non-toolchain portion of runtime path of "/home/yang/proj/ros-prac/learn5/install/msgs/lib/libmsgs__rosidl_typesupport_fastrtps_c.so" to ""
[1.624s] -- Up-to-date: /home/yang/proj/ros-prac/learn5/install/msgs/include/msgs/msgs
[1.624s] -- Up-to-date: /home/yang/proj/ros-prac/learn5/install/msgs/include/msgs/msgs/msg
[1.624s] -- Installing: /home/yang/proj/ros-prac/learn5/install/msgs/include/msgs/msgs/msg/rosidl_typesupport_introspection_c__visibility_control.h
[1.624s] -- Up-to-date: /home/yang/proj/ros-prac/learn5/install/msgs/include/msgs/msgs/msg/detail
[1.624s] -- Installing: /home/yang/proj/ros-prac/learn5/install/msgs/include/msgs/msgs/msg/detail/temperature__rosidl_typesupport_introspection_c.h
[1.624s] -- Up-to-date: /home/yang/proj/ros-prac/learn5/install/msgs/include/msgs/msgs/msg/detail/temperature__type_support.c
[1.624s] -- Installing: /home/yang/proj/ros-prac/learn5/install/msgs/lib/libmsgs__rosidl_typesupport_introspection_c.so
[1.624s] -- Set non-toolchain portion of runtime path of "/home/yang/proj/ros-prac/learn5/install/msgs/lib/libmsgs__rosidl_typesupport_introspection_c.so" to ""
[1.624s] -- Installing: /home/yang/proj/ros-prac/learn5/install/msgs/lib/libmsgs__rosidl_typesupport_c.so
[1.624s] -- Set non-toolchain portion of runtime path of "/home/yang/proj/ros-prac/learn5/install/msgs/lib/libmsgs__rosidl_typesupport_c.so" to ""
[1.624s] -- Up-to-date: /home/yang/proj/ros-prac/learn5/install/msgs/include/msgs/msgs
[1.624s] -- Up-to-date: /home/yang/proj/ros-prac/learn5/install/msgs/include/msgs/msgs/msg
[1.624s] -- Installing: /home/yang/proj/ros-prac/learn5/install/msgs/include/msgs/msgs/msg/rosidl_generator_cpp__visibility_control.hpp
[1.624s] -- Installing: /home/yang/proj/ros-prac/learn5/install/msgs/include/msgs/msgs/msg/temperature.hpp
[1.624s] -- Up-to-date: /home/yang/proj/ros-prac/learn5/install/msgs/include/msgs/msgs/msg/detail
[1.625s] -- Installing: /home/yang/proj/ros-prac/learn5/install/msgs/include/msgs/msgs/msg/detail/temperature__builder.hpp
[1.625s] -- Installing: /home/yang/proj/ros-prac/learn5/install/msgs/include/msgs/msgs/msg/detail/temperature__struct.hpp
[1.625s] -- Installing: /home/yang/proj/ros-prac/learn5/install/msgs/include/msgs/msgs/msg/detail/temperature__traits.hpp
[1.625s] -- Installing: /home/yang/proj/ros-prac/learn5/install/msgs/include/msgs/msgs/msg/detail/temperature__type_support.hpp
[1.625s] -- Up-to-date: /home/yang/proj/ros-prac/learn5/install/msgs/include/msgs/msgs
[1.625s] -- Up-to-date: /home/yang/proj/ros-prac/learn5/install/msgs/include/msgs/msgs/msg
[1.625s] -- Installing: /home/yang/proj/ros-prac/learn5/install/msgs/include/msgs/msgs/msg/rosidl_typesupport_fastrtps_cpp__visibility_control.h
[1.625s] -- Up-to-date: /home/yang/proj/ros-prac/learn5/install/msgs/include/msgs/msgs/msg/detail
[1.625s] -- Installing: /home/yang/proj/ros-prac/learn5/install/msgs/include/msgs/msgs/msg/detail/temperature__rosidl_typesupport_fastrtps_cpp.hpp
[1.625s] -- Installing: /home/yang/proj/ros-prac/learn5/install/msgs/include/msgs/msgs/msg/detail/dds_fastrtps
[1.625s] -- Installing: /home/yang/proj/ros-prac/learn5/install/msgs/lib/libmsgs__rosidl_typesupport_fastrtps_cpp.so
[1.625s] -- Set non-toolchain portion of runtime path of "/home/yang/proj/ros-prac/learn5/install/msgs/lib/libmsgs__rosidl_typesupport_fastrtps_cpp.so" to ""
[1.625s] -- Up-to-date: /home/yang/proj/ros-prac/learn5/install/msgs/include/msgs/msgs
[1.625s] -- Up-to-date: /home/yang/proj/ros-prac/learn5/install/msgs/include/msgs/msgs/msg
[1.625s] -- Up-to-date: /home/yang/proj/ros-prac/learn5/install/msgs/include/msgs/msgs/msg/detail
[1.625s] -- Installing: /home/yang/proj/ros-prac/learn5/install/msgs/include/msgs/msgs/msg/detail/temperature__rosidl_typesupport_introspection_cpp.hpp
[1.625s] -- Installing: /home/yang/proj/ros-prac/learn5/install/msgs/include/msgs/msgs/msg/detail/temperature__type_support.cpp
[1.625s] -- Installing: /home/yang/proj/ros-prac/learn5/install/msgs/lib/libmsgs__rosidl_typesupport_introspection_cpp.so
[1.625s] -- Set non-toolchain portion of runtime path of "/home/yang/proj/ros-prac/learn5/install/msgs/lib/libmsgs__rosidl_typesupport_introspection_cpp.so" to ""
[1.625s] -- Installing: /home/yang/proj/ros-prac/learn5/install/msgs/lib/libmsgs__rosidl_typesupport_cpp.so
[1.625s] -- Set non-toolchain portion of runtime path of "/home/yang/proj/ros-prac/learn5/install/msgs/lib/libmsgs__rosidl_typesupport_cpp.so" to ""
[1.625s] -- Installing: /home/yang/proj/ros-prac/learn5/install/msgs/share/msgs/environment/pythonpath.sh
[1.625s] -- Installing: /home/yang/proj/ros-prac/learn5/install/msgs/share/msgs/environment/pythonpath.dsv
[1.625s] -- Installing: /home/yang/proj/ros-prac/learn5/install/msgs/lib/python3.12/site-packages/msgs-0.0.0-py3.12.egg-info
[1.625s] -- Installing: /home/yang/proj/ros-prac/learn5/install/msgs/lib/python3.12/site-packages/msgs-0.0.0-py3.12.egg-info/PKG-INFO
[1.625s] -- Installing: /home/yang/proj/ros-prac/learn5/install/msgs/lib/python3.12/site-packages/msgs-0.0.0-py3.12.egg-info/dependency_links.txt
[1.625s] -- Installing: /home/yang/proj/ros-prac/learn5/install/msgs/lib/python3.12/site-packages/msgs-0.0.0-py3.12.egg-info/top_level.txt
[1.626s] -- Installing: /home/yang/proj/ros-prac/learn5/install/msgs/lib/python3.12/site-packages/msgs-0.0.0-py3.12.egg-info/SOURCES.txt
[1.626s] -- Installing: /home/yang/proj/ros-prac/learn5/install/msgs/lib/python3.12/site-packages/msgs
[1.626s] -- Installing: /home/yang/proj/ros-prac/learn5/install/msgs/lib/python3.12/site-packages/msgs/__init__.py
[1.626s] -- Installing: /home/yang/proj/ros-prac/learn5/install/msgs/lib/python3.12/site-packages/msgs/msg
[1.626s] -- Installing: /home/yang/proj/ros-prac/learn5/install/msgs/lib/python3.12/site-packages/msgs/msg/_temperature.py
[1.626s] -- Installing: /home/yang/proj/ros-prac/learn5/install/msgs/lib/python3.12/site-packages/msgs/msg/_temperature_s.c
[1.626s] -- Installing: /home/yang/proj/ros-prac/learn5/install/msgs/lib/python3.12/site-packages/msgs/msg/__init__.py
[1.626s] -- Installing: /home/yang/proj/ros-prac/learn5/install/msgs/lib/python3.12/site-packages/msgs/_msgs_s.ep.rosidl_typesupport_fastrtps_c.c
[1.626s] -- Installing: /home/yang/proj/ros-prac/learn5/install/msgs/lib/python3.12/site-packages/msgs/_msgs_s.ep.rosidl_typesupport_introspection_c.c
[1.626s] -- Installing: /home/yang/proj/ros-prac/learn5/install/msgs/lib/python3.12/site-packages/msgs/_msgs_s.ep.rosidl_typesupport_c.c
[1.626s] -- Installing: /home/yang/proj/ros-prac/learn5/install/msgs/lib/python3.12/site-packages/msgs/msgs_s__rosidl_typesupport_fastrtps_c.so
[1.626s] -- Installing: /home/yang/proj/ros-prac/learn5/install/msgs/lib/python3.12/site-packages/msgs/msgs_s__rosidl_typesupport_introspection_c.so
[1.626s] -- Installing: /home/yang/proj/ros-prac/learn5/install/msgs/lib/python3.12/site-packages/msgs/msgs_s__rosidl_typesupport_c.so
[1.639s] Listing '/home/yang/proj/ros-prac/learn5/install/msgs/lib/python3.12/site-packages/msgs'...
[1.639s] Compiling '/home/yang/proj/ros-prac/learn5/install/msgs/lib/python3.12/site-packages/msgs/__init__.py'...
[1.639s] Listing '/home/yang/proj/ros-prac/learn5/install/msgs/lib/python3.12/site-packages/msgs/msg'...
[1.639s] Compiling '/home/yang/proj/ros-prac/learn5/install/msgs/lib/python3.12/site-packages/msgs/msg/__init__.py'...
[1.639s] Compiling '/home/yang/proj/ros-prac/learn5/install/msgs/lib/python3.12/site-packages/msgs/msg/_temperature.py'...
[1.641s] -- Installing: /home/yang/proj/ros-prac/learn5/install/msgs/lib/python3.12/site-packages/msgs/msgs_s__rosidl_typesupport_fastrtps_c.so
[1.641s] -- Set non-toolchain portion of runtime path of "/home/yang/proj/ros-prac/learn5/install/msgs/lib/python3.12/site-packages/msgs/msgs_s__rosidl_typesupport_fastrtps_c.so" to ""
[1.641s] -- Installing: /home/yang/proj/ros-prac/learn5/install/msgs/lib/python3.12/site-packages/msgs/msgs_s__rosidl_typesupport_introspection_c.so
[1.641s] -- Set non-toolchain portion of runtime path of "/home/yang/proj/ros-prac/learn5/install/msgs/lib/python3.12/site-packages/msgs/msgs_s__rosidl_typesupport_introspection_c.so" to ""
[1.641s] -- Installing: /home/yang/proj/ros-prac/learn5/install/msgs/lib/python3.12/site-packages/msgs/msgs_s__rosidl_typesupport_c.so
[1.642s] -- Set non-toolchain portion of runtime path of "/home/yang/proj/ros-prac/learn5/install/msgs/lib/python3.12/site-packages/msgs/msgs_s__rosidl_typesupport_c.so" to ""
[1.642s] -- Installing: /home/yang/proj/ros-prac/learn5/install/msgs/lib/libmsgs__rosidl_generator_py.so
[1.642s] -- Set non-toolchain portion of runtime path of "/home/yang/proj/ros-prac/learn5/install/msgs/lib/libmsgs__rosidl_generator_py.so" to ""
[1.642s] -- Installing: /home/yang/proj/ros-prac/learn5/install/msgs/share/ament_index/resource_index/rust_packages/msgs
[1.642s] -- Installing: /home/yang/proj/ros-prac/learn5/install/msgs/share/msgs/rust
[1.642s] -- Installing: /home/yang/proj/ros-prac/learn5/install/msgs/share/msgs/rust/src
[1.642s] -- Installing: /home/yang/proj/ros-prac/learn5/install/msgs/share/msgs/rust/src/msg.rs
[1.642s] -- Installing: /home/yang/proj/ros-prac/learn5/install/msgs/share/msgs/rust/src/msg
[1.642s] -- Installing: /home/yang/proj/ros-prac/learn5/install/msgs/share/msgs/rust/src/msg/rmw.rs
[1.642s] -- Installing: /home/yang/proj/ros-prac/learn5/install/msgs/share/msgs/rust/src/lib.rs
[1.642s] -- Installing: /home/yang/proj/ros-prac/learn5/install/msgs/share/msgs/rust/Cargo.toml
[1.642s] -- Installing: /home/yang/proj/ros-prac/learn5/install/msgs/share/msgs/rust/build.rs
[1.642s] -- Installing: /home/yang/proj/ros-prac/learn5/install/msgs/share/msgs/msg/Temperature.idl
[1.642s] -- Installing: /home/yang/proj/ros-prac/learn5/install/msgs/share/msgs/msg/Temperature.msg
[1.642s] -- Installing: /home/yang/proj/ros-prac/learn5/install/msgs/share/ament_index/resource_index/package_run_dependencies/msgs
[1.642s] -- Installing: /home/yang/proj/ros-prac/learn5/install/msgs/share/ament_index/resource_index/parent_prefix_path/msgs
[1.643s] -- Installing: /home/yang/proj/ros-prac/learn5/install/msgs/share/msgs/environment/ament_prefix_path.sh
[1.643s] -- Installing: /home/yang/proj/ros-prac/learn5/install/msgs/share/msgs/environment/ament_prefix_path.dsv
[1.643s] -- Installing: /home/yang/proj/ros-prac/learn5/install/msgs/share/msgs/environment/path.sh
[1.643s] -- Installing: /home/yang/proj/ros-prac/learn5/install/msgs/share/msgs/environment/path.dsv
[1.643s] -- Installing: /home/yang/proj/ros-prac/learn5/install/msgs/share/msgs/local_setup.bash
[1.643s] -- Installing: /home/yang/proj/ros-prac/learn5/install/msgs/share/msgs/local_setup.sh
[1.643s] -- Installing: /home/yang/proj/ros-prac/learn5/install/msgs/share/msgs/local_setup.zsh
[1.643s] -- Installing: /home/yang/proj/ros-prac/learn5/install/msgs/share/msgs/local_setup.dsv
[1.643s] -- Installing: /home/yang/proj/ros-prac/learn5/install/msgs/share/msgs/package.dsv
[1.643s] -- Installing: /home/yang/proj/ros-prac/learn5/install/msgs/share/ament_index/resource_index/packages/msgs
[1.643s] -- Installing: /home/yang/proj/ros-prac/learn5/install/msgs/share/msgs/cmake/export_msgs__rosidl_generator_cExport.cmake
[1.643s] -- Installing: /home/yang/proj/ros-prac/learn5/install/msgs/share/msgs/cmake/export_msgs__rosidl_generator_cExport-noconfig.cmake
[1.643s] -- Installing: /home/yang/proj/ros-prac/learn5/install/msgs/share/msgs/cmake/export_msgs__rosidl_typesupport_fastrtps_cExport.cmake
[1.643s] -- Installing: /home/yang/proj/ros-prac/learn5/install/msgs/share/msgs/cmake/export_msgs__rosidl_typesupport_fastrtps_cExport-noconfig.cmake
[1.643s] -- Installing: /home/yang/proj/ros-prac/learn5/install/msgs/share/msgs/cmake/msgs__rosidl_typesupport_introspection_cExport.cmake
[1.643s] -- Installing: /home/yang/proj/ros-prac/learn5/install/msgs/share/msgs/cmake/msgs__rosidl_typesupport_introspection_cExport-noconfig.cmake
[1.644s] -- Installing: /home/yang/proj/ros-prac/learn5/install/msgs/share/msgs/cmake/msgs__rosidl_typesupport_cExport.cmake
[1.644s] -- Installing: /home/yang/proj/ros-prac/learn5/install/msgs/share/msgs/cmake/msgs__rosidl_typesupport_cExport-noconfig.cmake
[1.644s] -- Installing: /home/yang/proj/ros-prac/learn5/install/msgs/share/msgs/cmake/export_msgs__rosidl_generator_cppExport.cmake
[1.644s] -- Installing: /home/yang/proj/ros-prac/learn5/install/msgs/share/msgs/cmake/export_msgs__rosidl_typesupport_fastrtps_cppExport.cmake
[1.644s] -- Installing: /home/yang/proj/ros-prac/learn5/install/msgs/share/msgs/cmake/export_msgs__rosidl_typesupport_fastrtps_cppExport-noconfig.cmake
[1.644s] -- Installing: /home/yang/proj/ros-prac/learn5/install/msgs/share/msgs/cmake/msgs__rosidl_typesupport_introspection_cppExport.cmake
[1.644s] -- Installing: /home/yang/proj/ros-prac/learn5/install/msgs/share/msgs/cmake/msgs__rosidl_typesupport_introspection_cppExport-noconfig.cmake
[1.644s] -- Installing: /home/yang/proj/ros-prac/learn5/install/msgs/share/msgs/cmake/msgs__rosidl_typesupport_cppExport.cmake
[1.644s] -- Installing: /home/yang/proj/ros-prac/learn5/install/msgs/share/msgs/cmake/msgs__rosidl_typesupport_cppExport-noconfig.cmake
[1.644s] -- Installing: /home/yang/proj/ros-prac/learn5/install/msgs/share/msgs/cmake/export_msgs__rosidl_generator_pyExport.cmake
[1.644s] -- Installing: /home/yang/proj/ros-prac/learn5/install/msgs/share/msgs/cmake/export_msgs__rosidl_generator_pyExport-noconfig.cmake
[1.644s] -- Installing: /home/yang/proj/ros-prac/learn5/install/msgs/share/msgs/cmake/rosidl_cmake-extras.cmake
[1.644s] -- Installing: /home/yang/proj/ros-prac/learn5/install/msgs/share/msgs/cmake/ament_cmake_export_include_directories-extras.cmake
[1.645s] -- Installing: /home/yang/proj/ros-prac/learn5/install/msgs/share/msgs/cmake/ament_cmake_export_libraries-extras.cmake
[1.645s] -- Installing: /home/yang/proj/ros-prac/learn5/install/msgs/share/msgs/cmake/ament_cmake_export_targets-extras.cmake
[1.645s] -- Installing: /home/yang/proj/ros-prac/learn5/install/msgs/share/msgs/cmake/rosidl_cmake_export_typesupport_targets-extras.cmake
[1.645s] -- Installing: /home/yang/proj/ros-prac/learn5/install/msgs/share/msgs/cmake/ament_cmake_export_dependencies-extras.cmake
[1.645s] -- Installing: /home/yang/proj/ros-prac/learn5/install/msgs/share/msgs/cmake/rosidl_cmake_export_typesupport_libraries-extras.cmake
[1.645s] -- Installing: /home/yang/proj/ros-prac/learn5/install/msgs/share/msgs/cmake/msgsConfig.cmake
[1.645s] -- Installing: /home/yang/proj/ros-prac/learn5/install/msgs/share/msgs/cmake/msgsConfig-version.cmake
[1.645s] -- Installing: /home/yang/proj/ros-prac/learn5/install/msgs/share/msgs/package.xml
[1.646s] Invoked command in '/home/yang/proj/ros-prac/learn5/build/msgs' returned '0': CMAKE_PREFIX_PATH=${CMAKE_PREFIX_PATH}:/opt/ros/jazzy /usr/bin/cmake --install /home/yang/proj/ros-prac/learn5/build/msgs
