[0.047s] DEBUG:colcon:Command line arguments: ['/usr/bin/colcon', 'build', '--cmake-args', '-DCMAKE_EXPORT_COMPILE_COMMANDS=ON']
[0.047s] DEBUG:colcon:Parsed command line arguments: Namespace(log_base=None, log_level=None, verb_name='build', build_base='build', install_base='install', merge_install=False, symlink_install=False, test_result_base=None, continue_on_error=False, executor='parallel', parallel_workers=12, event_handlers=None, ignore_user_meta=False, metas=['./colcon.meta'], base_paths=['.'], packages_ignore=None, packages_ignore_regex=None, paths=None, packages_up_to=None, packages_up_to_regex=None, packages_above=None, packages_above_and_dependencies=None, packages_above_depth=None, packages_select_by_dep=None, packages_skip_by_dep=None, packages_skip_up_to=None, packages_select_build_failed=False, packages_skip_build_finished=False, packages_select_test_failures=False, packages_skip_test_passed=False, packages_select=None, packages_skip=None, packages_select_regex=None, packages_skip_regex=None, packages_start=None, packages_end=None, allow_overriding=[], cmake_args=['-DCMAKE_EXPORT_COMPILE_COMMANDS=ON'], cmake_target=None, cmake_target_skip_unavailable=False, cmake_clean_cache=False, cmake_clean_first=False, cmake_force_configure=False, ament_cmake_args=None, catkin_cmake_args=None, catkin_skip_building_tests=False, mixin_files=None, mixin=None, verb_parser=<colcon_mixin.mixin.mixin_argument.MixinArgumentDecorator object at 0x7a9ead68bef0>, verb_extension=<colcon_core.verb.build.BuildVerb object at 0x7a9ead68b470>, main=<bound method BuildVerb.main of <colcon_core.verb.build.BuildVerb object at 0x7a9ead68b470>>, mixin_verb=('build',))
[0.067s] Level 1:colcon.colcon_core.package_discovery:discover_packages(colcon_meta) check parameters
[0.067s] Level 1:colcon.colcon_core.package_discovery:discover_packages(recursive) check parameters
[0.067s] Level 1:colcon.colcon_core.package_discovery:discover_packages(ignore) check parameters
[0.067s] Level 1:colcon.colcon_core.package_discovery:discover_packages(path) check parameters
[0.067s] Level 1:colcon.colcon_core.package_discovery:discover_packages(colcon_meta) discover
[0.067s] Level 1:colcon.colcon_core.package_discovery:discover_packages(recursive) discover
[0.067s] INFO:colcon.colcon_core.package_discovery:Crawling recursively for packages in '/home/yang/proj/ros-prac'
[0.067s] Level 1:colcon.colcon_core.package_identification:_identify(.) by extensions ['ignore', 'ignore_ament_install']
[0.067s] Level 1:colcon.colcon_core.package_identification:_identify(.) by extension 'ignore'
[0.067s] Level 1:colcon.colcon_core.package_identification:_identify(.) by extension 'ignore_ament_install'
[0.067s] Level 1:colcon.colcon_core.package_identification:_identify(.) by extensions ['colcon_pkg']
[0.067s] Level 1:colcon.colcon_core.package_identification:_identify(.) by extension 'colcon_pkg'
[0.067s] Level 1:colcon.colcon_core.package_identification:_identify(.) by extensions ['colcon_meta']
[0.067s] Level 1:colcon.colcon_core.package_identification:_identify(.) by extension 'colcon_meta'
[0.067s] Level 1:colcon.colcon_core.package_identification:_identify(.) by extensions ['ros']
[0.067s] Level 1:colcon.colcon_core.package_identification:_identify(.) by extension 'ros'
[0.081s] Level 1:colcon.colcon_core.package_identification:_identify(.) by extensions ['cmake', 'python']
[0.081s] Level 1:colcon.colcon_core.package_identification:_identify(.) by extension 'cmake'
[0.081s] Level 1:colcon.colcon_core.package_identification:_identify(.) by extension 'python'
[0.081s] Level 1:colcon.colcon_core.package_identification:_identify(.) by extensions ['python_setup_py']
[0.081s] Level 1:colcon.colcon_core.package_identification:_identify(.) by extension 'python_setup_py'
[0.081s] Level 1:colcon.colcon_core.package_identification:_identify(build) by extensions ['ignore', 'ignore_ament_install']
[0.081s] Level 1:colcon.colcon_core.package_identification:_identify(build) by extension 'ignore'
[0.081s] Level 1:colcon.colcon_core.package_identification:_identify(build) ignored
[0.081s] Level 1:colcon.colcon_core.package_identification:_identify(install) by extensions ['ignore', 'ignore_ament_install']
[0.081s] Level 1:colcon.colcon_core.package_identification:_identify(install) by extension 'ignore'
[0.081s] Level 1:colcon.colcon_core.package_identification:_identify(install) ignored
[0.081s] Level 1:colcon.colcon_core.package_identification:_identify(learn1) by extensions ['ignore', 'ignore_ament_install']
[0.081s] Level 1:colcon.colcon_core.package_identification:_identify(learn1) by extension 'ignore'
[0.081s] Level 1:colcon.colcon_core.package_identification:_identify(learn1) by extension 'ignore_ament_install'
[0.081s] Level 1:colcon.colcon_core.package_identification:_identify(learn1) by extensions ['colcon_pkg']
[0.081s] Level 1:colcon.colcon_core.package_identification:_identify(learn1) by extension 'colcon_pkg'
[0.081s] Level 1:colcon.colcon_core.package_identification:_identify(learn1) by extensions ['colcon_meta']
[0.082s] Level 1:colcon.colcon_core.package_identification:_identify(learn1) by extension 'colcon_meta'
[0.082s] Level 1:colcon.colcon_core.package_identification:_identify(learn1) by extensions ['ros']
[0.082s] Level 1:colcon.colcon_core.package_identification:_identify(learn1) by extension 'ros'
[0.082s] Level 1:colcon.colcon_core.package_identification:_identify(learn1) by extensions ['cmake', 'python']
[0.082s] Level 1:colcon.colcon_core.package_identification:_identify(learn1) by extension 'cmake'
[0.082s] Level 1:colcon.colcon_core.package_identification:_identify(learn1) by extension 'python'
[0.082s] Level 1:colcon.colcon_core.package_identification:_identify(learn1) by extensions ['python_setup_py']
[0.082s] Level 1:colcon.colcon_core.package_identification:_identify(learn1) by extension 'python_setup_py'
[0.082s] Level 1:colcon.colcon_core.package_identification:_identify(learn1/build) by extensions ['ignore', 'ignore_ament_install']
[0.082s] Level 1:colcon.colcon_core.package_identification:_identify(learn1/build) by extension 'ignore'
[0.082s] Level 1:colcon.colcon_core.package_identification:_identify(learn1/build) ignored
[0.082s] Level 1:colcon.colcon_core.package_identification:_identify(learn1/install) by extensions ['ignore', 'ignore_ament_install']
[0.082s] Level 1:colcon.colcon_core.package_identification:_identify(learn1/install) by extension 'ignore'
[0.082s] Level 1:colcon.colcon_core.package_identification:_identify(learn1/install) ignored
[0.082s] Level 1:colcon.colcon_core.package_identification:_identify(learn1/log) by extensions ['ignore', 'ignore_ament_install']
[0.082s] Level 1:colcon.colcon_core.package_identification:_identify(learn1/log) by extension 'ignore'
[0.082s] Level 1:colcon.colcon_core.package_identification:_identify(learn1/log) ignored
[0.082s] Level 1:colcon.colcon_core.package_identification:_identify(learn1/src) by extensions ['ignore', 'ignore_ament_install']
[0.082s] Level 1:colcon.colcon_core.package_identification:_identify(learn1/src) by extension 'ignore'
[0.082s] Level 1:colcon.colcon_core.package_identification:_identify(learn1/src) by extension 'ignore_ament_install'
[0.082s] Level 1:colcon.colcon_core.package_identification:_identify(learn1/src) by extensions ['colcon_pkg']
[0.082s] Level 1:colcon.colcon_core.package_identification:_identify(learn1/src) by extension 'colcon_pkg'
[0.082s] Level 1:colcon.colcon_core.package_identification:_identify(learn1/src) by extensions ['colcon_meta']
[0.082s] Level 1:colcon.colcon_core.package_identification:_identify(learn1/src) by extension 'colcon_meta'
[0.082s] Level 1:colcon.colcon_core.package_identification:_identify(learn1/src) by extensions ['ros']
[0.082s] Level 1:colcon.colcon_core.package_identification:_identify(learn1/src) by extension 'ros'
[0.082s] Level 1:colcon.colcon_core.package_identification:_identify(learn1/src) by extensions ['cmake', 'python']
[0.082s] Level 1:colcon.colcon_core.package_identification:_identify(learn1/src) by extension 'cmake'
[0.082s] Level 1:colcon.colcon_core.package_identification:_identify(learn1/src) by extension 'python'
[0.082s] Level 1:colcon.colcon_core.package_identification:_identify(learn1/src) by extensions ['python_setup_py']
[0.082s] Level 1:colcon.colcon_core.package_identification:_identify(learn1/src) by extension 'python_setup_py'
[0.082s] Level 1:colcon.colcon_core.package_identification:_identify(learn1/src/pubsub) by extensions ['ignore', 'ignore_ament_install']
[0.082s] Level 1:colcon.colcon_core.package_identification:_identify(learn1/src/pubsub) by extension 'ignore'
[0.082s] Level 1:colcon.colcon_core.package_identification:_identify(learn1/src/pubsub) by extension 'ignore_ament_install'
[0.082s] Level 1:colcon.colcon_core.package_identification:_identify(learn1/src/pubsub) by extensions ['colcon_pkg']
[0.082s] Level 1:colcon.colcon_core.package_identification:_identify(learn1/src/pubsub) by extension 'colcon_pkg'
[0.082s] Level 1:colcon.colcon_core.package_identification:_identify(learn1/src/pubsub) by extensions ['colcon_meta']
[0.082s] Level 1:colcon.colcon_core.package_identification:_identify(learn1/src/pubsub) by extension 'colcon_meta'
[0.082s] Level 1:colcon.colcon_core.package_identification:_identify(learn1/src/pubsub) by extensions ['ros']
[0.082s] Level 1:colcon.colcon_core.package_identification:_identify(learn1/src/pubsub) by extension 'ros'
[0.093s] DEBUG:colcon.colcon_core.package_identification:Package 'learn1/src/pubsub' with type 'ros.ament_cmake' and name 'pubsub'
[0.093s] Level 1:colcon.colcon_core.package_identification:_identify(learn10) by extensions ['ignore', 'ignore_ament_install']
[0.093s] Level 1:colcon.colcon_core.package_identification:_identify(learn10) by extension 'ignore'
[0.093s] Level 1:colcon.colcon_core.package_identification:_identify(learn10) by extension 'ignore_ament_install'
[0.093s] Level 1:colcon.colcon_core.package_identification:_identify(learn10) by extensions ['colcon_pkg']
[0.093s] Level 1:colcon.colcon_core.package_identification:_identify(learn10) by extension 'colcon_pkg'
[0.093s] Level 1:colcon.colcon_core.package_identification:_identify(learn10) by extensions ['colcon_meta']
[0.093s] Level 1:colcon.colcon_core.package_identification:_identify(learn10) by extension 'colcon_meta'
[0.093s] Level 1:colcon.colcon_core.package_identification:_identify(learn10) by extensions ['ros']
[0.093s] Level 1:colcon.colcon_core.package_identification:_identify(learn10) by extension 'ros'
[0.093s] Level 1:colcon.colcon_core.package_identification:_identify(learn10) by extensions ['cmake', 'python']
[0.093s] Level 1:colcon.colcon_core.package_identification:_identify(learn10) by extension 'cmake'
[0.093s] Level 1:colcon.colcon_core.package_identification:_identify(learn10) by extension 'python'
[0.093s] Level 1:colcon.colcon_core.package_identification:_identify(learn10) by extensions ['python_setup_py']
[0.093s] Level 1:colcon.colcon_core.package_identification:_identify(learn10) by extension 'python_setup_py'
[0.093s] Level 1:colcon.colcon_core.package_identification:_identify(learn10/build) by extensions ['ignore', 'ignore_ament_install']
[0.093s] Level 1:colcon.colcon_core.package_identification:_identify(learn10/build) by extension 'ignore'
[0.093s] Level 1:colcon.colcon_core.package_identification:_identify(learn10/build) ignored
[0.093s] Level 1:colcon.colcon_core.package_identification:_identify(learn10/install) by extensions ['ignore', 'ignore_ament_install']
[0.093s] Level 1:colcon.colcon_core.package_identification:_identify(learn10/install) by extension 'ignore'
[0.093s] Level 1:colcon.colcon_core.package_identification:_identify(learn10/install) ignored
[0.093s] Level 1:colcon.colcon_core.package_identification:_identify(learn10/log) by extensions ['ignore', 'ignore_ament_install']
[0.093s] Level 1:colcon.colcon_core.package_identification:_identify(learn10/log) by extension 'ignore'
[0.093s] Level 1:colcon.colcon_core.package_identification:_identify(learn10/log) ignored
[0.093s] Level 1:colcon.colcon_core.package_identification:_identify(learn10/maps) by extensions ['ignore', 'ignore_ament_install']
[0.093s] Level 1:colcon.colcon_core.package_identification:_identify(learn10/maps) by extension 'ignore'
[0.093s] Level 1:colcon.colcon_core.package_identification:_identify(learn10/maps) by extension 'ignore_ament_install'
[0.093s] Level 1:colcon.colcon_core.package_identification:_identify(learn10/maps) by extensions ['colcon_pkg']
[0.093s] Level 1:colcon.colcon_core.package_identification:_identify(learn10/maps) by extension 'colcon_pkg'
[0.093s] Level 1:colcon.colcon_core.package_identification:_identify(learn10/maps) by extensions ['colcon_meta']
[0.093s] Level 1:colcon.colcon_core.package_identification:_identify(learn10/maps) by extension 'colcon_meta'
[0.093s] Level 1:colcon.colcon_core.package_identification:_identify(learn10/maps) by extensions ['ros']
[0.093s] Level 1:colcon.colcon_core.package_identification:_identify(learn10/maps) by extension 'ros'
[0.093s] Level 1:colcon.colcon_core.package_identification:_identify(learn10/maps) by extensions ['cmake', 'python']
[0.093s] Level 1:colcon.colcon_core.package_identification:_identify(learn10/maps) by extension 'cmake'
[0.093s] Level 1:colcon.colcon_core.package_identification:_identify(learn10/maps) by extension 'python'
[0.093s] Level 1:colcon.colcon_core.package_identification:_identify(learn10/maps) by extensions ['python_setup_py']
[0.093s] Level 1:colcon.colcon_core.package_identification:_identify(learn10/maps) by extension 'python_setup_py'
[0.094s] Level 1:colcon.colcon_core.package_identification:_identify(learn10/src) by extensions ['ignore', 'ignore_ament_install']
[0.094s] Level 1:colcon.colcon_core.package_identification:_identify(learn10/src) by extension 'ignore'
[0.094s] Level 1:colcon.colcon_core.package_identification:_identify(learn10/src) by extension 'ignore_ament_install'
[0.094s] Level 1:colcon.colcon_core.package_identification:_identify(learn10/src) by extensions ['colcon_pkg']
[0.094s] Level 1:colcon.colcon_core.package_identification:_identify(learn10/src) by extension 'colcon_pkg'
[0.094s] Level 1:colcon.colcon_core.package_identification:_identify(learn10/src) by extensions ['colcon_meta']
[0.094s] Level 1:colcon.colcon_core.package_identification:_identify(learn10/src) by extension 'colcon_meta'
[0.094s] Level 1:colcon.colcon_core.package_identification:_identify(learn10/src) by extensions ['ros']
[0.094s] Level 1:colcon.colcon_core.package_identification:_identify(learn10/src) by extension 'ros'
[0.094s] Level 1:colcon.colcon_core.package_identification:_identify(learn10/src) by extensions ['cmake', 'python']
[0.094s] Level 1:colcon.colcon_core.package_identification:_identify(learn10/src) by extension 'cmake'
[0.094s] Level 1:colcon.colcon_core.package_identification:_identify(learn10/src) by extension 'python'
[0.094s] Level 1:colcon.colcon_core.package_identification:_identify(learn10/src) by extensions ['python_setup_py']
[0.094s] Level 1:colcon.colcon_core.package_identification:_identify(learn10/src) by extension 'python_setup_py'
[0.094s] Level 1:colcon.colcon_core.package_identification:_identify(learn10/src/sim) by extensions ['ignore', 'ignore_ament_install']
[0.094s] Level 1:colcon.colcon_core.package_identification:_identify(learn10/src/sim) by extension 'ignore'
[0.094s] Level 1:colcon.colcon_core.package_identification:_identify(learn10/src/sim) by extension 'ignore_ament_install'
[0.094s] Level 1:colcon.colcon_core.package_identification:_identify(learn10/src/sim) by extensions ['colcon_pkg']
[0.094s] Level 1:colcon.colcon_core.package_identification:_identify(learn10/src/sim) by extension 'colcon_pkg'
[0.094s] Level 1:colcon.colcon_core.package_identification:_identify(learn10/src/sim) by extensions ['colcon_meta']
[0.094s] Level 1:colcon.colcon_core.package_identification:_identify(learn10/src/sim) by extension 'colcon_meta'
[0.094s] Level 1:colcon.colcon_core.package_identification:_identify(learn10/src/sim) by extensions ['ros']
[0.094s] Level 1:colcon.colcon_core.package_identification:_identify(learn10/src/sim) by extension 'ros'
[0.094s] DEBUG:colcon.colcon_core.package_identification:Package 'learn10/src/sim' with type 'ros.ament_cmake' and name 'sim'
[0.094s] Level 1:colcon.colcon_core.package_identification:_identify(learn11) by extensions ['ignore', 'ignore_ament_install']
[0.094s] Level 1:colcon.colcon_core.package_identification:_identify(learn11) by extension 'ignore'
[0.094s] Level 1:colcon.colcon_core.package_identification:_identify(learn11) by extension 'ignore_ament_install'
[0.094s] Level 1:colcon.colcon_core.package_identification:_identify(learn11) by extensions ['colcon_pkg']
[0.094s] Level 1:colcon.colcon_core.package_identification:_identify(learn11) by extension 'colcon_pkg'
[0.094s] Level 1:colcon.colcon_core.package_identification:_identify(learn11) by extensions ['colcon_meta']
[0.094s] Level 1:colcon.colcon_core.package_identification:_identify(learn11) by extension 'colcon_meta'
[0.094s] Level 1:colcon.colcon_core.package_identification:_identify(learn11) by extensions ['ros']
[0.094s] Level 1:colcon.colcon_core.package_identification:_identify(learn11) by extension 'ros'
[0.094s] Level 1:colcon.colcon_core.package_identification:_identify(learn11) by extensions ['cmake', 'python']
[0.094s] Level 1:colcon.colcon_core.package_identification:_identify(learn11) by extension 'cmake'
[0.100s] Level 1:colcon.colcon_core.package_identification:_identify(learn11) by extension 'python'
[0.101s] DEBUG:colcon.colcon_core.package_identification:Package 'learn11' with type 'cmake' and name 'learn11'
[0.101s] Level 1:colcon.colcon_core.package_identification:_identify(learn12) by extensions ['ignore', 'ignore_ament_install']
[0.101s] Level 1:colcon.colcon_core.package_identification:_identify(learn12) by extension 'ignore'
[0.101s] Level 1:colcon.colcon_core.package_identification:_identify(learn12) by extension 'ignore_ament_install'
[0.101s] Level 1:colcon.colcon_core.package_identification:_identify(learn12) by extensions ['colcon_pkg']
[0.101s] Level 1:colcon.colcon_core.package_identification:_identify(learn12) by extension 'colcon_pkg'
[0.101s] Level 1:colcon.colcon_core.package_identification:_identify(learn12) by extensions ['colcon_meta']
[0.101s] Level 1:colcon.colcon_core.package_identification:_identify(learn12) by extension 'colcon_meta'
[0.101s] Level 1:colcon.colcon_core.package_identification:_identify(learn12) by extensions ['ros']
[0.101s] Level 1:colcon.colcon_core.package_identification:_identify(learn12) by extension 'ros'
[0.101s] Level 1:colcon.colcon_core.package_identification:_identify(learn12) by extensions ['cmake', 'python']
[0.101s] Level 1:colcon.colcon_core.package_identification:_identify(learn12) by extension 'cmake'
[0.108s] Level 1:colcon.colcon_core.package_identification:_identify(learn12) by extension 'python'
[0.108s] DEBUG:colcon.colcon_core.package_identification:Package 'learn12' with type 'cmake' and name 'learn12'
[0.108s] Level 1:colcon.colcon_core.package_identification:_identify(learn13) by extensions ['ignore', 'ignore_ament_install']
[0.108s] Level 1:colcon.colcon_core.package_identification:_identify(learn13) by extension 'ignore'
[0.108s] Level 1:colcon.colcon_core.package_identification:_identify(learn13) by extension 'ignore_ament_install'
[0.108s] Level 1:colcon.colcon_core.package_identification:_identify(learn13) by extensions ['colcon_pkg']
[0.108s] Level 1:colcon.colcon_core.package_identification:_identify(learn13) by extension 'colcon_pkg'
[0.108s] Level 1:colcon.colcon_core.package_identification:_identify(learn13) by extensions ['colcon_meta']
[0.108s] Level 1:colcon.colcon_core.package_identification:_identify(learn13) by extension 'colcon_meta'
[0.108s] Level 1:colcon.colcon_core.package_identification:_identify(learn13) by extensions ['ros']
[0.108s] Level 1:colcon.colcon_core.package_identification:_identify(learn13) by extension 'ros'
[0.108s] Level 1:colcon.colcon_core.package_identification:_identify(learn13) by extensions ['cmake', 'python']
[0.108s] Level 1:colcon.colcon_core.package_identification:_identify(learn13) by extension 'cmake'
[0.115s] Level 1:colcon.colcon_core.package_identification:_identify(learn13) by extension 'python'
[0.115s] DEBUG:colcon.colcon_core.package_identification:Package 'learn13' with type 'cmake' and name 'learn13'
[0.115s] Level 1:colcon.colcon_core.package_identification:_identify(learn13-5) by extensions ['ignore', 'ignore_ament_install']
[0.115s] Level 1:colcon.colcon_core.package_identification:_identify(learn13-5) by extension 'ignore'
[0.115s] Level 1:colcon.colcon_core.package_identification:_identify(learn13-5) by extension 'ignore_ament_install'
[0.115s] Level 1:colcon.colcon_core.package_identification:_identify(learn13-5) by extensions ['colcon_pkg']
[0.115s] Level 1:colcon.colcon_core.package_identification:_identify(learn13-5) by extension 'colcon_pkg'
[0.115s] Level 1:colcon.colcon_core.package_identification:_identify(learn13-5) by extensions ['colcon_meta']
[0.115s] Level 1:colcon.colcon_core.package_identification:_identify(learn13-5) by extension 'colcon_meta'
[0.115s] Level 1:colcon.colcon_core.package_identification:_identify(learn13-5) by extensions ['ros']
[0.115s] Level 1:colcon.colcon_core.package_identification:_identify(learn13-5) by extension 'ros'
[0.115s] Level 1:colcon.colcon_core.package_identification:_identify(learn13-5) by extensions ['cmake', 'python']
[0.115s] Level 1:colcon.colcon_core.package_identification:_identify(learn13-5) by extension 'cmake'
[0.123s] Level 1:colcon.colcon_core.package_identification:_identify(learn13-5) by extension 'python'
[0.123s] DEBUG:colcon.colcon_core.package_identification:Package 'learn13-5' with type 'cmake' and name 'learn13'
[0.123s] Level 1:colcon.colcon_core.package_identification:_identify(learn14) by extensions ['ignore', 'ignore_ament_install']
[0.123s] Level 1:colcon.colcon_core.package_identification:_identify(learn14) by extension 'ignore'
[0.123s] Level 1:colcon.colcon_core.package_identification:_identify(learn14) by extension 'ignore_ament_install'
[0.123s] Level 1:colcon.colcon_core.package_identification:_identify(learn14) by extensions ['colcon_pkg']
[0.123s] Level 1:colcon.colcon_core.package_identification:_identify(learn14) by extension 'colcon_pkg'
[0.123s] Level 1:colcon.colcon_core.package_identification:_identify(learn14) by extensions ['colcon_meta']
[0.123s] Level 1:colcon.colcon_core.package_identification:_identify(learn14) by extension 'colcon_meta'
[0.123s] Level 1:colcon.colcon_core.package_identification:_identify(learn14) by extensions ['ros']
[0.123s] Level 1:colcon.colcon_core.package_identification:_identify(learn14) by extension 'ros'
[0.123s] Level 1:colcon.colcon_core.package_identification:_identify(learn14) by extensions ['cmake', 'python']
[0.123s] Level 1:colcon.colcon_core.package_identification:_identify(learn14) by extension 'cmake'
[0.130s] Level 1:colcon.colcon_core.package_identification:_identify(learn14) by extension 'python'
[0.130s] DEBUG:colcon.colcon_core.package_identification:Package 'learn14' with type 'cmake' and name 'learn14'
[0.130s] Level 1:colcon.colcon_core.package_identification:_identify(learn15) by extensions ['ignore', 'ignore_ament_install']
[0.130s] Level 1:colcon.colcon_core.package_identification:_identify(learn15) by extension 'ignore'
[0.130s] Level 1:colcon.colcon_core.package_identification:_identify(learn15) by extension 'ignore_ament_install'
[0.130s] Level 1:colcon.colcon_core.package_identification:_identify(learn15) by extensions ['colcon_pkg']
[0.130s] Level 1:colcon.colcon_core.package_identification:_identify(learn15) by extension 'colcon_pkg'
[0.130s] Level 1:colcon.colcon_core.package_identification:_identify(learn15) by extensions ['colcon_meta']
[0.130s] Level 1:colcon.colcon_core.package_identification:_identify(learn15) by extension 'colcon_meta'
[0.130s] Level 1:colcon.colcon_core.package_identification:_identify(learn15) by extensions ['ros']
[0.130s] Level 1:colcon.colcon_core.package_identification:_identify(learn15) by extension 'ros'
[0.130s] Level 1:colcon.colcon_core.package_identification:_identify(learn15) by extensions ['cmake', 'python']
[0.130s] Level 1:colcon.colcon_core.package_identification:_identify(learn15) by extension 'cmake'
[0.131s] Level 1:colcon.colcon_core.package_identification:_identify(learn15) by extension 'python'
[0.131s] DEBUG:colcon.colcon_core.package_identification:Package 'learn15' with type 'cmake' and name 'learn15'
[0.131s] Level 1:colcon.colcon_core.package_identification:_identify(learn2) by extensions ['ignore', 'ignore_ament_install']
[0.131s] Level 1:colcon.colcon_core.package_identification:_identify(learn2) by extension 'ignore'
[0.131s] Level 1:colcon.colcon_core.package_identification:_identify(learn2) by extension 'ignore_ament_install'
[0.131s] Level 1:colcon.colcon_core.package_identification:_identify(learn2) by extensions ['colcon_pkg']
[0.131s] Level 1:colcon.colcon_core.package_identification:_identify(learn2) by extension 'colcon_pkg'
[0.131s] Level 1:colcon.colcon_core.package_identification:_identify(learn2) by extensions ['colcon_meta']
[0.131s] Level 1:colcon.colcon_core.package_identification:_identify(learn2) by extension 'colcon_meta'
[0.132s] Level 1:colcon.colcon_core.package_identification:_identify(learn2) by extensions ['ros']
[0.132s] Level 1:colcon.colcon_core.package_identification:_identify(learn2) by extension 'ros'
[0.132s] Level 1:colcon.colcon_core.package_identification:_identify(learn2) by extensions ['cmake', 'python']
[0.132s] Level 1:colcon.colcon_core.package_identification:_identify(learn2) by extension 'cmake'
[0.132s] Level 1:colcon.colcon_core.package_identification:_identify(learn2) by extension 'python'
[0.132s] Level 1:colcon.colcon_core.package_identification:_identify(learn2) by extensions ['python_setup_py']
[0.132s] Level 1:colcon.colcon_core.package_identification:_identify(learn2) by extension 'python_setup_py'
[0.132s] Level 1:colcon.colcon_core.package_identification:_identify(learn2/build) by extensions ['ignore', 'ignore_ament_install']
[0.132s] Level 1:colcon.colcon_core.package_identification:_identify(learn2/build) by extension 'ignore'
[0.132s] Level 1:colcon.colcon_core.package_identification:_identify(learn2/build) ignored
[0.132s] Level 1:colcon.colcon_core.package_identification:_identify(learn2/install) by extensions ['ignore', 'ignore_ament_install']
[0.132s] Level 1:colcon.colcon_core.package_identification:_identify(learn2/install) by extension 'ignore'
[0.132s] Level 1:colcon.colcon_core.package_identification:_identify(learn2/install) ignored
[0.132s] Level 1:colcon.colcon_core.package_identification:_identify(learn2/log) by extensions ['ignore', 'ignore_ament_install']
[0.132s] Level 1:colcon.colcon_core.package_identification:_identify(learn2/log) by extension 'ignore'
[0.132s] Level 1:colcon.colcon_core.package_identification:_identify(learn2/log) ignored
[0.132s] Level 1:colcon.colcon_core.package_identification:_identify(learn2/src) by extensions ['ignore', 'ignore_ament_install']
[0.132s] Level 1:colcon.colcon_core.package_identification:_identify(learn2/src) by extension 'ignore'
[0.132s] Level 1:colcon.colcon_core.package_identification:_identify(learn2/src) by extension 'ignore_ament_install'
[0.132s] Level 1:colcon.colcon_core.package_identification:_identify(learn2/src) by extensions ['colcon_pkg']
[0.132s] Level 1:colcon.colcon_core.package_identification:_identify(learn2/src) by extension 'colcon_pkg'
[0.132s] Level 1:colcon.colcon_core.package_identification:_identify(learn2/src) by extensions ['colcon_meta']
[0.132s] Level 1:colcon.colcon_core.package_identification:_identify(learn2/src) by extension 'colcon_meta'
[0.132s] Level 1:colcon.colcon_core.package_identification:_identify(learn2/src) by extensions ['ros']
[0.132s] Level 1:colcon.colcon_core.package_identification:_identify(learn2/src) by extension 'ros'
[0.132s] Level 1:colcon.colcon_core.package_identification:_identify(learn2/src) by extensions ['cmake', 'python']
[0.132s] Level 1:colcon.colcon_core.package_identification:_identify(learn2/src) by extension 'cmake'
[0.132s] Level 1:colcon.colcon_core.package_identification:_identify(learn2/src) by extension 'python'
[0.132s] Level 1:colcon.colcon_core.package_identification:_identify(learn2/src) by extensions ['python_setup_py']
[0.132s] Level 1:colcon.colcon_core.package_identification:_identify(learn2/src) by extension 'python_setup_py'
[0.132s] Level 1:colcon.colcon_core.package_identification:_identify(learn2/src/build) by extensions ['ignore', 'ignore_ament_install']
[0.132s] Level 1:colcon.colcon_core.package_identification:_identify(learn2/src/build) by extension 'ignore'
[0.132s] Level 1:colcon.colcon_core.package_identification:_identify(learn2/src/build) ignored
[0.132s] Level 1:colcon.colcon_core.package_identification:_identify(learn2/src/install) by extensions ['ignore', 'ignore_ament_install']
[0.132s] Level 1:colcon.colcon_core.package_identification:_identify(learn2/src/install) by extension 'ignore'
[0.132s] Level 1:colcon.colcon_core.package_identification:_identify(learn2/src/install) ignored
[0.132s] Level 1:colcon.colcon_core.package_identification:_identify(learn2/src/log) by extensions ['ignore', 'ignore_ament_install']
[0.132s] Level 1:colcon.colcon_core.package_identification:_identify(learn2/src/log) by extension 'ignore'
[0.132s] Level 1:colcon.colcon_core.package_identification:_identify(learn2/src/log) ignored
[0.132s] Level 1:colcon.colcon_core.package_identification:_identify(learn2/src/service) by extensions ['ignore', 'ignore_ament_install']
[0.132s] Level 1:colcon.colcon_core.package_identification:_identify(learn2/src/service) by extension 'ignore'
[0.132s] Level 1:colcon.colcon_core.package_identification:_identify(learn2/src/service) by extension 'ignore_ament_install'
[0.132s] Level 1:colcon.colcon_core.package_identification:_identify(learn2/src/service) by extensions ['colcon_pkg']
[0.132s] Level 1:colcon.colcon_core.package_identification:_identify(learn2/src/service) by extension 'colcon_pkg'
[0.132s] Level 1:colcon.colcon_core.package_identification:_identify(learn2/src/service) by extensions ['colcon_meta']
[0.132s] Level 1:colcon.colcon_core.package_identification:_identify(learn2/src/service) by extension 'colcon_meta'
[0.132s] Level 1:colcon.colcon_core.package_identification:_identify(learn2/src/service) by extensions ['ros']
[0.132s] Level 1:colcon.colcon_core.package_identification:_identify(learn2/src/service) by extension 'ros'
[0.133s] DEBUG:colcon.colcon_core.package_identification:Package 'learn2/src/service' with type 'ros.ament_cmake' and name 'service'
[0.133s] Level 1:colcon.colcon_core.package_identification:_identify(learn3) by extensions ['ignore', 'ignore_ament_install']
[0.133s] Level 1:colcon.colcon_core.package_identification:_identify(learn3) by extension 'ignore'
[0.133s] Level 1:colcon.colcon_core.package_identification:_identify(learn3) by extension 'ignore_ament_install'
[0.133s] Level 1:colcon.colcon_core.package_identification:_identify(learn3) by extensions ['colcon_pkg']
[0.133s] Level 1:colcon.colcon_core.package_identification:_identify(learn3) by extension 'colcon_pkg'
[0.133s] Level 1:colcon.colcon_core.package_identification:_identify(learn3) by extensions ['colcon_meta']
[0.133s] Level 1:colcon.colcon_core.package_identification:_identify(learn3) by extension 'colcon_meta'
[0.133s] Level 1:colcon.colcon_core.package_identification:_identify(learn3) by extensions ['ros']
[0.133s] Level 1:colcon.colcon_core.package_identification:_identify(learn3) by extension 'ros'
[0.133s] Level 1:colcon.colcon_core.package_identification:_identify(learn3) by extensions ['cmake', 'python']
[0.133s] Level 1:colcon.colcon_core.package_identification:_identify(learn3) by extension 'cmake'
[0.133s] Level 1:colcon.colcon_core.package_identification:_identify(learn3) by extension 'python'
[0.133s] Level 1:colcon.colcon_core.package_identification:_identify(learn3) by extensions ['python_setup_py']
[0.133s] Level 1:colcon.colcon_core.package_identification:_identify(learn3) by extension 'python_setup_py'
[0.133s] Level 1:colcon.colcon_core.package_identification:_identify(learn3/build) by extensions ['ignore', 'ignore_ament_install']
[0.133s] Level 1:colcon.colcon_core.package_identification:_identify(learn3/build) by extension 'ignore'
[0.133s] Level 1:colcon.colcon_core.package_identification:_identify(learn3/build) ignored
[0.133s] Level 1:colcon.colcon_core.package_identification:_identify(learn3/install) by extensions ['ignore', 'ignore_ament_install']
[0.133s] Level 1:colcon.colcon_core.package_identification:_identify(learn3/install) by extension 'ignore'
[0.133s] Level 1:colcon.colcon_core.package_identification:_identify(learn3/install) ignored
[0.133s] Level 1:colcon.colcon_core.package_identification:_identify(learn3/log) by extensions ['ignore', 'ignore_ament_install']
[0.133s] Level 1:colcon.colcon_core.package_identification:_identify(learn3/log) by extension 'ignore'
[0.133s] Level 1:colcon.colcon_core.package_identification:_identify(learn3/log) ignored
[0.133s] Level 1:colcon.colcon_core.package_identification:_identify(learn3/src) by extensions ['ignore', 'ignore_ament_install']
[0.133s] Level 1:colcon.colcon_core.package_identification:_identify(learn3/src) by extension 'ignore'
[0.133s] Level 1:colcon.colcon_core.package_identification:_identify(learn3/src) by extension 'ignore_ament_install'
[0.133s] Level 1:colcon.colcon_core.package_identification:_identify(learn3/src) by extensions ['colcon_pkg']
[0.133s] Level 1:colcon.colcon_core.package_identification:_identify(learn3/src) by extension 'colcon_pkg'
[0.133s] Level 1:colcon.colcon_core.package_identification:_identify(learn3/src) by extensions ['colcon_meta']
[0.133s] Level 1:colcon.colcon_core.package_identification:_identify(learn3/src) by extension 'colcon_meta'
[0.133s] Level 1:colcon.colcon_core.package_identification:_identify(learn3/src) by extensions ['ros']
[0.133s] Level 1:colcon.colcon_core.package_identification:_identify(learn3/src) by extension 'ros'
[0.133s] Level 1:colcon.colcon_core.package_identification:_identify(learn3/src) by extensions ['cmake', 'python']
[0.133s] Level 1:colcon.colcon_core.package_identification:_identify(learn3/src) by extension 'cmake'
[0.133s] Level 1:colcon.colcon_core.package_identification:_identify(learn3/src) by extension 'python'
[0.134s] Level 1:colcon.colcon_core.package_identification:_identify(learn3/src) by extensions ['python_setup_py']
[0.134s] Level 1:colcon.colcon_core.package_identification:_identify(learn3/src) by extension 'python_setup_py'
[0.134s] Level 1:colcon.colcon_core.package_identification:_identify(learn3/src/build) by extensions ['ignore', 'ignore_ament_install']
[0.134s] Level 1:colcon.colcon_core.package_identification:_identify(learn3/src/build) by extension 'ignore'
[0.134s] Level 1:colcon.colcon_core.package_identification:_identify(learn3/src/build) ignored
[0.134s] Level 1:colcon.colcon_core.package_identification:_identify(learn3/src/install) by extensions ['ignore', 'ignore_ament_install']
[0.134s] Level 1:colcon.colcon_core.package_identification:_identify(learn3/src/install) by extension 'ignore'
[0.134s] Level 1:colcon.colcon_core.package_identification:_identify(learn3/src/install) ignored
[0.134s] Level 1:colcon.colcon_core.package_identification:_identify(learn3/src/log) by extensions ['ignore', 'ignore_ament_install']
[0.134s] Level 1:colcon.colcon_core.package_identification:_identify(learn3/src/log) by extension 'ignore'
[0.134s] Level 1:colcon.colcon_core.package_identification:_identify(learn3/src/log) ignored
[0.134s] Level 1:colcon.colcon_core.package_identification:_identify(learn3/src/msgs) by extensions ['ignore', 'ignore_ament_install']
[0.134s] Level 1:colcon.colcon_core.package_identification:_identify(learn3/src/msgs) by extension 'ignore'
[0.134s] Level 1:colcon.colcon_core.package_identification:_identify(learn3/src/msgs) by extension 'ignore_ament_install'
[0.134s] Level 1:colcon.colcon_core.package_identification:_identify(learn3/src/msgs) by extensions ['colcon_pkg']
[0.134s] Level 1:colcon.colcon_core.package_identification:_identify(learn3/src/msgs) by extension 'colcon_pkg'
[0.134s] Level 1:colcon.colcon_core.package_identification:_identify(learn3/src/msgs) by extensions ['colcon_meta']
[0.134s] Level 1:colcon.colcon_core.package_identification:_identify(learn3/src/msgs) by extension 'colcon_meta'
[0.134s] Level 1:colcon.colcon_core.package_identification:_identify(learn3/src/msgs) by extensions ['ros']
[0.134s] Level 1:colcon.colcon_core.package_identification:_identify(learn3/src/msgs) by extension 'ros'
[0.134s] DEBUG:colcon.colcon_core.package_identification:Package 'learn3/src/msgs' with type 'ros.ament_cmake' and name 'msgs'
[0.134s] Level 1:colcon.colcon_core.package_identification:_identify(learn3/src/nodes) by extensions ['ignore', 'ignore_ament_install']
[0.134s] Level 1:colcon.colcon_core.package_identification:_identify(learn3/src/nodes) by extension 'ignore'
[0.134s] Level 1:colcon.colcon_core.package_identification:_identify(learn3/src/nodes) by extension 'ignore_ament_install'
[0.134s] Level 1:colcon.colcon_core.package_identification:_identify(learn3/src/nodes) by extensions ['colcon_pkg']
[0.134s] Level 1:colcon.colcon_core.package_identification:_identify(learn3/src/nodes) by extension 'colcon_pkg'
[0.134s] Level 1:colcon.colcon_core.package_identification:_identify(learn3/src/nodes) by extensions ['colcon_meta']
[0.134s] Level 1:colcon.colcon_core.package_identification:_identify(learn3/src/nodes) by extension 'colcon_meta'
[0.134s] Level 1:colcon.colcon_core.package_identification:_identify(learn3/src/nodes) by extensions ['ros']
[0.134s] Level 1:colcon.colcon_core.package_identification:_identify(learn3/src/nodes) by extension 'ros'
[0.135s] DEBUG:colcon.colcon_core.package_identification:Package 'learn3/src/nodes' with type 'ros.ament_cmake' and name 'nodes'
[0.135s] Level 1:colcon.colcon_core.package_identification:_identify(learn4) by extensions ['ignore', 'ignore_ament_install']
[0.135s] Level 1:colcon.colcon_core.package_identification:_identify(learn4) by extension 'ignore'
[0.135s] Level 1:colcon.colcon_core.package_identification:_identify(learn4) by extension 'ignore_ament_install'
[0.135s] Level 1:colcon.colcon_core.package_identification:_identify(learn4) by extensions ['colcon_pkg']
[0.135s] Level 1:colcon.colcon_core.package_identification:_identify(learn4) by extension 'colcon_pkg'
[0.135s] Level 1:colcon.colcon_core.package_identification:_identify(learn4) by extensions ['colcon_meta']
[0.135s] Level 1:colcon.colcon_core.package_identification:_identify(learn4) by extension 'colcon_meta'
[0.135s] Level 1:colcon.colcon_core.package_identification:_identify(learn4) by extensions ['ros']
[0.135s] Level 1:colcon.colcon_core.package_identification:_identify(learn4) by extension 'ros'
[0.135s] Level 1:colcon.colcon_core.package_identification:_identify(learn4) by extensions ['cmake', 'python']
[0.135s] Level 1:colcon.colcon_core.package_identification:_identify(learn4) by extension 'cmake'
[0.135s] Level 1:colcon.colcon_core.package_identification:_identify(learn4) by extension 'python'
[0.135s] Level 1:colcon.colcon_core.package_identification:_identify(learn4) by extensions ['python_setup_py']
[0.135s] Level 1:colcon.colcon_core.package_identification:_identify(learn4) by extension 'python_setup_py'
[0.135s] Level 1:colcon.colcon_core.package_identification:_identify(learn4/build) by extensions ['ignore', 'ignore_ament_install']
[0.135s] Level 1:colcon.colcon_core.package_identification:_identify(learn4/build) by extension 'ignore'
[0.135s] Level 1:colcon.colcon_core.package_identification:_identify(learn4/build) ignored
[0.135s] Level 1:colcon.colcon_core.package_identification:_identify(learn4/install) by extensions ['ignore', 'ignore_ament_install']
[0.135s] Level 1:colcon.colcon_core.package_identification:_identify(learn4/install) by extension 'ignore'
[0.135s] Level 1:colcon.colcon_core.package_identification:_identify(learn4/install) ignored
[0.135s] Level 1:colcon.colcon_core.package_identification:_identify(learn4/log) by extensions ['ignore', 'ignore_ament_install']
[0.135s] Level 1:colcon.colcon_core.package_identification:_identify(learn4/log) by extension 'ignore'
[0.135s] Level 1:colcon.colcon_core.package_identification:_identify(learn4/log) ignored
[0.135s] Level 1:colcon.colcon_core.package_identification:_identify(learn4/src) by extensions ['ignore', 'ignore_ament_install']
[0.135s] Level 1:colcon.colcon_core.package_identification:_identify(learn4/src) by extension 'ignore'
[0.135s] Level 1:colcon.colcon_core.package_identification:_identify(learn4/src) by extension 'ignore_ament_install'
[0.135s] Level 1:colcon.colcon_core.package_identification:_identify(learn4/src) by extensions ['colcon_pkg']
[0.135s] Level 1:colcon.colcon_core.package_identification:_identify(learn4/src) by extension 'colcon_pkg'
[0.135s] Level 1:colcon.colcon_core.package_identification:_identify(learn4/src) by extensions ['colcon_meta']
[0.135s] Level 1:colcon.colcon_core.package_identification:_identify(learn4/src) by extension 'colcon_meta'
[0.135s] Level 1:colcon.colcon_core.package_identification:_identify(learn4/src) by extensions ['ros']
[0.135s] Level 1:colcon.colcon_core.package_identification:_identify(learn4/src) by extension 'ros'
[0.135s] Level 1:colcon.colcon_core.package_identification:_identify(learn4/src) by extensions ['cmake', 'python']
[0.135s] Level 1:colcon.colcon_core.package_identification:_identify(learn4/src) by extension 'cmake'
[0.135s] Level 1:colcon.colcon_core.package_identification:_identify(learn4/src) by extension 'python'
[0.135s] Level 1:colcon.colcon_core.package_identification:_identify(learn4/src) by extensions ['python_setup_py']
[0.135s] Level 1:colcon.colcon_core.package_identification:_identify(learn4/src) by extension 'python_setup_py'
[0.136s] Level 1:colcon.colcon_core.package_identification:_identify(learn4/src/build) by extensions ['ignore', 'ignore_ament_install']
[0.136s] Level 1:colcon.colcon_core.package_identification:_identify(learn4/src/build) by extension 'ignore'
[0.136s] Level 1:colcon.colcon_core.package_identification:_identify(learn4/src/build) ignored
[0.136s] Level 1:colcon.colcon_core.package_identification:_identify(learn4/src/install) by extensions ['ignore', 'ignore_ament_install']
[0.136s] Level 1:colcon.colcon_core.package_identification:_identify(learn4/src/install) by extension 'ignore'
[0.136s] Level 1:colcon.colcon_core.package_identification:_identify(learn4/src/install) ignored
[0.136s] Level 1:colcon.colcon_core.package_identification:_identify(learn4/src/log) by extensions ['ignore', 'ignore_ament_install']
[0.136s] Level 1:colcon.colcon_core.package_identification:_identify(learn4/src/log) by extension 'ignore'
[0.136s] Level 1:colcon.colcon_core.package_identification:_identify(learn4/src/log) ignored
[0.136s] Level 1:colcon.colcon_core.package_identification:_identify(learn4/src/msgs) by extensions ['ignore', 'ignore_ament_install']
[0.136s] Level 1:colcon.colcon_core.package_identification:_identify(learn4/src/msgs) by extension 'ignore'
[0.136s] Level 1:colcon.colcon_core.package_identification:_identify(learn4/src/msgs) by extension 'ignore_ament_install'
[0.136s] Level 1:colcon.colcon_core.package_identification:_identify(learn4/src/msgs) by extensions ['colcon_pkg']
[0.136s] Level 1:colcon.colcon_core.package_identification:_identify(learn4/src/msgs) by extension 'colcon_pkg'
[0.136s] Level 1:colcon.colcon_core.package_identification:_identify(learn4/src/msgs) by extensions ['colcon_meta']
[0.136s] Level 1:colcon.colcon_core.package_identification:_identify(learn4/src/msgs) by extension 'colcon_meta'
[0.136s] Level 1:colcon.colcon_core.package_identification:_identify(learn4/src/msgs) by extensions ['ros']
[0.136s] Level 1:colcon.colcon_core.package_identification:_identify(learn4/src/msgs) by extension 'ros'
[0.136s] DEBUG:colcon.colcon_core.package_identification:Package 'learn4/src/msgs' with type 'ros.ament_cmake' and name 'msgs'
[0.136s] Level 1:colcon.colcon_core.package_identification:_identify(learn4/src/nodes) by extensions ['ignore', 'ignore_ament_install']
[0.136s] Level 1:colcon.colcon_core.package_identification:_identify(learn4/src/nodes) by extension 'ignore'
[0.136s] Level 1:colcon.colcon_core.package_identification:_identify(learn4/src/nodes) by extension 'ignore_ament_install'
[0.136s] Level 1:colcon.colcon_core.package_identification:_identify(learn4/src/nodes) by extensions ['colcon_pkg']
[0.136s] Level 1:colcon.colcon_core.package_identification:_identify(learn4/src/nodes) by extension 'colcon_pkg'
[0.136s] Level 1:colcon.colcon_core.package_identification:_identify(learn4/src/nodes) by extensions ['colcon_meta']
[0.136s] Level 1:colcon.colcon_core.package_identification:_identify(learn4/src/nodes) by extension 'colcon_meta'
[0.136s] Level 1:colcon.colcon_core.package_identification:_identify(learn4/src/nodes) by extensions ['ros']
[0.136s] Level 1:colcon.colcon_core.package_identification:_identify(learn4/src/nodes) by extension 'ros'
[0.137s] DEBUG:colcon.colcon_core.package_identification:Package 'learn4/src/nodes' with type 'ros.ament_cmake' and name 'nodes'
[0.137s] Level 1:colcon.colcon_core.package_identification:_identify(learn5) by extensions ['ignore', 'ignore_ament_install']
[0.137s] Level 1:colcon.colcon_core.package_identification:_identify(learn5) by extension 'ignore'
[0.137s] Level 1:colcon.colcon_core.package_identification:_identify(learn5) by extension 'ignore_ament_install'
[0.137s] Level 1:colcon.colcon_core.package_identification:_identify(learn5) by extensions ['colcon_pkg']
[0.137s] Level 1:colcon.colcon_core.package_identification:_identify(learn5) by extension 'colcon_pkg'
[0.137s] Level 1:colcon.colcon_core.package_identification:_identify(learn5) by extensions ['colcon_meta']
[0.137s] Level 1:colcon.colcon_core.package_identification:_identify(learn5) by extension 'colcon_meta'
[0.137s] Level 1:colcon.colcon_core.package_identification:_identify(learn5) by extensions ['ros']
[0.137s] Level 1:colcon.colcon_core.package_identification:_identify(learn5) by extension 'ros'
[0.137s] Level 1:colcon.colcon_core.package_identification:_identify(learn5) by extensions ['cmake', 'python']
[0.137s] Level 1:colcon.colcon_core.package_identification:_identify(learn5) by extension 'cmake'
[0.137s] Level 1:colcon.colcon_core.package_identification:_identify(learn5) by extension 'python'
[0.137s] Level 1:colcon.colcon_core.package_identification:_identify(learn5) by extensions ['python_setup_py']
[0.137s] Level 1:colcon.colcon_core.package_identification:_identify(learn5) by extension 'python_setup_py'
[0.137s] Level 1:colcon.colcon_core.package_identification:_identify(learn5/build) by extensions ['ignore', 'ignore_ament_install']
[0.137s] Level 1:colcon.colcon_core.package_identification:_identify(learn5/build) by extension 'ignore'
[0.137s] Level 1:colcon.colcon_core.package_identification:_identify(learn5/build) ignored
[0.137s] Level 1:colcon.colcon_core.package_identification:_identify(learn5/install) by extensions ['ignore', 'ignore_ament_install']
[0.137s] Level 1:colcon.colcon_core.package_identification:_identify(learn5/install) by extension 'ignore'
[0.137s] Level 1:colcon.colcon_core.package_identification:_identify(learn5/install) ignored
[0.137s] Level 1:colcon.colcon_core.package_identification:_identify(learn5/log) by extensions ['ignore', 'ignore_ament_install']
[0.137s] Level 1:colcon.colcon_core.package_identification:_identify(learn5/log) by extension 'ignore'
[0.137s] Level 1:colcon.colcon_core.package_identification:_identify(learn5/log) ignored
[0.137s] Level 1:colcon.colcon_core.package_identification:_identify(learn5/msgs) by extensions ['ignore', 'ignore_ament_install']
[0.137s] Level 1:colcon.colcon_core.package_identification:_identify(learn5/msgs) by extension 'ignore'
[0.137s] Level 1:colcon.colcon_core.package_identification:_identify(learn5/msgs) by extension 'ignore_ament_install'
[0.137s] Level 1:colcon.colcon_core.package_identification:_identify(learn5/msgs) by extensions ['colcon_pkg']
[0.137s] Level 1:colcon.colcon_core.package_identification:_identify(learn5/msgs) by extension 'colcon_pkg'
[0.137s] Level 1:colcon.colcon_core.package_identification:_identify(learn5/msgs) by extensions ['colcon_meta']
[0.137s] Level 1:colcon.colcon_core.package_identification:_identify(learn5/msgs) by extension 'colcon_meta'
[0.137s] Level 1:colcon.colcon_core.package_identification:_identify(learn5/msgs) by extensions ['ros']
[0.137s] Level 1:colcon.colcon_core.package_identification:_identify(learn5/msgs) by extension 'ros'
[0.138s] DEBUG:colcon.colcon_core.package_identification:Package 'learn5/msgs' with type 'ros.ament_cmake' and name 'msgs'
[0.138s] Level 1:colcon.colcon_core.package_identification:_identify(learn5/nodes) by extensions ['ignore', 'ignore_ament_install']
[0.138s] Level 1:colcon.colcon_core.package_identification:_identify(learn5/nodes) by extension 'ignore'
[0.138s] Level 1:colcon.colcon_core.package_identification:_identify(learn5/nodes) by extension 'ignore_ament_install'
[0.138s] Level 1:colcon.colcon_core.package_identification:_identify(learn5/nodes) by extensions ['colcon_pkg']
[0.138s] Level 1:colcon.colcon_core.package_identification:_identify(learn5/nodes) by extension 'colcon_pkg'
[0.138s] Level 1:colcon.colcon_core.package_identification:_identify(learn5/nodes) by extensions ['colcon_meta']
[0.138s] Level 1:colcon.colcon_core.package_identification:_identify(learn5/nodes) by extension 'colcon_meta'
[0.138s] Level 1:colcon.colcon_core.package_identification:_identify(learn5/nodes) by extensions ['ros']
[0.138s] Level 1:colcon.colcon_core.package_identification:_identify(learn5/nodes) by extension 'ros'
[0.138s] DEBUG:colcon.colcon_core.package_identification:Package 'learn5/nodes' with type 'ros.ament_cmake' and name 'nodes'
[0.138s] Level 1:colcon.colcon_core.package_identification:_identify(learn6) by extensions ['ignore', 'ignore_ament_install']
[0.138s] Level 1:colcon.colcon_core.package_identification:_identify(learn6) by extension 'ignore'
[0.138s] Level 1:colcon.colcon_core.package_identification:_identify(learn6) by extension 'ignore_ament_install'
[0.138s] Level 1:colcon.colcon_core.package_identification:_identify(learn6) by extensions ['colcon_pkg']
[0.138s] Level 1:colcon.colcon_core.package_identification:_identify(learn6) by extension 'colcon_pkg'
[0.138s] Level 1:colcon.colcon_core.package_identification:_identify(learn6) by extensions ['colcon_meta']
[0.138s] Level 1:colcon.colcon_core.package_identification:_identify(learn6) by extension 'colcon_meta'
[0.138s] Level 1:colcon.colcon_core.package_identification:_identify(learn6) by extensions ['ros']
[0.138s] Level 1:colcon.colcon_core.package_identification:_identify(learn6) by extension 'ros'
[0.138s] Level 1:colcon.colcon_core.package_identification:_identify(learn6) by extensions ['cmake', 'python']
[0.138s] Level 1:colcon.colcon_core.package_identification:_identify(learn6) by extension 'cmake'
[0.138s] Level 1:colcon.colcon_core.package_identification:_identify(learn6) by extension 'python'
[0.138s] Level 1:colcon.colcon_core.package_identification:_identify(learn6) by extensions ['python_setup_py']
[0.138s] Level 1:colcon.colcon_core.package_identification:_identify(learn6) by extension 'python_setup_py'
[0.139s] Level 1:colcon.colcon_core.package_identification:_identify(learn6/build) by extensions ['ignore', 'ignore_ament_install']
[0.139s] Level 1:colcon.colcon_core.package_identification:_identify(learn6/build) by extension 'ignore'
[0.139s] Level 1:colcon.colcon_core.package_identification:_identify(learn6/build) ignored
[0.139s] Level 1:colcon.colcon_core.package_identification:_identify(learn6/install) by extensions ['ignore', 'ignore_ament_install']
[0.139s] Level 1:colcon.colcon_core.package_identification:_identify(learn6/install) by extension 'ignore'
[0.139s] Level 1:colcon.colcon_core.package_identification:_identify(learn6/install) ignored
[0.139s] Level 1:colcon.colcon_core.package_identification:_identify(learn6/log) by extensions ['ignore', 'ignore_ament_install']
[0.139s] Level 1:colcon.colcon_core.package_identification:_identify(learn6/log) by extension 'ignore'
[0.139s] Level 1:colcon.colcon_core.package_identification:_identify(learn6/log) ignored
[0.139s] Level 1:colcon.colcon_core.package_identification:_identify(learn6/src) by extensions ['ignore', 'ignore_ament_install']
[0.139s] Level 1:colcon.colcon_core.package_identification:_identify(learn6/src) by extension 'ignore'
[0.139s] Level 1:colcon.colcon_core.package_identification:_identify(learn6/src) by extension 'ignore_ament_install'
[0.139s] Level 1:colcon.colcon_core.package_identification:_identify(learn6/src) by extensions ['colcon_pkg']
[0.139s] Level 1:colcon.colcon_core.package_identification:_identify(learn6/src) by extension 'colcon_pkg'
[0.139s] Level 1:colcon.colcon_core.package_identification:_identify(learn6/src) by extensions ['colcon_meta']
[0.139s] Level 1:colcon.colcon_core.package_identification:_identify(learn6/src) by extension 'colcon_meta'
[0.139s] Level 1:colcon.colcon_core.package_identification:_identify(learn6/src) by extensions ['ros']
[0.139s] Level 1:colcon.colcon_core.package_identification:_identify(learn6/src) by extension 'ros'
[0.139s] Level 1:colcon.colcon_core.package_identification:_identify(learn6/src) by extensions ['cmake', 'python']
[0.139s] Level 1:colcon.colcon_core.package_identification:_identify(learn6/src) by extension 'cmake'
[0.139s] Level 1:colcon.colcon_core.package_identification:_identify(learn6/src) by extension 'python'
[0.139s] Level 1:colcon.colcon_core.package_identification:_identify(learn6/src) by extensions ['python_setup_py']
[0.139s] Level 1:colcon.colcon_core.package_identification:_identify(learn6/src) by extension 'python_setup_py'
[0.139s] Level 1:colcon.colcon_core.package_identification:_identify(learn6/src/nodes) by extensions ['ignore', 'ignore_ament_install']
[0.139s] Level 1:colcon.colcon_core.package_identification:_identify(learn6/src/nodes) by extension 'ignore'
[0.139s] Level 1:colcon.colcon_core.package_identification:_identify(learn6/src/nodes) by extension 'ignore_ament_install'
[0.139s] Level 1:colcon.colcon_core.package_identification:_identify(learn6/src/nodes) by extensions ['colcon_pkg']
[0.139s] Level 1:colcon.colcon_core.package_identification:_identify(learn6/src/nodes) by extension 'colcon_pkg'
[0.139s] Level 1:colcon.colcon_core.package_identification:_identify(learn6/src/nodes) by extensions ['colcon_meta']
[0.139s] Level 1:colcon.colcon_core.package_identification:_identify(learn6/src/nodes) by extension 'colcon_meta'
[0.139s] Level 1:colcon.colcon_core.package_identification:_identify(learn6/src/nodes) by extensions ['ros']
[0.139s] Level 1:colcon.colcon_core.package_identification:_identify(learn6/src/nodes) by extension 'ros'
[0.139s] DEBUG:colcon.colcon_core.package_identification:Package 'learn6/src/nodes' with type 'ros.ament_cmake' and name 'nodes'
[0.139s] Level 1:colcon.colcon_core.package_identification:_identify(learn7) by extensions ['ignore', 'ignore_ament_install']
[0.140s] Level 1:colcon.colcon_core.package_identification:_identify(learn7) by extension 'ignore'
[0.140s] Level 1:colcon.colcon_core.package_identification:_identify(learn7) by extension 'ignore_ament_install'
[0.140s] Level 1:colcon.colcon_core.package_identification:_identify(learn7) by extensions ['colcon_pkg']
[0.140s] Level 1:colcon.colcon_core.package_identification:_identify(learn7) by extension 'colcon_pkg'
[0.140s] Level 1:colcon.colcon_core.package_identification:_identify(learn7) by extensions ['colcon_meta']
[0.140s] Level 1:colcon.colcon_core.package_identification:_identify(learn7) by extension 'colcon_meta'
[0.140s] Level 1:colcon.colcon_core.package_identification:_identify(learn7) by extensions ['ros']
[0.140s] Level 1:colcon.colcon_core.package_identification:_identify(learn7) by extension 'ros'
[0.140s] Level 1:colcon.colcon_core.package_identification:_identify(learn7) by extensions ['cmake', 'python']
[0.140s] Level 1:colcon.colcon_core.package_identification:_identify(learn7) by extension 'cmake'
[0.140s] Level 1:colcon.colcon_core.package_identification:_identify(learn7) by extension 'python'
[0.140s] Level 1:colcon.colcon_core.package_identification:_identify(learn7) by extensions ['python_setup_py']
[0.140s] Level 1:colcon.colcon_core.package_identification:_identify(learn7) by extension 'python_setup_py'
[0.140s] Level 1:colcon.colcon_core.package_identification:_identify(learn7/build) by extensions ['ignore', 'ignore_ament_install']
[0.140s] Level 1:colcon.colcon_core.package_identification:_identify(learn7/build) by extension 'ignore'
[0.140s] Level 1:colcon.colcon_core.package_identification:_identify(learn7/build) ignored
[0.140s] Level 1:colcon.colcon_core.package_identification:_identify(learn7/install) by extensions ['ignore', 'ignore_ament_install']
[0.140s] Level 1:colcon.colcon_core.package_identification:_identify(learn7/install) by extension 'ignore'
[0.140s] Level 1:colcon.colcon_core.package_identification:_identify(learn7/install) ignored
[0.140s] Level 1:colcon.colcon_core.package_identification:_identify(learn7/log) by extensions ['ignore', 'ignore_ament_install']
[0.140s] Level 1:colcon.colcon_core.package_identification:_identify(learn7/log) by extension 'ignore'
[0.140s] Level 1:colcon.colcon_core.package_identification:_identify(learn7/log) ignored
[0.140s] Level 1:colcon.colcon_core.package_identification:_identify(learn7/src) by extensions ['ignore', 'ignore_ament_install']
[0.140s] Level 1:colcon.colcon_core.package_identification:_identify(learn7/src) by extension 'ignore'
[0.140s] Level 1:colcon.colcon_core.package_identification:_identify(learn7/src) by extension 'ignore_ament_install'
[0.140s] Level 1:colcon.colcon_core.package_identification:_identify(learn7/src) by extensions ['colcon_pkg']
[0.140s] Level 1:colcon.colcon_core.package_identification:_identify(learn7/src) by extension 'colcon_pkg'
[0.140s] Level 1:colcon.colcon_core.package_identification:_identify(learn7/src) by extensions ['colcon_meta']
[0.140s] Level 1:colcon.colcon_core.package_identification:_identify(learn7/src) by extension 'colcon_meta'
[0.140s] Level 1:colcon.colcon_core.package_identification:_identify(learn7/src) by extensions ['ros']
[0.140s] Level 1:colcon.colcon_core.package_identification:_identify(learn7/src) by extension 'ros'
[0.140s] Level 1:colcon.colcon_core.package_identification:_identify(learn7/src) by extensions ['cmake', 'python']
[0.140s] Level 1:colcon.colcon_core.package_identification:_identify(learn7/src) by extension 'cmake'
[0.140s] Level 1:colcon.colcon_core.package_identification:_identify(learn7/src) by extension 'python'
[0.140s] Level 1:colcon.colcon_core.package_identification:_identify(learn7/src) by extensions ['python_setup_py']
[0.140s] Level 1:colcon.colcon_core.package_identification:_identify(learn7/src) by extension 'python_setup_py'
[0.140s] Level 1:colcon.colcon_core.package_identification:_identify(learn7/src/nodes) by extensions ['ignore', 'ignore_ament_install']
[0.140s] Level 1:colcon.colcon_core.package_identification:_identify(learn7/src/nodes) by extension 'ignore'
[0.140s] Level 1:colcon.colcon_core.package_identification:_identify(learn7/src/nodes) by extension 'ignore_ament_install'
[0.140s] Level 1:colcon.colcon_core.package_identification:_identify(learn7/src/nodes) by extensions ['colcon_pkg']
[0.140s] Level 1:colcon.colcon_core.package_identification:_identify(learn7/src/nodes) by extension 'colcon_pkg'
[0.140s] Level 1:colcon.colcon_core.package_identification:_identify(learn7/src/nodes) by extensions ['colcon_meta']
[0.140s] Level 1:colcon.colcon_core.package_identification:_identify(learn7/src/nodes) by extension 'colcon_meta'
[0.140s] Level 1:colcon.colcon_core.package_identification:_identify(learn7/src/nodes) by extensions ['ros']
[0.140s] Level 1:colcon.colcon_core.package_identification:_identify(learn7/src/nodes) by extension 'ros'
[0.141s] DEBUG:colcon.colcon_core.package_identification:Package 'learn7/src/nodes' with type 'ros.ament_cmake' and name 'nodes'
[0.141s] Level 1:colcon.colcon_core.package_identification:_identify(learn8) by extensions ['ignore', 'ignore_ament_install']
[0.141s] Level 1:colcon.colcon_core.package_identification:_identify(learn8) by extension 'ignore'
[0.141s] Level 1:colcon.colcon_core.package_identification:_identify(learn8) by extension 'ignore_ament_install'
[0.141s] Level 1:colcon.colcon_core.package_identification:_identify(learn8) by extensions ['colcon_pkg']
[0.141s] Level 1:colcon.colcon_core.package_identification:_identify(learn8) by extension 'colcon_pkg'
[0.141s] Level 1:colcon.colcon_core.package_identification:_identify(learn8) by extensions ['colcon_meta']
[0.141s] Level 1:colcon.colcon_core.package_identification:_identify(learn8) by extension 'colcon_meta'
[0.141s] Level 1:colcon.colcon_core.package_identification:_identify(learn8) by extensions ['ros']
[0.141s] Level 1:colcon.colcon_core.package_identification:_identify(learn8) by extension 'ros'
[0.141s] Level 1:colcon.colcon_core.package_identification:_identify(learn8) by extensions ['cmake', 'python']
[0.141s] Level 1:colcon.colcon_core.package_identification:_identify(learn8) by extension 'cmake'
[0.141s] Level 1:colcon.colcon_core.package_identification:_identify(learn8) by extension 'python'
[0.141s] Level 1:colcon.colcon_core.package_identification:_identify(learn8) by extensions ['python_setup_py']
[0.141s] Level 1:colcon.colcon_core.package_identification:_identify(learn8) by extension 'python_setup_py'
[0.141s] Level 1:colcon.colcon_core.package_identification:_identify(learn8/build) by extensions ['ignore', 'ignore_ament_install']
[0.141s] Level 1:colcon.colcon_core.package_identification:_identify(learn8/build) by extension 'ignore'
[0.141s] Level 1:colcon.colcon_core.package_identification:_identify(learn8/build) ignored
[0.141s] Level 1:colcon.colcon_core.package_identification:_identify(learn8/install) by extensions ['ignore', 'ignore_ament_install']
[0.141s] Level 1:colcon.colcon_core.package_identification:_identify(learn8/install) by extension 'ignore'
[0.141s] Level 1:colcon.colcon_core.package_identification:_identify(learn8/install) ignored
[0.141s] Level 1:colcon.colcon_core.package_identification:_identify(learn8/log) by extensions ['ignore', 'ignore_ament_install']
[0.141s] Level 1:colcon.colcon_core.package_identification:_identify(learn8/log) by extension 'ignore'
[0.141s] Level 1:colcon.colcon_core.package_identification:_identify(learn8/log) ignored
[0.141s] Level 1:colcon.colcon_core.package_identification:_identify(learn8/src) by extensions ['ignore', 'ignore_ament_install']
[0.141s] Level 1:colcon.colcon_core.package_identification:_identify(learn8/src) by extension 'ignore'
[0.141s] Level 1:colcon.colcon_core.package_identification:_identify(learn8/src) by extension 'ignore_ament_install'
[0.141s] Level 1:colcon.colcon_core.package_identification:_identify(learn8/src) by extensions ['colcon_pkg']
[0.141s] Level 1:colcon.colcon_core.package_identification:_identify(learn8/src) by extension 'colcon_pkg'
[0.141s] Level 1:colcon.colcon_core.package_identification:_identify(learn8/src) by extensions ['colcon_meta']
[0.141s] Level 1:colcon.colcon_core.package_identification:_identify(learn8/src) by extension 'colcon_meta'
[0.141s] Level 1:colcon.colcon_core.package_identification:_identify(learn8/src) by extensions ['ros']
[0.141s] Level 1:colcon.colcon_core.package_identification:_identify(learn8/src) by extension 'ros'
[0.141s] Level 1:colcon.colcon_core.package_identification:_identify(learn8/src) by extensions ['cmake', 'python']
[0.141s] Level 1:colcon.colcon_core.package_identification:_identify(learn8/src) by extension 'cmake'
[0.141s] Level 1:colcon.colcon_core.package_identification:_identify(learn8/src) by extension 'python'
[0.141s] Level 1:colcon.colcon_core.package_identification:_identify(learn8/src) by extensions ['python_setup_py']
[0.141s] Level 1:colcon.colcon_core.package_identification:_identify(learn8/src) by extension 'python_setup_py'
[0.142s] Level 1:colcon.colcon_core.package_identification:_identify(learn8/src/robot_desc) by extensions ['ignore', 'ignore_ament_install']
[0.142s] Level 1:colcon.colcon_core.package_identification:_identify(learn8/src/robot_desc) by extension 'ignore'
[0.142s] Level 1:colcon.colcon_core.package_identification:_identify(learn8/src/robot_desc) by extension 'ignore_ament_install'
[0.142s] Level 1:colcon.colcon_core.package_identification:_identify(learn8/src/robot_desc) by extensions ['colcon_pkg']
[0.142s] Level 1:colcon.colcon_core.package_identification:_identify(learn8/src/robot_desc) by extension 'colcon_pkg'
[0.142s] Level 1:colcon.colcon_core.package_identification:_identify(learn8/src/robot_desc) by extensions ['colcon_meta']
[0.142s] Level 1:colcon.colcon_core.package_identification:_identify(learn8/src/robot_desc) by extension 'colcon_meta'
[0.142s] Level 1:colcon.colcon_core.package_identification:_identify(learn8/src/robot_desc) by extensions ['ros']
[0.142s] Level 1:colcon.colcon_core.package_identification:_identify(learn8/src/robot_desc) by extension 'ros'
[0.142s] DEBUG:colcon.colcon_core.package_identification:Package 'learn8/src/robot_desc' with type 'ros.ament_cmake' and name 'robot_desc'
[0.142s] Level 1:colcon.colcon_core.package_identification:_identify(learn9) by extensions ['ignore', 'ignore_ament_install']
[0.142s] Level 1:colcon.colcon_core.package_identification:_identify(learn9) by extension 'ignore'
[0.142s] Level 1:colcon.colcon_core.package_identification:_identify(learn9) by extension 'ignore_ament_install'
[0.142s] Level 1:colcon.colcon_core.package_identification:_identify(learn9) by extensions ['colcon_pkg']
[0.142s] Level 1:colcon.colcon_core.package_identification:_identify(learn9) by extension 'colcon_pkg'
[0.142s] Level 1:colcon.colcon_core.package_identification:_identify(learn9) by extensions ['colcon_meta']
[0.142s] Level 1:colcon.colcon_core.package_identification:_identify(learn9) by extension 'colcon_meta'
[0.142s] Level 1:colcon.colcon_core.package_identification:_identify(learn9) by extensions ['ros']
[0.142s] Level 1:colcon.colcon_core.package_identification:_identify(learn9) by extension 'ros'
[0.142s] Level 1:colcon.colcon_core.package_identification:_identify(learn9) by extensions ['cmake', 'python']
[0.142s] Level 1:colcon.colcon_core.package_identification:_identify(learn9) by extension 'cmake'
[0.142s] Level 1:colcon.colcon_core.package_identification:_identify(learn9) by extension 'python'
[0.142s] Level 1:colcon.colcon_core.package_identification:_identify(learn9) by extensions ['python_setup_py']
[0.142s] Level 1:colcon.colcon_core.package_identification:_identify(learn9) by extension 'python_setup_py'
[0.142s] Level 1:colcon.colcon_core.package_identification:_identify(learn9/build) by extensions ['ignore', 'ignore_ament_install']
[0.142s] Level 1:colcon.colcon_core.package_identification:_identify(learn9/build) by extension 'ignore'
[0.142s] Level 1:colcon.colcon_core.package_identification:_identify(learn9/build) ignored
[0.142s] Level 1:colcon.colcon_core.package_identification:_identify(learn9/install) by extensions ['ignore', 'ignore_ament_install']
[0.142s] Level 1:colcon.colcon_core.package_identification:_identify(learn9/install) by extension 'ignore'
[0.142s] Level 1:colcon.colcon_core.package_identification:_identify(learn9/install) ignored
[0.142s] Level 1:colcon.colcon_core.package_identification:_identify(learn9/log) by extensions ['ignore', 'ignore_ament_install']
[0.142s] Level 1:colcon.colcon_core.package_identification:_identify(learn9/log) by extension 'ignore'
[0.142s] Level 1:colcon.colcon_core.package_identification:_identify(learn9/log) ignored
[0.142s] Level 1:colcon.colcon_core.package_identification:_identify(learn9/src) by extensions ['ignore', 'ignore_ament_install']
[0.143s] Level 1:colcon.colcon_core.package_identification:_identify(learn9/src) by extension 'ignore'
[0.143s] Level 1:colcon.colcon_core.package_identification:_identify(learn9/src) by extension 'ignore_ament_install'
[0.143s] Level 1:colcon.colcon_core.package_identification:_identify(learn9/src) by extensions ['colcon_pkg']
[0.143s] Level 1:colcon.colcon_core.package_identification:_identify(learn9/src) by extension 'colcon_pkg'
[0.143s] Level 1:colcon.colcon_core.package_identification:_identify(learn9/src) by extensions ['colcon_meta']
[0.143s] Level 1:colcon.colcon_core.package_identification:_identify(learn9/src) by extension 'colcon_meta'
[0.143s] Level 1:colcon.colcon_core.package_identification:_identify(learn9/src) by extensions ['ros']
[0.143s] Level 1:colcon.colcon_core.package_identification:_identify(learn9/src) by extension 'ros'
[0.143s] Level 1:colcon.colcon_core.package_identification:_identify(learn9/src) by extensions ['cmake', 'python']
[0.143s] Level 1:colcon.colcon_core.package_identification:_identify(learn9/src) by extension 'cmake'
[0.143s] Level 1:colcon.colcon_core.package_identification:_identify(learn9/src) by extension 'python'
[0.143s] Level 1:colcon.colcon_core.package_identification:_identify(learn9/src) by extensions ['python_setup_py']
[0.143s] Level 1:colcon.colcon_core.package_identification:_identify(learn9/src) by extension 'python_setup_py'
[0.143s] Level 1:colcon.colcon_core.package_identification:_identify(learn9/src/sim) by extensions ['ignore', 'ignore_ament_install']
[0.143s] Level 1:colcon.colcon_core.package_identification:_identify(learn9/src/sim) by extension 'ignore'
[0.143s] Level 1:colcon.colcon_core.package_identification:_identify(learn9/src/sim) by extension 'ignore_ament_install'
[0.143s] Level 1:colcon.colcon_core.package_identification:_identify(learn9/src/sim) by extensions ['colcon_pkg']
[0.143s] Level 1:colcon.colcon_core.package_identification:_identify(learn9/src/sim) by extension 'colcon_pkg'
[0.143s] Level 1:colcon.colcon_core.package_identification:_identify(learn9/src/sim) by extensions ['colcon_meta']
[0.143s] Level 1:colcon.colcon_core.package_identification:_identify(learn9/src/sim) by extension 'colcon_meta'
[0.143s] Level 1:colcon.colcon_core.package_identification:_identify(learn9/src/sim) by extensions ['ros']
[0.143s] Level 1:colcon.colcon_core.package_identification:_identify(learn9/src/sim) by extension 'ros'
[0.143s] DEBUG:colcon.colcon_core.package_identification:Package 'learn9/src/sim' with type 'ros.ament_cmake' and name 'sim'
[0.143s] Level 1:colcon.colcon_core.package_identification:_identify(log) by extensions ['ignore', 'ignore_ament_install']
[0.143s] Level 1:colcon.colcon_core.package_identification:_identify(log) by extension 'ignore'
[0.143s] Level 1:colcon.colcon_core.package_identification:_identify(log) ignored
[0.143s] Level 1:colcon.colcon_core.package_identification:_identify(sim2d) by extensions ['ignore', 'ignore_ament_install']
[0.143s] Level 1:colcon.colcon_core.package_identification:_identify(sim2d) by extension 'ignore'
[0.143s] Level 1:colcon.colcon_core.package_identification:_identify(sim2d) by extension 'ignore_ament_install'
[0.143s] Level 1:colcon.colcon_core.package_identification:_identify(sim2d) by extensions ['colcon_pkg']
[0.143s] Level 1:colcon.colcon_core.package_identification:_identify(sim2d) by extension 'colcon_pkg'
[0.143s] Level 1:colcon.colcon_core.package_identification:_identify(sim2d) by extensions ['colcon_meta']
[0.143s] Level 1:colcon.colcon_core.package_identification:_identify(sim2d) by extension 'colcon_meta'
[0.143s] Level 1:colcon.colcon_core.package_identification:_identify(sim2d) by extensions ['ros']
[0.143s] Level 1:colcon.colcon_core.package_identification:_identify(sim2d) by extension 'ros'
[0.143s] Level 1:colcon.colcon_core.package_identification:_identify(sim2d) by extensions ['cmake', 'python']
[0.143s] Level 1:colcon.colcon_core.package_identification:_identify(sim2d) by extension 'cmake'
[0.146s] Level 1:colcon.colcon_core.package_identification:_identify(sim2d) by extension 'python'
[0.146s] DEBUG:colcon.colcon_core.package_identification:Package 'sim2d' with type 'cmake' and name 'sim2d'
[0.146s] Level 1:colcon.colcon_core.package_identification:_identify(task1) by extensions ['ignore', 'ignore_ament_install']
[0.146s] Level 1:colcon.colcon_core.package_identification:_identify(task1) by extension 'ignore'
[0.147s] Level 1:colcon.colcon_core.package_identification:_identify(task1) by extension 'ignore_ament_install'
[0.147s] Level 1:colcon.colcon_core.package_identification:_identify(task1) by extensions ['colcon_pkg']
[0.147s] Level 1:colcon.colcon_core.package_identification:_identify(task1) by extension 'colcon_pkg'
[0.147s] Level 1:colcon.colcon_core.package_identification:_identify(task1) by extensions ['colcon_meta']
[0.147s] Level 1:colcon.colcon_core.package_identification:_identify(task1) by extension 'colcon_meta'
[0.147s] Level 1:colcon.colcon_core.package_identification:_identify(task1) by extensions ['ros']
[0.147s] Level 1:colcon.colcon_core.package_identification:_identify(task1) by extension 'ros'
[0.147s] Level 1:colcon.colcon_core.package_identification:_identify(task1) by extensions ['cmake', 'python']
[0.147s] Level 1:colcon.colcon_core.package_identification:_identify(task1) by extension 'cmake'
[0.147s] Level 1:colcon.colcon_core.package_identification:_identify(task1) by extension 'python'
[0.147s] Level 1:colcon.colcon_core.package_identification:_identify(task1) by extensions ['python_setup_py']
[0.147s] Level 1:colcon.colcon_core.package_identification:_identify(task1) by extension 'python_setup_py'
[0.147s] Level 1:colcon.colcon_core.package_identification:_identify(task1/build) by extensions ['ignore', 'ignore_ament_install']
[0.147s] Level 1:colcon.colcon_core.package_identification:_identify(task1/build) by extension 'ignore'
[0.147s] Level 1:colcon.colcon_core.package_identification:_identify(task1/build) ignored
[0.147s] Level 1:colcon.colcon_core.package_identification:_identify(task1/install) by extensions ['ignore', 'ignore_ament_install']
[0.147s] Level 1:colcon.colcon_core.package_identification:_identify(task1/install) by extension 'ignore'
[0.147s] Level 1:colcon.colcon_core.package_identification:_identify(task1/install) ignored
[0.147s] Level 1:colcon.colcon_core.package_identification:_identify(task1/log) by extensions ['ignore', 'ignore_ament_install']
[0.147s] Level 1:colcon.colcon_core.package_identification:_identify(task1/log) by extension 'ignore'
[0.147s] Level 1:colcon.colcon_core.package_identification:_identify(task1/log) ignored
[0.147s] Level 1:colcon.colcon_core.package_identification:_identify(task1/src) by extensions ['ignore', 'ignore_ament_install']
[0.147s] Level 1:colcon.colcon_core.package_identification:_identify(task1/src) by extension 'ignore'
[0.147s] Level 1:colcon.colcon_core.package_identification:_identify(task1/src) by extension 'ignore_ament_install'
[0.147s] Level 1:colcon.colcon_core.package_identification:_identify(task1/src) by extensions ['colcon_pkg']
[0.147s] Level 1:colcon.colcon_core.package_identification:_identify(task1/src) by extension 'colcon_pkg'
[0.147s] Level 1:colcon.colcon_core.package_identification:_identify(task1/src) by extensions ['colcon_meta']
[0.147s] Level 1:colcon.colcon_core.package_identification:_identify(task1/src) by extension 'colcon_meta'
[0.147s] Level 1:colcon.colcon_core.package_identification:_identify(task1/src) by extensions ['ros']
[0.147s] Level 1:colcon.colcon_core.package_identification:_identify(task1/src) by extension 'ros'
[0.147s] Level 1:colcon.colcon_core.package_identification:_identify(task1/src) by extensions ['cmake', 'python']
[0.147s] Level 1:colcon.colcon_core.package_identification:_identify(task1/src) by extension 'cmake'
[0.147s] Level 1:colcon.colcon_core.package_identification:_identify(task1/src) by extension 'python'
[0.147s] Level 1:colcon.colcon_core.package_identification:_identify(task1/src) by extensions ['python_setup_py']
[0.147s] Level 1:colcon.colcon_core.package_identification:_identify(task1/src) by extension 'python_setup_py'
[0.147s] Level 1:colcon.colcon_core.package_identification:_identify(task1/src/build) by extensions ['ignore', 'ignore_ament_install']
[0.147s] Level 1:colcon.colcon_core.package_identification:_identify(task1/src/build) by extension 'ignore'
[0.147s] Level 1:colcon.colcon_core.package_identification:_identify(task1/src/build) ignored
[0.147s] Level 1:colcon.colcon_core.package_identification:_identify(task1/src/install) by extensions ['ignore', 'ignore_ament_install']
[0.147s] Level 1:colcon.colcon_core.package_identification:_identify(task1/src/install) by extension 'ignore'
[0.147s] Level 1:colcon.colcon_core.package_identification:_identify(task1/src/install) ignored
[0.147s] Level 1:colcon.colcon_core.package_identification:_identify(task1/src/log) by extensions ['ignore', 'ignore_ament_install']
[0.147s] Level 1:colcon.colcon_core.package_identification:_identify(task1/src/log) by extension 'ignore'
[0.147s] Level 1:colcon.colcon_core.package_identification:_identify(task1/src/log) ignored
[0.147s] Level 1:colcon.colcon_core.package_identification:_identify(task1/src/msgs) by extensions ['ignore', 'ignore_ament_install']
[0.147s] Level 1:colcon.colcon_core.package_identification:_identify(task1/src/msgs) by extension 'ignore'
[0.148s] Level 1:colcon.colcon_core.package_identification:_identify(task1/src/msgs) by extension 'ignore_ament_install'
[0.148s] Level 1:colcon.colcon_core.package_identification:_identify(task1/src/msgs) by extensions ['colcon_pkg']
[0.148s] Level 1:colcon.colcon_core.package_identification:_identify(task1/src/msgs) by extension 'colcon_pkg'
[0.148s] Level 1:colcon.colcon_core.package_identification:_identify(task1/src/msgs) by extensions ['colcon_meta']
[0.148s] Level 1:colcon.colcon_core.package_identification:_identify(task1/src/msgs) by extension 'colcon_meta'
[0.148s] Level 1:colcon.colcon_core.package_identification:_identify(task1/src/msgs) by extensions ['ros']
[0.148s] Level 1:colcon.colcon_core.package_identification:_identify(task1/src/msgs) by extension 'ros'
[0.148s] DEBUG:colcon.colcon_core.package_identification:Package 'task1/src/msgs' with type 'ros.ament_cmake' and name 'msgs'
[0.148s] Level 1:colcon.colcon_core.package_identification:_identify(task1/src/nodes) by extensions ['ignore', 'ignore_ament_install']
[0.148s] Level 1:colcon.colcon_core.package_identification:_identify(task1/src/nodes) by extension 'ignore'
[0.148s] Level 1:colcon.colcon_core.package_identification:_identify(task1/src/nodes) by extension 'ignore_ament_install'
[0.148s] Level 1:colcon.colcon_core.package_identification:_identify(task1/src/nodes) by extensions ['colcon_pkg']
[0.148s] Level 1:colcon.colcon_core.package_identification:_identify(task1/src/nodes) by extension 'colcon_pkg'
[0.148s] Level 1:colcon.colcon_core.package_identification:_identify(task1/src/nodes) by extensions ['colcon_meta']
[0.148s] Level 1:colcon.colcon_core.package_identification:_identify(task1/src/nodes) by extension 'colcon_meta'
[0.148s] Level 1:colcon.colcon_core.package_identification:_identify(task1/src/nodes) by extensions ['ros']
[0.148s] Level 1:colcon.colcon_core.package_identification:_identify(task1/src/nodes) by extension 'ros'
[0.149s] DEBUG:colcon.colcon_core.package_identification:Package 'task1/src/nodes' with type 'ros.ament_cmake' and name 'nodes'
[0.149s] Level 1:colcon.colcon_core.package_identification:_identify(task2) by extensions ['ignore', 'ignore_ament_install']
[0.149s] Level 1:colcon.colcon_core.package_identification:_identify(task2) by extension 'ignore'
[0.149s] Level 1:colcon.colcon_core.package_identification:_identify(task2) by extension 'ignore_ament_install'
[0.149s] Level 1:colcon.colcon_core.package_identification:_identify(task2) by extensions ['colcon_pkg']
[0.149s] Level 1:colcon.colcon_core.package_identification:_identify(task2) by extension 'colcon_pkg'
[0.149s] Level 1:colcon.colcon_core.package_identification:_identify(task2) by extensions ['colcon_meta']
[0.149s] Level 1:colcon.colcon_core.package_identification:_identify(task2) by extension 'colcon_meta'
[0.149s] Level 1:colcon.colcon_core.package_identification:_identify(task2) by extensions ['ros']
[0.149s] Level 1:colcon.colcon_core.package_identification:_identify(task2) by extension 'ros'
[0.149s] Level 1:colcon.colcon_core.package_identification:_identify(task2) by extensions ['cmake', 'python']
[0.149s] Level 1:colcon.colcon_core.package_identification:_identify(task2) by extension 'cmake'
[0.154s] Level 1:colcon.colcon_core.package_identification:_identify(task2) by extension 'python'
[0.155s] DEBUG:colcon.colcon_core.package_identification:Package 'task2' with type 'cmake' and name 'task2'
[0.155s] Level 1:colcon.colcon_core.package_identification:_identify(temp) by extensions ['ignore', 'ignore_ament_install']
[0.155s] Level 1:colcon.colcon_core.package_identification:_identify(temp) by extension 'ignore'
[0.155s] Level 1:colcon.colcon_core.package_identification:_identify(temp) by extension 'ignore_ament_install'
[0.155s] Level 1:colcon.colcon_core.package_identification:_identify(temp) by extensions ['colcon_pkg']
[0.155s] Level 1:colcon.colcon_core.package_identification:_identify(temp) by extension 'colcon_pkg'
[0.155s] Level 1:colcon.colcon_core.package_identification:_identify(temp) by extensions ['colcon_meta']
[0.155s] Level 1:colcon.colcon_core.package_identification:_identify(temp) by extension 'colcon_meta'
[0.155s] Level 1:colcon.colcon_core.package_identification:_identify(temp) by extensions ['ros']
[0.155s] Level 1:colcon.colcon_core.package_identification:_identify(temp) by extension 'ros'
[0.155s] Level 1:colcon.colcon_core.package_identification:_identify(temp) by extensions ['cmake', 'python']
[0.155s] Level 1:colcon.colcon_core.package_identification:_identify(temp) by extension 'cmake'
[0.162s] Level 1:colcon.colcon_core.package_identification:_identify(temp) by extension 'python'
[0.162s] DEBUG:colcon.colcon_core.package_identification:Package 'temp' with type 'cmake' and name 'learn14'
[0.162s] Level 1:colcon.colcon_core.package_discovery:discover_packages(recursive) using defaults
[0.162s] Level 1:colcon.colcon_core.package_discovery:discover_packages(ignore) discover
[0.162s] Level 1:colcon.colcon_core.package_discovery:discover_packages(ignore) using defaults
[0.162s] Level 1:colcon.colcon_core.package_discovery:discover_packages(path) discover
[0.162s] Level 1:colcon.colcon_core.package_discovery:discover_packages(path) using defaults
[0.179s] Level 1:colcon.colcon_core.package_discovery:discover_packages(prefix_path) check parameters
[0.179s] Level 1:colcon.colcon_core.package_discovery:discover_packages(prefix_path) discover
[0.179s] Level 1:colcon.colcon_core.package_discovery:discover_packages(prefix_path) using defaults
[0.180s] ERROR:colcon:colcon build: Duplicate package names not supported:
- learn13:
  - learn13
  - learn13-5
- learn14:
  - learn14
  - temp
- msgs:
  - learn3/src/msgs
  - learn4/src/msgs
  - learn5/msgs
  - task1/src/msgs
- nodes:
  - learn3/src/nodes
  - learn4/src/nodes
  - learn5/nodes
  - learn6/src/nodes
  - learn7/src/nodes
  - task1/src/nodes
- sim:
  - learn10/src/sim
  - learn9/src/sim
