[0.033s] DEBUG:colcon:Command line arguments: ['/usr/bin/colcon', 'build', '--cmake-args', '-DCMAKE_EXPORT_COMPILE_COMMANDS=ON']
[0.033s] DEBUG:colcon:Parsed command line arguments: Namespace(log_base=None, log_level=None, verb_name='build', build_base='build', install_base='install', merge_install=False, symlink_install=False, test_result_base=None, continue_on_error=False, executor='parallel', parallel_workers=10, event_handlers=None, ignore_user_meta=False, metas=['./colcon.meta'], base_paths=['.'], packages_ignore=None, packages_ignore_regex=None, paths=None, packages_up_to=None, packages_up_to_regex=None, packages_above=None, packages_above_and_dependencies=None, packages_above_depth=None, packages_select_by_dep=None, packages_skip_by_dep=None, packages_skip_up_to=None, packages_select_build_failed=False, packages_skip_build_finished=False, packages_select_test_failures=False, packages_skip_test_passed=False, packages_select=None, packages_skip=None, packages_select_regex=None, packages_skip_regex=None, packages_start=None, packages_end=None, allow_overriding=[], cmake_args=['-DCMAKE_EXPORT_COMPILE_COMMANDS=ON'], cmake_target=None, cmake_target_skip_unavailable=False, cmake_clean_cache=False, cmake_clean_first=False, cmake_force_configure=False, ament_cmake_args=None, catkin_cmake_args=None, catkin_skip_building_tests=False, verb_parser=<colcon_defaults.argument_parser.defaults.DefaultArgumentsDecorator object at 0xffff9fdb5b20>, verb_extension=<colcon_core.verb.build.BuildVerb object at 0xffff9ff72510>, main=<bound method BuildVerb.main of <colcon_core.verb.build.BuildVerb object at 0xffff9ff72510>>)
[0.045s] Level 1:colcon.colcon_core.package_discovery:discover_packages(colcon_meta) check parameters
[0.045s] Level 1:colcon.colcon_core.package_discovery:discover_packages(recursive) check parameters
[0.045s] Level 1:colcon.colcon_core.package_discovery:discover_packages(ignore) check parameters
[0.045s] Level 1:colcon.colcon_core.package_discovery:discover_packages(path) check parameters
[0.045s] Level 1:colcon.colcon_core.package_discovery:discover_packages(colcon_meta) discover
[0.045s] Level 1:colcon.colcon_core.package_discovery:discover_packages(recursive) discover
[0.045s] INFO:colcon.colcon_core.package_discovery:Crawling recursively for packages in '/home/yang/proj/ros-prac/learn5'
[0.045s] Level 1:colcon.colcon_core.package_identification:_identify(.) by extensions ['ignore', 'ignore_ament_install']
[0.045s] Level 1:colcon.colcon_core.package_identification:_identify(.) by extension 'ignore'
[0.045s] Level 1:colcon.colcon_core.package_identification:_identify(.) by extension 'ignore_ament_install'
[0.045s] Level 1:colcon.colcon_core.package_identification:_identify(.) by extensions ['colcon_pkg']
[0.045s] Level 1:colcon.colcon_core.package_identification:_identify(.) by extension 'colcon_pkg'
[0.045s] Level 1:colcon.colcon_core.package_identification:_identify(.) by extensions ['colcon_meta']
[0.045s] Level 1:colcon.colcon_core.package_identification:_identify(.) by extension 'colcon_meta'
[0.045s] Level 1:colcon.colcon_core.package_identification:_identify(.) by extensions ['ros']
[0.045s] Level 1:colcon.colcon_core.package_identification:_identify(.) by extension 'ros'
[0.054s] Level 1:colcon.colcon_core.package_identification:_identify(.) by extensions ['cmake', 'python']
[0.054s] Level 1:colcon.colcon_core.package_identification:_identify(.) by extension 'cmake'
[0.054s] Level 1:colcon.colcon_core.package_identification:_identify(.) by extension 'python'
[0.054s] Level 1:colcon.colcon_core.package_identification:_identify(.) by extensions ['python_setup_py']
[0.054s] Level 1:colcon.colcon_core.package_identification:_identify(.) by extension 'python_setup_py'
[0.054s] Level 1:colcon.colcon_core.package_identification:_identify(build) by extensions ['ignore', 'ignore_ament_install']
[0.054s] Level 1:colcon.colcon_core.package_identification:_identify(build) by extension 'ignore'
[0.054s] Level 1:colcon.colcon_core.package_identification:_identify(build) ignored
[0.054s] Level 1:colcon.colcon_core.package_identification:_identify(install) by extensions ['ignore', 'ignore_ament_install']
[0.054s] Level 1:colcon.colcon_core.package_identification:_identify(install) by extension 'ignore'
[0.054s] Level 1:colcon.colcon_core.package_identification:_identify(install) ignored
[0.054s] Level 1:colcon.colcon_core.package_identification:_identify(log) by extensions ['ignore', 'ignore_ament_install']
[0.054s] Level 1:colcon.colcon_core.package_identification:_identify(log) by extension 'ignore'
[0.054s] Level 1:colcon.colcon_core.package_identification:_identify(log) ignored
[0.054s] Level 1:colcon.colcon_core.package_identification:_identify(msgs) by extensions ['ignore', 'ignore_ament_install']
[0.054s] Level 1:colcon.colcon_core.package_identification:_identify(msgs) by extension 'ignore'
[0.054s] Level 1:colcon.colcon_core.package_identification:_identify(msgs) by extension 'ignore_ament_install'
[0.054s] Level 1:colcon.colcon_core.package_identification:_identify(msgs) by extensions ['colcon_pkg']
[0.054s] Level 1:colcon.colcon_core.package_identification:_identify(msgs) by extension 'colcon_pkg'
[0.054s] Level 1:colcon.colcon_core.package_identification:_identify(msgs) by extensions ['colcon_meta']
[0.054s] Level 1:colcon.colcon_core.package_identification:_identify(msgs) by extension 'colcon_meta'
[0.054s] Level 1:colcon.colcon_core.package_identification:_identify(msgs) by extensions ['ros']
[0.054s] Level 1:colcon.colcon_core.package_identification:_identify(msgs) by extension 'ros'
[0.055s] DEBUG:colcon.colcon_core.package_identification:Package 'msgs' with type 'ros.ament_cmake' and name 'msgs'
[0.055s] Level 1:colcon.colcon_core.package_identification:_identify(nodes) by extensions ['ignore', 'ignore_ament_install']
[0.055s] Level 1:colcon.colcon_core.package_identification:_identify(nodes) by extension 'ignore'
[0.055s] Level 1:colcon.colcon_core.package_identification:_identify(nodes) by extension 'ignore_ament_install'
[0.055s] Level 1:colcon.colcon_core.package_identification:_identify(nodes) by extensions ['colcon_pkg']
[0.055s] Level 1:colcon.colcon_core.package_identification:_identify(nodes) by extension 'colcon_pkg'
[0.055s] Level 1:colcon.colcon_core.package_identification:_identify(nodes) by extensions ['colcon_meta']
[0.055s] Level 1:colcon.colcon_core.package_identification:_identify(nodes) by extension 'colcon_meta'
[0.055s] Level 1:colcon.colcon_core.package_identification:_identify(nodes) by extensions ['ros']
[0.055s] Level 1:colcon.colcon_core.package_identification:_identify(nodes) by extension 'ros'
[0.055s] DEBUG:colcon.colcon_core.package_identification:Package 'nodes' with type 'ros.ament_cmake' and name 'nodes'
[0.055s] Level 1:colcon.colcon_core.package_identification:_identify(src) by extensions ['ignore', 'ignore_ament_install']
[0.055s] Level 1:colcon.colcon_core.package_identification:_identify(src) by extension 'ignore'
[0.055s] Level 1:colcon.colcon_core.package_identification:_identify(src) by extension 'ignore_ament_install'
[0.055s] Level 1:colcon.colcon_core.package_identification:_identify(src) by extensions ['colcon_pkg']
[0.055s] Level 1:colcon.colcon_core.package_identification:_identify(src) by extension 'colcon_pkg'
[0.055s] Level 1:colcon.colcon_core.package_identification:_identify(src) by extensions ['colcon_meta']
[0.055s] Level 1:colcon.colcon_core.package_identification:_identify(src) by extension 'colcon_meta'
[0.055s] Level 1:colcon.colcon_core.package_identification:_identify(src) by extensions ['ros']
[0.056s] Level 1:colcon.colcon_core.package_identification:_identify(src) by extension 'ros'
[0.056s] Level 1:colcon.colcon_core.package_identification:_identify(src) by extensions ['cmake', 'python']
[0.056s] Level 1:colcon.colcon_core.package_identification:_identify(src) by extension 'cmake'
[0.056s] Level 1:colcon.colcon_core.package_identification:_identify(src) by extension 'python'
[0.056s] Level 1:colcon.colcon_core.package_identification:_identify(src) by extensions ['python_setup_py']
[0.056s] Level 1:colcon.colcon_core.package_identification:_identify(src) by extension 'python_setup_py'
[0.056s] Level 1:colcon.colcon_core.package_discovery:discover_packages(recursive) using defaults
[0.056s] Level 1:colcon.colcon_core.package_discovery:discover_packages(ignore) discover
[0.056s] Level 1:colcon.colcon_core.package_discovery:discover_packages(ignore) using defaults
[0.056s] Level 1:colcon.colcon_core.package_discovery:discover_packages(path) discover
[0.056s] Level 1:colcon.colcon_core.package_discovery:discover_packages(path) using defaults
[0.061s] Level 1:colcon.colcon_core.package_discovery:discover_packages(prefix_path) check parameters
[0.061s] Level 1:colcon.colcon_core.package_discovery:discover_packages(prefix_path) discover
[0.062s] DEBUG:colcon.colcon_installed_package_information.package_discovery:Found 196 installed packages in /opt/ros/jazzy
[0.062s] Level 1:colcon.colcon_core.package_discovery:discover_packages(prefix_path) using defaults
[0.071s] Level 5:colcon.colcon_core.verb:set package 'msgs' build argument 'cmake_args' from command line to '['-DCMAKE_EXPORT_COMPILE_COMMANDS=ON']'
[0.071s] Level 5:colcon.colcon_core.verb:set package 'msgs' build argument 'cmake_target' from command line to 'None'
[0.071s] Level 5:colcon.colcon_core.verb:set package 'msgs' build argument 'cmake_target_skip_unavailable' from command line to 'False'
[0.071s] Level 5:colcon.colcon_core.verb:set package 'msgs' build argument 'cmake_clean_cache' from command line to 'False'
[0.071s] Level 5:colcon.colcon_core.verb:set package 'msgs' build argument 'cmake_clean_first' from command line to 'False'
[0.071s] Level 5:colcon.colcon_core.verb:set package 'msgs' build argument 'cmake_force_configure' from command line to 'False'
[0.071s] Level 5:colcon.colcon_core.verb:set package 'msgs' build argument 'ament_cmake_args' from command line to 'None'
[0.071s] Level 5:colcon.colcon_core.verb:set package 'msgs' build argument 'catkin_cmake_args' from command line to 'None'
[0.071s] Level 5:colcon.colcon_core.verb:set package 'msgs' build argument 'catkin_skip_building_tests' from command line to 'False'
[0.071s] DEBUG:colcon.colcon_core.verb:Building package 'msgs' with the following arguments: {'ament_cmake_args': None, 'build_base': '/home/yang/proj/ros-prac/learn5/build/msgs', 'catkin_cmake_args': None, 'catkin_skip_building_tests': False, 'cmake_args': ['-DCMAKE_EXPORT_COMPILE_COMMANDS=ON'], 'cmake_clean_cache': False, 'cmake_clean_first': False, 'cmake_force_configure': False, 'cmake_target': None, 'cmake_target_skip_unavailable': False, 'install_base': '/home/yang/proj/ros-prac/learn5/install/msgs', 'merge_install': False, 'path': '/home/yang/proj/ros-prac/learn5/msgs', 'symlink_install': False, 'test_result_base': None}
[0.071s] Level 5:colcon.colcon_core.verb:set package 'nodes' build argument 'cmake_args' from command line to '['-DCMAKE_EXPORT_COMPILE_COMMANDS=ON']'
[0.071s] Level 5:colcon.colcon_core.verb:set package 'nodes' build argument 'cmake_target' from command line to 'None'
[0.071s] Level 5:colcon.colcon_core.verb:set package 'nodes' build argument 'cmake_target_skip_unavailable' from command line to 'False'
[0.071s] Level 5:colcon.colcon_core.verb:set package 'nodes' build argument 'cmake_clean_cache' from command line to 'False'
[0.071s] Level 5:colcon.colcon_core.verb:set package 'nodes' build argument 'cmake_clean_first' from command line to 'False'
[0.071s] Level 5:colcon.colcon_core.verb:set package 'nodes' build argument 'cmake_force_configure' from command line to 'False'
[0.071s] Level 5:colcon.colcon_core.verb:set package 'nodes' build argument 'ament_cmake_args' from command line to 'None'
[0.071s] Level 5:colcon.colcon_core.verb:set package 'nodes' build argument 'catkin_cmake_args' from command line to 'None'
[0.071s] Level 5:colcon.colcon_core.verb:set package 'nodes' build argument 'catkin_skip_building_tests' from command line to 'False'
[0.071s] DEBUG:colcon.colcon_core.verb:Building package 'nodes' with the following arguments: {'ament_cmake_args': None, 'build_base': '/home/yang/proj/ros-prac/learn5/build/nodes', 'catkin_cmake_args': None, 'catkin_skip_building_tests': False, 'cmake_args': ['-DCMAKE_EXPORT_COMPILE_COMMANDS=ON'], 'cmake_clean_cache': False, 'cmake_clean_first': False, 'cmake_force_configure': False, 'cmake_target': None, 'cmake_target_skip_unavailable': False, 'install_base': '/home/yang/proj/ros-prac/learn5/install/nodes', 'merge_install': False, 'path': '/home/yang/proj/ros-prac/learn5/nodes', 'symlink_install': False, 'test_result_base': None}
[0.071s] INFO:colcon.colcon_core.executor:Executing jobs using 'parallel' executor
[0.071s] DEBUG:colcon.colcon_parallel_executor.executor.parallel:run_until_complete
[0.071s] INFO:colcon.colcon_ros.task.ament_cmake.build:Building ROS package in '/home/yang/proj/ros-prac/learn5/msgs' with build type 'ament_cmake'
[0.071s] INFO:colcon.colcon_cmake.task.cmake.build:Building CMake package in '/home/yang/proj/ros-prac/learn5/msgs'
[0.072s] INFO:colcon.colcon_core.plugin_system:Skipping extension 'colcon_core.shell.bat': Not used on non-Windows systems
[0.072s] INFO:colcon.colcon_core.shell:Skip shell extension 'powershell' for command environment: Not usable outside of PowerShell
[0.072s] DEBUG:colcon.colcon_core.shell:Skip shell extension 'dsv' for command environment
[0.074s] DEBUG:colcon.colcon_core.event_handler.log_command:Invoking command in '/home/yang/proj/ros-prac/learn5/build/msgs': CMAKE_PREFIX_PATH=/opt/ros/jazzy /usr/bin/cmake --build /home/yang/proj/ros-prac/learn5/build/msgs -- -j10 -l10
[0.176s] DEBUG:colcon.colcon_core.event_handler.log_command:Invoked command in '/home/yang/proj/ros-prac/learn5/build/msgs' returned '0': CMAKE_PREFIX_PATH=/opt/ros/jazzy /usr/bin/cmake --build /home/yang/proj/ros-prac/learn5/build/msgs -- -j10 -l10
[0.179s] DEBUG:colcon.colcon_core.event_handler.log_command:Invoking command in '/home/yang/proj/ros-prac/learn5/build/msgs': CMAKE_PREFIX_PATH=/opt/ros/jazzy /usr/bin/cmake --install /home/yang/proj/ros-prac/learn5/build/msgs
[0.198s] Level 1:colcon.colcon_core.environment:create_environment_scripts_only(msgs)
[0.199s] Level 1:colcon.colcon_core.environment:checking '/home/yang/proj/ros-prac/learn5/install/msgs' for CMake module files
[0.199s] Level 1:colcon.colcon_core.environment:checking '/home/yang/proj/ros-prac/learn5/install/msgs' for CMake config files
[0.199s] Level 1:colcon.colcon_core.shell:create_environment_hook('msgs', 'cmake_prefix_path')
[0.199s] INFO:colcon.colcon_core.shell:Creating environment hook '/home/yang/proj/ros-prac/learn5/install/msgs/share/msgs/hook/cmake_prefix_path.ps1'
[0.199s] INFO:colcon.colcon_core.shell:Creating environment descriptor '/home/yang/proj/ros-prac/learn5/install/msgs/share/msgs/hook/cmake_prefix_path.dsv'
[0.199s] INFO:colcon.colcon_core.shell:Creating environment hook '/home/yang/proj/ros-prac/learn5/install/msgs/share/msgs/hook/cmake_prefix_path.sh'
[0.200s] Level 1:colcon.colcon_core.environment:checking '/home/yang/proj/ros-prac/learn5/install/msgs/lib'
[0.200s] Level 1:colcon.colcon_core.shell:create_environment_hook('msgs', 'ld_library_path_lib')
[0.200s] INFO:colcon.colcon_core.shell:Creating environment hook '/home/yang/proj/ros-prac/learn5/install/msgs/share/msgs/hook/ld_library_path_lib.ps1'
[0.200s] INFO:colcon.colcon_core.shell:Creating environment descriptor '/home/yang/proj/ros-prac/learn5/install/msgs/share/msgs/hook/ld_library_path_lib.dsv'
[0.200s] INFO:colcon.colcon_core.shell:Creating environment hook '/home/yang/proj/ros-prac/learn5/install/msgs/share/msgs/hook/ld_library_path_lib.sh'
[0.200s] Level 1:colcon.colcon_core.environment:checking '/home/yang/proj/ros-prac/learn5/install/msgs/bin'
[0.200s] Level 1:colcon.colcon_core.environment:checking '/home/yang/proj/ros-prac/learn5/install/msgs/lib/pkgconfig/msgs.pc'
[0.200s] Level 1:colcon.colcon_core.environment:checking '/home/yang/proj/ros-prac/learn5/install/msgs/lib/python3.12/site-packages'
[0.200s] Level 1:colcon.colcon_core.shell:create_environment_hook('msgs', 'pythonpath')
[0.200s] INFO:colcon.colcon_core.shell:Creating environment hook '/home/yang/proj/ros-prac/learn5/install/msgs/share/msgs/hook/pythonpath.ps1'
[0.200s] INFO:colcon.colcon_core.shell:Creating environment descriptor '/home/yang/proj/ros-prac/learn5/install/msgs/share/msgs/hook/pythonpath.dsv'
[0.200s] INFO:colcon.colcon_core.shell:Creating environment hook '/home/yang/proj/ros-prac/learn5/install/msgs/share/msgs/hook/pythonpath.sh'
[0.201s] Level 1:colcon.colcon_core.environment:checking '/home/yang/proj/ros-prac/learn5/install/msgs/bin'
[0.201s] INFO:colcon.colcon_core.shell:Creating package script '/home/yang/proj/ros-prac/learn5/install/msgs/share/msgs/package.ps1'
[0.201s] INFO:colcon.colcon_core.shell:Creating package descriptor '/home/yang/proj/ros-prac/learn5/install/msgs/share/msgs/package.dsv'
[0.201s] INFO:colcon.colcon_core.shell:Creating package script '/home/yang/proj/ros-prac/learn5/install/msgs/share/msgs/package.sh'
[0.201s] INFO:colcon.colcon_core.shell:Creating package script '/home/yang/proj/ros-prac/learn5/install/msgs/share/msgs/package.bash'
[0.201s] DEBUG:colcon.colcon_core.event_handler.log_command:Invoked command in '/home/yang/proj/ros-prac/learn5/build/msgs' returned '0': CMAKE_PREFIX_PATH=/opt/ros/jazzy /usr/bin/cmake --install /home/yang/proj/ros-prac/learn5/build/msgs
[0.201s] INFO:colcon.colcon_core.shell:Creating package script '/home/yang/proj/ros-prac/learn5/install/msgs/share/msgs/package.zsh'
[0.202s] Level 1:colcon.colcon_core.environment:create_file_with_runtime_dependencies(/home/yang/proj/ros-prac/learn5/install/msgs/share/colcon-core/packages/msgs)
[0.202s] Level 1:colcon.colcon_core.environment:create_environment_scripts_only(msgs)
[0.202s] Level 1:colcon.colcon_core.environment:checking '/home/yang/proj/ros-prac/learn5/install/msgs' for CMake module files
[0.202s] Level 1:colcon.colcon_core.environment:checking '/home/yang/proj/ros-prac/learn5/install/msgs' for CMake config files
[0.202s] Level 1:colcon.colcon_core.shell:create_environment_hook('msgs', 'cmake_prefix_path')
[0.202s] INFO:colcon.colcon_core.shell:Creating environment hook '/home/yang/proj/ros-prac/learn5/install/msgs/share/msgs/hook/cmake_prefix_path.ps1'
[0.202s] INFO:colcon.colcon_core.shell:Creating environment descriptor '/home/yang/proj/ros-prac/learn5/install/msgs/share/msgs/hook/cmake_prefix_path.dsv'
[0.202s] INFO:colcon.colcon_core.shell:Creating environment hook '/home/yang/proj/ros-prac/learn5/install/msgs/share/msgs/hook/cmake_prefix_path.sh'
[0.202s] Level 1:colcon.colcon_core.environment:checking '/home/yang/proj/ros-prac/learn5/install/msgs/lib'
[0.202s] Level 1:colcon.colcon_core.shell:create_environment_hook('msgs', 'ld_library_path_lib')
[0.202s] INFO:colcon.colcon_core.shell:Creating environment hook '/home/yang/proj/ros-prac/learn5/install/msgs/share/msgs/hook/ld_library_path_lib.ps1'
[0.203s] INFO:colcon.colcon_core.shell:Creating environment descriptor '/home/yang/proj/ros-prac/learn5/install/msgs/share/msgs/hook/ld_library_path_lib.dsv'
[0.203s] INFO:colcon.colcon_core.shell:Creating environment hook '/home/yang/proj/ros-prac/learn5/install/msgs/share/msgs/hook/ld_library_path_lib.sh'
[0.203s] Level 1:colcon.colcon_core.environment:checking '/home/yang/proj/ros-prac/learn5/install/msgs/bin'
[0.203s] Level 1:colcon.colcon_core.environment:checking '/home/yang/proj/ros-prac/learn5/install/msgs/lib/pkgconfig/msgs.pc'
[0.203s] Level 1:colcon.colcon_core.environment:checking '/home/yang/proj/ros-prac/learn5/install/msgs/lib/python3.12/site-packages'
[0.203s] Level 1:colcon.colcon_core.shell:create_environment_hook('msgs', 'pythonpath')
[0.203s] INFO:colcon.colcon_core.shell:Creating environment hook '/home/yang/proj/ros-prac/learn5/install/msgs/share/msgs/hook/pythonpath.ps1'
[0.203s] INFO:colcon.colcon_core.shell:Creating environment descriptor '/home/yang/proj/ros-prac/learn5/install/msgs/share/msgs/hook/pythonpath.dsv'
[0.203s] INFO:colcon.colcon_core.shell:Creating environment hook '/home/yang/proj/ros-prac/learn5/install/msgs/share/msgs/hook/pythonpath.sh'
[0.203s] Level 1:colcon.colcon_core.environment:checking '/home/yang/proj/ros-prac/learn5/install/msgs/bin'
[0.203s] INFO:colcon.colcon_core.shell:Creating package script '/home/yang/proj/ros-prac/learn5/install/msgs/share/msgs/package.ps1'
[0.203s] INFO:colcon.colcon_core.shell:Creating package descriptor '/home/yang/proj/ros-prac/learn5/install/msgs/share/msgs/package.dsv'
[0.203s] INFO:colcon.colcon_core.shell:Creating package script '/home/yang/proj/ros-prac/learn5/install/msgs/share/msgs/package.sh'
[0.204s] INFO:colcon.colcon_core.shell:Creating package script '/home/yang/proj/ros-prac/learn5/install/msgs/share/msgs/package.bash'
[0.204s] INFO:colcon.colcon_core.shell:Creating package script '/home/yang/proj/ros-prac/learn5/install/msgs/share/msgs/package.zsh'
[0.204s] Level 1:colcon.colcon_core.environment:create_file_with_runtime_dependencies(/home/yang/proj/ros-prac/learn5/install/msgs/share/colcon-core/packages/msgs)
[0.204s] INFO:colcon.colcon_ros.task.ament_cmake.build:Building ROS package in '/home/yang/proj/ros-prac/learn5/nodes' with build type 'ament_cmake'
[0.204s] INFO:colcon.colcon_cmake.task.cmake.build:Building CMake package in '/home/yang/proj/ros-prac/learn5/nodes'
[0.204s] INFO:colcon.colcon_core.shell:Skip shell extension 'powershell' for command environment: Not usable outside of PowerShell
[0.204s] DEBUG:colcon.colcon_core.shell:Skip shell extension 'dsv' for command environment
[0.206s] DEBUG:colcon.colcon_core.event_handler.log_command:Invoking command in '/home/yang/proj/ros-prac/learn5/build/nodes': AMENT_PREFIX_PATH=/home/yang/proj/ros-prac/learn5/install/msgs:${AMENT_PREFIX_PATH} CMAKE_PREFIX_PATH=/home/yang/proj/ros-prac/learn5/install/msgs:/opt/ros/jazzy LD_LIBRARY_PATH=/home/yang/proj/ros-prac/learn5/install/msgs/lib:${LD_LIBRARY_PATH} PYTHONPATH=/home/yang/proj/ros-prac/learn5/install/msgs/lib/python3.12/site-packages:${PYTHONPATH} /usr/bin/cmake --build /home/yang/proj/ros-prac/learn5/build/nodes -- -j10 -l10
[0.227s] DEBUG:colcon.colcon_core.event_handler.log_command:Invoked command in '/home/yang/proj/ros-prac/learn5/build/nodes' returned '0': AMENT_PREFIX_PATH=/home/yang/proj/ros-prac/learn5/install/msgs:${AMENT_PREFIX_PATH} CMAKE_PREFIX_PATH=/home/yang/proj/ros-prac/learn5/install/msgs:/opt/ros/jazzy LD_LIBRARY_PATH=/home/yang/proj/ros-prac/learn5/install/msgs/lib:${LD_LIBRARY_PATH} PYTHONPATH=/home/yang/proj/ros-prac/learn5/install/msgs/lib/python3.12/site-packages:${PYTHONPATH} /usr/bin/cmake --build /home/yang/proj/ros-prac/learn5/build/nodes -- -j10 -l10
[0.228s] DEBUG:colcon.colcon_core.event_handler.log_command:Invoking command in '/home/yang/proj/ros-prac/learn5/build/nodes': AMENT_PREFIX_PATH=/home/yang/proj/ros-prac/learn5/install/msgs:${AMENT_PREFIX_PATH} CMAKE_PREFIX_PATH=/home/yang/proj/ros-prac/learn5/install/msgs:/opt/ros/jazzy LD_LIBRARY_PATH=/home/yang/proj/ros-prac/learn5/install/msgs/lib:${LD_LIBRARY_PATH} PYTHONPATH=/home/yang/proj/ros-prac/learn5/install/msgs/lib/python3.12/site-packages:${PYTHONPATH} /usr/bin/cmake --install /home/yang/proj/ros-prac/learn5/build/nodes
[0.231s] Level 1:colcon.colcon_core.environment:create_environment_scripts_only(nodes)
[0.231s] Level 1:colcon.colcon_core.environment:checking '/home/yang/proj/ros-prac/learn5/install/nodes' for CMake module files
[0.231s] DEBUG:colcon.colcon_core.event_handler.log_command:Invoked command in '/home/yang/proj/ros-prac/learn5/build/nodes' returned '0': AMENT_PREFIX_PATH=/home/yang/proj/ros-prac/learn5/install/msgs:${AMENT_PREFIX_PATH} CMAKE_PREFIX_PATH=/home/yang/proj/ros-prac/learn5/install/msgs:/opt/ros/jazzy LD_LIBRARY_PATH=/home/yang/proj/ros-prac/learn5/install/msgs/lib:${LD_LIBRARY_PATH} PYTHONPATH=/home/yang/proj/ros-prac/learn5/install/msgs/lib/python3.12/site-packages:${PYTHONPATH} /usr/bin/cmake --install /home/yang/proj/ros-prac/learn5/build/nodes
[0.231s] Level 1:colcon.colcon_core.environment:checking '/home/yang/proj/ros-prac/learn5/install/nodes' for CMake config files
[0.231s] Level 1:colcon.colcon_core.shell:create_environment_hook('nodes', 'cmake_prefix_path')
[0.231s] INFO:colcon.colcon_core.shell:Creating environment hook '/home/yang/proj/ros-prac/learn5/install/nodes/share/nodes/hook/cmake_prefix_path.ps1'
[0.231s] INFO:colcon.colcon_core.shell:Creating environment descriptor '/home/yang/proj/ros-prac/learn5/install/nodes/share/nodes/hook/cmake_prefix_path.dsv'
[0.231s] INFO:colcon.colcon_core.shell:Creating environment hook '/home/yang/proj/ros-prac/learn5/install/nodes/share/nodes/hook/cmake_prefix_path.sh'
[0.232s] Level 1:colcon.colcon_core.environment:checking '/home/yang/proj/ros-prac/learn5/install/nodes/lib'
[0.232s] Level 1:colcon.colcon_core.environment:checking '/home/yang/proj/ros-prac/learn5/install/nodes/bin'
[0.232s] Level 1:colcon.colcon_core.environment:checking '/home/yang/proj/ros-prac/learn5/install/nodes/lib/pkgconfig/nodes.pc'
[0.232s] Level 1:colcon.colcon_core.environment:checking '/home/yang/proj/ros-prac/learn5/install/nodes/lib/python3.12/site-packages'
[0.232s] Level 1:colcon.colcon_core.environment:checking '/home/yang/proj/ros-prac/learn5/install/nodes/bin'
[0.232s] INFO:colcon.colcon_core.shell:Creating package script '/home/yang/proj/ros-prac/learn5/install/nodes/share/nodes/package.ps1'
[0.232s] INFO:colcon.colcon_core.shell:Creating package descriptor '/home/yang/proj/ros-prac/learn5/install/nodes/share/nodes/package.dsv'
[0.232s] INFO:colcon.colcon_core.shell:Creating package script '/home/yang/proj/ros-prac/learn5/install/nodes/share/nodes/package.sh'
[0.232s] INFO:colcon.colcon_core.shell:Creating package script '/home/yang/proj/ros-prac/learn5/install/nodes/share/nodes/package.bash'
[0.232s] INFO:colcon.colcon_core.shell:Creating package script '/home/yang/proj/ros-prac/learn5/install/nodes/share/nodes/package.zsh'
[0.232s] Level 1:colcon.colcon_core.environment:create_file_with_runtime_dependencies(/home/yang/proj/ros-prac/learn5/install/nodes/share/colcon-core/packages/nodes)
[0.232s] Level 1:colcon.colcon_core.environment:create_environment_scripts_only(nodes)
[0.232s] Level 1:colcon.colcon_core.environment:checking '/home/yang/proj/ros-prac/learn5/install/nodes' for CMake module files
[0.233s] Level 1:colcon.colcon_core.environment:checking '/home/yang/proj/ros-prac/learn5/install/nodes' for CMake config files
[0.233s] Level 1:colcon.colcon_core.shell:create_environment_hook('nodes', 'cmake_prefix_path')
[0.233s] INFO:colcon.colcon_core.shell:Creating environment hook '/home/yang/proj/ros-prac/learn5/install/nodes/share/nodes/hook/cmake_prefix_path.ps1'
[0.233s] INFO:colcon.colcon_core.shell:Creating environment descriptor '/home/yang/proj/ros-prac/learn5/install/nodes/share/nodes/hook/cmake_prefix_path.dsv'
[0.233s] INFO:colcon.colcon_core.shell:Creating environment hook '/home/yang/proj/ros-prac/learn5/install/nodes/share/nodes/hook/cmake_prefix_path.sh'
[0.233s] Level 1:colcon.colcon_core.environment:checking '/home/yang/proj/ros-prac/learn5/install/nodes/lib'
[0.233s] Level 1:colcon.colcon_core.environment:checking '/home/yang/proj/ros-prac/learn5/install/nodes/bin'
[0.233s] Level 1:colcon.colcon_core.environment:checking '/home/yang/proj/ros-prac/learn5/install/nodes/lib/pkgconfig/nodes.pc'
[0.233s] Level 1:colcon.colcon_core.environment:checking '/home/yang/proj/ros-prac/learn5/install/nodes/lib/python3.12/site-packages'
[0.233s] Level 1:colcon.colcon_core.environment:checking '/home/yang/proj/ros-prac/learn5/install/nodes/bin'
[0.233s] INFO:colcon.colcon_core.shell:Creating package script '/home/yang/proj/ros-prac/learn5/install/nodes/share/nodes/package.ps1'
[0.233s] INFO:colcon.colcon_core.shell:Creating package descriptor '/home/yang/proj/ros-prac/learn5/install/nodes/share/nodes/package.dsv'
[0.233s] INFO:colcon.colcon_core.shell:Creating package script '/home/yang/proj/ros-prac/learn5/install/nodes/share/nodes/package.sh'
[0.233s] INFO:colcon.colcon_core.shell:Creating package script '/home/yang/proj/ros-prac/learn5/install/nodes/share/nodes/package.bash'
[0.234s] INFO:colcon.colcon_core.shell:Creating package script '/home/yang/proj/ros-prac/learn5/install/nodes/share/nodes/package.zsh'
[0.234s] Level 1:colcon.colcon_core.environment:create_file_with_runtime_dependencies(/home/yang/proj/ros-prac/learn5/install/nodes/share/colcon-core/packages/nodes)
[0.234s] DEBUG:colcon.colcon_parallel_executor.executor.parallel:closing loop
[0.234s] DEBUG:colcon.colcon_parallel_executor.executor.parallel:loop closed
[0.234s] DEBUG:colcon.colcon_parallel_executor.executor.parallel:run_until_complete finished with '0'
[0.234s] DEBUG:colcon.colcon_core.event_reactor:joining thread
[0.234s] DEBUG:colcon.colcon_core.event_reactor:joined thread
[0.234s] INFO:colcon.colcon_core.shell:Creating prefix script '/home/yang/proj/ros-prac/learn5/install/local_setup.ps1'
[0.235s] INFO:colcon.colcon_core.shell:Creating prefix util module '/home/yang/proj/ros-prac/learn5/install/_local_setup_util_ps1.py'
[0.235s] INFO:colcon.colcon_core.shell:Creating prefix chain script '/home/yang/proj/ros-prac/learn5/install/setup.ps1'
[0.235s] INFO:colcon.colcon_core.shell:Creating prefix script '/home/yang/proj/ros-prac/learn5/install/local_setup.sh'
[0.235s] INFO:colcon.colcon_core.shell:Creating prefix util module '/home/yang/proj/ros-prac/learn5/install/_local_setup_util_sh.py'
[0.235s] INFO:colcon.colcon_core.shell:Creating prefix chain script '/home/yang/proj/ros-prac/learn5/install/setup.sh'
[0.236s] INFO:colcon.colcon_core.shell:Creating prefix script '/home/yang/proj/ros-prac/learn5/install/local_setup.bash'
[0.236s] INFO:colcon.colcon_core.shell:Creating prefix chain script '/home/yang/proj/ros-prac/learn5/install/setup.bash'
[0.236s] INFO:colcon.colcon_core.shell:Creating prefix script '/home/yang/proj/ros-prac/learn5/install/local_setup.zsh'
[0.236s] INFO:colcon.colcon_core.shell:Creating prefix chain script '/home/yang/proj/ros-prac/learn5/install/setup.zsh'
