-- The C compiler identification is GNU 11.4.0
-- The CXX compiler identification is GNU 11.4.0
-- Detecting C compiler ABI info
-- Detecting C compiler ABI info - done
-- Check for working C compiler: /usr/bin/cc - skipped
-- Detecting C compile features
-- Detecting C compile features - done
-- Detecting CXX compiler ABI info
-- Detecting CXX compiler ABI info - done
-- Check for working CXX compiler: /usr/bin/c++ - skipped
-- Detecting CXX compile features
-- Detecting CXX compile features - done
-- Found ament_cmake: 1.3.14 (/opt/ros/humble/share/ament_cmake/cmake)
-- Found Python3: /usr/bin/python3 (found version "3.10.12") found components: Interpreter 
-- Found rclcpp: 16.0.18 (/opt/ros/humble/share/rclcpp/cmake)
-- Found rosidl_generator_c: 3.1.8 (/opt/ros/humble/share/rosidl_generator_c/cmake)
-- Found rosidl_adapter: 3.1.8 (/opt/ros/humble/share/rosidl_adapter/cmake)
-- Found rosidl_generator_cpp: 3.1.8 (/opt/ros/humble/share/rosidl_generator_cpp/cmake)
-- Using all available rosidl_typesupport_c: rosidl_typesupport_fastrtps_c;rosidl_typesupport_introspection_c
-- Using all available rosidl_typesupport_cpp: rosidl_typesupport_fastrtps_cpp;rosidl_typesupport_introspection_cpp
-- Found rmw_implementation_cmake: 6.1.2 (/opt/ros/humble/share/rmw_implementation_cmake/cmake)
-- Found rmw_fastrtps_cpp: 6.2.10 (/opt/ros/humble/share/rmw_fastrtps_cpp/cmake)
-- Found OpenSSL: /usr/lib/x86_64-linux-gnu/libcrypto.so (found version "3.0.2")  
-- Found FastRTPS: /opt/ros/humble/include  
-- Using RMW implementation 'rmw_fastrtps_cpp' as default
-- Looking for pthread.h
-- Looking for pthread.h - found
-- Performing Test CMAKE_HAVE_LIBC_PTHREAD
-- Performing Test CMAKE_HAVE_LIBC_PTHREAD - Success
-- Found Threads: TRUE  
-- Found p0_interfaces: 0.0.0 (/home/yang/Desktop/proj/ros-prac/install/p0_interfaces/share/p0_interfaces/cmake)
-- Configuring done
-- Generating done
-- Build files have been written to: /home/yang/Desktop/proj/ros-prac/build/p0
[ 50%] [32mBuilding CXX object CMakeFiles/status_robot.dir/src/status_publisher.cpp.o[0m
[100%] [32m[1mLinking CXX executable status_robot[0m
[100%] Built target status_robot
-- Install configuration: ""
-- Installing: /home/yang/Desktop/proj/ros-prac/install/p0/lib/p0/status_robot
-- Set runtime path of "/home/yang/Desktop/proj/ros-prac/install/p0/lib/p0/status_robot" to ""
-- Installing: /home/yang/Desktop/proj/ros-prac/install/p0/share/ament_index/resource_index/package_run_dependencies/p0
-- Installing: /home/yang/Desktop/proj/ros-prac/install/p0/share/ament_index/resource_index/parent_prefix_path/p0
-- Installing: /home/yang/Desktop/proj/ros-prac/install/p0/share/p0/environment/ament_prefix_path.sh
-- Installing: /home/yang/Desktop/proj/ros-prac/install/p0/share/p0/environment/ament_prefix_path.dsv
-- Installing: /home/yang/Desktop/proj/ros-prac/install/p0/share/p0/environment/path.sh
-- Installing: /home/yang/Desktop/proj/ros-prac/install/p0/share/p0/environment/path.dsv
-- Installing: /home/yang/Desktop/proj/ros-prac/install/p0/share/p0/local_setup.bash
-- Installing: /home/yang/Desktop/proj/ros-prac/install/p0/share/p0/local_setup.sh
-- Installing: /home/yang/Desktop/proj/ros-prac/install/p0/share/p0/local_setup.zsh
-- Installing: /home/yang/Desktop/proj/ros-prac/install/p0/share/p0/local_setup.dsv
-- Installing: /home/yang/Desktop/proj/ros-prac/install/p0/share/p0/package.dsv
-- Installing: /home/yang/Desktop/proj/ros-prac/install/p0/share/ament_index/resource_index/packages/p0
-- Installing: /home/yang/Desktop/proj/ros-prac/install/p0/share/p0/cmake/p0Config.cmake
-- Installing: /home/yang/Desktop/proj/ros-prac/install/p0/share/p0/cmake/p0Config-version.cmake
-- Installing: /home/yang/Desktop/proj/ros-prac/install/p0/share/p0/package.xml
