[0.004s] Invoking command in '/home/yang/Desktop/proj/ros-prac/build/p0': AMENT_PREFIX_PATH=/home/yang/Desktop/proj/ros-prac/install/p0_interfaces:${AMENT_PREFIX_PATH} CMAKE_PREFIX_PATH=/home/yang/Desktop/proj/ros-prac/install/p0_interfaces:/home/yang/Desktop/proj/ros-prac/src/install/p0_interfaces:/home/yang/Desktop/proj/ros-prac/src/install/p0:/home/yang/turtlebot3_ws/install/dwb_msgs:/home/yang/turtlebot3_ws/install/nav_2d_msgs:/home/yang/turtlebot3_ws/install/nav2_voxel_grid:/home/yang/turtlebot3_ws/install/nav2_msgs:/home/yang/turtlebot3_ws/install/nav2_common:/home/yang/turtlebot3_ws/install/dynamixel_sdk_examples:/home/yang/turtlebot3_ws/install/dynamixel_sdk_custom_interfaces:/home/yang/turtlebot3_ws/install/dynamixel_sdk:/home/yang/turtlebot3_ws/install/nav2_simple_commander:/opt/ros/humble LD_LIBRARY_PATH=/home/yang/Desktop/proj/ros-prac/install/p0_interfaces/lib:${LD_LIBRARY_PATH} PYTHONPATH=/home/yang/Desktop/proj/ros-prac/install/p0_interfaces/local/lib/python3.10/dist-packages:${PYTHONPATH} /usr/bin/cmake /home/yang/Desktop/proj/ros-prac/src/p0 -DCMAKE_EXPORT_COMPILE_COMMANDS=ON -DCMAKE_INSTALL_PREFIX=/home/yang/Desktop/proj/ros-prac/install/p0
[0.026s] -- The C compiler identification is GNU 11.4.0
[0.048s] -- The CXX compiler identification is GNU 11.4.0
[0.051s] -- Detecting C compiler ABI info
[0.078s] -- Detecting C compiler ABI info - done
[0.081s] -- Check for working C compiler: /usr/bin/cc - skipped
[0.081s] -- Detecting C compile features
[0.081s] -- Detecting C compile features - done
[0.082s] -- Detecting CXX compiler ABI info
[0.115s] -- Detecting CXX compiler ABI info - done
[0.118s] -- Check for working CXX compiler: /usr/bin/c++ - skipped
[0.118s] -- Detecting CXX compile features
[0.118s] -- Detecting CXX compile features - done
[0.120s] -- Found ament_cmake: 1.3.14 (/opt/ros/humble/share/ament_cmake/cmake)
[0.188s] -- Found Python3: /usr/bin/python3 (found version "3.10.12") found components: Interpreter 
[0.238s] -- Found rclcpp: 16.0.18 (/opt/ros/humble/share/rclcpp/cmake)
[0.258s] -- Found rosidl_generator_c: 3.1.8 (/opt/ros/humble/share/rosidl_generator_c/cmake)
[0.261s] -- Found rosidl_adapter: 3.1.8 (/opt/ros/humble/share/rosidl_adapter/cmake)
[0.265s] -- Found rosidl_generator_cpp: 3.1.8 (/opt/ros/humble/share/rosidl_generator_cpp/cmake)
[0.270s] -- Using all available rosidl_typesupport_c: rosidl_typesupport_fastrtps_c;rosidl_typesupport_introspection_c
[0.278s] -- Using all available rosidl_typesupport_cpp: rosidl_typesupport_fastrtps_cpp;rosidl_typesupport_introspection_cpp
[0.299s] -- Found rmw_implementation_cmake: 6.1.2 (/opt/ros/humble/share/rmw_implementation_cmake/cmake)
[0.301s] -- Found rmw_fastrtps_cpp: 6.2.10 (/opt/ros/humble/share/rmw_fastrtps_cpp/cmake)
[0.337s] -- Found OpenSSL: /usr/lib/x86_64-linux-gnu/libcrypto.so (found version "3.0.2")  
[0.349s] -- Found FastRTPS: /opt/ros/humble/include  
[0.365s] -- Using RMW implementation 'rmw_fastrtps_cpp' as default
[0.370s] -- Looking for pthread.h
[0.397s] -- Looking for pthread.h - found
[0.398s] -- Performing Test CMAKE_HAVE_LIBC_PTHREAD
[0.426s] -- Performing Test CMAKE_HAVE_LIBC_PTHREAD - Success
[0.426s] -- Found Threads: TRUE  
[0.447s] -- Found p0_interfaces: 0.0.0 (/home/yang/Desktop/proj/ros-prac/install/p0_interfaces/share/p0_interfaces/cmake)
[0.477s] -- Configuring done
[0.481s] -- Generating done
[0.482s] -- Build files have been written to: /home/yang/Desktop/proj/ros-prac/build/p0
[0.487s] Invoked command in '/home/yang/Desktop/proj/ros-prac/build/p0' returned '0': AMENT_PREFIX_PATH=/home/yang/Desktop/proj/ros-prac/install/p0_interfaces:${AMENT_PREFIX_PATH} CMAKE_PREFIX_PATH=/home/yang/Desktop/proj/ros-prac/install/p0_interfaces:/home/yang/Desktop/proj/ros-prac/src/install/p0_interfaces:/home/yang/Desktop/proj/ros-prac/src/install/p0:/home/yang/turtlebot3_ws/install/dwb_msgs:/home/yang/turtlebot3_ws/install/nav_2d_msgs:/home/yang/turtlebot3_ws/install/nav2_voxel_grid:/home/yang/turtlebot3_ws/install/nav2_msgs:/home/yang/turtlebot3_ws/install/nav2_common:/home/yang/turtlebot3_ws/install/dynamixel_sdk_examples:/home/yang/turtlebot3_ws/install/dynamixel_sdk_custom_interfaces:/home/yang/turtlebot3_ws/install/dynamixel_sdk:/home/yang/turtlebot3_ws/install/nav2_simple_commander:/opt/ros/humble LD_LIBRARY_PATH=/home/yang/Desktop/proj/ros-prac/install/p0_interfaces/lib:${LD_LIBRARY_PATH} PYTHONPATH=/home/yang/Desktop/proj/ros-prac/install/p0_interfaces/local/lib/python3.10/dist-packages:${PYTHONPATH} /usr/bin/cmake /home/yang/Desktop/proj/ros-prac/src/p0 -DCMAKE_EXPORT_COMPILE_COMMANDS=ON -DCMAKE_INSTALL_PREFIX=/home/yang/Desktop/proj/ros-prac/install/p0
[0.487s] Invoking command in '/home/yang/Desktop/proj/ros-prac/build/p0': AMENT_PREFIX_PATH=/home/yang/Desktop/proj/ros-prac/install/p0_interfaces:${AMENT_PREFIX_PATH} CMAKE_PREFIX_PATH=/home/yang/Desktop/proj/ros-prac/install/p0_interfaces:/home/yang/Desktop/proj/ros-prac/src/install/p0_interfaces:/home/yang/Desktop/proj/ros-prac/src/install/p0:/home/yang/turtlebot3_ws/install/dwb_msgs:/home/yang/turtlebot3_ws/install/nav_2d_msgs:/home/yang/turtlebot3_ws/install/nav2_voxel_grid:/home/yang/turtlebot3_ws/install/nav2_msgs:/home/yang/turtlebot3_ws/install/nav2_common:/home/yang/turtlebot3_ws/install/dynamixel_sdk_examples:/home/yang/turtlebot3_ws/install/dynamixel_sdk_custom_interfaces:/home/yang/turtlebot3_ws/install/dynamixel_sdk:/home/yang/turtlebot3_ws/install/nav2_simple_commander:/opt/ros/humble LD_LIBRARY_PATH=/home/yang/Desktop/proj/ros-prac/install/p0_interfaces/lib:${LD_LIBRARY_PATH} PYTHONPATH=/home/yang/Desktop/proj/ros-prac/install/p0_interfaces/local/lib/python3.10/dist-packages:${PYTHONPATH} /usr/bin/cmake --build /home/yang/Desktop/proj/ros-prac/build/p0 -- -j12 -l12
[0.505s] [ 50%] [32mBuilding CXX object CMakeFiles/status_robot.dir/src/status_publisher.cpp.o[0m
[2.167s] [100%] [32m[1mLinking CXX executable status_robot[0m
[2.269s] [100%] Built target status_robot
[2.279s] Invoked command in '/home/yang/Desktop/proj/ros-prac/build/p0' returned '0': AMENT_PREFIX_PATH=/home/yang/Desktop/proj/ros-prac/install/p0_interfaces:${AMENT_PREFIX_PATH} CMAKE_PREFIX_PATH=/home/yang/Desktop/proj/ros-prac/install/p0_interfaces:/home/yang/Desktop/proj/ros-prac/src/install/p0_interfaces:/home/yang/Desktop/proj/ros-prac/src/install/p0:/home/yang/turtlebot3_ws/install/dwb_msgs:/home/yang/turtlebot3_ws/install/nav_2d_msgs:/home/yang/turtlebot3_ws/install/nav2_voxel_grid:/home/yang/turtlebot3_ws/install/nav2_msgs:/home/yang/turtlebot3_ws/install/nav2_common:/home/yang/turtlebot3_ws/install/dynamixel_sdk_examples:/home/yang/turtlebot3_ws/install/dynamixel_sdk_custom_interfaces:/home/yang/turtlebot3_ws/install/dynamixel_sdk:/home/yang/turtlebot3_ws/install/nav2_simple_commander:/opt/ros/humble LD_LIBRARY_PATH=/home/yang/Desktop/proj/ros-prac/install/p0_interfaces/lib:${LD_LIBRARY_PATH} PYTHONPATH=/home/yang/Desktop/proj/ros-prac/install/p0_interfaces/local/lib/python3.10/dist-packages:${PYTHONPATH} /usr/bin/cmake --build /home/yang/Desktop/proj/ros-prac/build/p0 -- -j12 -l12
[2.280s] Invoking command in '/home/yang/Desktop/proj/ros-prac/build/p0': AMENT_PREFIX_PATH=/home/yang/Desktop/proj/ros-prac/install/p0_interfaces:${AMENT_PREFIX_PATH} CMAKE_PREFIX_PATH=/home/yang/Desktop/proj/ros-prac/install/p0_interfaces:/home/yang/Desktop/proj/ros-prac/src/install/p0_interfaces:/home/yang/Desktop/proj/ros-prac/src/install/p0:/home/yang/turtlebot3_ws/install/dwb_msgs:/home/yang/turtlebot3_ws/install/nav_2d_msgs:/home/yang/turtlebot3_ws/install/nav2_voxel_grid:/home/yang/turtlebot3_ws/install/nav2_msgs:/home/yang/turtlebot3_ws/install/nav2_common:/home/yang/turtlebot3_ws/install/dynamixel_sdk_examples:/home/yang/turtlebot3_ws/install/dynamixel_sdk_custom_interfaces:/home/yang/turtlebot3_ws/install/dynamixel_sdk:/home/yang/turtlebot3_ws/install/nav2_simple_commander:/opt/ros/humble LD_LIBRARY_PATH=/home/yang/Desktop/proj/ros-prac/install/p0_interfaces/lib:${LD_LIBRARY_PATH} PYTHONPATH=/home/yang/Desktop/proj/ros-prac/install/p0_interfaces/local/lib/python3.10/dist-packages:${PYTHONPATH} /usr/bin/cmake --install /home/yang/Desktop/proj/ros-prac/build/p0
[2.284s] -- Install configuration: ""
[2.284s] -- Installing: /home/yang/Desktop/proj/ros-prac/install/p0/lib/p0/status_robot
[2.285s] -- Set runtime path of "/home/yang/Desktop/proj/ros-prac/install/p0/lib/p0/status_robot" to ""
[2.285s] -- Installing: /home/yang/Desktop/proj/ros-prac/install/p0/share/ament_index/resource_index/package_run_dependencies/p0
[2.285s] -- Installing: /home/yang/Desktop/proj/ros-prac/install/p0/share/ament_index/resource_index/parent_prefix_path/p0
[2.285s] -- Installing: /home/yang/Desktop/proj/ros-prac/install/p0/share/p0/environment/ament_prefix_path.sh
[2.285s] -- Installing: /home/yang/Desktop/proj/ros-prac/install/p0/share/p0/environment/ament_prefix_path.dsv
[2.285s] -- Installing: /home/yang/Desktop/proj/ros-prac/install/p0/share/p0/environment/path.sh
[2.285s] -- Installing: /home/yang/Desktop/proj/ros-prac/install/p0/share/p0/environment/path.dsv
[2.285s] -- Installing: /home/yang/Desktop/proj/ros-prac/install/p0/share/p0/local_setup.bash
[2.285s] -- Installing: /home/yang/Desktop/proj/ros-prac/install/p0/share/p0/local_setup.sh
[2.285s] -- Installing: /home/yang/Desktop/proj/ros-prac/install/p0/share/p0/local_setup.zsh
[2.285s] -- Installing: /home/yang/Desktop/proj/ros-prac/install/p0/share/p0/local_setup.dsv
[2.285s] -- Installing: /home/yang/Desktop/proj/ros-prac/install/p0/share/p0/package.dsv
[2.285s] -- Installing: /home/yang/Desktop/proj/ros-prac/install/p0/share/ament_index/resource_index/packages/p0
[2.285s] -- Installing: /home/yang/Desktop/proj/ros-prac/install/p0/share/p0/cmake/p0Config.cmake
[2.285s] -- Installing: /home/yang/Desktop/proj/ros-prac/install/p0/share/p0/cmake/p0Config-version.cmake
[2.285s] -- Installing: /home/yang/Desktop/proj/ros-prac/install/p0/share/p0/package.xml
[2.286s] Invoked command in '/home/yang/Desktop/proj/ros-prac/build/p0' returned '0': AMENT_PREFIX_PATH=/home/yang/Desktop/proj/ros-prac/install/p0_interfaces:${AMENT_PREFIX_PATH} CMAKE_PREFIX_PATH=/home/yang/Desktop/proj/ros-prac/install/p0_interfaces:/home/yang/Desktop/proj/ros-prac/src/install/p0_interfaces:/home/yang/Desktop/proj/ros-prac/src/install/p0:/home/yang/turtlebot3_ws/install/dwb_msgs:/home/yang/turtlebot3_ws/install/nav_2d_msgs:/home/yang/turtlebot3_ws/install/nav2_voxel_grid:/home/yang/turtlebot3_ws/install/nav2_msgs:/home/yang/turtlebot3_ws/install/nav2_common:/home/yang/turtlebot3_ws/install/dynamixel_sdk_examples:/home/yang/turtlebot3_ws/install/dynamixel_sdk_custom_interfaces:/home/yang/turtlebot3_ws/install/dynamixel_sdk:/home/yang/turtlebot3_ws/install/nav2_simple_commander:/opt/ros/humble LD_LIBRARY_PATH=/home/yang/Desktop/proj/ros-prac/install/p0_interfaces/lib:${LD_LIBRARY_PATH} PYTHONPATH=/home/yang/Desktop/proj/ros-prac/install/p0_interfaces/local/lib/python3.10/dist-packages:${PYTHONPATH} /usr/bin/cmake --install /home/yang/Desktop/proj/ros-prac/build/p0
