-- The C compiler identification is GNU 13.3.0
-- The CXX compiler identification is GNU 13.3.0
-- Detecting C compiler ABI info
-- Detecting C compiler ABI info - done
-- Check for working C compiler: /usr/bin/cc - skipped
-- Detecting C compile features
-- Detecting C compile features - done
-- Detecting CXX compiler ABI info
-- Detecting CXX compiler ABI info - done
-- Check for working CXX compiler: /usr/bin/c++ - skipped
-- Detecting CXX compile features
-- Detecting CXX compile features - done
-- Found ament_cmake: 2.5.6 (/opt/ros/jazzy/share/ament_cmake/cmake)
-- Found Python3: /usr/bin/python3 (found version "3.12.3") found components: Interpreter 
-- Found rclcpp: 28.1.18 (/opt/ros/jazzy/share/rclcpp/cmake)
-- Found rosidl_generator_c: 4.6.7 (/opt/ros/jazzy/share/rosidl_generator_c/cmake)
-- Found rosidl_generator_cpp: 4.6.7 (/opt/ros/jazzy/share/rosidl_generator_cpp/cmake)
-- Using all available rosidl_typesupport_c: rosidl_typesupport_fastrtps_c;rosidl_typesupport_introspection_c
-- Using all available rosidl_typesupport_cpp: rosidl_typesupport_fastrtps_cpp;rosidl_typesupport_introspection_cpp
-- Found rmw_implementation_cmake: 7.3.3 (/opt/ros/jazzy/share/rmw_implementation_cmake/cmake)
-- Found rmw_fastrtps_cpp: 8.4.3 (/opt/ros/jazzy/share/rmw_fastrtps_cpp/cmake)
-- Found OpenSSL: /usr/lib/aarch64-linux-gnu/libcrypto.so (found version "3.0.13")  
-- Found FastRTPS: /opt/ros/jazzy/include (Required is at least version "2.13") 
-- Using RMW implementation 'rmw_fastrtps_cpp' as default
-- Configuring done (0.3s)
-- Generating done (0.0s)
[33mCMake Warning:
  Manually-specified variables were not used by the project:

    CMAKE_EXPORT_COMPILE_COMMANDS

[0m
-- Build files have been written to: /home/yang/proj/ros-prac/learn8/build/robot_desc
-- Install configuration: ""
-- Installing: /home/yang/proj/ros-prac/learn8/install/robot_desc/share/robot_desc/urdf
-- Installing: /home/yang/proj/ros-prac/learn8/install/robot_desc/share/robot_desc/urdf/robot.urdf
-- Installing: /home/yang/proj/ros-prac/learn8/install/robot_desc/share/robot_desc/urdf/robot.xacro
-- Installing: /home/yang/proj/ros-prac/learn8/install/robot_desc/share/robot_desc/launch
-- Installing: /home/yang/proj/ros-prac/learn8/install/robot_desc/share/robot_desc/launch/display.laynch.py
-- Installing: /home/yang/proj/ros-prac/learn8/install/robot_desc/share/robot_desc/launch/display_xacro.launch.py
-- Installing: /home/yang/proj/ros-prac/learn8/install/robot_desc/share/robot_desc/rviz
-- Installing: /home/yang/proj/ros-prac/learn8/install/robot_desc/share/robot_desc/rviz/config.rviz
-- Installing: /home/yang/proj/ros-prac/learn8/install/robot_desc/share/ament_index/resource_index/package_run_dependencies/robot_desc
-- Installing: /home/yang/proj/ros-prac/learn8/install/robot_desc/share/ament_index/resource_index/parent_prefix_path/robot_desc
-- Installing: /home/yang/proj/ros-prac/learn8/install/robot_desc/share/robot_desc/environment/ament_prefix_path.sh
-- Installing: /home/yang/proj/ros-prac/learn8/install/robot_desc/share/robot_desc/environment/ament_prefix_path.dsv
-- Installing: /home/yang/proj/ros-prac/learn8/install/robot_desc/share/robot_desc/environment/path.sh
-- Installing: /home/yang/proj/ros-prac/learn8/install/robot_desc/share/robot_desc/environment/path.dsv
-- Installing: /home/yang/proj/ros-prac/learn8/install/robot_desc/share/robot_desc/local_setup.bash
-- Installing: /home/yang/proj/ros-prac/learn8/install/robot_desc/share/robot_desc/local_setup.sh
-- Installing: /home/yang/proj/ros-prac/learn8/install/robot_desc/share/robot_desc/local_setup.zsh
-- Installing: /home/yang/proj/ros-prac/learn8/install/robot_desc/share/robot_desc/local_setup.dsv
-- Installing: /home/yang/proj/ros-prac/learn8/install/robot_desc/share/robot_desc/package.dsv
-- Installing: /home/yang/proj/ros-prac/learn8/install/robot_desc/share/ament_index/resource_index/packages/robot_desc
-- Installing: /home/yang/proj/ros-prac/learn8/install/robot_desc/share/robot_desc/cmake/robot_descConfig.cmake
-- Installing: /home/yang/proj/ros-prac/learn8/install/robot_desc/share/robot_desc/cmake/robot_descConfig-version.cmake
-- Installing: /home/yang/proj/ros-prac/learn8/install/robot_desc/share/robot_desc/package.xml
