[0.001s] Invoking command in '/home/yang/proj/ros-prac/learn8/build/robot_desc': CMAKE_PREFIX_PATH=${CMAKE_PREFIX_PATH}:/opt/ros/jazzy /usr/bin/cmake /home/yang/proj/ros-prac/learn8/src/robot_desc -DCMAKE_EXPORT_COMPILE_COMMANDS=ON -DCMAKE_INSTALL_PREFIX=/home/yang/proj/ros-prac/learn8/install/robot_desc
[0.037s] -- The C compiler identification is GNU 13.3.0
[0.064s] -- The CXX compiler identification is GNU 13.3.0
[0.070s] -- Detecting C compiler ABI info
[0.096s] -- Detecting C compiler ABI info - done
[0.100s] -- Check for working C compiler: /usr/bin/cc - skipped
[0.100s] -- Detecting C compile features
[0.100s] -- Detecting C compile features - done
[0.103s] -- Detecting CXX compiler ABI info
[0.132s] -- Detecting CXX compiler ABI info - done
[0.136s] -- Check for working CXX compiler: /usr/bin/c++ - skipped
[0.136s] -- Detecting CXX compile features
[0.136s] -- Detecting CXX compile features - done
[0.138s] -- Found ament_cmake: 2.5.6 (/opt/ros/jazzy/share/ament_cmake/cmake)
[0.177s] -- Found Python3: /usr/bin/python3 (found version "3.12.3") found components: Interpreter 
[0.213s] -- Found rclcpp: 28.1.18 (/opt/ros/jazzy/share/rclcpp/cmake)
[0.225s] -- Found rosidl_generator_c: 4.6.7 (/opt/ros/jazzy/share/rosidl_generator_c/cmake)
[0.229s] -- Found rosidl_generator_cpp: 4.6.7 (/opt/ros/jazzy/share/rosidl_generator_cpp/cmake)
[0.234s] -- Using all available rosidl_typesupport_c: rosidl_typesupport_fastrtps_c;rosidl_typesupport_introspection_c
[0.241s] -- Using all available rosidl_typesupport_cpp: rosidl_typesupport_fastrtps_cpp;rosidl_typesupport_introspection_cpp
[0.266s] -- Found rmw_implementation_cmake: 7.3.3 (/opt/ros/jazzy/share/rmw_implementation_cmake/cmake)
[0.267s] -- Found rmw_fastrtps_cpp: 8.4.3 (/opt/ros/jazzy/share/rmw_fastrtps_cpp/cmake)
[0.290s] -- Found OpenSSL: /usr/lib/aarch64-linux-gnu/libcrypto.so (found version "3.0.13")  
[0.294s] -- Found FastRTPS: /opt/ros/jazzy/include (Required is at least version "2.13") 
[0.301s] -- Using RMW implementation 'rmw_fastrtps_cpp' as default
[0.356s] -- Configuring done (0.3s)
[0.357s] -- Generating done (0.0s)
[0.358s] [33mCMake Warning:
[0.358s]   Manually-specified variables were not used by the project:
[0.358s] 
[0.358s]     CMAKE_EXPORT_COMPILE_COMMANDS
[0.358s] 
[0.358s] [0m
[0.358s] -- Build files have been written to: /home/yang/proj/ros-prac/learn8/build/robot_desc
[0.361s] Invoked command in '/home/yang/proj/ros-prac/learn8/build/robot_desc' returned '0': CMAKE_PREFIX_PATH=${CMAKE_PREFIX_PATH}:/opt/ros/jazzy /usr/bin/cmake /home/yang/proj/ros-prac/learn8/src/robot_desc -DCMAKE_EXPORT_COMPILE_COMMANDS=ON -DCMAKE_INSTALL_PREFIX=/home/yang/proj/ros-prac/learn8/install/robot_desc
[0.362s] Invoking command in '/home/yang/proj/ros-prac/learn8/build/robot_desc': CMAKE_PREFIX_PATH=${CMAKE_PREFIX_PATH}:/opt/ros/jazzy /usr/bin/cmake --build /home/yang/proj/ros-prac/learn8/build/robot_desc -- -j10 -l10
[0.373s] Invoked command in '/home/yang/proj/ros-prac/learn8/build/robot_desc' returned '0': CMAKE_PREFIX_PATH=${CMAKE_PREFIX_PATH}:/opt/ros/jazzy /usr/bin/cmake --build /home/yang/proj/ros-prac/learn8/build/robot_desc -- -j10 -l10
[0.375s] Invoking command in '/home/yang/proj/ros-prac/learn8/build/robot_desc': CMAKE_PREFIX_PATH=${CMAKE_PREFIX_PATH}:/opt/ros/jazzy /usr/bin/cmake --install /home/yang/proj/ros-prac/learn8/build/robot_desc
[0.378s] -- Install configuration: ""
[0.378s] -- Installing: /home/yang/proj/ros-prac/learn8/install/robot_desc/share/robot_desc/urdf
[0.378s] -- Installing: /home/yang/proj/ros-prac/learn8/install/robot_desc/share/robot_desc/urdf/robot.urdf
[0.378s] -- Installing: /home/yang/proj/ros-prac/learn8/install/robot_desc/share/robot_desc/urdf/robot.xacro
[0.378s] -- Installing: /home/yang/proj/ros-prac/learn8/install/robot_desc/share/robot_desc/launch
[0.378s] -- Installing: /home/yang/proj/ros-prac/learn8/install/robot_desc/share/robot_desc/launch/display.laynch.py
[0.378s] -- Installing: /home/yang/proj/ros-prac/learn8/install/robot_desc/share/robot_desc/launch/display_xacro.launch.py
[0.378s] -- Installing: /home/yang/proj/ros-prac/learn8/install/robot_desc/share/robot_desc/rviz
[0.378s] -- Installing: /home/yang/proj/ros-prac/learn8/install/robot_desc/share/robot_desc/rviz/config.rviz
[0.378s] -- Installing: /home/yang/proj/ros-prac/learn8/install/robot_desc/share/ament_index/resource_index/package_run_dependencies/robot_desc
[0.378s] -- Installing: /home/yang/proj/ros-prac/learn8/install/robot_desc/share/ament_index/resource_index/parent_prefix_path/robot_desc
[0.378s] -- Installing: /home/yang/proj/ros-prac/learn8/install/robot_desc/share/robot_desc/environment/ament_prefix_path.sh
[0.378s] -- Installing: /home/yang/proj/ros-prac/learn8/install/robot_desc/share/robot_desc/environment/ament_prefix_path.dsv
[0.378s] -- Installing: /home/yang/proj/ros-prac/learn8/install/robot_desc/share/robot_desc/environment/path.sh
[0.378s] -- Installing: /home/yang/proj/ros-prac/learn8/install/robot_desc/share/robot_desc/environment/path.dsv
[0.378s] -- Installing: /home/yang/proj/ros-prac/learn8/install/robot_desc/share/robot_desc/local_setup.bash
[0.378s] -- Installing: /home/yang/proj/ros-prac/learn8/install/robot_desc/share/robot_desc/local_setup.sh
[0.378s] -- Installing: /home/yang/proj/ros-prac/learn8/install/robot_desc/share/robot_desc/local_setup.zsh
[0.378s] -- Installing: /home/yang/proj/ros-prac/learn8/install/robot_desc/share/robot_desc/local_setup.dsv
[0.378s] -- Installing: /home/yang/proj/ros-prac/learn8/install/robot_desc/share/robot_desc/package.dsv
[0.378s] -- Installing: /home/yang/proj/ros-prac/learn8/install/robot_desc/share/ament_index/resource_index/packages/robot_desc
[0.378s] -- Installing: /home/yang/proj/ros-prac/learn8/install/robot_desc/share/robot_desc/cmake/robot_descConfig.cmake
[0.378s] -- Installing: /home/yang/proj/ros-prac/learn8/install/robot_desc/share/robot_desc/cmake/robot_descConfig-version.cmake
[0.378s] -- Installing: /home/yang/proj/ros-prac/learn8/install/robot_desc/share/robot_desc/package.xml
[0.382s] Invoked command in '/home/yang/proj/ros-prac/learn8/build/robot_desc' returned '0': CMAKE_PREFIX_PATH=${CMAKE_PREFIX_PATH}:/opt/ros/jazzy /usr/bin/cmake --install /home/yang/proj/ros-prac/learn8/build/robot_desc
