[0.009s] Invoking command in '/home/yang/Desktop/proj/ros-prac/build/p0': CMAKE_PREFIX_PATH=${CMAKE_PREFIX_PATH}:/opt/ros/humble /usr/local/bin/cmake --build /home/yang/Desktop/proj/ros-prac/build/p0 -- -j16 -l16
[0.022s] -- Found ament_cmake: 1.3.13 (/opt/ros/humble/share/ament_cmake/cmake)
[0.171s] -- Found rclcpp: 16.0.18 (/opt/ros/humble/share/rclcpp/cmake)
[0.196s] -- Found rosidl_generator_c: 3.1.8 (/opt/ros/humble/share/rosidl_generator_c/cmake)
[0.198s] -- Found rosidl_adapter: 3.1.8 (/opt/ros/humble/share/rosidl_adapter/cmake)
[0.204s] -- Found rosidl_generator_cpp: 3.1.8 (/opt/ros/humble/share/rosidl_generator_cpp/cmake)
[0.213s] -- Using all available rosidl_typesupport_c: rosidl_typesupport_fastrtps_c;rosidl_typesupport_introspection_c
[0.225s] -- Using all available rosidl_typesupport_cpp: rosidl_typesupport_fastrtps_cpp;rosidl_typesupport_introspection_cpp
[0.256s] -- Found rmw_implementation_cmake: 6.1.2 (/opt/ros/humble/share/rmw_implementation_cmake/cmake)
[0.258s] -- Found rmw_fastrtps_cpp: 6.2.10 (/opt/ros/humble/share/rmw_fastrtps_cpp/cmake)
[0.350s] -- Using RMW implementation 'rmw_fastrtps_cpp' as default
[0.448s] -- Configuring done (0.4s)
[0.458s] -- Generating done (0.0s)
[0.461s] -- Build files have been written to: /home/yang/Desktop/proj/ros-prac/build/p0
[0.484s] [ 25%] [32m[1mLinking CXX executable listener[0m
[0.485s] [ 75%] Built target talker
[0.731s] [100%] Built target listener
[0.736s] Invoked command in '/home/yang/Desktop/proj/ros-prac/build/p0' returned '0': CMAKE_PREFIX_PATH=${CMAKE_PREFIX_PATH}:/opt/ros/humble /usr/local/bin/cmake --build /home/yang/Desktop/proj/ros-prac/build/p0 -- -j16 -l16
[0.741s] Invoking command in '/home/yang/Desktop/proj/ros-prac/build/p0': CMAKE_PREFIX_PATH=${CMAKE_PREFIX_PATH}:/opt/ros/humble /usr/local/bin/cmake --install /home/yang/Desktop/proj/ros-prac/build/p0
[0.743s] -- Install configuration: ""
[0.743s] -- Up-to-date: /home/yang/Desktop/proj/ros-prac/install/p0/lib/p0/talker
[0.743s] -- Installing: /home/yang/Desktop/proj/ros-prac/install/p0/lib/p0/listener
[0.746s] -- Set non-toolchain portion of runtime path of "/home/yang/Desktop/proj/ros-prac/install/p0/lib/p0/listener" to ""
[0.746s] -- Up-to-date: /home/yang/Desktop/proj/ros-prac/install/p0/share/ament_index/resource_index/package_run_dependencies/p0
[0.746s] -- Installing: /home/yang/Desktop/proj/ros-prac/install/p0/share/ament_index/resource_index/parent_prefix_path/p0
[0.747s] -- Up-to-date: /home/yang/Desktop/proj/ros-prac/install/p0/share/p0/environment/ament_prefix_path.sh
[0.747s] -- Installing: /home/yang/Desktop/proj/ros-prac/install/p0/share/p0/environment/ament_prefix_path.dsv
[0.747s] -- Up-to-date: /home/yang/Desktop/proj/ros-prac/install/p0/share/p0/environment/path.sh
[0.747s] -- Installing: /home/yang/Desktop/proj/ros-prac/install/p0/share/p0/environment/path.dsv
[0.747s] -- Up-to-date: /home/yang/Desktop/proj/ros-prac/install/p0/share/p0/local_setup.bash
[0.747s] -- Up-to-date: /home/yang/Desktop/proj/ros-prac/install/p0/share/p0/local_setup.sh
[0.747s] -- Up-to-date: /home/yang/Desktop/proj/ros-prac/install/p0/share/p0/local_setup.zsh
[0.747s] -- Installing: /home/yang/Desktop/proj/ros-prac/install/p0/share/p0/local_setup.dsv
[0.747s] -- Installing: /home/yang/Desktop/proj/ros-prac/install/p0/share/p0/package.dsv
[0.747s] -- Up-to-date: /home/yang/Desktop/proj/ros-prac/install/p0/share/ament_index/resource_index/packages/p0
[0.747s] -- Up-to-date: /home/yang/Desktop/proj/ros-prac/install/p0/share/p0/cmake/p0Config.cmake
[0.748s] -- Up-to-date: /home/yang/Desktop/proj/ros-prac/install/p0/share/p0/cmake/p0Config-version.cmake
[0.748s] -- Up-to-date: /home/yang/Desktop/proj/ros-prac/install/p0/share/p0/package.xml
[0.748s] Invoked command in '/home/yang/Desktop/proj/ros-prac/build/p0' returned '0': CMAKE_PREFIX_PATH=${CMAKE_PREFIX_PATH}:/opt/ros/humble /usr/local/bin/cmake --install /home/yang/Desktop/proj/ros-prac/build/p0
