[0.002s] Invoking command in '/home/yang/proj/ros-prac/learn4/src/build/msgs': CMAKE_PREFIX_PATH=${CMAKE_PREFIX_PATH}:/opt/ros/jazzy /usr/bin/cmake /home/yang/proj/ros-prac/learn4/src/msgs -DCMAKE_EXPORT_COMPILE_COMMANDS=ON -DCMAKE_INSTALL_PREFIX=/home/yang/proj/ros-prac/learn4/src/install/msgs
[0.032s] -- The C compiler identification is GNU 13.3.0
[0.053s] -- The CXX compiler identification is GNU 13.3.0
[0.059s] -- Detecting C compiler ABI info
[0.090s] -- Detecting C compiler ABI info - done
[0.094s] -- Check for working C compiler: /usr/bin/cc - skipped
[0.094s] -- Detecting C compile features
[0.094s] -- Detecting C compile features - done
[0.097s] -- Detecting CXX compiler ABI info
[0.129s] -- Detecting CXX compiler ABI info - done
[0.132s] -- Check for working CXX compiler: /usr/bin/c++ - skipped
[0.133s] -- Detecting CXX compile features
[0.133s] -- Detecting CXX compile features - done
[0.133s] -- Found ament_cmake: 2.5.6 (/opt/ros/jazzy/share/ament_cmake/cmake)
[0.171s] -- Found Python3: /usr/bin/python3 (found version "3.12.3") found components: Interpreter 
[0.203s] -- Found ament_lint_auto: 0.17.5 (/opt/ros/jazzy/share/ament_lint_auto/cmake)
[0.237s] -- Added test 'lint_cmake' to check CMake code style
[0.237s] -- Added test 'xmllint' to check XML markup files
[0.237s] -- Configuring done (0.2s)
[0.238s] -- Generating done (0.0s)
[0.239s] [33mCMake Warning:
[0.239s]   Manually-specified variables were not used by the project:
[0.239s] 
[0.239s]     CMAKE_EXPORT_COMPILE_COMMANDS
[0.239s] 
[0.239s] [0m
[0.239s] -- Build files have been written to: /home/yang/proj/ros-prac/learn4/src/build/msgs
[0.241s] Invoked command in '/home/yang/proj/ros-prac/learn4/src/build/msgs' returned '0': CMAKE_PREFIX_PATH=${CMAKE_PREFIX_PATH}:/opt/ros/jazzy /usr/bin/cmake /home/yang/proj/ros-prac/learn4/src/msgs -DCMAKE_EXPORT_COMPILE_COMMANDS=ON -DCMAKE_INSTALL_PREFIX=/home/yang/proj/ros-prac/learn4/src/install/msgs
[0.241s] Invoking command in '/home/yang/proj/ros-prac/learn4/src/build/msgs': CMAKE_PREFIX_PATH=${CMAKE_PREFIX_PATH}:/opt/ros/jazzy /usr/bin/cmake --build /home/yang/proj/ros-prac/learn4/src/build/msgs -- -j10 -l10
[0.252s] Invoked command in '/home/yang/proj/ros-prac/learn4/src/build/msgs' returned '0': CMAKE_PREFIX_PATH=${CMAKE_PREFIX_PATH}:/opt/ros/jazzy /usr/bin/cmake --build /home/yang/proj/ros-prac/learn4/src/build/msgs -- -j10 -l10
[0.254s] Invoking command in '/home/yang/proj/ros-prac/learn4/src/build/msgs': CMAKE_PREFIX_PATH=${CMAKE_PREFIX_PATH}:/opt/ros/jazzy /usr/bin/cmake --install /home/yang/proj/ros-prac/learn4/src/build/msgs
[0.256s] -- Install configuration: ""
[0.257s] -- Installing: /home/yang/proj/ros-prac/learn4/src/install/msgs/share/ament_index/resource_index/package_run_dependencies/msgs
[0.257s] -- Installing: /home/yang/proj/ros-prac/learn4/src/install/msgs/share/ament_index/resource_index/parent_prefix_path/msgs
[0.257s] -- Installing: /home/yang/proj/ros-prac/learn4/src/install/msgs/share/msgs/environment/ament_prefix_path.sh
[0.257s] -- Installing: /home/yang/proj/ros-prac/learn4/src/install/msgs/share/msgs/environment/ament_prefix_path.dsv
[0.257s] -- Installing: /home/yang/proj/ros-prac/learn4/src/install/msgs/share/msgs/environment/path.sh
[0.257s] -- Installing: /home/yang/proj/ros-prac/learn4/src/install/msgs/share/msgs/environment/path.dsv
[0.257s] -- Installing: /home/yang/proj/ros-prac/learn4/src/install/msgs/share/msgs/local_setup.bash
[0.257s] -- Installing: /home/yang/proj/ros-prac/learn4/src/install/msgs/share/msgs/local_setup.sh
[0.257s] -- Installing: /home/yang/proj/ros-prac/learn4/src/install/msgs/share/msgs/local_setup.zsh
[0.257s] -- Installing: /home/yang/proj/ros-prac/learn4/src/install/msgs/share/msgs/local_setup.dsv
[0.257s] -- Installing: /home/yang/proj/ros-prac/learn4/src/install/msgs/share/msgs/package.dsv
[0.257s] -- Installing: /home/yang/proj/ros-prac/learn4/src/install/msgs/share/ament_index/resource_index/packages/msgs
[0.257s] -- Installing: /home/yang/proj/ros-prac/learn4/src/install/msgs/share/msgs/cmake/msgsConfig.cmake
[0.257s] -- Installing: /home/yang/proj/ros-prac/learn4/src/install/msgs/share/msgs/cmake/msgsConfig-version.cmake
[0.257s] -- Installing: /home/yang/proj/ros-prac/learn4/src/install/msgs/share/msgs/package.xml
[0.260s] Invoked command in '/home/yang/proj/ros-prac/learn4/src/build/msgs' returned '0': CMAKE_PREFIX_PATH=${CMAKE_PREFIX_PATH}:/opt/ros/jazzy /usr/bin/cmake --install /home/yang/proj/ros-prac/learn4/src/build/msgs
