[0.003s] Invoking command in '/home/yang/proj/ros-prac/learn6/build/nodes': CMAKE_PREFIX_PATH=/opt/ros/jazzy /usr/bin/cmake --build /home/yang/proj/ros-prac/learn6/build/nodes -- -j10 -l10
[0.020s] -- Found ament_cmake: 2.5.6 (/opt/ros/jazzy/share/ament_cmake/cmake)
[0.086s] -- Found rclcpp: 28.1.18 (/opt/ros/jazzy/share/rclcpp/cmake)
[0.094s] -- Found rosidl_generator_c: 4.6.7 (/opt/ros/jazzy/share/rosidl_generator_c/cmake)
[0.097s] -- Found rosidl_generator_cpp: 4.6.7 (/opt/ros/jazzy/share/rosidl_generator_cpp/cmake)
[0.101s] -- Using all available rosidl_typesupport_c: rosidl_typesupport_fastrtps_c;rosidl_typesupport_introspection_c
[0.106s] -- Using all available rosidl_typesupport_cpp: rosidl_typesupport_fastrtps_cpp;rosidl_typesupport_introspection_cpp
[0.127s] -- Found rmw_implementation_cmake: 7.3.3 (/opt/ros/jazzy/share/rmw_implementation_cmake/cmake)
[0.127s] -- Found rmw_fastrtps_cpp: 8.4.3 (/opt/ros/jazzy/share/rmw_fastrtps_cpp/cmake)
[0.147s] -- Using RMW implementation 'rmw_fastrtps_cpp' as default
[0.198s] -- Configuring done (0.2s)
[0.205s] -- Generating done (0.0s)
[0.206s] -- Build files have been written to: /home/yang/proj/ros-prac/learn6/build/nodes
[0.217s] [ 50%] [32mBuilding CXX object CMakeFiles/heater.dir/src/heater.cpp.o[0m
[1.301s] [100%] [32m[1mLinking CXX executable heater[0m
[1.342s] [100%] Built target heater
[1.345s] Invoked command in '/home/yang/proj/ros-prac/learn6/build/nodes' returned '0': CMAKE_PREFIX_PATH=/opt/ros/jazzy /usr/bin/cmake --build /home/yang/proj/ros-prac/learn6/build/nodes -- -j10 -l10
[1.347s] Invoking command in '/home/yang/proj/ros-prac/learn6/build/nodes': CMAKE_PREFIX_PATH=/opt/ros/jazzy /usr/bin/cmake --install /home/yang/proj/ros-prac/learn6/build/nodes
[1.349s] -- Install configuration: ""
[1.350s] -- Installing: /home/yang/proj/ros-prac/learn6/install/nodes/lib/nodes/heater
[1.351s] -- Set non-toolchain portion of runtime path of "/home/yang/proj/ros-prac/learn6/install/nodes/lib/nodes/heater" to ""
[1.351s] -- Installing: /home/yang/proj/ros-prac/learn6/install/nodes/share/nodes/config
[1.351s] -- Installing: /home/yang/proj/ros-prac/learn6/install/nodes/share/nodes/config/heater.yaml
[1.351s] -- Installing: /home/yang/proj/ros-prac/learn6/install/nodes/share/nodes/launch
[1.351s] -- Installing: /home/yang/proj/ros-prac/learn6/install/nodes/share/nodes/launch/heater.yaml
[1.351s] -- Up-to-date: /home/yang/proj/ros-prac/learn6/install/nodes/share/ament_index/resource_index/package_run_dependencies/nodes
[1.351s] -- Up-to-date: /home/yang/proj/ros-prac/learn6/install/nodes/share/ament_index/resource_index/parent_prefix_path/nodes
[1.351s] -- Up-to-date: /home/yang/proj/ros-prac/learn6/install/nodes/share/nodes/environment/ament_prefix_path.sh
[1.351s] -- Up-to-date: /home/yang/proj/ros-prac/learn6/install/nodes/share/nodes/environment/ament_prefix_path.dsv
[1.351s] -- Up-to-date: /home/yang/proj/ros-prac/learn6/install/nodes/share/nodes/environment/path.sh
[1.351s] -- Up-to-date: /home/yang/proj/ros-prac/learn6/install/nodes/share/nodes/environment/path.dsv
[1.351s] -- Up-to-date: /home/yang/proj/ros-prac/learn6/install/nodes/share/nodes/local_setup.bash
[1.351s] -- Up-to-date: /home/yang/proj/ros-prac/learn6/install/nodes/share/nodes/local_setup.sh
[1.351s] -- Up-to-date: /home/yang/proj/ros-prac/learn6/install/nodes/share/nodes/local_setup.zsh
[1.351s] -- Up-to-date: /home/yang/proj/ros-prac/learn6/install/nodes/share/nodes/local_setup.dsv
[1.351s] -- Installing: /home/yang/proj/ros-prac/learn6/install/nodes/share/nodes/package.dsv
[1.351s] -- Up-to-date: /home/yang/proj/ros-prac/learn6/install/nodes/share/ament_index/resource_index/packages/nodes
[1.351s] -- Up-to-date: /home/yang/proj/ros-prac/learn6/install/nodes/share/nodes/cmake/nodesConfig.cmake
[1.352s] -- Up-to-date: /home/yang/proj/ros-prac/learn6/install/nodes/share/nodes/cmake/nodesConfig-version.cmake
[1.352s] -- Up-to-date: /home/yang/proj/ros-prac/learn6/install/nodes/share/nodes/package.xml
[1.355s] Invoked command in '/home/yang/proj/ros-prac/learn6/build/nodes' returned '0': CMAKE_PREFIX_PATH=/opt/ros/jazzy /usr/bin/cmake --install /home/yang/proj/ros-prac/learn6/build/nodes
