-- Found ament_cmake: 2.5.6 (/opt/ros/jazzy/share/ament_cmake/cmake)
-- Found rclcpp: 28.1.18 (/opt/ros/jazzy/share/rclcpp/cmake)
-- Found rosidl_generator_c: 4.6.7 (/opt/ros/jazzy/share/rosidl_generator_c/cmake)
-- Found rosidl_generator_cpp: 4.6.7 (/opt/ros/jazzy/share/rosidl_generator_cpp/cmake)
-- Using all available rosidl_typesupport_c: rosidl_typesupport_fastrtps_c;rosidl_typesupport_introspection_c
-- Using all available rosidl_typesupport_cpp: rosidl_typesupport_fastrtps_cpp;rosidl_typesupport_introspection_cpp
-- Found rmw_implementation_cmake: 7.3.3 (/opt/ros/jazzy/share/rmw_implementation_cmake/cmake)
-- Found rmw_fastrtps_cpp: 8.4.3 (/opt/ros/jazzy/share/rmw_fastrtps_cpp/cmake)
-- Using RMW implementation 'rmw_fastrtps_cpp' as default
-- Found msgs: 0.0.0 (/home/yang/proj/ros-prac/task1/install/msgs/share/msgs/cmake)
-- Configuring done (0.2s)
-- Generating done (0.0s)
-- Build files have been written to: /home/yang/proj/ros-prac/task1/build/nodes
[ 25%] [32mBuilding CXX object CMakeFiles/monitor.dir/src/monitor.cpp.o[0m
[ 75%] Built target sensor
[100%] [32m[1mLinking CXX executable monitor[0m
[100%] Built target monitor
-- Install configuration: ""
-- Up-to-date: /home/yang/proj/ros-prac/task1/install/nodes/lib/nodes/sensor
-- Installing: /home/yang/proj/ros-prac/task1/install/nodes/lib/nodes/monitor
-- Set non-toolchain portion of runtime path of "/home/yang/proj/ros-prac/task1/install/nodes/lib/nodes/monitor" to ""
-- Up-to-date: /home/yang/proj/ros-prac/task1/install/nodes/share/ament_index/resource_index/package_run_dependencies/nodes
-- Installing: /home/yang/proj/ros-prac/task1/install/nodes/share/ament_index/resource_index/parent_prefix_path/nodes
-- Up-to-date: /home/yang/proj/ros-prac/task1/install/nodes/share/nodes/environment/ament_prefix_path.sh
-- Up-to-date: /home/yang/proj/ros-prac/task1/install/nodes/share/nodes/environment/ament_prefix_path.dsv
-- Up-to-date: /home/yang/proj/ros-prac/task1/install/nodes/share/nodes/environment/path.sh
-- Up-to-date: /home/yang/proj/ros-prac/task1/install/nodes/share/nodes/environment/path.dsv
-- Up-to-date: /home/yang/proj/ros-prac/task1/install/nodes/share/nodes/local_setup.bash
-- Up-to-date: /home/yang/proj/ros-prac/task1/install/nodes/share/nodes/local_setup.sh
-- Up-to-date: /home/yang/proj/ros-prac/task1/install/nodes/share/nodes/local_setup.zsh
-- Up-to-date: /home/yang/proj/ros-prac/task1/install/nodes/share/nodes/local_setup.dsv
-- Installing: /home/yang/proj/ros-prac/task1/install/nodes/share/nodes/package.dsv
-- Up-to-date: /home/yang/proj/ros-prac/task1/install/nodes/share/ament_index/resource_index/packages/nodes
-- Up-to-date: /home/yang/proj/ros-prac/task1/install/nodes/share/nodes/cmake/nodesConfig.cmake
-- Up-to-date: /home/yang/proj/ros-prac/task1/install/nodes/share/nodes/cmake/nodesConfig-version.cmake
-- Up-to-date: /home/yang/proj/ros-prac/task1/install/nodes/share/nodes/package.xml
