-- Found ament_cmake: 2.5.6 (/opt/ros/jazzy/share/ament_cmake/cmake)
-- Found rclcpp: 28.1.18 (/opt/ros/jazzy/share/rclcpp/cmake)
-- Found rosidl_generator_c: 4.6.7 (/opt/ros/jazzy/share/rosidl_generator_c/cmake)
-- Found rosidl_generator_cpp: 4.6.7 (/opt/ros/jazzy/share/rosidl_generator_cpp/cmake)
-- Using all available rosidl_typesupport_c: rosidl_typesupport_fastrtps_c;rosidl_typesupport_introspection_c
-- Using all available rosidl_typesupport_cpp: rosidl_typesupport_fastrtps_cpp;rosidl_typesupport_introspection_cpp
-- Found rmw_implementation_cmake: 7.3.3 (/opt/ros/jazzy/share/rmw_implementation_cmake/cmake)
-- Found rmw_fastrtps_cpp: 8.4.3 (/opt/ros/jazzy/share/rmw_fastrtps_cpp/cmake)
-- Using RMW implementation 'rmw_fastrtps_cpp' as default
-- Found std_msgs: 5.3.7 (/opt/ros/jazzy/share/std_msgs/cmake)
-- Found nav_msgs: 5.3.7 (/opt/ros/jazzy/share/nav_msgs/cmake)
-- Found tf2: 0.36.20 (/opt/ros/jazzy/share/tf2/cmake)
-- Found tf2_ros: 0.36.20 (/opt/ros/jazzy/share/tf2_ros/cmake)
-- Found tf2_geometry_msgs: 0.36.20 (/opt/ros/jazzy/share/tf2_geometry_msgs/cmake)
-- Found eigen3_cmake_module: 0.3.0 (/opt/ros/jazzy/share/eigen3_cmake_module/cmake)
-- Ensuring Eigen3 include directory is part of orocos-kdl CMake target
-- Found mcl_msgs: 0.0.0 (/home/yang/proj/ros-prac/learn15/install/mcl_msgs/share/mcl_msgs/cmake)
-- Found visualization_msgs: 5.3.7 (/opt/ros/jazzy/share/visualization_msgs/cmake)
-- Configuring done (0.4s)
-- Generating done (0.0s)
-- Build files have been written to: /home/yang/proj/ros-prac/learn15/build/learn15
[ 33%] Built target mcl_core
[ 50%] Building CXX object CMakeFiles/sim2d.dir/src/ros/sim2d_node.cpp.o
[ 83%] Built target mcl
[100%] Linking CXX executable sim2d
[100%] Built target sim2d
-- Install configuration: ""
-- Up-to-date: /home/yang/proj/ros-prac/learn15/install/learn15/lib/libmcl_core.so
-- Up-to-date: /home/yang/proj/ros-prac/learn15/install/learn15/lib/learn15/mcl
-- Installing: /home/yang/proj/ros-prac/learn15/install/learn15/lib/learn15/sim2d
-- Set non-toolchain portion of runtime path of "/home/yang/proj/ros-prac/learn15/install/learn15/lib/learn15/sim2d" to ""
-- Up-to-date: /home/yang/proj/ros-prac/learn15/install/learn15/include/learn15
-- Up-to-date: /home/yang/proj/ros-prac/learn15/install/learn15/include/learn15/learn15
-- Up-to-date: /home/yang/proj/ros-prac/learn15/install/learn15/include/learn15/learn15/geom.hpp
-- Up-to-date: /home/yang/proj/ros-prac/learn15/install/learn15/include/learn15/learn15/mcl.hpp
-- Up-to-date: /home/yang/proj/ros-prac/learn15/install/learn15/include/learn15/learn15/slam_types.hpp
-- Up-to-date: /home/yang/proj/ros-prac/learn15/install/learn15/share/learn15/launch
-- Up-to-date: /home/yang/proj/ros-prac/learn15/install/learn15/share/learn15/launch/mcl_demo.launch.py
-- Up-to-date: /home/yang/proj/ros-prac/learn15/install/learn15/share/learn15/rviz
-- Installing: /home/yang/proj/ros-prac/learn15/install/learn15/share/learn15/rviz/mcl_demo.rviz
-- Up-to-date: /home/yang/proj/ros-prac/learn15/install/learn15/share/learn15/environment/library_path.sh
-- Up-to-date: /home/yang/proj/ros-prac/learn15/install/learn15/share/learn15/environment/library_path.dsv
-- Installing: /home/yang/proj/ros-prac/learn15/install/learn15/share/ament_index/resource_index/package_run_dependencies/learn15
-- Up-to-date: /home/yang/proj/ros-prac/learn15/install/learn15/share/ament_index/resource_index/parent_prefix_path/learn15
-- Up-to-date: /home/yang/proj/ros-prac/learn15/install/learn15/share/learn15/environment/ament_prefix_path.sh
-- Up-to-date: /home/yang/proj/ros-prac/learn15/install/learn15/share/learn15/environment/ament_prefix_path.dsv
-- Up-to-date: /home/yang/proj/ros-prac/learn15/install/learn15/share/learn15/environment/path.sh
-- Up-to-date: /home/yang/proj/ros-prac/learn15/install/learn15/share/learn15/environment/path.dsv
-- Up-to-date: /home/yang/proj/ros-prac/learn15/install/learn15/share/learn15/local_setup.bash
-- Up-to-date: /home/yang/proj/ros-prac/learn15/install/learn15/share/learn15/local_setup.sh
-- Up-to-date: /home/yang/proj/ros-prac/learn15/install/learn15/share/learn15/local_setup.zsh
-- Up-to-date: /home/yang/proj/ros-prac/learn15/install/learn15/share/learn15/local_setup.dsv
-- Installing: /home/yang/proj/ros-prac/learn15/install/learn15/share/learn15/package.dsv
-- Up-to-date: /home/yang/proj/ros-prac/learn15/install/learn15/share/ament_index/resource_index/packages/learn15
-- Up-to-date: /home/yang/proj/ros-prac/learn15/install/learn15/share/learn15/cmake/export_learn15Export.cmake
-- Up-to-date: /home/yang/proj/ros-prac/learn15/install/learn15/share/learn15/cmake/export_learn15Export-noconfig.cmake
-- Up-to-date: /home/yang/proj/ros-prac/learn15/install/learn15/share/learn15/cmake/ament_cmake_export_targets-extras.cmake
-- Installing: /home/yang/proj/ros-prac/learn15/install/learn15/share/learn15/cmake/ament_cmake_export_dependencies-extras.cmake
-- Up-to-date: /home/yang/proj/ros-prac/learn15/install/learn15/share/learn15/cmake/learn15Config.cmake
-- Up-to-date: /home/yang/proj/ros-prac/learn15/install/learn15/share/learn15/cmake/learn15Config-version.cmake
-- Installing: /home/yang/proj/ros-prac/learn15/install/learn15/share/learn15/package.xml
