[ 25%] [32mBuilding CXX object CMakeFiles/ping.dir/src/ping.cpp.o[0m
[ 50%] [32mBuilding CXX object CMakeFiles/pong.dir/src/pong.cpp.o[0m
[ 75%] [32m[1mLinking CXX executable pong[0m
[100%] [32m[1mLinking CXX executable ping[0m
[100%] Built target pong
[100%] Built target ping
-- Install configuration: ""
-- Installing: /home/yang/Desktop/proj/ros-prac/install/p0/lib/p0/ping
-- Set non-toolchain portion of runtime path of "/home/yang/Desktop/proj/ros-prac/install/p0/lib/p0/ping" to ""
-- Installing: /home/yang/Desktop/proj/ros-prac/install/p0/lib/p0/pong
-- Set non-toolchain portion of runtime path of "/home/yang/Desktop/proj/ros-prac/install/p0/lib/p0/pong" to ""
-- Up-to-date: /home/yang/Desktop/proj/ros-prac/install/p0/share/ament_index/resource_index/package_run_dependencies/p0
-- Up-to-date: /home/yang/Desktop/proj/ros-prac/install/p0/share/ament_index/resource_index/parent_prefix_path/p0
-- Up-to-date: /home/yang/Desktop/proj/ros-prac/install/p0/share/p0/environment/ament_prefix_path.sh
-- Up-to-date: /home/yang/Desktop/proj/ros-prac/install/p0/share/p0/environment/ament_prefix_path.dsv
-- Up-to-date: /home/yang/Desktop/proj/ros-prac/install/p0/share/p0/environment/path.sh
-- Up-to-date: /home/yang/Desktop/proj/ros-prac/install/p0/share/p0/environment/path.dsv
-- Up-to-date: /home/yang/Desktop/proj/ros-prac/install/p0/share/p0/local_setup.bash
-- Up-to-date: /home/yang/Desktop/proj/ros-prac/install/p0/share/p0/local_setup.sh
-- Up-to-date: /home/yang/Desktop/proj/ros-prac/install/p0/share/p0/local_setup.zsh
-- Up-to-date: /home/yang/Desktop/proj/ros-prac/install/p0/share/p0/local_setup.dsv
-- Installing: /home/yang/Desktop/proj/ros-prac/install/p0/share/p0/package.dsv
-- Up-to-date: /home/yang/Desktop/proj/ros-prac/install/p0/share/ament_index/resource_index/packages/p0
-- Up-to-date: /home/yang/Desktop/proj/ros-prac/install/p0/share/p0/cmake/p0Config.cmake
-- Up-to-date: /home/yang/Desktop/proj/ros-prac/install/p0/share/p0/cmake/p0Config-version.cmake
-- Up-to-date: /home/yang/Desktop/proj/ros-prac/install/p0/share/p0/package.xml
