[0.003s] Invoking command in '/home/yang/proj/ros-prac/task1/build/msgs': CMAKE_PREFIX_PATH=${CMAKE_PREFIX_PATH}:/opt/ros/jazzy /usr/bin/cmake --build /home/yang/proj/ros-prac/task1/build/msgs -- -j10 -l10
[0.020s] [  2%] Built target msgs__rosidl_generator_type_description
[0.020s] [  4%] Built target msgs__rs
[0.022s] [  4%] Built target ament_cmake_python_copy_msgs
[0.025s] [  6%] Built target msgs__cpp
[0.026s] [ 24%] Built target msgs__rosidl_generator_c
[0.034s] [ 42%] Built target msgs__rosidl_typesupport_c
[0.034s] [ 42%] Built target msgs__rosidl_typesupport_introspection_c
[0.036s] [ 51%] Built target msgs__rosidl_typesupport_fastrtps_cpp
[0.036s] [ 66%] Built target msgs__rosidl_typesupport_fastrtps_c
[0.036s] [ 68%] Built target msgs__rosidl_typesupport_cpp
[0.036s] [ 77%] Built target msgs__rosidl_typesupport_introspection_cpp
[0.041s] [ 77%] Built target msgs
[0.047s] [ 80%] Built target msgs__py
[0.053s] [ 86%] Built target msgs__rosidl_generator_py
[0.060s] [100%] Built target msgs_s__rosidl_typesupport_c
[0.060s] [100%] Built target msgs_s__rosidl_typesupport_fastrtps_c
[0.060s] [100%] Built target msgs_s__rosidl_typesupport_introspection_c
[0.079s] running egg_info
[0.083s] writing msgs.egg-info/PKG-INFO
[0.083s] writing dependency_links to msgs.egg-info/dependency_links.txt
[0.083s] writing top-level names to msgs.egg-info/top_level.txt
[0.092s] reading manifest file 'msgs.egg-info/SOURCES.txt'
[0.092s] writing manifest file 'msgs.egg-info/SOURCES.txt'
[0.102s] [100%] Built target ament_cmake_python_build_msgs_egg
[0.105s] Invoked command in '/home/yang/proj/ros-prac/task1/build/msgs' returned '0': CMAKE_PREFIX_PATH=${CMAKE_PREFIX_PATH}:/opt/ros/jazzy /usr/bin/cmake --build /home/yang/proj/ros-prac/task1/build/msgs -- -j10 -l10
[0.108s] Invoking command in '/home/yang/proj/ros-prac/task1/build/msgs': CMAKE_PREFIX_PATH=${CMAKE_PREFIX_PATH}:/opt/ros/jazzy /usr/bin/cmake --install /home/yang/proj/ros-prac/task1/build/msgs
[0.110s] -- Install configuration: ""
[0.111s] -- Up-to-date: /home/yang/proj/ros-prac/task1/install/msgs/share/ament_index/resource_index/rosidl_interfaces/msgs
[0.111s] -- Up-to-date: /home/yang/proj/ros-prac/task1/install/msgs/share/msgs/msg/Temperature.json
[0.111s] -- Up-to-date: /home/yang/proj/ros-prac/task1/install/msgs/share/msgs/srv/GetAverage.json
[0.111s] -- Up-to-date: /home/yang/proj/ros-prac/task1/install/msgs/include/msgs/msgs
[0.111s] -- Up-to-date: /home/yang/proj/ros-prac/task1/install/msgs/include/msgs/msgs/msg
[0.111s] -- Up-to-date: /home/yang/proj/ros-prac/task1/install/msgs/include/msgs/msgs/msg/rosidl_generator_c__visibility_control.h
[0.111s] -- Up-to-date: /home/yang/proj/ros-prac/task1/install/msgs/include/msgs/msgs/msg/temperature.h
[0.111s] -- Up-to-date: /home/yang/proj/ros-prac/task1/install/msgs/include/msgs/msgs/msg/detail
[0.111s] -- Up-to-date: /home/yang/proj/ros-prac/task1/install/msgs/include/msgs/msgs/msg/detail/temperature__description.c
[0.111s] -- Up-to-date: /home/yang/proj/ros-prac/task1/install/msgs/include/msgs/msgs/msg/detail/temperature__functions.c
[0.111s] -- Up-to-date: /home/yang/proj/ros-prac/task1/install/msgs/include/msgs/msgs/msg/detail/temperature__functions.h
[0.111s] -- Up-to-date: /home/yang/proj/ros-prac/task1/install/msgs/include/msgs/msgs/msg/detail/temperature__struct.h
[0.111s] -- Up-to-date: /home/yang/proj/ros-prac/task1/install/msgs/include/msgs/msgs/msg/detail/temperature__type_support.c
[0.111s] -- Up-to-date: /home/yang/proj/ros-prac/task1/install/msgs/include/msgs/msgs/msg/detail/temperature__type_support.h
[0.111s] -- Up-to-date: /home/yang/proj/ros-prac/task1/install/msgs/include/msgs/msgs/srv
[0.111s] -- Up-to-date: /home/yang/proj/ros-prac/task1/install/msgs/include/msgs/msgs/srv/get_average.h
[0.111s] -- Up-to-date: /home/yang/proj/ros-prac/task1/install/msgs/include/msgs/msgs/srv/detail
[0.111s] -- Up-to-date: /home/yang/proj/ros-prac/task1/install/msgs/include/msgs/msgs/srv/detail/get_average__description.c
[0.111s] -- Up-to-date: /home/yang/proj/ros-prac/task1/install/msgs/include/msgs/msgs/srv/detail/get_average__functions.c
[0.111s] -- Up-to-date: /home/yang/proj/ros-prac/task1/install/msgs/include/msgs/msgs/srv/detail/get_average__functions.h
[0.111s] -- Up-to-date: /home/yang/proj/ros-prac/task1/install/msgs/include/msgs/msgs/srv/detail/get_average__struct.h
[0.111s] -- Up-to-date: /home/yang/proj/ros-prac/task1/install/msgs/include/msgs/msgs/srv/detail/get_average__type_support.c
[0.111s] -- Up-to-date: /home/yang/proj/ros-prac/task1/install/msgs/include/msgs/msgs/srv/detail/get_average__type_support.h
[0.111s] -- Up-to-date: /home/yang/proj/ros-prac/task1/install/msgs/share/msgs/environment/library_path.sh
[0.111s] -- Up-to-date: /home/yang/proj/ros-prac/task1/install/msgs/share/msgs/environment/library_path.dsv
[0.111s] -- Up-to-date: /home/yang/proj/ros-prac/task1/install/msgs/lib/libmsgs__rosidl_generator_c.so
[0.111s] -- Up-to-date: /home/yang/proj/ros-prac/task1/install/msgs/include/msgs/msgs
[0.111s] -- Up-to-date: /home/yang/proj/ros-prac/task1/install/msgs/include/msgs/msgs/msg
[0.111s] -- Up-to-date: /home/yang/proj/ros-prac/task1/install/msgs/include/msgs/msgs/msg/rosidl_typesupport_fastrtps_c__visibility_control.h
[0.111s] -- Up-to-date: /home/yang/proj/ros-prac/task1/install/msgs/include/msgs/msgs/msg/detail
[0.111s] -- Up-to-date: /home/yang/proj/ros-prac/task1/install/msgs/include/msgs/msgs/msg/detail/temperature__rosidl_typesupport_fastrtps_c.h
[0.111s] -- Up-to-date: /home/yang/proj/ros-prac/task1/install/msgs/include/msgs/msgs/srv
[0.111s] -- Up-to-date: /home/yang/proj/ros-prac/task1/install/msgs/include/msgs/msgs/srv/detail
[0.111s] -- Up-to-date: /home/yang/proj/ros-prac/task1/install/msgs/include/msgs/msgs/srv/detail/get_average__rosidl_typesupport_fastrtps_c.h
[0.111s] -- Up-to-date: /home/yang/proj/ros-prac/task1/install/msgs/lib/libmsgs__rosidl_typesupport_fastrtps_c.so
[0.111s] -- Up-to-date: /home/yang/proj/ros-prac/task1/install/msgs/include/msgs/msgs
[0.111s] -- Up-to-date: /home/yang/proj/ros-prac/task1/install/msgs/include/msgs/msgs/msg
[0.111s] -- Up-to-date: /home/yang/proj/ros-prac/task1/install/msgs/include/msgs/msgs/msg/rosidl_typesupport_introspection_c__visibility_control.h
[0.111s] -- Up-to-date: /home/yang/proj/ros-prac/task1/install/msgs/include/msgs/msgs/msg/detail
[0.112s] -- Up-to-date: /home/yang/proj/ros-prac/task1/install/msgs/include/msgs/msgs/msg/detail/temperature__rosidl_typesupport_introspection_c.h
[0.112s] -- Up-to-date: /home/yang/proj/ros-prac/task1/install/msgs/include/msgs/msgs/msg/detail/temperature__type_support.c
[0.112s] -- Up-to-date: /home/yang/proj/ros-prac/task1/install/msgs/include/msgs/msgs/srv
[0.112s] -- Up-to-date: /home/yang/proj/ros-prac/task1/install/msgs/include/msgs/msgs/srv/detail
[0.112s] -- Up-to-date: /home/yang/proj/ros-prac/task1/install/msgs/include/msgs/msgs/srv/detail/get_average__rosidl_typesupport_introspection_c.h
[0.112s] -- Up-to-date: /home/yang/proj/ros-prac/task1/install/msgs/include/msgs/msgs/srv/detail/get_average__type_support.c
[0.112s] -- Up-to-date: /home/yang/proj/ros-prac/task1/install/msgs/lib/libmsgs__rosidl_typesupport_introspection_c.so
[0.112s] -- Up-to-date: /home/yang/proj/ros-prac/task1/install/msgs/lib/libmsgs__rosidl_typesupport_c.so
[0.112s] -- Up-to-date: /home/yang/proj/ros-prac/task1/install/msgs/include/msgs/msgs
[0.112s] -- Up-to-date: /home/yang/proj/ros-prac/task1/install/msgs/include/msgs/msgs/msg
[0.112s] -- Up-to-date: /home/yang/proj/ros-prac/task1/install/msgs/include/msgs/msgs/msg/rosidl_generator_cpp__visibility_control.hpp
[0.112s] -- Up-to-date: /home/yang/proj/ros-prac/task1/install/msgs/include/msgs/msgs/msg/temperature.hpp
[0.112s] -- Up-to-date: /home/yang/proj/ros-prac/task1/install/msgs/include/msgs/msgs/msg/detail
[0.112s] -- Up-to-date: /home/yang/proj/ros-prac/task1/install/msgs/include/msgs/msgs/msg/detail/temperature__builder.hpp
[0.112s] -- Up-to-date: /home/yang/proj/ros-prac/task1/install/msgs/include/msgs/msgs/msg/detail/temperature__struct.hpp
[0.112s] -- Up-to-date: /home/yang/proj/ros-prac/task1/install/msgs/include/msgs/msgs/msg/detail/temperature__traits.hpp
[0.112s] -- Up-to-date: /home/yang/proj/ros-prac/task1/install/msgs/include/msgs/msgs/msg/detail/temperature__type_support.hpp
[0.112s] -- Up-to-date: /home/yang/proj/ros-prac/task1/install/msgs/include/msgs/msgs/srv
[0.112s] -- Up-to-date: /home/yang/proj/ros-prac/task1/install/msgs/include/msgs/msgs/srv/get_average.hpp
[0.112s] -- Up-to-date: /home/yang/proj/ros-prac/task1/install/msgs/include/msgs/msgs/srv/detail
[0.112s] -- Up-to-date: /home/yang/proj/ros-prac/task1/install/msgs/include/msgs/msgs/srv/detail/get_average__builder.hpp
[0.112s] -- Up-to-date: /home/yang/proj/ros-prac/task1/install/msgs/include/msgs/msgs/srv/detail/get_average__struct.hpp
[0.112s] -- Up-to-date: /home/yang/proj/ros-prac/task1/install/msgs/include/msgs/msgs/srv/detail/get_average__traits.hpp
[0.112s] -- Up-to-date: /home/yang/proj/ros-prac/task1/install/msgs/include/msgs/msgs/srv/detail/get_average__type_support.hpp
[0.112s] -- Up-to-date: /home/yang/proj/ros-prac/task1/install/msgs/include/msgs/msgs
[0.112s] -- Up-to-date: /home/yang/proj/ros-prac/task1/install/msgs/include/msgs/msgs/msg
[0.112s] -- Up-to-date: /home/yang/proj/ros-prac/task1/install/msgs/include/msgs/msgs/msg/rosidl_typesupport_fastrtps_cpp__visibility_control.h
[0.112s] -- Up-to-date: /home/yang/proj/ros-prac/task1/install/msgs/include/msgs/msgs/msg/detail
[0.112s] -- Up-to-date: /home/yang/proj/ros-prac/task1/install/msgs/include/msgs/msgs/msg/detail/temperature__rosidl_typesupport_fastrtps_cpp.hpp
[0.112s] -- Up-to-date: /home/yang/proj/ros-prac/task1/install/msgs/include/msgs/msgs/msg/detail/dds_fastrtps
[0.112s] -- Up-to-date: /home/yang/proj/ros-prac/task1/install/msgs/include/msgs/msgs/srv
[0.112s] -- Up-to-date: /home/yang/proj/ros-prac/task1/install/msgs/include/msgs/msgs/srv/detail
[0.112s] -- Up-to-date: /home/yang/proj/ros-prac/task1/install/msgs/include/msgs/msgs/srv/detail/get_average__rosidl_typesupport_fastrtps_cpp.hpp
[0.112s] -- Up-to-date: /home/yang/proj/ros-prac/task1/install/msgs/include/msgs/msgs/srv/detail/dds_fastrtps
[0.112s] -- Up-to-date: /home/yang/proj/ros-prac/task1/install/msgs/lib/libmsgs__rosidl_typesupport_fastrtps_cpp.so
[0.112s] -- Up-to-date: /home/yang/proj/ros-prac/task1/install/msgs/include/msgs/msgs
[0.112s] -- Up-to-date: /home/yang/proj/ros-prac/task1/install/msgs/include/msgs/msgs/msg
[0.112s] -- Up-to-date: /home/yang/proj/ros-prac/task1/install/msgs/include/msgs/msgs/msg/detail
[0.112s] -- Up-to-date: /home/yang/proj/ros-prac/task1/install/msgs/include/msgs/msgs/msg/detail/temperature__rosidl_typesupport_introspection_cpp.hpp
[0.112s] -- Up-to-date: /home/yang/proj/ros-prac/task1/install/msgs/include/msgs/msgs/msg/detail/temperature__type_support.cpp
[0.112s] -- Up-to-date: /home/yang/proj/ros-prac/task1/install/msgs/include/msgs/msgs/srv
[0.112s] -- Up-to-date: /home/yang/proj/ros-prac/task1/install/msgs/include/msgs/msgs/srv/detail
[0.112s] -- Up-to-date: /home/yang/proj/ros-prac/task1/install/msgs/include/msgs/msgs/srv/detail/get_average__rosidl_typesupport_introspection_cpp.hpp
[0.112s] -- Up-to-date: /home/yang/proj/ros-prac/task1/install/msgs/include/msgs/msgs/srv/detail/get_average__type_support.cpp
[0.112s] -- Up-to-date: /home/yang/proj/ros-prac/task1/install/msgs/lib/libmsgs__rosidl_typesupport_introspection_cpp.so
[0.112s] -- Up-to-date: /home/yang/proj/ros-prac/task1/install/msgs/lib/libmsgs__rosidl_typesupport_cpp.so
[0.112s] -- Up-to-date: /home/yang/proj/ros-prac/task1/install/msgs/share/msgs/environment/pythonpath.sh
[0.112s] -- Up-to-date: /home/yang/proj/ros-prac/task1/install/msgs/share/msgs/environment/pythonpath.dsv
[0.112s] -- Up-to-date: /home/yang/proj/ros-prac/task1/install/msgs/lib/python3.12/site-packages/msgs-0.0.0-py3.12.egg-info
[0.113s] -- Installing: /home/yang/proj/ros-prac/task1/install/msgs/lib/python3.12/site-packages/msgs-0.0.0-py3.12.egg-info/PKG-INFO
[0.113s] -- Installing: /home/yang/proj/ros-prac/task1/install/msgs/lib/python3.12/site-packages/msgs-0.0.0-py3.12.egg-info/dependency_links.txt
[0.113s] -- Installing: /home/yang/proj/ros-prac/task1/install/msgs/lib/python3.12/site-packages/msgs-0.0.0-py3.12.egg-info/top_level.txt
[0.113s] -- Installing: /home/yang/proj/ros-prac/task1/install/msgs/lib/python3.12/site-packages/msgs-0.0.0-py3.12.egg-info/SOURCES.txt
[0.113s] -- Up-to-date: /home/yang/proj/ros-prac/task1/install/msgs/lib/python3.12/site-packages/msgs
[0.113s] -- Up-to-date: /home/yang/proj/ros-prac/task1/install/msgs/lib/python3.12/site-packages/msgs/__init__.py
[0.113s] -- Up-to-date: /home/yang/proj/ros-prac/task1/install/msgs/lib/python3.12/site-packages/msgs/msg
[0.113s] -- Up-to-date: /home/yang/proj/ros-prac/task1/install/msgs/lib/python3.12/site-packages/msgs/msg/_temperature.py
[0.113s] -- Up-to-date: /home/yang/proj/ros-prac/task1/install/msgs/lib/python3.12/site-packages/msgs/msg/_temperature_s.c
[0.113s] -- Up-to-date: /home/yang/proj/ros-prac/task1/install/msgs/lib/python3.12/site-packages/msgs/msg/__init__.py
[0.113s] -- Up-to-date: /home/yang/proj/ros-prac/task1/install/msgs/lib/python3.12/site-packages/msgs/srv
[0.113s] -- Up-to-date: /home/yang/proj/ros-prac/task1/install/msgs/lib/python3.12/site-packages/msgs/srv/_get_average.py
[0.113s] -- Up-to-date: /home/yang/proj/ros-prac/task1/install/msgs/lib/python3.12/site-packages/msgs/srv/_get_average_s.c
[0.113s] -- Up-to-date: /home/yang/proj/ros-prac/task1/install/msgs/lib/python3.12/site-packages/msgs/srv/__init__.py
[0.113s] -- Up-to-date: /home/yang/proj/ros-prac/task1/install/msgs/lib/python3.12/site-packages/msgs/_msgs_s.ep.rosidl_typesupport_fastrtps_c.c
[0.113s] -- Up-to-date: /home/yang/proj/ros-prac/task1/install/msgs/lib/python3.12/site-packages/msgs/_msgs_s.ep.rosidl_typesupport_introspection_c.c
[0.113s] -- Up-to-date: /home/yang/proj/ros-prac/task1/install/msgs/lib/python3.12/site-packages/msgs/_msgs_s.ep.rosidl_typesupport_c.c
[0.113s] -- Up-to-date: /home/yang/proj/ros-prac/task1/install/msgs/lib/python3.12/site-packages/msgs/msgs_s__rosidl_typesupport_c.so
[0.113s] -- Up-to-date: /home/yang/proj/ros-prac/task1/install/msgs/lib/python3.12/site-packages/msgs/msgs_s__rosidl_typesupport_introspection_c.so
[0.113s] -- Up-to-date: /home/yang/proj/ros-prac/task1/install/msgs/lib/python3.12/site-packages/msgs/msgs_s__rosidl_typesupport_fastrtps_c.so
[0.124s] Listing '/home/yang/proj/ros-prac/task1/install/msgs/lib/python3.12/site-packages/msgs'...
[0.124s] Listing '/home/yang/proj/ros-prac/task1/install/msgs/lib/python3.12/site-packages/msgs/msg'...
[0.124s] Listing '/home/yang/proj/ros-prac/task1/install/msgs/lib/python3.12/site-packages/msgs/srv'...
[0.125s] -- Up-to-date: /home/yang/proj/ros-prac/task1/install/msgs/lib/python3.12/site-packages/msgs/msgs_s__rosidl_typesupport_fastrtps_c.so
[0.126s] -- Up-to-date: /home/yang/proj/ros-prac/task1/install/msgs/lib/python3.12/site-packages/msgs/msgs_s__rosidl_typesupport_introspection_c.so
[0.126s] -- Up-to-date: /home/yang/proj/ros-prac/task1/install/msgs/lib/python3.12/site-packages/msgs/msgs_s__rosidl_typesupport_c.so
[0.126s] -- Up-to-date: /home/yang/proj/ros-prac/task1/install/msgs/lib/libmsgs__rosidl_generator_py.so
[0.126s] -- Up-to-date: /home/yang/proj/ros-prac/task1/install/msgs/share/ament_index/resource_index/rust_packages/msgs
[0.126s] -- Up-to-date: /home/yang/proj/ros-prac/task1/install/msgs/share/msgs/rust
[0.126s] -- Up-to-date: /home/yang/proj/ros-prac/task1/install/msgs/share/msgs/rust/src
[0.126s] -- Up-to-date: /home/yang/proj/ros-prac/task1/install/msgs/share/msgs/rust/src/msg.rs
[0.126s] -- Up-to-date: /home/yang/proj/ros-prac/task1/install/msgs/share/msgs/rust/src/msg
[0.126s] -- Up-to-date: /home/yang/proj/ros-prac/task1/install/msgs/share/msgs/rust/src/msg/rmw.rs
[0.126s] -- Up-to-date: /home/yang/proj/ros-prac/task1/install/msgs/share/msgs/rust/src/srv.rs
[0.126s] -- Up-to-date: /home/yang/proj/ros-prac/task1/install/msgs/share/msgs/rust/src/srv
[0.126s] -- Up-to-date: /home/yang/proj/ros-prac/task1/install/msgs/share/msgs/rust/src/srv/rmw.rs
[0.126s] -- Up-to-date: /home/yang/proj/ros-prac/task1/install/msgs/share/msgs/rust/src/lib.rs
[0.126s] -- Up-to-date: /home/yang/proj/ros-prac/task1/install/msgs/share/msgs/rust/Cargo.toml
[0.126s] -- Up-to-date: /home/yang/proj/ros-prac/task1/install/msgs/share/msgs/rust/build.rs
[0.126s] -- Up-to-date: /home/yang/proj/ros-prac/task1/install/msgs/share/msgs/msg/Temperature.idl
[0.126s] -- Up-to-date: /home/yang/proj/ros-prac/task1/install/msgs/share/msgs/srv/GetAverage.idl
[0.126s] -- Up-to-date: /home/yang/proj/ros-prac/task1/install/msgs/share/msgs/msg/Temperature.msg
[0.126s] -- Up-to-date: /home/yang/proj/ros-prac/task1/install/msgs/share/msgs/srv/GetAverage.srv
[0.126s] -- Up-to-date: /home/yang/proj/ros-prac/task1/install/msgs/share/ament_index/resource_index/package_run_dependencies/msgs
[0.126s] -- Up-to-date: /home/yang/proj/ros-prac/task1/install/msgs/share/ament_index/resource_index/parent_prefix_path/msgs
[0.126s] -- Up-to-date: /home/yang/proj/ros-prac/task1/install/msgs/share/msgs/environment/ament_prefix_path.sh
[0.126s] -- Up-to-date: /home/yang/proj/ros-prac/task1/install/msgs/share/msgs/environment/ament_prefix_path.dsv
[0.126s] -- Up-to-date: /home/yang/proj/ros-prac/task1/install/msgs/share/msgs/environment/path.sh
[0.126s] -- Up-to-date: /home/yang/proj/ros-prac/task1/install/msgs/share/msgs/environment/path.dsv
[0.126s] -- Up-to-date: /home/yang/proj/ros-prac/task1/install/msgs/share/msgs/local_setup.bash
[0.126s] -- Up-to-date: /home/yang/proj/ros-prac/task1/install/msgs/share/msgs/local_setup.sh
[0.126s] -- Up-to-date: /home/yang/proj/ros-prac/task1/install/msgs/share/msgs/local_setup.zsh
[0.126s] -- Up-to-date: /home/yang/proj/ros-prac/task1/install/msgs/share/msgs/local_setup.dsv
[0.126s] -- Installing: /home/yang/proj/ros-prac/task1/install/msgs/share/msgs/package.dsv
[0.126s] -- Up-to-date: /home/yang/proj/ros-prac/task1/install/msgs/share/ament_index/resource_index/packages/msgs
[0.126s] -- Up-to-date: /home/yang/proj/ros-prac/task1/install/msgs/share/msgs/cmake/export_msgs__rosidl_generator_cExport.cmake
[0.126s] -- Up-to-date: /home/yang/proj/ros-prac/task1/install/msgs/share/msgs/cmake/export_msgs__rosidl_generator_cExport-noconfig.cmake
[0.126s] -- Up-to-date: /home/yang/proj/ros-prac/task1/install/msgs/share/msgs/cmake/export_msgs__rosidl_typesupport_fastrtps_cExport.cmake
[0.127s] -- Up-to-date: /home/yang/proj/ros-prac/task1/install/msgs/share/msgs/cmake/export_msgs__rosidl_typesupport_fastrtps_cExport-noconfig.cmake
[0.127s] -- Up-to-date: /home/yang/proj/ros-prac/task1/install/msgs/share/msgs/cmake/msgs__rosidl_typesupport_introspection_cExport.cmake
[0.127s] -- Up-to-date: /home/yang/proj/ros-prac/task1/install/msgs/share/msgs/cmake/msgs__rosidl_typesupport_introspection_cExport-noconfig.cmake
[0.127s] -- Up-to-date: /home/yang/proj/ros-prac/task1/install/msgs/share/msgs/cmake/msgs__rosidl_typesupport_cExport.cmake
[0.127s] -- Up-to-date: /home/yang/proj/ros-prac/task1/install/msgs/share/msgs/cmake/msgs__rosidl_typesupport_cExport-noconfig.cmake
[0.127s] -- Up-to-date: /home/yang/proj/ros-prac/task1/install/msgs/share/msgs/cmake/export_msgs__rosidl_generator_cppExport.cmake
[0.127s] -- Up-to-date: /home/yang/proj/ros-prac/task1/install/msgs/share/msgs/cmake/export_msgs__rosidl_typesupport_fastrtps_cppExport.cmake
[0.127s] -- Up-to-date: /home/yang/proj/ros-prac/task1/install/msgs/share/msgs/cmake/export_msgs__rosidl_typesupport_fastrtps_cppExport-noconfig.cmake
[0.127s] -- Up-to-date: /home/yang/proj/ros-prac/task1/install/msgs/share/msgs/cmake/msgs__rosidl_typesupport_introspection_cppExport.cmake
[0.127s] -- Up-to-date: /home/yang/proj/ros-prac/task1/install/msgs/share/msgs/cmake/msgs__rosidl_typesupport_introspection_cppExport-noconfig.cmake
[0.127s] -- Up-to-date: /home/yang/proj/ros-prac/task1/install/msgs/share/msgs/cmake/msgs__rosidl_typesupport_cppExport.cmake
[0.127s] -- Up-to-date: /home/yang/proj/ros-prac/task1/install/msgs/share/msgs/cmake/msgs__rosidl_typesupport_cppExport-noconfig.cmake
[0.127s] -- Up-to-date: /home/yang/proj/ros-prac/task1/install/msgs/share/msgs/cmake/export_msgs__rosidl_generator_pyExport.cmake
[0.127s] -- Up-to-date: /home/yang/proj/ros-prac/task1/install/msgs/share/msgs/cmake/export_msgs__rosidl_generator_pyExport-noconfig.cmake
[0.127s] -- Up-to-date: /home/yang/proj/ros-prac/task1/install/msgs/share/msgs/cmake/rosidl_cmake-extras.cmake
[0.127s] -- Up-to-date: /home/yang/proj/ros-prac/task1/install/msgs/share/msgs/cmake/ament_cmake_export_dependencies-extras.cmake
[0.127s] -- Up-to-date: /home/yang/proj/ros-prac/task1/install/msgs/share/msgs/cmake/ament_cmake_export_include_directories-extras.cmake
[0.127s] -- Up-to-date: /home/yang/proj/ros-prac/task1/install/msgs/share/msgs/cmake/ament_cmake_export_libraries-extras.cmake
[0.127s] -- Up-to-date: /home/yang/proj/ros-prac/task1/install/msgs/share/msgs/cmake/ament_cmake_export_targets-extras.cmake
[0.127s] -- Up-to-date: /home/yang/proj/ros-prac/task1/install/msgs/share/msgs/cmake/rosidl_cmake_export_typesupport_targets-extras.cmake
[0.127s] -- Up-to-date: /home/yang/proj/ros-prac/task1/install/msgs/share/msgs/cmake/rosidl_cmake_export_typesupport_libraries-extras.cmake
[0.127s] -- Up-to-date: /home/yang/proj/ros-prac/task1/install/msgs/share/msgs/cmake/msgsConfig.cmake
[0.127s] -- Up-to-date: /home/yang/proj/ros-prac/task1/install/msgs/share/msgs/cmake/msgsConfig-version.cmake
[0.127s] -- Up-to-date: /home/yang/proj/ros-prac/task1/install/msgs/share/msgs/package.xml
[0.127s] Invoked command in '/home/yang/proj/ros-prac/task1/build/msgs' returned '0': CMAKE_PREFIX_PATH=${CMAKE_PREFIX_PATH}:/opt/ros/jazzy /usr/bin/cmake --install /home/yang/proj/ros-prac/task1/build/msgs
