[0.008s] Invoking command in '/home/yang/Desktop/proj/ros-prac/src/build/p0': CMAKE_PREFIX_PATH=/opt/ros/humble /usr/local/bin/cmake /home/yang/Desktop/proj/ros-prac/src/p0 -DCMAKE_EXPORT_COMPILE_COMMANDS=ON -DCMAKE_INSTALL_PREFIX=/home/yang/Desktop/proj/ros-prac/src/install/p0
[0.052s] -- The C compiler identification is GNU 11.4.0
[0.101s] -- The CXX compiler identification is GNU 11.4.0
[0.111s] -- Detecting C compiler ABI info
[0.165s] -- Detecting C compiler ABI info - done
[0.180s] -- Check for working C compiler: /usr/bin/cc - skipped
[0.180s] -- Detecting C compile features
[0.180s] -- Detecting C compile features - done
[0.183s] -- Detecting CXX compiler ABI info
[0.247s] -- Detecting CXX compiler ABI info - done
[0.262s] -- Check for working CXX compiler: /usr/bin/c++ - skipped
[0.262s] -- Detecting CXX compile features
[0.262s] -- Detecting CXX compile features - done
[0.264s] -- Found ament_cmake: 1.3.13 (/opt/ros/humble/share/ament_cmake/cmake)
[0.368s] -- Found Python3: /usr/bin/python3 (found version "3.10.12") found components: Interpreter
[0.432s] -- Found rclcpp: 16.0.18 (/opt/ros/humble/share/rclcpp/cmake)
[0.466s] -- Found rosidl_generator_c: 3.1.8 (/opt/ros/humble/share/rosidl_generator_c/cmake)
[0.470s] -- Found rosidl_adapter: 3.1.8 (/opt/ros/humble/share/rosidl_adapter/cmake)
[0.477s] -- Found rosidl_generator_cpp: 3.1.8 (/opt/ros/humble/share/rosidl_generator_cpp/cmake)
[0.488s] -- Using all available rosidl_typesupport_c: rosidl_typesupport_fastrtps_c;rosidl_typesupport_introspection_c
[0.502s] -- Using all available rosidl_typesupport_cpp: rosidl_typesupport_fastrtps_cpp;rosidl_typesupport_introspection_cpp
[0.541s] -- Found rmw_implementation_cmake: 6.1.2 (/opt/ros/humble/share/rmw_implementation_cmake/cmake)
[0.543s] -- Found rmw_fastrtps_cpp: 6.2.10 (/opt/ros/humble/share/rmw_fastrtps_cpp/cmake)
[0.621s] -- Found OpenSSL: /usr/lib/x86_64-linux-gnu/libcrypto.so (found version "3.0.2")
[0.646s] -- Found FastRTPS: /opt/ros/humble/include
[0.683s] -- Using RMW implementation 'rmw_fastrtps_cpp' as default
[0.689s] -- Performing Test CMAKE_HAVE_LIBC_PTHREAD
[0.746s] -- Performing Test CMAKE_HAVE_LIBC_PTHREAD - Success
[0.747s] -- Found Threads: TRUE
[0.847s] -- Configuring done (0.8s)
[0.857s] -- Generating done (0.0s)
[0.860s] -- Build files have been written to: /home/yang/Desktop/proj/ros-prac/src/build/p0
[0.867s] Invoked command in '/home/yang/Desktop/proj/ros-prac/src/build/p0' returned '0': CMAKE_PREFIX_PATH=/opt/ros/humble /usr/local/bin/cmake /home/yang/Desktop/proj/ros-prac/src/p0 -DCMAKE_EXPORT_COMPILE_COMMANDS=ON -DCMAKE_INSTALL_PREFIX=/home/yang/Desktop/proj/ros-prac/src/install/p0
[0.869s] Invoking command in '/home/yang/Desktop/proj/ros-prac/src/build/p0': CMAKE_PREFIX_PATH=/opt/ros/humble /usr/local/bin/cmake --build /home/yang/Desktop/proj/ros-prac/src/build/p0 -- -j16 -l16
[0.890s] [ 25%] [32mBuilding CXX object CMakeFiles/talker.dir/src/publisher_node.cpp.o[0m
[0.892s] [ 50%] [32mBuilding CXX object CMakeFiles/listener.dir/src/subscriber_node.cpp.o[0m
[4.284s] [ 75%] [32m[1mLinking CXX executable talker[0m
[4.429s] [ 75%] Built target talker
[7.139s] [100%] [32m[1mLinking CXX executable listener[0m
[7.391s] [100%] Built target listener
[7.397s] Invoked command in '/home/yang/Desktop/proj/ros-prac/src/build/p0' returned '0': CMAKE_PREFIX_PATH=/opt/ros/humble /usr/local/bin/cmake --build /home/yang/Desktop/proj/ros-prac/src/build/p0 -- -j16 -l16
[7.401s] Invoking command in '/home/yang/Desktop/proj/ros-prac/src/build/p0': CMAKE_PREFIX_PATH=/opt/ros/humble /usr/local/bin/cmake --install /home/yang/Desktop/proj/ros-prac/src/build/p0
[7.402s] -- Install configuration: ""
[7.403s] -- Installing: /home/yang/Desktop/proj/ros-prac/src/install/p0/lib/p0/talker
[7.404s] -- Set non-toolchain portion of runtime path of "/home/yang/Desktop/proj/ros-prac/src/install/p0/lib/p0/talker" to ""
[7.404s] -- Installing: /home/yang/Desktop/proj/ros-prac/src/install/p0/share/ament_index/resource_index/package_run_dependencies/p0
[7.404s] -- Installing: /home/yang/Desktop/proj/ros-prac/src/install/p0/share/ament_index/resource_index/parent_prefix_path/p0
[7.404s] -- Installing: /home/yang/Desktop/proj/ros-prac/src/install/p0/share/p0/environment/ament_prefix_path.sh
[7.404s] -- Installing: /home/yang/Desktop/proj/ros-prac/src/install/p0/share/p0/environment/ament_prefix_path.dsv
[7.404s] -- Installing: /home/yang/Desktop/proj/ros-prac/src/install/p0/share/p0/environment/path.sh
[7.404s] -- Installing: /home/yang/Desktop/proj/ros-prac/src/install/p0/share/p0/environment/path.dsv
[7.405s] -- Installing: /home/yang/Desktop/proj/ros-prac/src/install/p0/share/p0/local_setup.bash
[7.405s] -- Installing: /home/yang/Desktop/proj/ros-prac/src/install/p0/share/p0/local_setup.sh
[7.405s] -- Installing: /home/yang/Desktop/proj/ros-prac/src/install/p0/share/p0/local_setup.zsh
[7.405s] -- Installing: /home/yang/Desktop/proj/ros-prac/src/install/p0/share/p0/local_setup.dsv
[7.405s] -- Installing: /home/yang/Desktop/proj/ros-prac/src/install/p0/share/p0/package.dsv
[7.405s] -- Installing: /home/yang/Desktop/proj/ros-prac/src/install/p0/share/ament_index/resource_index/packages/p0
[7.405s] -- Installing: /home/yang/Desktop/proj/ros-prac/src/install/p0/share/p0/cmake/p0Config.cmake
[7.405s] -- Installing: /home/yang/Desktop/proj/ros-prac/src/install/p0/share/p0/cmake/p0Config-version.cmake
[7.406s] -- Installing: /home/yang/Desktop/proj/ros-prac/src/install/p0/share/p0/package.xml
[7.407s] Invoked command in '/home/yang/Desktop/proj/ros-prac/src/build/p0' returned '0': CMAKE_PREFIX_PATH=/opt/ros/humble /usr/local/bin/cmake --install /home/yang/Desktop/proj/ros-prac/src/build/p0
