[ 50%] [32mBuilding CXX object CMakeFiles/sensor.dir/src/sensor.cpp.o[0m
[01m[K/home/yang/proj/ros-prac/task1/src/nodes/src/sensor.cpp:[m[K In function ‘[01m[Kstd::string[01;32m[K to_string[m[K(const MsgTemperature&)[m[K’:
[01m[K/home/yang/proj/ros-prac/task1/src/nodes/src/sensor.cpp:16:51:[m[K [01;35m[Kwarning: [m[Kformat ‘[01m[K%ld[m[K’ expects argument of type ‘[01m[Klong int[m[K’, but argument 5 has type ‘[01m[Kint[m[K’ [[01;35m[K]8;;https://gcc.gnu.org/onlinedocs/gcc/Warning-Options.html#index-Wformat=-Wformat=]8;;[m[K]
   16 |   std::snprintf(buf, sizeof(buf), "Publish %s: [[01;35m[K%ld[m[K] %.2f", msg.name.c_str(),
      |                                                 [01;35m[K~~^[m[K
      |                                                   [01;35m[K|[m[K
      |                                                   [01;35m[Klong int[m[K
      |                                                 [32m[K%d[m[K
   17 |                 [32m[Kmsg.time[m[K, msg.temperature);
      |                 [32m[K~~~~~~~~[m[K                           
      |                     [32m[K|[m[K
      |                     [32m[Kint[m[K
[100%] [32m[1mLinking CXX executable sensor[0m
[100%] Built target sensor
-- Install configuration: ""
-- Installing: /home/yang/proj/ros-prac/task1/install/nodes/lib/nodes/sensor
-- Set non-toolchain portion of runtime path of "/home/yang/proj/ros-prac/task1/install/nodes/lib/nodes/sensor" to ""
-- Up-to-date: /home/yang/proj/ros-prac/task1/install/nodes/share/ament_index/resource_index/package_run_dependencies/nodes
-- Up-to-date: /home/yang/proj/ros-prac/task1/install/nodes/share/ament_index/resource_index/parent_prefix_path/nodes
-- Up-to-date: /home/yang/proj/ros-prac/task1/install/nodes/share/nodes/environment/ament_prefix_path.sh
-- Up-to-date: /home/yang/proj/ros-prac/task1/install/nodes/share/nodes/environment/ament_prefix_path.dsv
-- Up-to-date: /home/yang/proj/ros-prac/task1/install/nodes/share/nodes/environment/path.sh
-- Up-to-date: /home/yang/proj/ros-prac/task1/install/nodes/share/nodes/environment/path.dsv
-- Up-to-date: /home/yang/proj/ros-prac/task1/install/nodes/share/nodes/local_setup.bash
-- Up-to-date: /home/yang/proj/ros-prac/task1/install/nodes/share/nodes/local_setup.sh
-- Up-to-date: /home/yang/proj/ros-prac/task1/install/nodes/share/nodes/local_setup.zsh
-- Up-to-date: /home/yang/proj/ros-prac/task1/install/nodes/share/nodes/local_setup.dsv
-- Installing: /home/yang/proj/ros-prac/task1/install/nodes/share/nodes/package.dsv
-- Up-to-date: /home/yang/proj/ros-prac/task1/install/nodes/share/ament_index/resource_index/packages/nodes
-- Up-to-date: /home/yang/proj/ros-prac/task1/install/nodes/share/nodes/cmake/nodesConfig.cmake
-- Up-to-date: /home/yang/proj/ros-prac/task1/install/nodes/share/nodes/cmake/nodesConfig-version.cmake
-- Up-to-date: /home/yang/proj/ros-prac/task1/install/nodes/share/nodes/package.xml
