[0.004s] Invoking command in '/home/yang/proj/ros-prac/task1/build/nodes': AMENT_PREFIX_PATH=/home/yang/proj/ros-prac/task1/install/msgs:${AMENT_PREFIX_PATH} CMAKE_PREFIX_PATH=/home/yang/proj/ros-prac/task1/install/msgs:/opt/ros/jazzy LD_LIBRARY_PATH=/home/yang/proj/ros-prac/task1/install/msgs/lib:${LD_LIBRARY_PATH} PYTHONPATH=/home/yang/proj/ros-prac/task1/install/msgs/lib/python3.12/site-packages:${PYTHONPATH} /usr/bin/cmake --build /home/yang/proj/ros-prac/task1/build/nodes -- -j10 -l10
[0.024s] [ 50%] [32mBuilding CXX object CMakeFiles/sensor.dir/src/sensor.cpp.o[0m
[0.781s] [01m[K/home/yang/proj/ros-prac/task1/src/nodes/src/sensor.cpp:[m[K In function ‘[01m[Kstd::string[01;32m[K to_string[m[K(const MsgTemperature&)[m[K’:
[0.781s] [01m[K/home/yang/proj/ros-prac/task1/src/nodes/src/sensor.cpp:16:51:[m[K [01;35m[Kwarning: [m[Kformat ‘[01m[K%ld[m[K’ expects argument of type ‘[01m[Klong int[m[K’, but argument 5 has type ‘[01m[Kint[m[K’ [[01;35m[K]8;;https://gcc.gnu.org/onlinedocs/gcc/Warning-Options.html#index-Wformat=-Wformat=]8;;[m[K]
[0.781s]    16 |   std::snprintf(buf, sizeof(buf), "Publish %s: [[01;35m[K%ld[m[K] %.2f", msg.name.c_str(),
[0.781s]       |                                                 [01;35m[K~~^[m[K
[0.781s]       |                                                   [01;35m[K|[m[K
[0.781s]       |                                                   [01;35m[Klong int[m[K
[0.781s]       |                                                 [32m[K%d[m[K
[0.781s]    17 |                 [32m[Kmsg.time[m[K, msg.temperature);
[0.781s]       |                 [32m[K~~~~~~~~[m[K                           
[0.781s]       |                     [32m[K|[m[K
[0.781s]       |                     [32m[Kint[m[K
[1.543s] [100%] [32m[1mLinking CXX executable sensor[0m
[1.644s] [100%] Built target sensor
[1.647s] Invoked command in '/home/yang/proj/ros-prac/task1/build/nodes' returned '0': AMENT_PREFIX_PATH=/home/yang/proj/ros-prac/task1/install/msgs:${AMENT_PREFIX_PATH} CMAKE_PREFIX_PATH=/home/yang/proj/ros-prac/task1/install/msgs:/opt/ros/jazzy LD_LIBRARY_PATH=/home/yang/proj/ros-prac/task1/install/msgs/lib:${LD_LIBRARY_PATH} PYTHONPATH=/home/yang/proj/ros-prac/task1/install/msgs/lib/python3.12/site-packages:${PYTHONPATH} /usr/bin/cmake --build /home/yang/proj/ros-prac/task1/build/nodes -- -j10 -l10
[1.647s] Invoking command in '/home/yang/proj/ros-prac/task1/build/nodes': AMENT_PREFIX_PATH=/home/yang/proj/ros-prac/task1/install/msgs:${AMENT_PREFIX_PATH} CMAKE_PREFIX_PATH=/home/yang/proj/ros-prac/task1/install/msgs:/opt/ros/jazzy LD_LIBRARY_PATH=/home/yang/proj/ros-prac/task1/install/msgs/lib:${LD_LIBRARY_PATH} PYTHONPATH=/home/yang/proj/ros-prac/task1/install/msgs/lib/python3.12/site-packages:${PYTHONPATH} /usr/bin/cmake --install /home/yang/proj/ros-prac/task1/build/nodes
[1.649s] -- Install configuration: ""
[1.649s] -- Installing: /home/yang/proj/ros-prac/task1/install/nodes/lib/nodes/sensor
[1.650s] -- Set non-toolchain portion of runtime path of "/home/yang/proj/ros-prac/task1/install/nodes/lib/nodes/sensor" to ""
[1.650s] -- Up-to-date: /home/yang/proj/ros-prac/task1/install/nodes/share/ament_index/resource_index/package_run_dependencies/nodes
[1.650s] -- Up-to-date: /home/yang/proj/ros-prac/task1/install/nodes/share/ament_index/resource_index/parent_prefix_path/nodes
[1.650s] -- Up-to-date: /home/yang/proj/ros-prac/task1/install/nodes/share/nodes/environment/ament_prefix_path.sh
[1.650s] -- Up-to-date: /home/yang/proj/ros-prac/task1/install/nodes/share/nodes/environment/ament_prefix_path.dsv
[1.650s] -- Up-to-date: /home/yang/proj/ros-prac/task1/install/nodes/share/nodes/environment/path.sh
[1.650s] -- Up-to-date: /home/yang/proj/ros-prac/task1/install/nodes/share/nodes/environment/path.dsv
[1.650s] -- Up-to-date: /home/yang/proj/ros-prac/task1/install/nodes/share/nodes/local_setup.bash
[1.650s] -- Up-to-date: /home/yang/proj/ros-prac/task1/install/nodes/share/nodes/local_setup.sh
[1.650s] -- Up-to-date: /home/yang/proj/ros-prac/task1/install/nodes/share/nodes/local_setup.zsh
[1.650s] -- Up-to-date: /home/yang/proj/ros-prac/task1/install/nodes/share/nodes/local_setup.dsv
[1.650s] -- Installing: /home/yang/proj/ros-prac/task1/install/nodes/share/nodes/package.dsv
[1.650s] -- Up-to-date: /home/yang/proj/ros-prac/task1/install/nodes/share/ament_index/resource_index/packages/nodes
[1.650s] -- Up-to-date: /home/yang/proj/ros-prac/task1/install/nodes/share/nodes/cmake/nodesConfig.cmake
[1.650s] -- Up-to-date: /home/yang/proj/ros-prac/task1/install/nodes/share/nodes/cmake/nodesConfig-version.cmake
[1.650s] -- Up-to-date: /home/yang/proj/ros-prac/task1/install/nodes/share/nodes/package.xml
[1.651s] Invoked command in '/home/yang/proj/ros-prac/task1/build/nodes' returned '0': AMENT_PREFIX_PATH=/home/yang/proj/ros-prac/task1/install/msgs:${AMENT_PREFIX_PATH} CMAKE_PREFIX_PATH=/home/yang/proj/ros-prac/task1/install/msgs:/opt/ros/jazzy LD_LIBRARY_PATH=/home/yang/proj/ros-prac/task1/install/msgs/lib:${LD_LIBRARY_PATH} PYTHONPATH=/home/yang/proj/ros-prac/task1/install/msgs/lib/python3.12/site-packages:${PYTHONPATH} /usr/bin/cmake --install /home/yang/proj/ros-prac/task1/build/nodes
