[0.003s] Invoking command in '/home/yang/proj/ros-prac/learn4/build/msgs': CMAKE_PREFIX_PATH=/opt/ros/jazzy /usr/bin/cmake /home/yang/proj/ros-prac/learn4/src/msgs -DCMAKE_EXPORT_COMPILE_COMMANDS=ON -DCMAKE_INSTALL_PREFIX=/home/yang/proj/ros-prac/learn4/install/msgs
[0.037s] -- The C compiler identification is GNU 13.3.0
[0.062s] -- The CXX compiler identification is GNU 13.3.0
[0.066s] -- Detecting C compiler ABI info
[0.092s] -- Detecting C compiler ABI info - done
[0.096s] -- Check for working C compiler: /usr/bin/cc - skipped
[0.096s] -- Detecting C compile features
[0.096s] -- Detecting C compile features - done
[0.099s] -- Detecting CXX compiler ABI info
[0.126s] -- Detecting CXX compiler ABI info - done
[0.130s] -- Check for working CXX compiler: /usr/bin/c++ - skipped
[0.130s] -- Detecting CXX compile features
[0.131s] -- Detecting CXX compile features - done
[0.131s] -- Found ament_cmake: 2.5.6 (/opt/ros/jazzy/share/ament_cmake/cmake)
[0.168s] -- Found Python3: /usr/bin/python3 (found version "3.12.3") found components: Interpreter 
[0.196s] -- Found ament_lint_auto: 0.17.5 (/opt/ros/jazzy/share/ament_lint_auto/cmake)
[0.228s] -- Added test 'lint_cmake' to check CMake code style
[0.229s] -- Added test 'xmllint' to check XML markup files
[0.229s] -- Configuring done (0.2s)
[0.230s] -- Generating done (0.0s)
[0.230s] [33mCMake Warning:
[0.230s]   Manually-specified variables were not used by the project:
[0.230s] 
[0.231s]     CMAKE_EXPORT_COMPILE_COMMANDS
[0.231s] 
[0.231s] [0m
[0.231s] -- Build files have been written to: /home/yang/proj/ros-prac/learn4/build/msgs
[0.233s] Invoked command in '/home/yang/proj/ros-prac/learn4/build/msgs' returned '0': CMAKE_PREFIX_PATH=/opt/ros/jazzy /usr/bin/cmake /home/yang/proj/ros-prac/learn4/src/msgs -DCMAKE_EXPORT_COMPILE_COMMANDS=ON -DCMAKE_INSTALL_PREFIX=/home/yang/proj/ros-prac/learn4/install/msgs
[0.233s] Invoking command in '/home/yang/proj/ros-prac/learn4/build/msgs': CMAKE_PREFIX_PATH=/opt/ros/jazzy /usr/bin/cmake --build /home/yang/proj/ros-prac/learn4/build/msgs -- -j10 -l10
[0.243s] Invoked command in '/home/yang/proj/ros-prac/learn4/build/msgs' returned '0': CMAKE_PREFIX_PATH=/opt/ros/jazzy /usr/bin/cmake --build /home/yang/proj/ros-prac/learn4/build/msgs -- -j10 -l10
[0.246s] Invoking command in '/home/yang/proj/ros-prac/learn4/build/msgs': CMAKE_PREFIX_PATH=/opt/ros/jazzy /usr/bin/cmake --install /home/yang/proj/ros-prac/learn4/build/msgs
[0.248s] -- Install configuration: ""
[0.248s] -- Installing: /home/yang/proj/ros-prac/learn4/install/msgs/share/ament_index/resource_index/package_run_dependencies/msgs
[0.248s] -- Installing: /home/yang/proj/ros-prac/learn4/install/msgs/share/ament_index/resource_index/parent_prefix_path/msgs
[0.248s] -- Installing: /home/yang/proj/ros-prac/learn4/install/msgs/share/msgs/environment/ament_prefix_path.sh
[0.248s] -- Installing: /home/yang/proj/ros-prac/learn4/install/msgs/share/msgs/environment/ament_prefix_path.dsv
[0.248s] -- Installing: /home/yang/proj/ros-prac/learn4/install/msgs/share/msgs/environment/path.sh
[0.248s] -- Installing: /home/yang/proj/ros-prac/learn4/install/msgs/share/msgs/environment/path.dsv
[0.249s] -- Installing: /home/yang/proj/ros-prac/learn4/install/msgs/share/msgs/local_setup.bash
[0.249s] -- Installing: /home/yang/proj/ros-prac/learn4/install/msgs/share/msgs/local_setup.sh
[0.249s] -- Installing: /home/yang/proj/ros-prac/learn4/install/msgs/share/msgs/local_setup.zsh
[0.249s] -- Installing: /home/yang/proj/ros-prac/learn4/install/msgs/share/msgs/local_setup.dsv
[0.249s] -- Installing: /home/yang/proj/ros-prac/learn4/install/msgs/share/msgs/package.dsv
[0.249s] -- Installing: /home/yang/proj/ros-prac/learn4/install/msgs/share/ament_index/resource_index/packages/msgs
[0.249s] -- Installing: /home/yang/proj/ros-prac/learn4/install/msgs/share/msgs/cmake/msgsConfig.cmake
[0.249s] -- Installing: /home/yang/proj/ros-prac/learn4/install/msgs/share/msgs/cmake/msgsConfig-version.cmake
[0.249s] -- Installing: /home/yang/proj/ros-prac/learn4/install/msgs/share/msgs/package.xml
[0.250s] Invoked command in '/home/yang/proj/ros-prac/learn4/build/msgs' returned '0': CMAKE_PREFIX_PATH=/opt/ros/jazzy /usr/bin/cmake --install /home/yang/proj/ros-prac/learn4/build/msgs
