In file included from [01m[K/usr/include/c++/13/bits/stl_tempbuf.h:61[m[K,
                 from [01m[K/usr/include/c++/13/bits/stl_algo.h:69[m[K,
                 from [01m[K/usr/include/c++/13/algorithm:61[m[K,
                 from [01m[K/opt/ros/jazzy/include/geometry_msgs/geometry_msgs/msg/detail/transform_stamped__struct.hpp:11[m[K,
                 from [01m[K/opt/ros/jazzy/include/geometry_msgs/geometry_msgs/msg/transform_stamped.hpp:7[m[K,
                 from [01m[K/home/yang/proj/ros-prac/learn7/src/nodes/src/tracker.cpp:2[m[K:
/usr/include/c++/13/bits/stl_construct.h: In instantiation of ‘[01m[Kvoid std::[01;32m[K_Construct[m[K(_Tp*, _Args&& ...) [35m[K[with _Tp = tf2_ros::TransformListener; _Args = {}][m[K[m[K’:
[01m[K/usr/include/c++/13/bits/alloc_traits.h:661:19:[m[K   required from ‘[01m[Kstatic void std::allocator_traits<std::allocator<void> >::[01;32m[Kconstruct[m[K(allocator_type&, _Up*, _Args&& ...) [35m[K[with _Up = tf2_ros::TransformListener; _Args = {}; allocator_type = std::allocator<void>][m[K[m[K’
[01m[K/usr/include/c++/13/bits/shared_ptr_base.h:604:39:[m[K   required from ‘[01m[Kstd::_Sp_counted_ptr_inplace<_Tp, _Alloc, _Lp>::[01;32m[K_Sp_counted_ptr_inplace[m[K(_Alloc, _Args&& ...) [35m[K[with _Args = {}; _Tp = tf2_ros::TransformListener; _Alloc = std::allocator<void>; __gnu_cxx::_Lock_policy _Lp = __gnu_cxx::_S_atomic][m[K[m[K’
[01m[K/usr/include/c++/13/bits/shared_ptr_base.h:971:16:[m[K   required from ‘[01m[Kstd::__shared_count<_Lp>::[01;32m[K__shared_count[m[K(_Tp*&, std::_Sp_alloc_shared_tag<_Alloc>, _Args&& ...) [35m[K[with _Tp = tf2_ros::TransformListener; _Alloc = std::allocator<void>; _Args = {}; __gnu_cxx::_Lock_policy _Lp = __gnu_cxx::_S_atomic][m[K[m[K’
[01m[K/usr/include/c++/13/bits/shared_ptr_base.h:1712:14:[m[K   required from ‘[01m[Kstd::__shared_ptr<_Tp, _Lp>::[01;32m[K__shared_ptr[m[K(std::_Sp_alloc_shared_tag<_Tp>, _Args&& ...) [35m[K[with _Alloc = std::allocator<void>; _Args = {}; _Tp = tf2_ros::TransformListener; __gnu_cxx::_Lock_policy _Lp = __gnu_cxx::_S_atomic][m[K[m[K’
[01m[K/usr/include/c++/13/bits/shared_ptr.h:464:59:[m[K   required from ‘[01m[Kstd::shared_ptr<_Tp>::[01;32m[Kshared_ptr[m[K(std::_Sp_alloc_shared_tag<_Tp>, _Args&& ...) [35m[K[with _Alloc = std::allocator<void>; _Args = {}; _Tp = tf2_ros::TransformListener][m[K[m[K’
[01m[K/usr/include/c++/13/bits/shared_ptr.h:1009:14:[m[K   required from ‘[01m[Kstd::shared_ptr<typename std::enable_if<(! std::is_array< <template-parameter-1-1> >::value), _Tp>::type> std::[01;32m[Kmake_shared[m[K(_Args&& ...) [35m[K[with _Tp = tf2_ros::TransformListener; _Args = {}; typename enable_if<(! is_array< <template-parameter-1-1> >::value), _Tp>::type = tf2_ros::TransformListener][m[K[m[K’
[01m[K/home/yang/proj/ros-prac/learn7/src/nodes/src/tracker.cpp:19:61:[m[K   required from here
[01m[K/usr/include/c++/13/bits/stl_construct.h:119:7:[m[K [01;31m[Kerror: [m[Kno matching function for call to ‘[01m[Ktf2_ros::TransformListener::TransformListener()[m[K’
  119 |       [01;31m[K::new((void*)__p) _Tp(std::forward<_Args>(__args)...)[m[K;
      |       [01;31m[K^~~~~~~~~~~~~~~~~~~~~~~~~~~~~~~~~~~~~~~~~~~~~~~~~~~~~[m[K
In file included from [01m[K/home/yang/proj/ros-prac/learn7/src/nodes/src/tracker.cpp:13[m[K:
[01m[K/opt/ros/jazzy/include/tf2_ros/tf2_ros/transform_listener.hpp:123:3:[m[K [01;36m[Knote: [m[Kcandidate: ‘[01m[Ktemplate<class AllocatorT> tf2_ros::TransformListener::[01;32m[KTransformListener[m[K(tf2::BufferCore&, rclcpp::node_interfaces::NodeBaseInterface::SharedPtr, rclcpp::node_interfaces::NodeLoggingInterface::SharedPtr, rclcpp::node_interfaces::NodeParametersInterface::SharedPtr, rclcpp::node_interfaces::NodeTopicsInterface::SharedPtr, bool, const rclcpp::QoS&, const rclcpp::QoS&, const rclcpp::SubscriptionOptionsWithAllocator<AllocatorT>&, const rclcpp::SubscriptionOptionsWithAllocator<AllocatorT>&)[m[K’
  123 |   [01;36m[KTransformListener[m[K(
      |   [01;36m[K^~~~~~~~~~~~~~~~~[m[K
[01m[K/opt/ros/jazzy/include/tf2_ros/tf2_ros/transform_listener.hpp:123:3:[m[K [01;36m[Knote: [m[K  template argument deduction/substitution failed:
[01m[K/usr/include/c++/13/bits/stl_construct.h:119:7:[m[K [01;36m[Knote: [m[K  candidate expects 10 arguments, 0 provided
  119 |       [01;36m[K::new((void*)__p) _Tp(std::forward<_Args>(__args)...)[m[K;
      |       [01;36m[K^~~~~~~~~~~~~~~~~~~~~~~~~~~~~~~~~~~~~~~~~~~~~~~~~~~~~[m[K
[01m[K/opt/ros/jazzy/include/tf2_ros/tf2_ros/transform_listener.hpp:98:3:[m[K [01;36m[Knote: [m[Kcandidate: ‘[01m[Ktemplate<class NodeT, class AllocatorT> tf2_ros::TransformListener::[01;32m[KTransformListener[m[K(tf2::BufferCore&, NodeT&&, bool, const rclcpp::QoS&, const rclcpp::QoS&, const rclcpp::SubscriptionOptionsWithAllocator<AllocatorT>&, const rclcpp::SubscriptionOptionsWithAllocator<AllocatorT>&)[m[K’
   98 |   [01;36m[KTransformListener[m[K(
      |   [01;36m[K^~~~~~~~~~~~~~~~~[m[K
[01m[K/opt/ros/jazzy/include/tf2_ros/tf2_ros/transform_listener.hpp:98:3:[m[K [01;36m[Knote: [m[K  template argument deduction/substitution failed:
[01m[K/usr/include/c++/13/bits/stl_construct.h:119:7:[m[K [01;36m[Knote: [m[K  candidate expects 7 arguments, 0 provided
  119 |       [01;36m[K::new((void*)__p) _Tp(std::forward<_Args>(__args)...)[m[K;
      |       [01;36m[K^~~~~~~~~~~~~~~~~~~~~~~~~~~~~~~~~~~~~~~~~~~~~~~~~~~~~[m[K
[01m[K/opt/ros/jazzy/include/tf2_ros/tf2_ros/transform_listener.hpp:94:12:[m[K [01;36m[Knote: [m[Kcandidate: ‘[01m[Ktf2_ros::TransformListener::[01;32m[KTransformListener[m[K(tf2::BufferCore&, bool)[m[K’
   94 |   explicit [01;36m[KTransformListener[m[K(tf2::BufferCore & buffer, bool spin_thread = true);
      |            [01;36m[K^~~~~~~~~~~~~~~~~[m[K
[01m[K/opt/ros/jazzy/include/tf2_ros/tf2_ros/transform_listener.hpp:94:12:[m[K [01;36m[Knote: [m[K  candidate expects 2 arguments, 0 provided
gmake[2]: *** [CMakeFiles/tracker.dir/build.make:76: CMakeFiles/tracker.dir/src/tracker.cpp.o] Error 1
gmake[1]: *** [CMakeFiles/Makefile2:193: CMakeFiles/tracker.dir/all] Error 2
gmake[1]: *** Waiting for unfinished jobs....
gmake: *** [Makefile:146: all] Error 2
