[0.002s] Invoking command in '/home/yang/proj/ros-prac/learn4/build/nodes': AMENT_PREFIX_PATH=/home/yang/proj/ros-prac/learn4/install/msgs:${AMENT_PREFIX_PATH} CMAKE_PREFIX_PATH=/home/yang/proj/ros-prac/learn4/install/msgs:/opt/ros/jazzy /usr/bin/cmake /home/yang/proj/ros-prac/learn4/src/nodes -DCMAKE_EXPORT_COMPILE_COMMANDS=ON -DCMAKE_INSTALL_PREFIX=/home/yang/proj/ros-prac/learn4/install/nodes
[0.019s] -- The C compiler identification is GNU 13.3.0
[0.038s] -- The CXX compiler identification is GNU 13.3.0
[0.042s] -- Detecting C compiler ABI info
[0.067s] -- Detecting C compiler ABI info - done
[0.071s] -- Check for working C compiler: /usr/bin/cc - skipped
[0.071s] -- Detecting C compile features
[0.071s] -- Detecting C compile features - done
[0.074s] -- Detecting CXX compiler ABI info
[0.101s] -- Detecting CXX compiler ABI info - done
[0.105s] -- Check for working CXX compiler: /usr/bin/c++ - skipped
[0.105s] -- Detecting CXX compile features
[0.106s] -- Detecting CXX compile features - done
[0.106s] -- Found ament_cmake: 2.5.6 (/opt/ros/jazzy/share/ament_cmake/cmake)
[0.143s] -- Found Python3: /usr/bin/python3 (found version "3.12.3") found components: Interpreter 
[0.173s] -- Found rclcpp: 28.1.18 (/opt/ros/jazzy/share/rclcpp/cmake)
[0.182s] -- Found rosidl_generator_c: 4.6.7 (/opt/ros/jazzy/share/rosidl_generator_c/cmake)
[0.186s] -- Found rosidl_generator_cpp: 4.6.7 (/opt/ros/jazzy/share/rosidl_generator_cpp/cmake)
[0.191s] -- Using all available rosidl_typesupport_c: rosidl_typesupport_fastrtps_c;rosidl_typesupport_introspection_c
[0.196s] -- Using all available rosidl_typesupport_cpp: rosidl_typesupport_fastrtps_cpp;rosidl_typesupport_introspection_cpp
[0.219s] -- Found rmw_implementation_cmake: 7.3.3 (/opt/ros/jazzy/share/rmw_implementation_cmake/cmake)
[0.219s] -- Found rmw_fastrtps_cpp: 8.4.3 (/opt/ros/jazzy/share/rmw_fastrtps_cpp/cmake)
[0.237s] -- Found OpenSSL: /usr/lib/aarch64-linux-gnu/libcrypto.so (found version "3.0.13")  
[0.241s] -- Found FastRTPS: /opt/ros/jazzy/include (Required is at least version "2.13") 
[0.248s] -- Using RMW implementation 'rmw_fastrtps_cpp' as default
[0.270s] -- Found msgs: 0.0.0 (/home/yang/proj/ros-prac/learn4/install/msgs/share/msgs/cmake)
[0.270s] -- Found rclcpp_action: 28.1.18 (/opt/ros/jazzy/share/rclcpp_action/cmake)
[0.314s] -- Configuring done (0.3s)
[0.317s] -- Generating done (0.0s)
[0.319s] -- Build files have been written to: /home/yang/proj/ros-prac/learn4/build/nodes
[0.322s] Invoked command in '/home/yang/proj/ros-prac/learn4/build/nodes' returned '0': AMENT_PREFIX_PATH=/home/yang/proj/ros-prac/learn4/install/msgs:${AMENT_PREFIX_PATH} CMAKE_PREFIX_PATH=/home/yang/proj/ros-prac/learn4/install/msgs:/opt/ros/jazzy /usr/bin/cmake /home/yang/proj/ros-prac/learn4/src/nodes -DCMAKE_EXPORT_COMPILE_COMMANDS=ON -DCMAKE_INSTALL_PREFIX=/home/yang/proj/ros-prac/learn4/install/nodes
[0.322s] Invoking command in '/home/yang/proj/ros-prac/learn4/build/nodes': AMENT_PREFIX_PATH=/home/yang/proj/ros-prac/learn4/install/msgs:${AMENT_PREFIX_PATH} CMAKE_PREFIX_PATH=/home/yang/proj/ros-prac/learn4/install/msgs:/opt/ros/jazzy /usr/bin/cmake --build /home/yang/proj/ros-prac/learn4/build/nodes -- -j10 -l10
[0.336s] [ 50%] [32mBuilding CXX object CMakeFiles/server.dir/src/server.cpp.o[0m
[1.014s] [01m[K/home/yang/proj/ros-prac/learn4/src/nodes/src/server.cpp:[m[K In function ‘[01m[Kint[01;32m[K main[m[K(int, char**)[m[K’:
[1.014s] [01m[K/home/yang/proj/ros-prac/learn4/src/nodes/src/server.cpp:4:14:[m[K [01;35m[Kwarning: [m[Kunused parameter ‘[01m[Kargc[m[K’ [[01;35m[K]8;;https://gcc.gnu.org/onlinedocs/gcc/Warning-Options.html#index-Wunused-parameter-Wunused-parameter]8;;[m[K]
[1.014s]     4 | int main([01;35m[Kint argc[m[K, char *argv[]) { return 0; }
[1.014s]       |          [01;35m[K~~~~^~~~[m[K
[1.014s] [01m[K/home/yang/proj/ros-prac/learn4/src/nodes/src/server.cpp:4:26:[m[K [01;35m[Kwarning: [m[Kunused parameter ‘[01m[Kargv[m[K’ [[01;35m[K]8;;https://gcc.gnu.org/onlinedocs/gcc/Warning-Options.html#index-Wunused-parameter-Wunused-parameter]8;;[m[K]
[1.014s]     4 | int main(int argc, [01;35m[Kchar *argv[][m[K) { return 0; }
[1.014s]       |                    [01;35m[K~~~~~~^~~~~~[m[K
[1.235s] [100%] [32m[1mLinking CXX executable server[0m
[1.346s] [100%] Built target server
[1.350s] Invoked command in '/home/yang/proj/ros-prac/learn4/build/nodes' returned '0': AMENT_PREFIX_PATH=/home/yang/proj/ros-prac/learn4/install/msgs:${AMENT_PREFIX_PATH} CMAKE_PREFIX_PATH=/home/yang/proj/ros-prac/learn4/install/msgs:/opt/ros/jazzy /usr/bin/cmake --build /home/yang/proj/ros-prac/learn4/build/nodes -- -j10 -l10
[1.350s] Invoking command in '/home/yang/proj/ros-prac/learn4/build/nodes': AMENT_PREFIX_PATH=/home/yang/proj/ros-prac/learn4/install/msgs:${AMENT_PREFIX_PATH} CMAKE_PREFIX_PATH=/home/yang/proj/ros-prac/learn4/install/msgs:/opt/ros/jazzy /usr/bin/cmake --install /home/yang/proj/ros-prac/learn4/build/nodes
[1.352s] -- Install configuration: ""
[1.352s] -- Installing: /home/yang/proj/ros-prac/learn4/install/nodes/lib/nodes/server
[1.352s] -- Set non-toolchain portion of runtime path of "/home/yang/proj/ros-prac/learn4/install/nodes/lib/nodes/server" to ""
[1.352s] -- Installing: /home/yang/proj/ros-prac/learn4/install/nodes/share/ament_index/resource_index/package_run_dependencies/nodes
[1.352s] -- Installing: /home/yang/proj/ros-prac/learn4/install/nodes/share/ament_index/resource_index/parent_prefix_path/nodes
[1.352s] -- Installing: /home/yang/proj/ros-prac/learn4/install/nodes/share/nodes/environment/ament_prefix_path.sh
[1.352s] -- Installing: /home/yang/proj/ros-prac/learn4/install/nodes/share/nodes/environment/ament_prefix_path.dsv
[1.352s] -- Installing: /home/yang/proj/ros-prac/learn4/install/nodes/share/nodes/environment/path.sh
[1.352s] -- Installing: /home/yang/proj/ros-prac/learn4/install/nodes/share/nodes/environment/path.dsv
[1.352s] -- Installing: /home/yang/proj/ros-prac/learn4/install/nodes/share/nodes/local_setup.bash
[1.352s] -- Installing: /home/yang/proj/ros-prac/learn4/install/nodes/share/nodes/local_setup.sh
[1.352s] -- Installing: /home/yang/proj/ros-prac/learn4/install/nodes/share/nodes/local_setup.zsh
[1.352s] -- Installing: /home/yang/proj/ros-prac/learn4/install/nodes/share/nodes/local_setup.dsv
[1.352s] -- Installing: /home/yang/proj/ros-prac/learn4/install/nodes/share/nodes/package.dsv
[1.352s] -- Installing: /home/yang/proj/ros-prac/learn4/install/nodes/share/ament_index/resource_index/packages/nodes
[1.352s] -- Installing: /home/yang/proj/ros-prac/learn4/install/nodes/share/nodes/cmake/nodesConfig.cmake
[1.352s] -- Installing: /home/yang/proj/ros-prac/learn4/install/nodes/share/nodes/cmake/nodesConfig-version.cmake
[1.353s] -- Installing: /home/yang/proj/ros-prac/learn4/install/nodes/share/nodes/package.xml
[1.353s] Invoked command in '/home/yang/proj/ros-prac/learn4/build/nodes' returned '0': AMENT_PREFIX_PATH=/home/yang/proj/ros-prac/learn4/install/msgs:${AMENT_PREFIX_PATH} CMAKE_PREFIX_PATH=/home/yang/proj/ros-prac/learn4/install/msgs:/opt/ros/jazzy /usr/bin/cmake --install /home/yang/proj/ros-prac/learn4/build/nodes
