[0.052s] DEBUG:colcon:Command line arguments: ['/usr/bin/colcon', 'build', '--cmake-args', '-DCMAKE_EXPORT_COMPILE_COMMANDS=ON']
[0.052s] DEBUG:colcon:Parsed command line arguments: Namespace(log_base=None, log_level=None, verb_name='build', build_base='build', install_base='install', merge_install=False, symlink_install=False, test_result_base=None, continue_on_error=False, executor='parallel', parallel_workers=12, event_handlers=None, ignore_user_meta=False, metas=['./colcon.meta'], base_paths=['.'], packages_ignore=None, packages_ignore_regex=None, paths=None, packages_up_to=None, packages_up_to_regex=None, packages_above=None, packages_above_and_dependencies=None, packages_above_depth=None, packages_select_by_dep=None, packages_skip_by_dep=None, packages_skip_up_to=None, packages_select_build_failed=False, packages_skip_build_finished=False, packages_select_test_failures=False, packages_skip_test_passed=False, packages_select=None, packages_skip=None, packages_select_regex=None, packages_skip_regex=None, packages_start=None, packages_end=None, allow_overriding=[], cmake_args=['-DCMAKE_EXPORT_COMPILE_COMMANDS=ON'], cmake_target=None, cmake_target_skip_unavailable=False, cmake_clean_cache=False, cmake_clean_first=False, cmake_force_configure=False, ament_cmake_args=None, catkin_cmake_args=None, catkin_skip_building_tests=False, verb_parser=<colcon_defaults.argument_parser.defaults.DefaultArgumentsDecorator object at 0x7deb30257130>, verb_extension=<colcon_core.verb.build.BuildVerb object at 0x7deb30256ce0>, main=<bound method BuildVerb.main of <colcon_core.verb.build.BuildVerb object at 0x7deb30256ce0>>)
[0.119s] Level 1:colcon.colcon_core.package_discovery:discover_packages(colcon_meta) check parameters
[0.119s] Level 1:colcon.colcon_core.package_discovery:discover_packages(recursive) check parameters
[0.119s] Level 1:colcon.colcon_core.package_discovery:discover_packages(ignore) check parameters
[0.119s] Level 1:colcon.colcon_core.package_discovery:discover_packages(path) check parameters
[0.119s] Level 1:colcon.colcon_core.package_discovery:discover_packages(colcon_meta) discover
[0.119s] Level 1:colcon.colcon_core.package_discovery:discover_packages(recursive) discover
[0.119s] INFO:colcon.colcon_core.package_discovery:Crawling recursively for packages in '/home/yang/Desktop/proj/ros-prac'
[0.119s] Level 1:colcon.colcon_core.package_identification:_identify(.) by extensions ['ignore', 'ignore_ament_install']
[0.119s] Level 1:colcon.colcon_core.package_identification:_identify(.) by extension 'ignore'
[0.119s] Level 1:colcon.colcon_core.package_identification:_identify(.) by extension 'ignore_ament_install'
[0.119s] Level 1:colcon.colcon_core.package_identification:_identify(.) by extensions ['colcon_pkg']
[0.119s] Level 1:colcon.colcon_core.package_identification:_identify(.) by extension 'colcon_pkg'
[0.119s] Level 1:colcon.colcon_core.package_identification:_identify(.) by extensions ['colcon_meta']
[0.119s] Level 1:colcon.colcon_core.package_identification:_identify(.) by extension 'colcon_meta'
[0.119s] Level 1:colcon.colcon_core.package_identification:_identify(.) by extensions ['ros']
[0.119s] Level 1:colcon.colcon_core.package_identification:_identify(.) by extension 'ros'
[0.124s] Level 1:colcon.colcon_core.package_identification:_identify(.) by extensions ['cmake', 'python']
[0.124s] Level 1:colcon.colcon_core.package_identification:_identify(.) by extension 'cmake'
[0.124s] Level 1:colcon.colcon_core.package_identification:_identify(.) by extension 'python'
[0.124s] Level 1:colcon.colcon_core.package_identification:_identify(.) by extensions ['python_setup_py']
[0.124s] Level 1:colcon.colcon_core.package_identification:_identify(.) by extension 'python_setup_py'
[0.124s] Level 1:colcon.colcon_core.package_identification:_identify(build) by extensions ['ignore', 'ignore_ament_install']
[0.124s] Level 1:colcon.colcon_core.package_identification:_identify(build) by extension 'ignore'
[0.124s] Level 1:colcon.colcon_core.package_identification:_identify(build) ignored
[0.124s] Level 1:colcon.colcon_core.package_identification:_identify(install) by extensions ['ignore', 'ignore_ament_install']
[0.124s] Level 1:colcon.colcon_core.package_identification:_identify(install) by extension 'ignore'
[0.124s] Level 1:colcon.colcon_core.package_identification:_identify(install) ignored
[0.124s] Level 1:colcon.colcon_core.package_identification:_identify(log) by extensions ['ignore', 'ignore_ament_install']
[0.124s] Level 1:colcon.colcon_core.package_identification:_identify(log) by extension 'ignore'
[0.124s] Level 1:colcon.colcon_core.package_identification:_identify(log) ignored
[0.124s] Level 1:colcon.colcon_core.package_identification:_identify(src) by extensions ['ignore', 'ignore_ament_install']
[0.124s] Level 1:colcon.colcon_core.package_identification:_identify(src) by extension 'ignore'
[0.124s] Level 1:colcon.colcon_core.package_identification:_identify(src) by extension 'ignore_ament_install'
[0.124s] Level 1:colcon.colcon_core.package_identification:_identify(src) by extensions ['colcon_pkg']
[0.124s] Level 1:colcon.colcon_core.package_identification:_identify(src) by extension 'colcon_pkg'
[0.124s] Level 1:colcon.colcon_core.package_identification:_identify(src) by extensions ['colcon_meta']
[0.124s] Level 1:colcon.colcon_core.package_identification:_identify(src) by extension 'colcon_meta'
[0.124s] Level 1:colcon.colcon_core.package_identification:_identify(src) by extensions ['ros']
[0.124s] Level 1:colcon.colcon_core.package_identification:_identify(src) by extension 'ros'
[0.124s] Level 1:colcon.colcon_core.package_identification:_identify(src) by extensions ['cmake', 'python']
[0.124s] Level 1:colcon.colcon_core.package_identification:_identify(src) by extension 'cmake'
[0.124s] Level 1:colcon.colcon_core.package_identification:_identify(src) by extension 'python'
[0.124s] Level 1:colcon.colcon_core.package_identification:_identify(src) by extensions ['python_setup_py']
[0.124s] Level 1:colcon.colcon_core.package_identification:_identify(src) by extension 'python_setup_py'
[0.124s] Level 1:colcon.colcon_core.package_identification:_identify(src/p0) by extensions ['ignore', 'ignore_ament_install']
[0.124s] Level 1:colcon.colcon_core.package_identification:_identify(src/p0) by extension 'ignore'
[0.124s] Level 1:colcon.colcon_core.package_identification:_identify(src/p0) by extension 'ignore_ament_install'
[0.124s] Level 1:colcon.colcon_core.package_identification:_identify(src/p0) by extensions ['colcon_pkg']
[0.124s] Level 1:colcon.colcon_core.package_identification:_identify(src/p0) by extension 'colcon_pkg'
[0.124s] Level 1:colcon.colcon_core.package_identification:_identify(src/p0) by extensions ['colcon_meta']
[0.124s] Level 1:colcon.colcon_core.package_identification:_identify(src/p0) by extension 'colcon_meta'
[0.124s] Level 1:colcon.colcon_core.package_identification:_identify(src/p0) by extensions ['ros']
[0.124s] Level 1:colcon.colcon_core.package_identification:_identify(src/p0) by extension 'ros'
[0.125s] DEBUG:colcon.colcon_core.package_identification:Package 'src/p0' with type 'ros.ament_cmake' and name 'p0'
[0.125s] Level 1:colcon.colcon_core.package_identification:_identify(src/p0_interfaces) by extensions ['ignore', 'ignore_ament_install']
[0.125s] Level 1:colcon.colcon_core.package_identification:_identify(src/p0_interfaces) by extension 'ignore'
[0.125s] Level 1:colcon.colcon_core.package_identification:_identify(src/p0_interfaces) by extension 'ignore_ament_install'
[0.125s] Level 1:colcon.colcon_core.package_identification:_identify(src/p0_interfaces) by extensions ['colcon_pkg']
[0.125s] Level 1:colcon.colcon_core.package_identification:_identify(src/p0_interfaces) by extension 'colcon_pkg'
[0.125s] Level 1:colcon.colcon_core.package_identification:_identify(src/p0_interfaces) by extensions ['colcon_meta']
[0.125s] Level 1:colcon.colcon_core.package_identification:_identify(src/p0_interfaces) by extension 'colcon_meta'
[0.125s] Level 1:colcon.colcon_core.package_identification:_identify(src/p0_interfaces) by extensions ['ros']
[0.125s] Level 1:colcon.colcon_core.package_identification:_identify(src/p0_interfaces) by extension 'ros'
[0.126s] DEBUG:colcon.colcon_core.package_identification:Package 'src/p0_interfaces' with type 'ros.ament_cmake' and name 'p0_interfaces'
[0.126s] Level 1:colcon.colcon_core.package_discovery:discover_packages(recursive) using defaults
[0.126s] Level 1:colcon.colcon_core.package_discovery:discover_packages(ignore) discover
[0.126s] Level 1:colcon.colcon_core.package_discovery:discover_packages(ignore) using defaults
[0.126s] Level 1:colcon.colcon_core.package_discovery:discover_packages(path) discover
[0.126s] Level 1:colcon.colcon_core.package_discovery:discover_packages(path) using defaults
[0.138s] Level 1:colcon.colcon_core.package_discovery:discover_packages(prefix_path) check parameters
[0.138s] Level 1:colcon.colcon_core.package_discovery:discover_packages(prefix_path) discover
[0.138s] WARNING:colcon.colcon_core.prefix_path.colcon:The path '/home/yang/Desktop/proj/ros-prac/src/install' in the environment variable COLCON_PREFIX_PATH doesn't exist
[0.138s] WARNING:colcon.colcon_ros.prefix_path.ament:The path '/home/yang/Desktop/proj/ros-prac/src/install/p0_interfaces' in the environment variable AMENT_PREFIX_PATH doesn't exist
[0.139s] WARNING:colcon.colcon_ros.prefix_path.ament:The path '/home/yang/Desktop/proj/ros-prac/src/install/p0' in the environment variable AMENT_PREFIX_PATH doesn't exist
[0.139s] WARNING:colcon.colcon_ros.prefix_path.catkin:The path '/home/yang/Desktop/proj/ros-prac/src/install/p0_interfaces' in the environment variable CMAKE_PREFIX_PATH doesn't exist
[0.139s] WARNING:colcon.colcon_ros.prefix_path.catkin:The path '/home/yang/Desktop/proj/ros-prac/src/install/p0' in the environment variable CMAKE_PREFIX_PATH doesn't exist
[0.139s] DEBUG:colcon.colcon_installed_package_information.package_discovery:Found 10 installed packages in /home/yang/turtlebot3_ws/install
[0.140s] DEBUG:colcon.colcon_installed_package_information.package_discovery:Found 443 installed packages in /opt/ros/humble
[0.141s] Level 1:colcon.colcon_core.package_discovery:discover_packages(prefix_path) using defaults
[0.161s] Level 5:colcon.colcon_core.verb:set package 'p0_interfaces' build argument 'cmake_args' from command line to '['-DCMAKE_EXPORT_COMPILE_COMMANDS=ON']'
[0.161s] Level 5:colcon.colcon_core.verb:set package 'p0_interfaces' build argument 'cmake_target' from command line to 'None'
[0.161s] Level 5:colcon.colcon_core.verb:set package 'p0_interfaces' build argument 'cmake_target_skip_unavailable' from command line to 'False'
[0.161s] Level 5:colcon.colcon_core.verb:set package 'p0_interfaces' build argument 'cmake_clean_cache' from command line to 'False'
[0.161s] Level 5:colcon.colcon_core.verb:set package 'p0_interfaces' build argument 'cmake_clean_first' from command line to 'False'
[0.161s] Level 5:colcon.colcon_core.verb:set package 'p0_interfaces' build argument 'cmake_force_configure' from command line to 'False'
[0.161s] Level 5:colcon.colcon_core.verb:set package 'p0_interfaces' build argument 'ament_cmake_args' from command line to 'None'
[0.161s] Level 5:colcon.colcon_core.verb:set package 'p0_interfaces' build argument 'catkin_cmake_args' from command line to 'None'
[0.161s] Level 5:colcon.colcon_core.verb:set package 'p0_interfaces' build argument 'catkin_skip_building_tests' from command line to 'False'
[0.161s] DEBUG:colcon.colcon_core.verb:Building package 'p0_interfaces' with the following arguments: {'ament_cmake_args': None, 'build_base': '/home/yang/Desktop/proj/ros-prac/build/p0_interfaces', 'catkin_cmake_args': None, 'catkin_skip_building_tests': False, 'cmake_args': ['-DCMAKE_EXPORT_COMPILE_COMMANDS=ON'], 'cmake_clean_cache': False, 'cmake_clean_first': False, 'cmake_force_configure': False, 'cmake_target': None, 'cmake_target_skip_unavailable': False, 'install_base': '/home/yang/Desktop/proj/ros-prac/install/p0_interfaces', 'merge_install': False, 'path': '/home/yang/Desktop/proj/ros-prac/src/p0_interfaces', 'symlink_install': False, 'test_result_base': None}
[0.161s] Level 5:colcon.colcon_core.verb:set package 'p0' build argument 'cmake_args' from command line to '['-DCMAKE_EXPORT_COMPILE_COMMANDS=ON']'
[0.161s] Level 5:colcon.colcon_core.verb:set package 'p0' build argument 'cmake_target' from command line to 'None'
[0.161s] Level 5:colcon.colcon_core.verb:set package 'p0' build argument 'cmake_target_skip_unavailable' from command line to 'False'
[0.161s] Level 5:colcon.colcon_core.verb:set package 'p0' build argument 'cmake_clean_cache' from command line to 'False'
[0.161s] Level 5:colcon.colcon_core.verb:set package 'p0' build argument 'cmake_clean_first' from command line to 'False'
[0.161s] Level 5:colcon.colcon_core.verb:set package 'p0' build argument 'cmake_force_configure' from command line to 'False'
[0.161s] Level 5:colcon.colcon_core.verb:set package 'p0' build argument 'ament_cmake_args' from command line to 'None'
[0.161s] Level 5:colcon.colcon_core.verb:set package 'p0' build argument 'catkin_cmake_args' from command line to 'None'
[0.161s] Level 5:colcon.colcon_core.verb:set package 'p0' build argument 'catkin_skip_building_tests' from command line to 'False'
[0.161s] DEBUG:colcon.colcon_core.verb:Building package 'p0' with the following arguments: {'ament_cmake_args': None, 'build_base': '/home/yang/Desktop/proj/ros-prac/build/p0', 'catkin_cmake_args': None, 'catkin_skip_building_tests': False, 'cmake_args': ['-DCMAKE_EXPORT_COMPILE_COMMANDS=ON'], 'cmake_clean_cache': False, 'cmake_clean_first': False, 'cmake_force_configure': False, 'cmake_target': None, 'cmake_target_skip_unavailable': False, 'install_base': '/home/yang/Desktop/proj/ros-prac/install/p0', 'merge_install': False, 'path': '/home/yang/Desktop/proj/ros-prac/src/p0', 'symlink_install': False, 'test_result_base': None}
[0.161s] INFO:colcon.colcon_core.executor:Executing jobs using 'parallel' executor
[0.162s] DEBUG:colcon.colcon_parallel_executor.executor.parallel:run_until_complete
[0.162s] INFO:colcon.colcon_ros.task.ament_cmake.build:Building ROS package in '/home/yang/Desktop/proj/ros-prac/src/p0_interfaces' with build type 'ament_cmake'
[0.162s] INFO:colcon.colcon_cmake.task.cmake.build:Building CMake package in '/home/yang/Desktop/proj/ros-prac/src/p0_interfaces'
[0.163s] INFO:colcon.colcon_core.plugin_system:Skipping extension 'colcon_core.shell.bat': Not used on non-Windows systems
[0.163s] INFO:colcon.colcon_core.shell:Skip shell extension 'powershell' for command environment: Not usable outside of PowerShell
[0.163s] DEBUG:colcon.colcon_core.shell:Skip shell extension 'dsv' for command environment
[0.167s] DEBUG:colcon.colcon_core.event_handler.log_command:Invoking command in '/home/yang/Desktop/proj/ros-prac/build/p0_interfaces': CMAKE_PREFIX_PATH=${CMAKE_PREFIX_PATH}:/home/yang/turtlebot3_ws/install/nav2_simple_commander:/opt/ros/humble /usr/bin/cmake /home/yang/Desktop/proj/ros-prac/src/p0_interfaces -DCMAKE_EXPORT_COMPILE_COMMANDS=ON -DCMAKE_INSTALL_PREFIX=/home/yang/Desktop/proj/ros-prac/install/p0_interfaces
[0.798s] DEBUG:colcon.colcon_core.event_handler.log_command:Invoked command in '/home/yang/Desktop/proj/ros-prac/build/p0_interfaces' returned '0': CMAKE_PREFIX_PATH=${CMAKE_PREFIX_PATH}:/home/yang/turtlebot3_ws/install/nav2_simple_commander:/opt/ros/humble /usr/bin/cmake /home/yang/Desktop/proj/ros-prac/src/p0_interfaces -DCMAKE_EXPORT_COMPILE_COMMANDS=ON -DCMAKE_INSTALL_PREFIX=/home/yang/Desktop/proj/ros-prac/install/p0_interfaces
[0.799s] DEBUG:colcon.colcon_core.event_handler.log_command:Invoking command in '/home/yang/Desktop/proj/ros-prac/build/p0_interfaces': CMAKE_PREFIX_PATH=${CMAKE_PREFIX_PATH}:/home/yang/turtlebot3_ws/install/nav2_simple_commander:/opt/ros/humble /usr/bin/cmake --build /home/yang/Desktop/proj/ros-prac/build/p0_interfaces -- -j12 -l12
[1.653s] DEBUG:colcon.colcon_core.event_handler.log_command:Invoked command in '/home/yang/Desktop/proj/ros-prac/build/p0_interfaces' returned '0': CMAKE_PREFIX_PATH=${CMAKE_PREFIX_PATH}:/home/yang/turtlebot3_ws/install/nav2_simple_commander:/opt/ros/humble /usr/bin/cmake --build /home/yang/Desktop/proj/ros-prac/build/p0_interfaces -- -j12 -l12
[1.657s] DEBUG:colcon.colcon_core.event_handler.log_command:Invoking command in '/home/yang/Desktop/proj/ros-prac/build/p0_interfaces': CMAKE_PREFIX_PATH=${CMAKE_PREFIX_PATH}:/home/yang/turtlebot3_ws/install/nav2_simple_commander:/opt/ros/humble /usr/bin/cmake --install /home/yang/Desktop/proj/ros-prac/build/p0_interfaces
[1.684s] Level 1:colcon.colcon_core.environment:create_environment_scripts_only(p0_interfaces)
[1.684s] DEBUG:colcon.colcon_core.event_handler.log_command:Invoked command in '/home/yang/Desktop/proj/ros-prac/build/p0_interfaces' returned '0': CMAKE_PREFIX_PATH=${CMAKE_PREFIX_PATH}:/home/yang/turtlebot3_ws/install/nav2_simple_commander:/opt/ros/humble /usr/bin/cmake --install /home/yang/Desktop/proj/ros-prac/build/p0_interfaces
[1.685s] Level 1:colcon.colcon_core.environment:checking '/home/yang/Desktop/proj/ros-prac/install/p0_interfaces' for CMake module files
[1.685s] Level 1:colcon.colcon_core.environment:checking '/home/yang/Desktop/proj/ros-prac/install/p0_interfaces' for CMake config files
[1.685s] Level 1:colcon.colcon_core.shell:create_environment_hook('p0_interfaces', 'cmake_prefix_path')
[1.685s] INFO:colcon.colcon_core.shell:Creating environment hook '/home/yang/Desktop/proj/ros-prac/install/p0_interfaces/share/p0_interfaces/hook/cmake_prefix_path.ps1'
[1.686s] INFO:colcon.colcon_core.shell:Creating environment descriptor '/home/yang/Desktop/proj/ros-prac/install/p0_interfaces/share/p0_interfaces/hook/cmake_prefix_path.dsv'
[1.686s] INFO:colcon.colcon_core.shell:Creating environment hook '/home/yang/Desktop/proj/ros-prac/install/p0_interfaces/share/p0_interfaces/hook/cmake_prefix_path.sh'
[1.686s] Level 1:colcon.colcon_core.environment:checking '/home/yang/Desktop/proj/ros-prac/install/p0_interfaces/lib'
[1.686s] Level 1:colcon.colcon_core.shell:create_environment_hook('p0_interfaces', 'ld_library_path_lib')
[1.686s] INFO:colcon.colcon_core.shell:Creating environment hook '/home/yang/Desktop/proj/ros-prac/install/p0_interfaces/share/p0_interfaces/hook/ld_library_path_lib.ps1'
[1.686s] INFO:colcon.colcon_core.shell:Creating environment descriptor '/home/yang/Desktop/proj/ros-prac/install/p0_interfaces/share/p0_interfaces/hook/ld_library_path_lib.dsv'
[1.686s] INFO:colcon.colcon_core.shell:Creating environment hook '/home/yang/Desktop/proj/ros-prac/install/p0_interfaces/share/p0_interfaces/hook/ld_library_path_lib.sh'
[1.686s] Level 1:colcon.colcon_core.environment:checking '/home/yang/Desktop/proj/ros-prac/install/p0_interfaces/bin'
[1.687s] Level 1:colcon.colcon_core.environment:checking '/home/yang/Desktop/proj/ros-prac/install/p0_interfaces/lib/pkgconfig/p0_interfaces.pc'
[1.687s] Level 1:colcon.colcon_core.environment:checking '/home/yang/Desktop/proj/ros-prac/install/p0_interfaces/lib/python3.10/site-packages'
[1.687s] Level 1:colcon.colcon_core.environment:checking '/home/yang/Desktop/proj/ros-prac/install/p0_interfaces/bin'
[1.687s] INFO:colcon.colcon_core.shell:Creating package script '/home/yang/Desktop/proj/ros-prac/install/p0_interfaces/share/p0_interfaces/package.ps1'
[1.687s] INFO:colcon.colcon_core.shell:Creating package descriptor '/home/yang/Desktop/proj/ros-prac/install/p0_interfaces/share/p0_interfaces/package.dsv'
[1.687s] INFO:colcon.colcon_core.shell:Creating package script '/home/yang/Desktop/proj/ros-prac/install/p0_interfaces/share/p0_interfaces/package.sh'
[1.688s] INFO:colcon.colcon_core.shell:Creating package script '/home/yang/Desktop/proj/ros-prac/install/p0_interfaces/share/p0_interfaces/package.bash'
[1.688s] INFO:colcon.colcon_core.shell:Creating package script '/home/yang/Desktop/proj/ros-prac/install/p0_interfaces/share/p0_interfaces/package.zsh'
[1.688s] Level 1:colcon.colcon_core.environment:create_file_with_runtime_dependencies(/home/yang/Desktop/proj/ros-prac/install/p0_interfaces/share/colcon-core/packages/p0_interfaces)
[1.688s] Level 1:colcon.colcon_core.environment:create_environment_scripts_only(p0_interfaces)
[1.688s] Level 1:colcon.colcon_core.environment:checking '/home/yang/Desktop/proj/ros-prac/install/p0_interfaces' for CMake module files
[1.689s] Level 1:colcon.colcon_core.environment:checking '/home/yang/Desktop/proj/ros-prac/install/p0_interfaces' for CMake config files
[1.689s] Level 1:colcon.colcon_core.shell:create_environment_hook('p0_interfaces', 'cmake_prefix_path')
[1.689s] INFO:colcon.colcon_core.shell:Creating environment hook '/home/yang/Desktop/proj/ros-prac/install/p0_interfaces/share/p0_interfaces/hook/cmake_prefix_path.ps1'
[1.689s] INFO:colcon.colcon_core.shell:Creating environment descriptor '/home/yang/Desktop/proj/ros-prac/install/p0_interfaces/share/p0_interfaces/hook/cmake_prefix_path.dsv'
[1.689s] INFO:colcon.colcon_core.shell:Creating environment hook '/home/yang/Desktop/proj/ros-prac/install/p0_interfaces/share/p0_interfaces/hook/cmake_prefix_path.sh'
[1.689s] Level 1:colcon.colcon_core.environment:checking '/home/yang/Desktop/proj/ros-prac/install/p0_interfaces/lib'
[1.689s] Level 1:colcon.colcon_core.shell:create_environment_hook('p0_interfaces', 'ld_library_path_lib')
[1.689s] INFO:colcon.colcon_core.shell:Creating environment hook '/home/yang/Desktop/proj/ros-prac/install/p0_interfaces/share/p0_interfaces/hook/ld_library_path_lib.ps1'
[1.689s] INFO:colcon.colcon_core.shell:Creating environment descriptor '/home/yang/Desktop/proj/ros-prac/install/p0_interfaces/share/p0_interfaces/hook/ld_library_path_lib.dsv'
[1.690s] INFO:colcon.colcon_core.shell:Creating environment hook '/home/yang/Desktop/proj/ros-prac/install/p0_interfaces/share/p0_interfaces/hook/ld_library_path_lib.sh'
[1.690s] Level 1:colcon.colcon_core.environment:checking '/home/yang/Desktop/proj/ros-prac/install/p0_interfaces/bin'
[1.690s] Level 1:colcon.colcon_core.environment:checking '/home/yang/Desktop/proj/ros-prac/install/p0_interfaces/lib/pkgconfig/p0_interfaces.pc'
[1.690s] Level 1:colcon.colcon_core.environment:checking '/home/yang/Desktop/proj/ros-prac/install/p0_interfaces/lib/python3.10/site-packages'
[1.690s] Level 1:colcon.colcon_core.environment:checking '/home/yang/Desktop/proj/ros-prac/install/p0_interfaces/bin'
[1.690s] INFO:colcon.colcon_core.shell:Creating package script '/home/yang/Desktop/proj/ros-prac/install/p0_interfaces/share/p0_interfaces/package.ps1'
[1.690s] INFO:colcon.colcon_core.shell:Creating package descriptor '/home/yang/Desktop/proj/ros-prac/install/p0_interfaces/share/p0_interfaces/package.dsv'
[1.690s] INFO:colcon.colcon_core.shell:Creating package script '/home/yang/Desktop/proj/ros-prac/install/p0_interfaces/share/p0_interfaces/package.sh'
[1.691s] INFO:colcon.colcon_core.shell:Creating package script '/home/yang/Desktop/proj/ros-prac/install/p0_interfaces/share/p0_interfaces/package.bash'
[1.691s] INFO:colcon.colcon_core.shell:Creating package script '/home/yang/Desktop/proj/ros-prac/install/p0_interfaces/share/p0_interfaces/package.zsh'
[1.691s] Level 1:colcon.colcon_core.environment:create_file_with_runtime_dependencies(/home/yang/Desktop/proj/ros-prac/install/p0_interfaces/share/colcon-core/packages/p0_interfaces)
[1.691s] INFO:colcon.colcon_ros.task.ament_cmake.build:Building ROS package in '/home/yang/Desktop/proj/ros-prac/src/p0' with build type 'ament_cmake'
[1.691s] INFO:colcon.colcon_cmake.task.cmake.build:Building CMake package in '/home/yang/Desktop/proj/ros-prac/src/p0'
[1.691s] INFO:colcon.colcon_core.shell:Skip shell extension 'powershell' for command environment: Not usable outside of PowerShell
[1.691s] DEBUG:colcon.colcon_core.shell:Skip shell extension 'dsv' for command environment
[1.696s] DEBUG:colcon.colcon_core.event_handler.log_command:Invoking command in '/home/yang/Desktop/proj/ros-prac/build/p0': AMENT_PREFIX_PATH=/home/yang/Desktop/proj/ros-prac/install/p0_interfaces:${AMENT_PREFIX_PATH} CMAKE_PREFIX_PATH=/home/yang/Desktop/proj/ros-prac/install/p0_interfaces:/home/yang/Desktop/proj/ros-prac/src/install/p0_interfaces:/home/yang/Desktop/proj/ros-prac/src/install/p0:/home/yang/turtlebot3_ws/install/dwb_msgs:/home/yang/turtlebot3_ws/install/nav_2d_msgs:/home/yang/turtlebot3_ws/install/nav2_voxel_grid:/home/yang/turtlebot3_ws/install/nav2_msgs:/home/yang/turtlebot3_ws/install/nav2_common:/home/yang/turtlebot3_ws/install/dynamixel_sdk_examples:/home/yang/turtlebot3_ws/install/dynamixel_sdk_custom_interfaces:/home/yang/turtlebot3_ws/install/dynamixel_sdk:/home/yang/turtlebot3_ws/install/nav2_simple_commander:/opt/ros/humble LD_LIBRARY_PATH=/home/yang/Desktop/proj/ros-prac/install/p0_interfaces/lib:${LD_LIBRARY_PATH} PYTHONPATH=/home/yang/Desktop/proj/ros-prac/install/p0_interfaces/local/lib/python3.10/dist-packages:${PYTHONPATH} /usr/bin/cmake /home/yang/Desktop/proj/ros-prac/src/p0 -DCMAKE_EXPORT_COMPILE_COMMANDS=ON -DCMAKE_INSTALL_PREFIX=/home/yang/Desktop/proj/ros-prac/install/p0
[2.178s] DEBUG:colcon.colcon_core.event_handler.log_command:Invoked command in '/home/yang/Desktop/proj/ros-prac/build/p0' returned '0': AMENT_PREFIX_PATH=/home/yang/Desktop/proj/ros-prac/install/p0_interfaces:${AMENT_PREFIX_PATH} CMAKE_PREFIX_PATH=/home/yang/Desktop/proj/ros-prac/install/p0_interfaces:/home/yang/Desktop/proj/ros-prac/src/install/p0_interfaces:/home/yang/Desktop/proj/ros-prac/src/install/p0:/home/yang/turtlebot3_ws/install/dwb_msgs:/home/yang/turtlebot3_ws/install/nav_2d_msgs:/home/yang/turtlebot3_ws/install/nav2_voxel_grid:/home/yang/turtlebot3_ws/install/nav2_msgs:/home/yang/turtlebot3_ws/install/nav2_common:/home/yang/turtlebot3_ws/install/dynamixel_sdk_examples:/home/yang/turtlebot3_ws/install/dynamixel_sdk_custom_interfaces:/home/yang/turtlebot3_ws/install/dynamixel_sdk:/home/yang/turtlebot3_ws/install/nav2_simple_commander:/opt/ros/humble LD_LIBRARY_PATH=/home/yang/Desktop/proj/ros-prac/install/p0_interfaces/lib:${LD_LIBRARY_PATH} PYTHONPATH=/home/yang/Desktop/proj/ros-prac/install/p0_interfaces/local/lib/python3.10/dist-packages:${PYTHONPATH} /usr/bin/cmake /home/yang/Desktop/proj/ros-prac/src/p0 -DCMAKE_EXPORT_COMPILE_COMMANDS=ON -DCMAKE_INSTALL_PREFIX=/home/yang/Desktop/proj/ros-prac/install/p0
[2.179s] DEBUG:colcon.colcon_core.event_handler.log_command:Invoking command in '/home/yang/Desktop/proj/ros-prac/build/p0': AMENT_PREFIX_PATH=/home/yang/Desktop/proj/ros-prac/install/p0_interfaces:${AMENT_PREFIX_PATH} CMAKE_PREFIX_PATH=/home/yang/Desktop/proj/ros-prac/install/p0_interfaces:/home/yang/Desktop/proj/ros-prac/src/install/p0_interfaces:/home/yang/Desktop/proj/ros-prac/src/install/p0:/home/yang/turtlebot3_ws/install/dwb_msgs:/home/yang/turtlebot3_ws/install/nav_2d_msgs:/home/yang/turtlebot3_ws/install/nav2_voxel_grid:/home/yang/turtlebot3_ws/install/nav2_msgs:/home/yang/turtlebot3_ws/install/nav2_common:/home/yang/turtlebot3_ws/install/dynamixel_sdk_examples:/home/yang/turtlebot3_ws/install/dynamixel_sdk_custom_interfaces:/home/yang/turtlebot3_ws/install/dynamixel_sdk:/home/yang/turtlebot3_ws/install/nav2_simple_commander:/opt/ros/humble LD_LIBRARY_PATH=/home/yang/Desktop/proj/ros-prac/install/p0_interfaces/lib:${LD_LIBRARY_PATH} PYTHONPATH=/home/yang/Desktop/proj/ros-prac/install/p0_interfaces/local/lib/python3.10/dist-packages:${PYTHONPATH} /usr/bin/cmake --build /home/yang/Desktop/proj/ros-prac/build/p0 -- -j12 -l12
[3.970s] DEBUG:colcon.colcon_core.event_handler.log_command:Invoked command in '/home/yang/Desktop/proj/ros-prac/build/p0' returned '0': AMENT_PREFIX_PATH=/home/yang/Desktop/proj/ros-prac/install/p0_interfaces:${AMENT_PREFIX_PATH} CMAKE_PREFIX_PATH=/home/yang/Desktop/proj/ros-prac/install/p0_interfaces:/home/yang/Desktop/proj/ros-prac/src/install/p0_interfaces:/home/yang/Desktop/proj/ros-prac/src/install/p0:/home/yang/turtlebot3_ws/install/dwb_msgs:/home/yang/turtlebot3_ws/install/nav_2d_msgs:/home/yang/turtlebot3_ws/install/nav2_voxel_grid:/home/yang/turtlebot3_ws/install/nav2_msgs:/home/yang/turtlebot3_ws/install/nav2_common:/home/yang/turtlebot3_ws/install/dynamixel_sdk_examples:/home/yang/turtlebot3_ws/install/dynamixel_sdk_custom_interfaces:/home/yang/turtlebot3_ws/install/dynamixel_sdk:/home/yang/turtlebot3_ws/install/nav2_simple_commander:/opt/ros/humble LD_LIBRARY_PATH=/home/yang/Desktop/proj/ros-prac/install/p0_interfaces/lib:${LD_LIBRARY_PATH} PYTHONPATH=/home/yang/Desktop/proj/ros-prac/install/p0_interfaces/local/lib/python3.10/dist-packages:${PYTHONPATH} /usr/bin/cmake --build /home/yang/Desktop/proj/ros-prac/build/p0 -- -j12 -l12
[3.971s] DEBUG:colcon.colcon_core.event_handler.log_command:Invoking command in '/home/yang/Desktop/proj/ros-prac/build/p0': AMENT_PREFIX_PATH=/home/yang/Desktop/proj/ros-prac/install/p0_interfaces:${AMENT_PREFIX_PATH} CMAKE_PREFIX_PATH=/home/yang/Desktop/proj/ros-prac/install/p0_interfaces:/home/yang/Desktop/proj/ros-prac/src/install/p0_interfaces:/home/yang/Desktop/proj/ros-prac/src/install/p0:/home/yang/turtlebot3_ws/install/dwb_msgs:/home/yang/turtlebot3_ws/install/nav_2d_msgs:/home/yang/turtlebot3_ws/install/nav2_voxel_grid:/home/yang/turtlebot3_ws/install/nav2_msgs:/home/yang/turtlebot3_ws/install/nav2_common:/home/yang/turtlebot3_ws/install/dynamixel_sdk_examples:/home/yang/turtlebot3_ws/install/dynamixel_sdk_custom_interfaces:/home/yang/turtlebot3_ws/install/dynamixel_sdk:/home/yang/turtlebot3_ws/install/nav2_simple_commander:/opt/ros/humble LD_LIBRARY_PATH=/home/yang/Desktop/proj/ros-prac/install/p0_interfaces/lib:${LD_LIBRARY_PATH} PYTHONPATH=/home/yang/Desktop/proj/ros-prac/install/p0_interfaces/local/lib/python3.10/dist-packages:${PYTHONPATH} /usr/bin/cmake --install /home/yang/Desktop/proj/ros-prac/build/p0
[3.977s] Level 1:colcon.colcon_core.environment:create_environment_scripts_only(p0)
[3.978s] Level 1:colcon.colcon_core.environment:checking '/home/yang/Desktop/proj/ros-prac/install/p0' for CMake module files
[3.978s] DEBUG:colcon.colcon_core.event_handler.log_command:Invoked command in '/home/yang/Desktop/proj/ros-prac/build/p0' returned '0': AMENT_PREFIX_PATH=/home/yang/Desktop/proj/ros-prac/install/p0_interfaces:${AMENT_PREFIX_PATH} CMAKE_PREFIX_PATH=/home/yang/Desktop/proj/ros-prac/install/p0_interfaces:/home/yang/Desktop/proj/ros-prac/src/install/p0_interfaces:/home/yang/Desktop/proj/ros-prac/src/install/p0:/home/yang/turtlebot3_ws/install/dwb_msgs:/home/yang/turtlebot3_ws/install/nav_2d_msgs:/home/yang/turtlebot3_ws/install/nav2_voxel_grid:/home/yang/turtlebot3_ws/install/nav2_msgs:/home/yang/turtlebot3_ws/install/nav2_common:/home/yang/turtlebot3_ws/install/dynamixel_sdk_examples:/home/yang/turtlebot3_ws/install/dynamixel_sdk_custom_interfaces:/home/yang/turtlebot3_ws/install/dynamixel_sdk:/home/yang/turtlebot3_ws/install/nav2_simple_commander:/opt/ros/humble LD_LIBRARY_PATH=/home/yang/Desktop/proj/ros-prac/install/p0_interfaces/lib:${LD_LIBRARY_PATH} PYTHONPATH=/home/yang/Desktop/proj/ros-prac/install/p0_interfaces/local/lib/python3.10/dist-packages:${PYTHONPATH} /usr/bin/cmake --install /home/yang/Desktop/proj/ros-prac/build/p0
[3.978s] Level 1:colcon.colcon_core.environment:checking '/home/yang/Desktop/proj/ros-prac/install/p0' for CMake config files
[3.978s] Level 1:colcon.colcon_core.shell:create_environment_hook('p0', 'cmake_prefix_path')
[3.978s] INFO:colcon.colcon_core.shell:Creating environment hook '/home/yang/Desktop/proj/ros-prac/install/p0/share/p0/hook/cmake_prefix_path.ps1'
[3.979s] INFO:colcon.colcon_core.shell:Creating environment descriptor '/home/yang/Desktop/proj/ros-prac/install/p0/share/p0/hook/cmake_prefix_path.dsv'
[3.979s] INFO:colcon.colcon_core.shell:Creating environment hook '/home/yang/Desktop/proj/ros-prac/install/p0/share/p0/hook/cmake_prefix_path.sh'
[3.979s] Level 1:colcon.colcon_core.environment:checking '/home/yang/Desktop/proj/ros-prac/install/p0/lib'
[3.979s] Level 1:colcon.colcon_core.environment:checking '/home/yang/Desktop/proj/ros-prac/install/p0/bin'
[3.979s] Level 1:colcon.colcon_core.environment:checking '/home/yang/Desktop/proj/ros-prac/install/p0/lib/pkgconfig/p0.pc'
[3.979s] Level 1:colcon.colcon_core.environment:checking '/home/yang/Desktop/proj/ros-prac/install/p0/lib/python3.10/site-packages'
[3.980s] Level 1:colcon.colcon_core.environment:checking '/home/yang/Desktop/proj/ros-prac/install/p0/bin'
[3.980s] INFO:colcon.colcon_core.shell:Creating package script '/home/yang/Desktop/proj/ros-prac/install/p0/share/p0/package.ps1'
[3.980s] INFO:colcon.colcon_core.shell:Creating package descriptor '/home/yang/Desktop/proj/ros-prac/install/p0/share/p0/package.dsv'
[3.980s] INFO:colcon.colcon_core.shell:Creating package script '/home/yang/Desktop/proj/ros-prac/install/p0/share/p0/package.sh'
[3.980s] INFO:colcon.colcon_core.shell:Creating package script '/home/yang/Desktop/proj/ros-prac/install/p0/share/p0/package.bash'
[3.980s] INFO:colcon.colcon_core.shell:Creating package script '/home/yang/Desktop/proj/ros-prac/install/p0/share/p0/package.zsh'
[3.980s] Level 1:colcon.colcon_core.environment:create_file_with_runtime_dependencies(/home/yang/Desktop/proj/ros-prac/install/p0/share/colcon-core/packages/p0)
[3.981s] Level 1:colcon.colcon_core.environment:create_environment_scripts_only(p0)
[3.981s] Level 1:colcon.colcon_core.environment:checking '/home/yang/Desktop/proj/ros-prac/install/p0' for CMake module files
[3.981s] Level 1:colcon.colcon_core.environment:checking '/home/yang/Desktop/proj/ros-prac/install/p0' for CMake config files
[3.981s] Level 1:colcon.colcon_core.shell:create_environment_hook('p0', 'cmake_prefix_path')
[3.981s] INFO:colcon.colcon_core.shell:Creating environment hook '/home/yang/Desktop/proj/ros-prac/install/p0/share/p0/hook/cmake_prefix_path.ps1'
[3.981s] INFO:colcon.colcon_core.shell:Creating environment descriptor '/home/yang/Desktop/proj/ros-prac/install/p0/share/p0/hook/cmake_prefix_path.dsv'
[3.981s] INFO:colcon.colcon_core.shell:Creating environment hook '/home/yang/Desktop/proj/ros-prac/install/p0/share/p0/hook/cmake_prefix_path.sh'
[3.981s] Level 1:colcon.colcon_core.environment:checking '/home/yang/Desktop/proj/ros-prac/install/p0/lib'
[3.981s] Level 1:colcon.colcon_core.environment:checking '/home/yang/Desktop/proj/ros-prac/install/p0/bin'
[3.981s] Level 1:colcon.colcon_core.environment:checking '/home/yang/Desktop/proj/ros-prac/install/p0/lib/pkgconfig/p0.pc'
[3.981s] Level 1:colcon.colcon_core.environment:checking '/home/yang/Desktop/proj/ros-prac/install/p0/lib/python3.10/site-packages'
[3.982s] Level 1:colcon.colcon_core.environment:checking '/home/yang/Desktop/proj/ros-prac/install/p0/bin'
[3.982s] INFO:colcon.colcon_core.shell:Creating package script '/home/yang/Desktop/proj/ros-prac/install/p0/share/p0/package.ps1'
[3.982s] INFO:colcon.colcon_core.shell:Creating package descriptor '/home/yang/Desktop/proj/ros-prac/install/p0/share/p0/package.dsv'
[3.982s] INFO:colcon.colcon_core.shell:Creating package script '/home/yang/Desktop/proj/ros-prac/install/p0/share/p0/package.sh'
[3.982s] INFO:colcon.colcon_core.shell:Creating package script '/home/yang/Desktop/proj/ros-prac/install/p0/share/p0/package.bash'
[3.982s] INFO:colcon.colcon_core.shell:Creating package script '/home/yang/Desktop/proj/ros-prac/install/p0/share/p0/package.zsh'
[3.982s] Level 1:colcon.colcon_core.environment:create_file_with_runtime_dependencies(/home/yang/Desktop/proj/ros-prac/install/p0/share/colcon-core/packages/p0)
[3.982s] DEBUG:colcon.colcon_parallel_executor.executor.parallel:closing loop
[3.983s] DEBUG:colcon.colcon_parallel_executor.executor.parallel:loop closed
[3.983s] DEBUG:colcon.colcon_parallel_executor.executor.parallel:run_until_complete finished with '0'
[3.983s] DEBUG:colcon.colcon_core.event_reactor:joining thread
[3.986s] INFO:colcon.colcon_core.plugin_system:Skipping extension 'colcon_notification.desktop_notification.terminal_notifier': Not used on non-Darwin systems
[3.986s] INFO:colcon.colcon_core.plugin_system:Skipping extension 'colcon_notification.desktop_notification.win32': Not used on non-Windows systems
[3.986s] INFO:colcon.colcon_notification.desktop_notification:Sending desktop notification using 'notify2'
[3.990s] DEBUG:colcon.colcon_core.event_reactor:joined thread
[3.991s] INFO:colcon.colcon_core.shell:Creating prefix script '/home/yang/Desktop/proj/ros-prac/install/local_setup.ps1'
[3.991s] INFO:colcon.colcon_core.shell:Creating prefix util module '/home/yang/Desktop/proj/ros-prac/install/_local_setup_util_ps1.py'
[3.992s] INFO:colcon.colcon_core.shell:Creating prefix chain script '/home/yang/Desktop/proj/ros-prac/install/setup.ps1'
[3.992s] INFO:colcon.colcon_core.shell:Creating prefix script '/home/yang/Desktop/proj/ros-prac/install/local_setup.sh'
[3.992s] INFO:colcon.colcon_core.shell:Creating prefix util module '/home/yang/Desktop/proj/ros-prac/install/_local_setup_util_sh.py'
[3.992s] INFO:colcon.colcon_core.shell:Creating prefix chain script '/home/yang/Desktop/proj/ros-prac/install/setup.sh'
[3.993s] INFO:colcon.colcon_core.shell:Creating prefix script '/home/yang/Desktop/proj/ros-prac/install/local_setup.bash'
[3.993s] INFO:colcon.colcon_core.shell:Creating prefix chain script '/home/yang/Desktop/proj/ros-prac/install/setup.bash'
[3.993s] INFO:colcon.colcon_core.shell:Creating prefix script '/home/yang/Desktop/proj/ros-prac/install/local_setup.zsh'
[3.993s] INFO:colcon.colcon_core.shell:Creating prefix chain script '/home/yang/Desktop/proj/ros-prac/install/setup.zsh'
