[ 50%] Built target sensor
[ 75%] [32mBuilding CXX object CMakeFiles/monitor.dir/src/monitor.cpp.o[0m
[01m[K/home/yang/proj/ros-prac/task1/src/nodes/src/monitor.cpp:[m[K In member function ‘[01m[Kvoid Monitor::[01;32m[Khandle[m[K(msgs::srv::GetAverage_Request_<std::allocator<void> >::SharedPtr, msgs::srv::GetAverage_Response_<std::allocator<void> >::SharedPtr)[m[K’:
[01m[K/home/yang/proj/ros-prac/task1/src/nodes/src/monitor.cpp:26:52:[m[K [01;35m[Kwarning: [m[Kunused parameter ‘[01m[Kreq[m[K’ [[01;35m[K]8;;https://gcc.gnu.org/onlinedocs/gcc/Warning-Options.html#index-Wunused-parameter-Wunused-parameter]8;;[m[K]
   26 |   void handle([01;35m[Kconst SrvAverage::Request::SharedPtr req[m[K,
      |               [01;35m[K~~~~~~~~~~~~~~~~~~~~~~~~~~~~~~~~~~~~~^~~[m[K
[100%] [32m[1mLinking CXX executable monitor[0m
[100%] Built target monitor
-- Install configuration: ""
-- Up-to-date: /home/yang/proj/ros-prac/task1/install/nodes/lib/nodes/sensor
-- Up-to-date: /home/yang/proj/ros-prac/task1/install/nodes/lib/nodes/sensor
-- Installing: /home/yang/proj/ros-prac/task1/install/nodes/lib/nodes/monitor
-- Set non-toolchain portion of runtime path of "/home/yang/proj/ros-prac/task1/install/nodes/lib/nodes/monitor" to ""
-- Up-to-date: /home/yang/proj/ros-prac/task1/install/nodes/share/ament_index/resource_index/package_run_dependencies/nodes
-- Up-to-date: /home/yang/proj/ros-prac/task1/install/nodes/share/ament_index/resource_index/parent_prefix_path/nodes
-- Up-to-date: /home/yang/proj/ros-prac/task1/install/nodes/share/nodes/environment/ament_prefix_path.sh
-- Up-to-date: /home/yang/proj/ros-prac/task1/install/nodes/share/nodes/environment/ament_prefix_path.dsv
-- Up-to-date: /home/yang/proj/ros-prac/task1/install/nodes/share/nodes/environment/path.sh
-- Up-to-date: /home/yang/proj/ros-prac/task1/install/nodes/share/nodes/environment/path.dsv
-- Up-to-date: /home/yang/proj/ros-prac/task1/install/nodes/share/nodes/local_setup.bash
-- Up-to-date: /home/yang/proj/ros-prac/task1/install/nodes/share/nodes/local_setup.sh
-- Up-to-date: /home/yang/proj/ros-prac/task1/install/nodes/share/nodes/local_setup.zsh
-- Up-to-date: /home/yang/proj/ros-prac/task1/install/nodes/share/nodes/local_setup.dsv
-- Installing: /home/yang/proj/ros-prac/task1/install/nodes/share/nodes/package.dsv
-- Up-to-date: /home/yang/proj/ros-prac/task1/install/nodes/share/ament_index/resource_index/packages/nodes
-- Up-to-date: /home/yang/proj/ros-prac/task1/install/nodes/share/nodes/cmake/nodesConfig.cmake
-- Up-to-date: /home/yang/proj/ros-prac/task1/install/nodes/share/nodes/cmake/nodesConfig-version.cmake
-- Up-to-date: /home/yang/proj/ros-prac/task1/install/nodes/share/nodes/package.xml
