[0.003s] Invoking command in '/home/yang/proj/ros-prac/task1/build/nodes': CMAKE_PREFIX_PATH=/home/yang/proj/ros-prac/task1/install/msgs:/home/yang/proj/ros-prac/task1/install/nodes:/opt/ros/jazzy /usr/bin/cmake --build /home/yang/proj/ros-prac/task1/build/nodes -- -j10 -l10
[0.019s] [ 50%] Built target sensor
[0.019s] [ 75%] [32mBuilding CXX object CMakeFiles/monitor.dir/src/monitor.cpp.o[0m
[0.718s] [01m[K/home/yang/proj/ros-prac/task1/src/nodes/src/monitor.cpp:[m[K In member function ‘[01m[Kvoid Monitor::[01;32m[Khandle[m[K(msgs::srv::GetAverage_Request_<std::allocator<void> >::SharedPtr, msgs::srv::GetAverage_Response_<std::allocator<void> >::SharedPtr)[m[K’:
[0.718s] [01m[K/home/yang/proj/ros-prac/task1/src/nodes/src/monitor.cpp:26:52:[m[K [01;35m[Kwarning: [m[Kunused parameter ‘[01m[Kreq[m[K’ [[01;35m[K]8;;https://gcc.gnu.org/onlinedocs/gcc/Warning-Options.html#index-Wunused-parameter-Wunused-parameter]8;;[m[K]
[0.718s]    26 |   void handle([01;35m[Kconst SrvAverage::Request::SharedPtr req[m[K,
[0.718s]       |               [01;35m[K~~~~~~~~~~~~~~~~~~~~~~~~~~~~~~~~~~~~~^~~[m[K
[2.484s] [100%] [32m[1mLinking CXX executable monitor[0m
[2.587s] [100%] Built target monitor
[2.590s] Invoked command in '/home/yang/proj/ros-prac/task1/build/nodes' returned '0': CMAKE_PREFIX_PATH=/home/yang/proj/ros-prac/task1/install/msgs:/home/yang/proj/ros-prac/task1/install/nodes:/opt/ros/jazzy /usr/bin/cmake --build /home/yang/proj/ros-prac/task1/build/nodes -- -j10 -l10
[2.591s] Invoking command in '/home/yang/proj/ros-prac/task1/build/nodes': CMAKE_PREFIX_PATH=/home/yang/proj/ros-prac/task1/install/msgs:/home/yang/proj/ros-prac/task1/install/nodes:/opt/ros/jazzy /usr/bin/cmake --install /home/yang/proj/ros-prac/task1/build/nodes
[2.593s] -- Install configuration: ""
[2.593s] -- Up-to-date: /home/yang/proj/ros-prac/task1/install/nodes/lib/nodes/sensor
[2.593s] -- Up-to-date: /home/yang/proj/ros-prac/task1/install/nodes/lib/nodes/sensor
[2.593s] -- Installing: /home/yang/proj/ros-prac/task1/install/nodes/lib/nodes/monitor
[2.595s] -- Set non-toolchain portion of runtime path of "/home/yang/proj/ros-prac/task1/install/nodes/lib/nodes/monitor" to ""
[2.595s] -- Up-to-date: /home/yang/proj/ros-prac/task1/install/nodes/share/ament_index/resource_index/package_run_dependencies/nodes
[2.595s] -- Up-to-date: /home/yang/proj/ros-prac/task1/install/nodes/share/ament_index/resource_index/parent_prefix_path/nodes
[2.595s] -- Up-to-date: /home/yang/proj/ros-prac/task1/install/nodes/share/nodes/environment/ament_prefix_path.sh
[2.595s] -- Up-to-date: /home/yang/proj/ros-prac/task1/install/nodes/share/nodes/environment/ament_prefix_path.dsv
[2.595s] -- Up-to-date: /home/yang/proj/ros-prac/task1/install/nodes/share/nodes/environment/path.sh
[2.595s] -- Up-to-date: /home/yang/proj/ros-prac/task1/install/nodes/share/nodes/environment/path.dsv
[2.595s] -- Up-to-date: /home/yang/proj/ros-prac/task1/install/nodes/share/nodes/local_setup.bash
[2.595s] -- Up-to-date: /home/yang/proj/ros-prac/task1/install/nodes/share/nodes/local_setup.sh
[2.595s] -- Up-to-date: /home/yang/proj/ros-prac/task1/install/nodes/share/nodes/local_setup.zsh
[2.595s] -- Up-to-date: /home/yang/proj/ros-prac/task1/install/nodes/share/nodes/local_setup.dsv
[2.595s] -- Installing: /home/yang/proj/ros-prac/task1/install/nodes/share/nodes/package.dsv
[2.595s] -- Up-to-date: /home/yang/proj/ros-prac/task1/install/nodes/share/ament_index/resource_index/packages/nodes
[2.595s] -- Up-to-date: /home/yang/proj/ros-prac/task1/install/nodes/share/nodes/cmake/nodesConfig.cmake
[2.595s] -- Up-to-date: /home/yang/proj/ros-prac/task1/install/nodes/share/nodes/cmake/nodesConfig-version.cmake
[2.595s] -- Up-to-date: /home/yang/proj/ros-prac/task1/install/nodes/share/nodes/package.xml
[2.596s] Invoked command in '/home/yang/proj/ros-prac/task1/build/nodes' returned '0': CMAKE_PREFIX_PATH=/home/yang/proj/ros-prac/task1/install/msgs:/home/yang/proj/ros-prac/task1/install/nodes:/opt/ros/jazzy /usr/bin/cmake --install /home/yang/proj/ros-prac/task1/build/nodes
