[0.005s] Invoking command in '/home/yang/proj/ros-prac/learn15/build/learn15': CMAKE_PREFIX_PATH=/home/yang/proj/ros-prac/learn15/install/mcl_msgs:/home/yang/proj/ros-prac/learn15/install/learn15:/opt/ros/jazzy/opt/gz_sim_vendor:/opt/ros/jazzy/opt/gz_sensors_vendor:/opt/ros/jazzy/opt/gz_physics_vendor:/opt/ros/jazzy/opt/sdformat_vendor:/opt/ros/jazzy/opt/gz_gui_vendor:/opt/ros/jazzy/opt/gz_transport_vendor:/opt/ros/jazzy/opt/gz_rendering_vendor:/opt/ros/jazzy/opt/gz_plugin_vendor:/opt/ros/jazzy/opt/gz_fuel_tools_vendor:/opt/ros/jazzy/opt/gz_msgs_vendor:/opt/ros/jazzy/opt/gz_common_vendor:/opt/ros/jazzy/opt/gz_math_vendor:/opt/ros/jazzy/opt/gz_utils_vendor:/opt/ros/jazzy/opt/gz_tools_vendor:/opt/ros/jazzy/opt/gz_ogre_next_vendor:/opt/ros/jazzy/opt/gz_dartsim_vendor:/opt/ros/jazzy/opt/gz_cmake_vendor:/opt/ros/jazzy DEBUGINFOD_URLS=https://debuginfod.ubuntu.com LD_LIBRARY_PATH=/home/yang/proj/ros-prac/learn15/install/mcl_msgs/lib:/home/yang/proj/ros-prac/learn15/install/learn15/lib:/opt/ros/jazzy/opt/gz_sim_vendor/lib:/opt/ros/jazzy/opt/gz_sensors_vendor/lib:/opt/ros/jazzy/opt/gz_physics_vendor/lib:/opt/ros/jazzy/opt/sdformat_vendor/lib:/opt/ros/jazzy/opt/rviz_ogre_vendor/lib:/opt/ros/jazzy/lib/x86_64-linux-gnu:/opt/ros/jazzy/opt/gz_gui_vendor/lib:/opt/ros/jazzy/opt/gz_transport_vendor/lib:/opt/ros/jazzy/opt/gz_rendering_vendor/lib:/opt/ros/jazzy/opt/gz_plugin_vendor/lib:/opt/ros/jazzy/opt/gz_fuel_tools_vendor/lib:/opt/ros/jazzy/opt/gz_msgs_vendor/lib:/opt/ros/jazzy/opt/gz_common_vendor/lib:/opt/ros/jazzy/opt/gz_math_vendor/lib:/opt/ros/jazzy/opt/gz_utils_vendor/lib:/opt/ros/jazzy/opt/gz_tools_vendor/lib:/opt/ros/jazzy/opt/gz_ogre_next_vendor/lib:/opt/ros/jazzy/opt/gz_dartsim_vendor/lib:/opt/ros/jazzy/opt/gz_cmake_vendor/lib:/opt/ros/jazzy/lib /usr/bin/cmake /home/yang/proj/ros-prac/learn15/src/learn15 -DCMAKE_INSTALL_PREFIX=/home/yang/proj/ros-prac/learn15/install/learn15
[0.012s] -- Found ament_cmake: 2.5.6 (/opt/ros/jazzy/share/ament_cmake/cmake)
[0.105s] -- Found rclcpp: 28.1.18 (/opt/ros/jazzy/share/rclcpp/cmake)
[0.117s] -- Found rosidl_generator_c: 4.6.7 (/opt/ros/jazzy/share/rosidl_generator_c/cmake)
[0.120s] -- Found rosidl_generator_cpp: 4.6.7 (/opt/ros/jazzy/share/rosidl_generator_cpp/cmake)
[0.125s] -- Using all available rosidl_typesupport_c: rosidl_typesupport_fastrtps_c;rosidl_typesupport_introspection_c
[0.130s] -- Using all available rosidl_typesupport_cpp: rosidl_typesupport_fastrtps_cpp;rosidl_typesupport_introspection_cpp
[0.157s] -- Found rmw_implementation_cmake: 7.3.3 (/opt/ros/jazzy/share/rmw_implementation_cmake/cmake)
[0.157s] -- Found rmw_fastrtps_cpp: 8.4.3 (/opt/ros/jazzy/share/rmw_fastrtps_cpp/cmake)
[0.186s] -- Using RMW implementation 'rmw_fastrtps_cpp' as default
[0.216s] -- Found std_msgs: 5.3.7 (/opt/ros/jazzy/share/std_msgs/cmake)
[0.222s] -- Found nav_msgs: 5.3.7 (/opt/ros/jazzy/share/nav_msgs/cmake)
[0.241s] -- Found tf2: 0.36.20 (/opt/ros/jazzy/share/tf2/cmake)
[0.243s] -- Found tf2_ros: 0.36.20 (/opt/ros/jazzy/share/tf2_ros/cmake)
[0.294s] -- Found tf2_geometry_msgs: 0.36.20 (/opt/ros/jazzy/share/tf2_geometry_msgs/cmake)
[0.296s] -- Found eigen3_cmake_module: 0.3.0 (/opt/ros/jazzy/share/eigen3_cmake_module/cmake)
[0.296s] -- Ensuring Eigen3 include directory is part of orocos-kdl CMake target
[0.297s] -- Found mcl_msgs: 0.0.0 (/home/yang/proj/ros-prac/learn15/install/mcl_msgs/share/mcl_msgs/cmake)
[0.344s] -- Configuring done (0.3s)
[0.353s] -- Generating done (0.0s)
[0.355s] -- Build files have been written to: /home/yang/proj/ros-prac/learn15/build/learn15
[0.360s] Invoked command in '/home/yang/proj/ros-prac/learn15/build/learn15' returned '0': CMAKE_PREFIX_PATH=/home/yang/proj/ros-prac/learn15/install/mcl_msgs:/home/yang/proj/ros-prac/learn15/install/learn15:/opt/ros/jazzy/opt/gz_sim_vendor:/opt/ros/jazzy/opt/gz_sensors_vendor:/opt/ros/jazzy/opt/gz_physics_vendor:/opt/ros/jazzy/opt/sdformat_vendor:/opt/ros/jazzy/opt/gz_gui_vendor:/opt/ros/jazzy/opt/gz_transport_vendor:/opt/ros/jazzy/opt/gz_rendering_vendor:/opt/ros/jazzy/opt/gz_plugin_vendor:/opt/ros/jazzy/opt/gz_fuel_tools_vendor:/opt/ros/jazzy/opt/gz_msgs_vendor:/opt/ros/jazzy/opt/gz_common_vendor:/opt/ros/jazzy/opt/gz_math_vendor:/opt/ros/jazzy/opt/gz_utils_vendor:/opt/ros/jazzy/opt/gz_tools_vendor:/opt/ros/jazzy/opt/gz_ogre_next_vendor:/opt/ros/jazzy/opt/gz_dartsim_vendor:/opt/ros/jazzy/opt/gz_cmake_vendor:/opt/ros/jazzy DEBUGINFOD_URLS=https://debuginfod.ubuntu.com LD_LIBRARY_PATH=/home/yang/proj/ros-prac/learn15/install/mcl_msgs/lib:/home/yang/proj/ros-prac/learn15/install/learn15/lib:/opt/ros/jazzy/opt/gz_sim_vendor/lib:/opt/ros/jazzy/opt/gz_sensors_vendor/lib:/opt/ros/jazzy/opt/gz_physics_vendor/lib:/opt/ros/jazzy/opt/sdformat_vendor/lib:/opt/ros/jazzy/opt/rviz_ogre_vendor/lib:/opt/ros/jazzy/lib/x86_64-linux-gnu:/opt/ros/jazzy/opt/gz_gui_vendor/lib:/opt/ros/jazzy/opt/gz_transport_vendor/lib:/opt/ros/jazzy/opt/gz_rendering_vendor/lib:/opt/ros/jazzy/opt/gz_plugin_vendor/lib:/opt/ros/jazzy/opt/gz_fuel_tools_vendor/lib:/opt/ros/jazzy/opt/gz_msgs_vendor/lib:/opt/ros/jazzy/opt/gz_common_vendor/lib:/opt/ros/jazzy/opt/gz_math_vendor/lib:/opt/ros/jazzy/opt/gz_utils_vendor/lib:/opt/ros/jazzy/opt/gz_tools_vendor/lib:/opt/ros/jazzy/opt/gz_ogre_next_vendor/lib:/opt/ros/jazzy/opt/gz_dartsim_vendor/lib:/opt/ros/jazzy/opt/gz_cmake_vendor/lib:/opt/ros/jazzy/lib /usr/bin/cmake /home/yang/proj/ros-prac/learn15/src/learn15 -DCMAKE_INSTALL_PREFIX=/home/yang/proj/ros-prac/learn15/install/learn15
[0.361s] Invoking command in '/home/yang/proj/ros-prac/learn15/build/learn15': CMAKE_PREFIX_PATH=/home/yang/proj/ros-prac/learn15/install/mcl_msgs:/home/yang/proj/ros-prac/learn15/install/learn15:/opt/ros/jazzy/opt/gz_sim_vendor:/opt/ros/jazzy/opt/gz_sensors_vendor:/opt/ros/jazzy/opt/gz_physics_vendor:/opt/ros/jazzy/opt/sdformat_vendor:/opt/ros/jazzy/opt/gz_gui_vendor:/opt/ros/jazzy/opt/gz_transport_vendor:/opt/ros/jazzy/opt/gz_rendering_vendor:/opt/ros/jazzy/opt/gz_plugin_vendor:/opt/ros/jazzy/opt/gz_fuel_tools_vendor:/opt/ros/jazzy/opt/gz_msgs_vendor:/opt/ros/jazzy/opt/gz_common_vendor:/opt/ros/jazzy/opt/gz_math_vendor:/opt/ros/jazzy/opt/gz_utils_vendor:/opt/ros/jazzy/opt/gz_tools_vendor:/opt/ros/jazzy/opt/gz_ogre_next_vendor:/opt/ros/jazzy/opt/gz_dartsim_vendor:/opt/ros/jazzy/opt/gz_cmake_vendor:/opt/ros/jazzy DEBUGINFOD_URLS=https://debuginfod.ubuntu.com LD_LIBRARY_PATH=/home/yang/proj/ros-prac/learn15/install/mcl_msgs/lib:/home/yang/proj/ros-prac/learn15/install/learn15/lib:/opt/ros/jazzy/opt/gz_sim_vendor/lib:/opt/ros/jazzy/opt/gz_sensors_vendor/lib:/opt/ros/jazzy/opt/gz_physics_vendor/lib:/opt/ros/jazzy/opt/sdformat_vendor/lib:/opt/ros/jazzy/opt/rviz_ogre_vendor/lib:/opt/ros/jazzy/lib/x86_64-linux-gnu:/opt/ros/jazzy/opt/gz_gui_vendor/lib:/opt/ros/jazzy/opt/gz_transport_vendor/lib:/opt/ros/jazzy/opt/gz_rendering_vendor/lib:/opt/ros/jazzy/opt/gz_plugin_vendor/lib:/opt/ros/jazzy/opt/gz_fuel_tools_vendor/lib:/opt/ros/jazzy/opt/gz_msgs_vendor/lib:/opt/ros/jazzy/opt/gz_common_vendor/lib:/opt/ros/jazzy/opt/gz_math_vendor/lib:/opt/ros/jazzy/opt/gz_utils_vendor/lib:/opt/ros/jazzy/opt/gz_tools_vendor/lib:/opt/ros/jazzy/opt/gz_ogre_next_vendor/lib:/opt/ros/jazzy/opt/gz_dartsim_vendor/lib:/opt/ros/jazzy/opt/gz_cmake_vendor/lib:/opt/ros/jazzy/lib /usr/bin/cmake --build /home/yang/proj/ros-prac/learn15/build/learn15 -- -j12 -l12
[0.383s] [ 33%] Built target mcl_core
[0.394s] [ 66%] Built target sim2d
[0.394s] [100%] Built target mcl
[0.398s] Invoked command in '/home/yang/proj/ros-prac/learn15/build/learn15' returned '0': CMAKE_PREFIX_PATH=/home/yang/proj/ros-prac/learn15/install/mcl_msgs:/home/yang/proj/ros-prac/learn15/install/learn15:/opt/ros/jazzy/opt/gz_sim_vendor:/opt/ros/jazzy/opt/gz_sensors_vendor:/opt/ros/jazzy/opt/gz_physics_vendor:/opt/ros/jazzy/opt/sdformat_vendor:/opt/ros/jazzy/opt/gz_gui_vendor:/opt/ros/jazzy/opt/gz_transport_vendor:/opt/ros/jazzy/opt/gz_rendering_vendor:/opt/ros/jazzy/opt/gz_plugin_vendor:/opt/ros/jazzy/opt/gz_fuel_tools_vendor:/opt/ros/jazzy/opt/gz_msgs_vendor:/opt/ros/jazzy/opt/gz_common_vendor:/opt/ros/jazzy/opt/gz_math_vendor:/opt/ros/jazzy/opt/gz_utils_vendor:/opt/ros/jazzy/opt/gz_tools_vendor:/opt/ros/jazzy/opt/gz_ogre_next_vendor:/opt/ros/jazzy/opt/gz_dartsim_vendor:/opt/ros/jazzy/opt/gz_cmake_vendor:/opt/ros/jazzy DEBUGINFOD_URLS=https://debuginfod.ubuntu.com LD_LIBRARY_PATH=/home/yang/proj/ros-prac/learn15/install/mcl_msgs/lib:/home/yang/proj/ros-prac/learn15/install/learn15/lib:/opt/ros/jazzy/opt/gz_sim_vendor/lib:/opt/ros/jazzy/opt/gz_sensors_vendor/lib:/opt/ros/jazzy/opt/gz_physics_vendor/lib:/opt/ros/jazzy/opt/sdformat_vendor/lib:/opt/ros/jazzy/opt/rviz_ogre_vendor/lib:/opt/ros/jazzy/lib/x86_64-linux-gnu:/opt/ros/jazzy/opt/gz_gui_vendor/lib:/opt/ros/jazzy/opt/gz_transport_vendor/lib:/opt/ros/jazzy/opt/gz_rendering_vendor/lib:/opt/ros/jazzy/opt/gz_plugin_vendor/lib:/opt/ros/jazzy/opt/gz_fuel_tools_vendor/lib:/opt/ros/jazzy/opt/gz_msgs_vendor/lib:/opt/ros/jazzy/opt/gz_common_vendor/lib:/opt/ros/jazzy/opt/gz_math_vendor/lib:/opt/ros/jazzy/opt/gz_utils_vendor/lib:/opt/ros/jazzy/opt/gz_tools_vendor/lib:/opt/ros/jazzy/opt/gz_ogre_next_vendor/lib:/opt/ros/jazzy/opt/gz_dartsim_vendor/lib:/opt/ros/jazzy/opt/gz_cmake_vendor/lib:/opt/ros/jazzy/lib /usr/bin/cmake --build /home/yang/proj/ros-prac/learn15/build/learn15 -- -j12 -l12
[0.402s] Invoking command in '/home/yang/proj/ros-prac/learn15/build/learn15': CMAKE_PREFIX_PATH=/home/yang/proj/ros-prac/learn15/install/mcl_msgs:/home/yang/proj/ros-prac/learn15/install/learn15:/opt/ros/jazzy/opt/gz_sim_vendor:/opt/ros/jazzy/opt/gz_sensors_vendor:/opt/ros/jazzy/opt/gz_physics_vendor:/opt/ros/jazzy/opt/sdformat_vendor:/opt/ros/jazzy/opt/gz_gui_vendor:/opt/ros/jazzy/opt/gz_transport_vendor:/opt/ros/jazzy/opt/gz_rendering_vendor:/opt/ros/jazzy/opt/gz_plugin_vendor:/opt/ros/jazzy/opt/gz_fuel_tools_vendor:/opt/ros/jazzy/opt/gz_msgs_vendor:/opt/ros/jazzy/opt/gz_common_vendor:/opt/ros/jazzy/opt/gz_math_vendor:/opt/ros/jazzy/opt/gz_utils_vendor:/opt/ros/jazzy/opt/gz_tools_vendor:/opt/ros/jazzy/opt/gz_ogre_next_vendor:/opt/ros/jazzy/opt/gz_dartsim_vendor:/opt/ros/jazzy/opt/gz_cmake_vendor:/opt/ros/jazzy DEBUGINFOD_URLS=https://debuginfod.ubuntu.com LD_LIBRARY_PATH=/home/yang/proj/ros-prac/learn15/install/mcl_msgs/lib:/home/yang/proj/ros-prac/learn15/install/learn15/lib:/opt/ros/jazzy/opt/gz_sim_vendor/lib:/opt/ros/jazzy/opt/gz_sensors_vendor/lib:/opt/ros/jazzy/opt/gz_physics_vendor/lib:/opt/ros/jazzy/opt/sdformat_vendor/lib:/opt/ros/jazzy/opt/rviz_ogre_vendor/lib:/opt/ros/jazzy/lib/x86_64-linux-gnu:/opt/ros/jazzy/opt/gz_gui_vendor/lib:/opt/ros/jazzy/opt/gz_transport_vendor/lib:/opt/ros/jazzy/opt/gz_rendering_vendor/lib:/opt/ros/jazzy/opt/gz_plugin_vendor/lib:/opt/ros/jazzy/opt/gz_fuel_tools_vendor/lib:/opt/ros/jazzy/opt/gz_msgs_vendor/lib:/opt/ros/jazzy/opt/gz_common_vendor/lib:/opt/ros/jazzy/opt/gz_math_vendor/lib:/opt/ros/jazzy/opt/gz_utils_vendor/lib:/opt/ros/jazzy/opt/gz_tools_vendor/lib:/opt/ros/jazzy/opt/gz_ogre_next_vendor/lib:/opt/ros/jazzy/opt/gz_dartsim_vendor/lib:/opt/ros/jazzy/opt/gz_cmake_vendor/lib:/opt/ros/jazzy/lib /usr/bin/cmake --install /home/yang/proj/ros-prac/learn15/build/learn15
[0.405s] -- Install configuration: ""
[0.405s] -- Up-to-date: /home/yang/proj/ros-prac/learn15/install/learn15/lib/libmcl_core.so
[0.405s] -- Up-to-date: /home/yang/proj/ros-prac/learn15/install/learn15/lib/learn15/mcl
[0.405s] -- Up-to-date: /home/yang/proj/ros-prac/learn15/install/learn15/lib/learn15/sim2d
[0.405s] -- Up-to-date: /home/yang/proj/ros-prac/learn15/install/learn15/include/learn15
[0.405s] -- Up-to-date: /home/yang/proj/ros-prac/learn15/install/learn15/include/learn15/learn15
[0.405s] -- Up-to-date: /home/yang/proj/ros-prac/learn15/install/learn15/include/learn15/learn15/geom.hpp
[0.405s] -- Up-to-date: /home/yang/proj/ros-prac/learn15/install/learn15/include/learn15/learn15/mcl.hpp
[0.405s] -- Up-to-date: /home/yang/proj/ros-prac/learn15/install/learn15/include/learn15/learn15/slam_types.hpp
[0.405s] -- Up-to-date: /home/yang/proj/ros-prac/learn15/install/learn15/share/learn15/launch
[0.405s] -- Installing: /home/yang/proj/ros-prac/learn15/install/learn15/share/learn15/launch/mcl_demo.launch.py
[0.405s] -- Installing: /home/yang/proj/ros-prac/learn15/install/learn15/share/learn15/rviz
[0.405s] -- Installing: /home/yang/proj/ros-prac/learn15/install/learn15/share/learn15/rviz/mcl_demo.rviz
[0.405s] -- Up-to-date: /home/yang/proj/ros-prac/learn15/install/learn15/share/learn15/environment/library_path.sh
[0.405s] -- Up-to-date: /home/yang/proj/ros-prac/learn15/install/learn15/share/learn15/environment/library_path.dsv
[0.405s] -- Installing: /home/yang/proj/ros-prac/learn15/install/learn15/share/ament_index/resource_index/package_run_dependencies/learn15
[0.405s] -- Up-to-date: /home/yang/proj/ros-prac/learn15/install/learn15/share/ament_index/resource_index/parent_prefix_path/learn15
[0.405s] -- Up-to-date: /home/yang/proj/ros-prac/learn15/install/learn15/share/learn15/environment/ament_prefix_path.sh
[0.405s] -- Up-to-date: /home/yang/proj/ros-prac/learn15/install/learn15/share/learn15/environment/ament_prefix_path.dsv
[0.405s] -- Up-to-date: /home/yang/proj/ros-prac/learn15/install/learn15/share/learn15/environment/path.sh
[0.405s] -- Up-to-date: /home/yang/proj/ros-prac/learn15/install/learn15/share/learn15/environment/path.dsv
[0.405s] -- Up-to-date: /home/yang/proj/ros-prac/learn15/install/learn15/share/learn15/local_setup.bash
[0.405s] -- Up-to-date: /home/yang/proj/ros-prac/learn15/install/learn15/share/learn15/local_setup.sh
[0.405s] -- Up-to-date: /home/yang/proj/ros-prac/learn15/install/learn15/share/learn15/local_setup.zsh
[0.406s] -- Up-to-date: /home/yang/proj/ros-prac/learn15/install/learn15/share/learn15/local_setup.dsv
[0.406s] -- Installing: /home/yang/proj/ros-prac/learn15/install/learn15/share/learn15/package.dsv
[0.406s] -- Up-to-date: /home/yang/proj/ros-prac/learn15/install/learn15/share/ament_index/resource_index/packages/learn15
[0.406s] -- Up-to-date: /home/yang/proj/ros-prac/learn15/install/learn15/share/learn15/cmake/export_learn15Export.cmake
[0.406s] -- Up-to-date: /home/yang/proj/ros-prac/learn15/install/learn15/share/learn15/cmake/export_learn15Export-noconfig.cmake
[0.406s] -- Up-to-date: /home/yang/proj/ros-prac/learn15/install/learn15/share/learn15/cmake/ament_cmake_export_targets-extras.cmake
[0.406s] -- Up-to-date: /home/yang/proj/ros-prac/learn15/install/learn15/share/learn15/cmake/ament_cmake_export_dependencies-extras.cmake
[0.406s] -- Up-to-date: /home/yang/proj/ros-prac/learn15/install/learn15/share/learn15/cmake/learn15Config.cmake
[0.406s] -- Up-to-date: /home/yang/proj/ros-prac/learn15/install/learn15/share/learn15/cmake/learn15Config-version.cmake
[0.406s] -- Installing: /home/yang/proj/ros-prac/learn15/install/learn15/share/learn15/package.xml
[0.406s] Invoked command in '/home/yang/proj/ros-prac/learn15/build/learn15' returned '0': CMAKE_PREFIX_PATH=/home/yang/proj/ros-prac/learn15/install/mcl_msgs:/home/yang/proj/ros-prac/learn15/install/learn15:/opt/ros/jazzy/opt/gz_sim_vendor:/opt/ros/jazzy/opt/gz_sensors_vendor:/opt/ros/jazzy/opt/gz_physics_vendor:/opt/ros/jazzy/opt/sdformat_vendor:/opt/ros/jazzy/opt/gz_gui_vendor:/opt/ros/jazzy/opt/gz_transport_vendor:/opt/ros/jazzy/opt/gz_rendering_vendor:/opt/ros/jazzy/opt/gz_plugin_vendor:/opt/ros/jazzy/opt/gz_fuel_tools_vendor:/opt/ros/jazzy/opt/gz_msgs_vendor:/opt/ros/jazzy/opt/gz_common_vendor:/opt/ros/jazzy/opt/gz_math_vendor:/opt/ros/jazzy/opt/gz_utils_vendor:/opt/ros/jazzy/opt/gz_tools_vendor:/opt/ros/jazzy/opt/gz_ogre_next_vendor:/opt/ros/jazzy/opt/gz_dartsim_vendor:/opt/ros/jazzy/opt/gz_cmake_vendor:/opt/ros/jazzy DEBUGINFOD_URLS=https://debuginfod.ubuntu.com LD_LIBRARY_PATH=/home/yang/proj/ros-prac/learn15/install/mcl_msgs/lib:/home/yang/proj/ros-prac/learn15/install/learn15/lib:/opt/ros/jazzy/opt/gz_sim_vendor/lib:/opt/ros/jazzy/opt/gz_sensors_vendor/lib:/opt/ros/jazzy/opt/gz_physics_vendor/lib:/opt/ros/jazzy/opt/sdformat_vendor/lib:/opt/ros/jazzy/opt/rviz_ogre_vendor/lib:/opt/ros/jazzy/lib/x86_64-linux-gnu:/opt/ros/jazzy/opt/gz_gui_vendor/lib:/opt/ros/jazzy/opt/gz_transport_vendor/lib:/opt/ros/jazzy/opt/gz_rendering_vendor/lib:/opt/ros/jazzy/opt/gz_plugin_vendor/lib:/opt/ros/jazzy/opt/gz_fuel_tools_vendor/lib:/opt/ros/jazzy/opt/gz_msgs_vendor/lib:/opt/ros/jazzy/opt/gz_common_vendor/lib:/opt/ros/jazzy/opt/gz_math_vendor/lib:/opt/ros/jazzy/opt/gz_utils_vendor/lib:/opt/ros/jazzy/opt/gz_tools_vendor/lib:/opt/ros/jazzy/opt/gz_ogre_next_vendor/lib:/opt/ros/jazzy/opt/gz_dartsim_vendor/lib:/opt/ros/jazzy/opt/gz_cmake_vendor/lib:/opt/ros/jazzy/lib /usr/bin/cmake --install /home/yang/proj/ros-prac/learn15/build/learn15
