[0.051s] DEBUG:colcon:Command line arguments: ['/usr/bin/colcon', 'build', '--cmake-args', '-DCMAKE_EXPORT_COMPILE_COMMANDS=ON']
[0.051s] DEBUG:colcon:Parsed command line arguments: Namespace(log_base=None, log_level=None, verb_name='build', build_base='build', install_base='install', merge_install=False, symlink_install=False, test_result_base=None, continue_on_error=False, executor='parallel', parallel_workers=12, event_handlers=None, ignore_user_meta=False, metas=['./colcon.meta'], base_paths=['.'], packages_ignore=None, packages_ignore_regex=None, paths=None, packages_up_to=None, packages_up_to_regex=None, packages_above=None, packages_above_and_dependencies=None, packages_above_depth=None, packages_select_by_dep=None, packages_skip_by_dep=None, packages_skip_up_to=None, packages_select_build_failed=False, packages_skip_build_finished=False, packages_select_test_failures=False, packages_skip_test_passed=False, packages_select=None, packages_skip=None, packages_select_regex=None, packages_skip_regex=None, packages_start=None, packages_end=None, allow_overriding=[], cmake_args=['-DCMAKE_EXPORT_COMPILE_COMMANDS=ON'], cmake_target=None, cmake_target_skip_unavailable=False, cmake_clean_cache=False, cmake_clean_first=False, cmake_force_configure=False, ament_cmake_args=None, catkin_cmake_args=None, catkin_skip_building_tests=False, mixin_files=None, mixin=None, verb_parser=<colcon_mixin.mixin.mixin_argument.MixinArgumentDecorator object at 0x7137d6080b60>, verb_extension=<colcon_core.verb.build.BuildVerb object at 0x7137d60800b0>, main=<bound method BuildVerb.main of <colcon_core.verb.build.BuildVerb object at 0x7137d60800b0>>, mixin_verb=('build',))
[0.070s] Level 1:colcon.colcon_core.package_discovery:discover_packages(colcon_meta) check parameters
[0.070s] Level 1:colcon.colcon_core.package_discovery:discover_packages(recursive) check parameters
[0.070s] Level 1:colcon.colcon_core.package_discovery:discover_packages(ignore) check parameters
[0.070s] Level 1:colcon.colcon_core.package_discovery:discover_packages(path) check parameters
[0.070s] Level 1:colcon.colcon_core.package_discovery:discover_packages(colcon_meta) discover
[0.070s] Level 1:colcon.colcon_core.package_discovery:discover_packages(recursive) discover
[0.071s] INFO:colcon.colcon_core.package_discovery:Crawling recursively for packages in '/home/yang/proj/ros-prac/learn9'
[0.071s] Level 1:colcon.colcon_core.package_identification:_identify(.) by extensions ['ignore', 'ignore_ament_install']
[0.071s] Level 1:colcon.colcon_core.package_identification:_identify(.) by extension 'ignore'
[0.071s] Level 1:colcon.colcon_core.package_identification:_identify(.) by extension 'ignore_ament_install'
[0.071s] Level 1:colcon.colcon_core.package_identification:_identify(.) by extensions ['colcon_pkg']
[0.071s] Level 1:colcon.colcon_core.package_identification:_identify(.) by extension 'colcon_pkg'
[0.071s] Level 1:colcon.colcon_core.package_identification:_identify(.) by extensions ['colcon_meta']
[0.071s] Level 1:colcon.colcon_core.package_identification:_identify(.) by extension 'colcon_meta'
[0.071s] Level 1:colcon.colcon_core.package_identification:_identify(.) by extensions ['ros']
[0.071s] Level 1:colcon.colcon_core.package_identification:_identify(.) by extension 'ros'
[0.085s] Level 1:colcon.colcon_core.package_identification:_identify(.) by extensions ['cmake', 'python']
[0.085s] Level 1:colcon.colcon_core.package_identification:_identify(.) by extension 'cmake'
[0.085s] Level 1:colcon.colcon_core.package_identification:_identify(.) by extension 'python'
[0.085s] Level 1:colcon.colcon_core.package_identification:_identify(.) by extensions ['python_setup_py']
[0.085s] Level 1:colcon.colcon_core.package_identification:_identify(.) by extension 'python_setup_py'
[0.085s] Level 1:colcon.colcon_core.package_identification:_identify(build) by extensions ['ignore', 'ignore_ament_install']
[0.085s] Level 1:colcon.colcon_core.package_identification:_identify(build) by extension 'ignore'
[0.085s] Level 1:colcon.colcon_core.package_identification:_identify(build) ignored
[0.085s] Level 1:colcon.colcon_core.package_identification:_identify(install) by extensions ['ignore', 'ignore_ament_install']
[0.085s] Level 1:colcon.colcon_core.package_identification:_identify(install) by extension 'ignore'
[0.085s] Level 1:colcon.colcon_core.package_identification:_identify(install) ignored
[0.085s] Level 1:colcon.colcon_core.package_identification:_identify(log) by extensions ['ignore', 'ignore_ament_install']
[0.085s] Level 1:colcon.colcon_core.package_identification:_identify(log) by extension 'ignore'
[0.085s] Level 1:colcon.colcon_core.package_identification:_identify(log) ignored
[0.085s] Level 1:colcon.colcon_core.package_identification:_identify(src) by extensions ['ignore', 'ignore_ament_install']
[0.085s] Level 1:colcon.colcon_core.package_identification:_identify(src) by extension 'ignore'
[0.085s] Level 1:colcon.colcon_core.package_identification:_identify(src) by extension 'ignore_ament_install'
[0.085s] Level 1:colcon.colcon_core.package_identification:_identify(src) by extensions ['colcon_pkg']
[0.085s] Level 1:colcon.colcon_core.package_identification:_identify(src) by extension 'colcon_pkg'
[0.085s] Level 1:colcon.colcon_core.package_identification:_identify(src) by extensions ['colcon_meta']
[0.085s] Level 1:colcon.colcon_core.package_identification:_identify(src) by extension 'colcon_meta'
[0.085s] Level 1:colcon.colcon_core.package_identification:_identify(src) by extensions ['ros']
[0.085s] Level 1:colcon.colcon_core.package_identification:_identify(src) by extension 'ros'
[0.086s] Level 1:colcon.colcon_core.package_identification:_identify(src) by extensions ['cmake', 'python']
[0.086s] Level 1:colcon.colcon_core.package_identification:_identify(src) by extension 'cmake'
[0.086s] Level 1:colcon.colcon_core.package_identification:_identify(src) by extension 'python'
[0.086s] Level 1:colcon.colcon_core.package_identification:_identify(src) by extensions ['python_setup_py']
[0.086s] Level 1:colcon.colcon_core.package_identification:_identify(src) by extension 'python_setup_py'
[0.086s] Level 1:colcon.colcon_core.package_identification:_identify(src/sim) by extensions ['ignore', 'ignore_ament_install']
[0.086s] Level 1:colcon.colcon_core.package_identification:_identify(src/sim) by extension 'ignore'
[0.086s] Level 1:colcon.colcon_core.package_identification:_identify(src/sim) by extension 'ignore_ament_install'
[0.086s] Level 1:colcon.colcon_core.package_identification:_identify(src/sim) by extensions ['colcon_pkg']
[0.086s] Level 1:colcon.colcon_core.package_identification:_identify(src/sim) by extension 'colcon_pkg'
[0.086s] Level 1:colcon.colcon_core.package_identification:_identify(src/sim) by extensions ['colcon_meta']
[0.086s] Level 1:colcon.colcon_core.package_identification:_identify(src/sim) by extension 'colcon_meta'
[0.086s] Level 1:colcon.colcon_core.package_identification:_identify(src/sim) by extensions ['ros']
[0.086s] Level 1:colcon.colcon_core.package_identification:_identify(src/sim) by extension 'ros'
[0.087s] DEBUG:colcon.colcon_core.package_identification:Package 'src/sim' with type 'ros.ament_cmake' and name 'sim'
[0.087s] Level 1:colcon.colcon_core.package_discovery:discover_packages(recursive) using defaults
[0.087s] Level 1:colcon.colcon_core.package_discovery:discover_packages(ignore) discover
[0.087s] Level 1:colcon.colcon_core.package_discovery:discover_packages(ignore) using defaults
[0.087s] Level 1:colcon.colcon_core.package_discovery:discover_packages(path) discover
[0.087s] Level 1:colcon.colcon_core.package_discovery:discover_packages(path) using defaults
[0.096s] Level 1:colcon.colcon_core.package_discovery:discover_packages(prefix_path) check parameters
[0.096s] Level 1:colcon.colcon_core.package_discovery:discover_packages(prefix_path) discover
[0.097s] WARNING:colcon.colcon_ros.prefix_path.ament:The path '/home/yang/proj/ros-prac/learn9/install/sim' in the environment variable AMENT_PREFIX_PATH doesn't exist
[0.097s] WARNING:colcon.colcon_ros.prefix_path.catkin:The path '/home/yang/proj/ros-prac/learn9/install/sim' in the environment variable CMAKE_PREFIX_PATH doesn't exist
[0.097s] DEBUG:colcon.colcon_installed_package_information.package_discovery:Found 0 installed packages in /home/yang/proj/ros-prac/learn9/install
[0.098s] DEBUG:colcon.colcon_installed_package_information.package_discovery:Found 310 installed packages in /opt/ros/jazzy
[0.099s] Level 1:colcon.colcon_core.package_discovery:discover_packages(prefix_path) using defaults
[0.118s] Level 5:colcon.colcon_core.verb:set package 'sim' build argument 'cmake_args' from command line to '['-DCMAKE_EXPORT_COMPILE_COMMANDS=ON']'
[0.118s] Level 5:colcon.colcon_core.verb:set package 'sim' build argument 'cmake_target' from command line to 'None'
[0.118s] Level 5:colcon.colcon_core.verb:set package 'sim' build argument 'cmake_target_skip_unavailable' from command line to 'False'
[0.118s] Level 5:colcon.colcon_core.verb:set package 'sim' build argument 'cmake_clean_cache' from command line to 'False'
[0.118s] Level 5:colcon.colcon_core.verb:set package 'sim' build argument 'cmake_clean_first' from command line to 'False'
[0.118s] Level 5:colcon.colcon_core.verb:set package 'sim' build argument 'cmake_force_configure' from command line to 'False'
[0.118s] Level 5:colcon.colcon_core.verb:set package 'sim' build argument 'ament_cmake_args' from command line to 'None'
[0.118s] Level 5:colcon.colcon_core.verb:set package 'sim' build argument 'catkin_cmake_args' from command line to 'None'
[0.118s] Level 5:colcon.colcon_core.verb:set package 'sim' build argument 'catkin_skip_building_tests' from command line to 'False'
[0.118s] DEBUG:colcon.colcon_core.verb:Building package 'sim' with the following arguments: {'ament_cmake_args': None, 'build_base': '/home/yang/proj/ros-prac/learn9/build/sim', 'catkin_cmake_args': None, 'catkin_skip_building_tests': False, 'cmake_args': ['-DCMAKE_EXPORT_COMPILE_COMMANDS=ON'], 'cmake_clean_cache': False, 'cmake_clean_first': False, 'cmake_force_configure': False, 'cmake_target': None, 'cmake_target_skip_unavailable': False, 'install_base': '/home/yang/proj/ros-prac/learn9/install/sim', 'merge_install': False, 'path': '/home/yang/proj/ros-prac/learn9/src/sim', 'symlink_install': False, 'test_result_base': None}
[0.118s] INFO:colcon.colcon_core.executor:Executing jobs using 'parallel' executor
[0.118s] DEBUG:colcon.colcon_parallel_executor.executor.parallel:run_until_complete
[0.118s] INFO:colcon.colcon_ros.task.ament_cmake.build:Building ROS package in '/home/yang/proj/ros-prac/learn9/src/sim' with build type 'ament_cmake'
[0.118s] INFO:colcon.colcon_cmake.task.cmake.build:Building CMake package in '/home/yang/proj/ros-prac/learn9/src/sim'
[0.119s] INFO:colcon.colcon_core.plugin_system:Skipping extension 'colcon_core.shell.bat': Not used on non-Windows systems
[0.120s] INFO:colcon.colcon_core.shell:Skip shell extension 'powershell' for command environment: Not usable outside of PowerShell
[0.120s] DEBUG:colcon.colcon_core.shell:Skip shell extension 'dsv' for command environment
[0.124s] DEBUG:colcon.colcon_core.event_handler.log_command:Invoking command in '/home/yang/proj/ros-prac/learn9/build/sim': CMAKE_PREFIX_PATH=${CMAKE_PREFIX_PATH}:/opt/ros/jazzy /usr/bin/cmake /home/yang/proj/ros-prac/learn9/src/sim -DCMAKE_EXPORT_COMPILE_COMMANDS=ON -DCMAKE_INSTALL_PREFIX=/home/yang/proj/ros-prac/learn9/install/sim
[0.432s] DEBUG:colcon.colcon_core.event_handler.log_command:Invoked command in '/home/yang/proj/ros-prac/learn9/build/sim' returned '0': CMAKE_PREFIX_PATH=${CMAKE_PREFIX_PATH}:/opt/ros/jazzy /usr/bin/cmake /home/yang/proj/ros-prac/learn9/src/sim -DCMAKE_EXPORT_COMPILE_COMMANDS=ON -DCMAKE_INSTALL_PREFIX=/home/yang/proj/ros-prac/learn9/install/sim
[0.433s] DEBUG:colcon.colcon_core.event_handler.log_command:Invoking command in '/home/yang/proj/ros-prac/learn9/build/sim': CMAKE_PREFIX_PATH=${CMAKE_PREFIX_PATH}:/opt/ros/jazzy /usr/bin/cmake --build /home/yang/proj/ros-prac/learn9/build/sim -- -j12 -l12
[0.447s] DEBUG:colcon.colcon_core.event_handler.log_command:Invoked command in '/home/yang/proj/ros-prac/learn9/build/sim' returned '0': CMAKE_PREFIX_PATH=${CMAKE_PREFIX_PATH}:/opt/ros/jazzy /usr/bin/cmake --build /home/yang/proj/ros-prac/learn9/build/sim -- -j12 -l12
[0.451s] DEBUG:colcon.colcon_core.event_handler.log_command:Invoking command in '/home/yang/proj/ros-prac/learn9/build/sim': CMAKE_PREFIX_PATH=${CMAKE_PREFIX_PATH}:/opt/ros/jazzy /usr/bin/cmake --install /home/yang/proj/ros-prac/learn9/build/sim
[0.455s] Level 1:colcon.colcon_core.environment:create_environment_scripts_only(sim)
[0.455s] DEBUG:colcon.colcon_core.event_handler.log_command:Invoked command in '/home/yang/proj/ros-prac/learn9/build/sim' returned '0': CMAKE_PREFIX_PATH=${CMAKE_PREFIX_PATH}:/opt/ros/jazzy /usr/bin/cmake --install /home/yang/proj/ros-prac/learn9/build/sim
[0.456s] Level 1:colcon.colcon_core.environment:checking '/home/yang/proj/ros-prac/learn9/install/sim' for CMake module files
[0.456s] Level 1:colcon.colcon_core.environment:checking '/home/yang/proj/ros-prac/learn9/install/sim' for CMake config files
[0.456s] Level 1:colcon.colcon_core.shell:create_environment_hook('sim', 'cmake_prefix_path')
[0.456s] INFO:colcon.colcon_core.shell:Creating environment hook '/home/yang/proj/ros-prac/learn9/install/sim/share/sim/hook/cmake_prefix_path.ps1'
[0.456s] INFO:colcon.colcon_core.shell:Creating environment descriptor '/home/yang/proj/ros-prac/learn9/install/sim/share/sim/hook/cmake_prefix_path.dsv'
[0.456s] INFO:colcon.colcon_core.shell:Creating environment hook '/home/yang/proj/ros-prac/learn9/install/sim/share/sim/hook/cmake_prefix_path.sh'
[0.457s] Level 1:colcon.colcon_core.environment:checking '/home/yang/proj/ros-prac/learn9/install/sim/bin'
[0.457s] Level 1:colcon.colcon_core.environment:checking '/home/yang/proj/ros-prac/learn9/install/sim/lib/pkgconfig/sim.pc'
[0.457s] Level 1:colcon.colcon_core.environment:checking '/home/yang/proj/ros-prac/learn9/install/sim/lib/python3.12/site-packages'
[0.457s] Level 1:colcon.colcon_core.environment:checking '/home/yang/proj/ros-prac/learn9/install/sim/bin'
[0.457s] INFO:colcon.colcon_core.shell:Creating package script '/home/yang/proj/ros-prac/learn9/install/sim/share/sim/package.ps1'
[0.457s] INFO:colcon.colcon_core.shell:Creating package descriptor '/home/yang/proj/ros-prac/learn9/install/sim/share/sim/package.dsv'
[0.458s] INFO:colcon.colcon_core.shell:Creating package script '/home/yang/proj/ros-prac/learn9/install/sim/share/sim/package.sh'
[0.458s] INFO:colcon.colcon_core.shell:Creating package script '/home/yang/proj/ros-prac/learn9/install/sim/share/sim/package.bash'
[0.458s] INFO:colcon.colcon_core.shell:Creating package script '/home/yang/proj/ros-prac/learn9/install/sim/share/sim/package.zsh'
[0.458s] Level 1:colcon.colcon_core.environment:create_file_with_runtime_dependencies(/home/yang/proj/ros-prac/learn9/install/sim/share/colcon-core/packages/sim)
[0.458s] Level 1:colcon.colcon_core.environment:create_environment_scripts_only(sim)
[0.458s] Level 1:colcon.colcon_core.environment:checking '/home/yang/proj/ros-prac/learn9/install/sim' for CMake module files
[0.458s] Level 1:colcon.colcon_core.environment:checking '/home/yang/proj/ros-prac/learn9/install/sim' for CMake config files
[0.459s] Level 1:colcon.colcon_core.shell:create_environment_hook('sim', 'cmake_prefix_path')
[0.459s] INFO:colcon.colcon_core.shell:Creating environment hook '/home/yang/proj/ros-prac/learn9/install/sim/share/sim/hook/cmake_prefix_path.ps1'
[0.459s] INFO:colcon.colcon_core.shell:Creating environment descriptor '/home/yang/proj/ros-prac/learn9/install/sim/share/sim/hook/cmake_prefix_path.dsv'
[0.459s] INFO:colcon.colcon_core.shell:Creating environment hook '/home/yang/proj/ros-prac/learn9/install/sim/share/sim/hook/cmake_prefix_path.sh'
[0.459s] Level 1:colcon.colcon_core.environment:checking '/home/yang/proj/ros-prac/learn9/install/sim/bin'
[0.459s] Level 1:colcon.colcon_core.environment:checking '/home/yang/proj/ros-prac/learn9/install/sim/lib/pkgconfig/sim.pc'
[0.459s] Level 1:colcon.colcon_core.environment:checking '/home/yang/proj/ros-prac/learn9/install/sim/lib/python3.12/site-packages'
[0.459s] Level 1:colcon.colcon_core.environment:checking '/home/yang/proj/ros-prac/learn9/install/sim/bin'
[0.459s] INFO:colcon.colcon_core.shell:Creating package script '/home/yang/proj/ros-prac/learn9/install/sim/share/sim/package.ps1'
[0.460s] INFO:colcon.colcon_core.shell:Creating package descriptor '/home/yang/proj/ros-prac/learn9/install/sim/share/sim/package.dsv'
[0.460s] INFO:colcon.colcon_core.shell:Creating package script '/home/yang/proj/ros-prac/learn9/install/sim/share/sim/package.sh'
[0.460s] INFO:colcon.colcon_core.shell:Creating package script '/home/yang/proj/ros-prac/learn9/install/sim/share/sim/package.bash'
[0.460s] INFO:colcon.colcon_core.shell:Creating package script '/home/yang/proj/ros-prac/learn9/install/sim/share/sim/package.zsh'
[0.460s] Level 1:colcon.colcon_core.environment:create_file_with_runtime_dependencies(/home/yang/proj/ros-prac/learn9/install/sim/share/colcon-core/packages/sim)
[0.460s] DEBUG:colcon.colcon_parallel_executor.executor.parallel:closing loop
[0.460s] DEBUG:colcon.colcon_parallel_executor.executor.parallel:loop closed
[0.460s] DEBUG:colcon.colcon_parallel_executor.executor.parallel:run_until_complete finished with '0'
[0.460s] DEBUG:colcon.colcon_core.event_reactor:joining thread
[0.461s] DEBUG:colcon.colcon_core.event_reactor:joined thread
[0.461s] INFO:colcon.colcon_core.shell:Creating prefix script '/home/yang/proj/ros-prac/learn9/install/local_setup.ps1'
[0.461s] INFO:colcon.colcon_core.shell:Creating prefix util module '/home/yang/proj/ros-prac/learn9/install/_local_setup_util_ps1.py'
[0.461s] INFO:colcon.colcon_core.shell:Creating prefix chain script '/home/yang/proj/ros-prac/learn9/install/setup.ps1'
[0.462s] INFO:colcon.colcon_core.shell:Creating prefix script '/home/yang/proj/ros-prac/learn9/install/local_setup.sh'
[0.462s] INFO:colcon.colcon_core.shell:Creating prefix util module '/home/yang/proj/ros-prac/learn9/install/_local_setup_util_sh.py'
[0.462s] INFO:colcon.colcon_core.shell:Creating prefix chain script '/home/yang/proj/ros-prac/learn9/install/setup.sh'
[0.462s] INFO:colcon.colcon_core.shell:Creating prefix script '/home/yang/proj/ros-prac/learn9/install/local_setup.bash'
[0.463s] INFO:colcon.colcon_core.shell:Creating prefix chain script '/home/yang/proj/ros-prac/learn9/install/setup.bash'
[0.463s] INFO:colcon.colcon_core.shell:Creating prefix script '/home/yang/proj/ros-prac/learn9/install/local_setup.zsh'
[0.463s] INFO:colcon.colcon_core.shell:Creating prefix chain script '/home/yang/proj/ros-prac/learn9/install/setup.zsh'
