[ 50%] [32mBuilding CXX object CMakeFiles/publisher.dir/src/publisher.cpp.o[0m
[100%] [32m[1mLinking CXX executable publisher[0m
[100%] Built target publisher
-- Install configuration: ""
-- Installing: /home/yang/proj/ros-prac/learn1/install/pubsub/lib/pubsub/publisher
-- Set non-toolchain portion of runtime path of "/home/yang/proj/ros-prac/learn1/install/pubsub/lib/pubsub/publisher" to ""
-- Up-to-date: /home/yang/proj/ros-prac/learn1/install/pubsub/share/ament_index/resource_index/package_run_dependencies/pubsub
-- Up-to-date: /home/yang/proj/ros-prac/learn1/install/pubsub/share/ament_index/resource_index/parent_prefix_path/pubsub
-- Up-to-date: /home/yang/proj/ros-prac/learn1/install/pubsub/share/pubsub/environment/ament_prefix_path.sh
-- Up-to-date: /home/yang/proj/ros-prac/learn1/install/pubsub/share/pubsub/environment/ament_prefix_path.dsv
-- Up-to-date: /home/yang/proj/ros-prac/learn1/install/pubsub/share/pubsub/environment/path.sh
-- Up-to-date: /home/yang/proj/ros-prac/learn1/install/pubsub/share/pubsub/environment/path.dsv
-- Up-to-date: /home/yang/proj/ros-prac/learn1/install/pubsub/share/pubsub/local_setup.bash
-- Up-to-date: /home/yang/proj/ros-prac/learn1/install/pubsub/share/pubsub/local_setup.sh
-- Up-to-date: /home/yang/proj/ros-prac/learn1/install/pubsub/share/pubsub/local_setup.zsh
-- Up-to-date: /home/yang/proj/ros-prac/learn1/install/pubsub/share/pubsub/local_setup.dsv
-- Installing: /home/yang/proj/ros-prac/learn1/install/pubsub/share/pubsub/package.dsv
-- Up-to-date: /home/yang/proj/ros-prac/learn1/install/pubsub/share/ament_index/resource_index/packages/pubsub
-- Up-to-date: /home/yang/proj/ros-prac/learn1/install/pubsub/share/pubsub/cmake/pubsubConfig.cmake
-- Up-to-date: /home/yang/proj/ros-prac/learn1/install/pubsub/share/pubsub/cmake/pubsubConfig-version.cmake
-- Up-to-date: /home/yang/proj/ros-prac/learn1/install/pubsub/share/pubsub/package.xml
