[0.003s] Invoking command in '/home/yang/proj/ros-prac/learn1/build/pubsub': CMAKE_PREFIX_PATH=/opt/ros/jazzy /usr/bin/cmake /home/yang/proj/ros-prac/learn1/src/pubsub -DCMAKE_EXPORT_COMPILE_COMMANDS=ON -DCMAKE_INSTALL_PREFIX=/home/yang/proj/ros-prac/learn1/install/pubsub
[0.059s] -- The C compiler identification is GNU 13.3.0
[0.127s] -- The CXX compiler identification is GNU 13.3.0
[0.133s] -- Detecting C compiler ABI info
[0.162s] -- Detecting C compiler ABI info - done
[0.165s] -- Check for working C compiler: /usr/bin/cc - skipped
[0.166s] -- Detecting C compile features
[0.166s] -- Detecting C compile features - done
[0.169s] -- Detecting CXX compiler ABI info
[0.201s] -- Detecting CXX compiler ABI info - done
[0.202s] -- Check for working CXX compiler: /usr/bin/c++ - skipped
[0.203s] -- Detecting CXX compile features
[0.203s] -- Detecting CXX compile features - done
[0.205s] -- Found ament_cmake: 2.5.6 (/opt/ros/jazzy/share/ament_cmake/cmake)
[0.244s] -- Found Python3: /usr/bin/python3 (found version "3.12.3") found components: Interpreter 
[0.279s] -- Found ament_lint_auto: 0.17.5 (/opt/ros/jazzy/share/ament_lint_auto/cmake)
[0.314s] -- Added test 'cppcheck' to perform static code analysis on C / C++ code
[0.314s] -- Configured cppcheck include dirs: $<BUILD_INTERFACE:/home/yang/proj/ros-prac/learn1/src/pubsub/include>
[0.314s] -- Configured cppcheck exclude dirs and/or files: 
[0.314s] -- Added test 'lint_cmake' to check CMake code style
[0.314s] -- Added test 'uncrustify' to check C / C++ code style
[0.314s] -- Configured uncrustify additional arguments: 
[0.315s] -- Added test 'xmllint' to check XML markup files
[0.315s] -- Configuring done (0.3s)
[0.317s] -- Generating done (0.0s)
[0.318s] -- Build files have been written to: /home/yang/proj/ros-prac/learn1/build/pubsub
