[0.009s] Invoking command in '/home/yang/Desktop/proj/ros-prac/build/p0': CMAKE_PREFIX_PATH=${CMAKE_PREFIX_PATH}:/opt/ros/humble /usr/local/bin/cmake --build /home/yang/Desktop/proj/ros-prac/build/p0 -- -j16 -l16
[0.039s] [ 50%] [32mBuilding CXX object CMakeFiles/pong.dir/src/pong.cpp.o[0m
[0.039s] [ 50%] [32mBuilding CXX object CMakeFiles/ping.dir/src/ping.cpp.o[0m
[6.435s] [ 75%] [32m[1mLinking CXX executable pong[0m
[6.513s] [100%] [32m[1mLinking CXX executable ping[0m
[6.730s] [100%] Built target pong
[6.798s] [100%] Built target ping
[6.802s] Invoked command in '/home/yang/Desktop/proj/ros-prac/build/p0' returned '0': CMAKE_PREFIX_PATH=${CMAKE_PREFIX_PATH}:/opt/ros/humble /usr/local/bin/cmake --build /home/yang/Desktop/proj/ros-prac/build/p0 -- -j16 -l16
[6.807s] Invoking command in '/home/yang/Desktop/proj/ros-prac/build/p0': CMAKE_PREFIX_PATH=${CMAKE_PREFIX_PATH}:/opt/ros/humble /usr/local/bin/cmake --install /home/yang/Desktop/proj/ros-prac/build/p0
[6.809s] -- Install configuration: ""
[6.809s] -- Installing: /home/yang/Desktop/proj/ros-prac/install/p0/lib/p0/ping
[6.813s] -- Set non-toolchain portion of runtime path of "/home/yang/Desktop/proj/ros-prac/install/p0/lib/p0/ping" to ""
[6.813s] -- Installing: /home/yang/Desktop/proj/ros-prac/install/p0/lib/p0/pong
[6.817s] -- Set non-toolchain portion of runtime path of "/home/yang/Desktop/proj/ros-prac/install/p0/lib/p0/pong" to ""
[6.818s] -- Up-to-date: /home/yang/Desktop/proj/ros-prac/install/p0/share/ament_index/resource_index/package_run_dependencies/p0
[6.818s] -- Up-to-date: /home/yang/Desktop/proj/ros-prac/install/p0/share/ament_index/resource_index/parent_prefix_path/p0
[6.818s] -- Up-to-date: /home/yang/Desktop/proj/ros-prac/install/p0/share/p0/environment/ament_prefix_path.sh
[6.818s] -- Up-to-date: /home/yang/Desktop/proj/ros-prac/install/p0/share/p0/environment/ament_prefix_path.dsv
[6.818s] -- Up-to-date: /home/yang/Desktop/proj/ros-prac/install/p0/share/p0/environment/path.sh
[6.818s] -- Up-to-date: /home/yang/Desktop/proj/ros-prac/install/p0/share/p0/environment/path.dsv
[6.818s] -- Up-to-date: /home/yang/Desktop/proj/ros-prac/install/p0/share/p0/local_setup.bash
[6.818s] -- Up-to-date: /home/yang/Desktop/proj/ros-prac/install/p0/share/p0/local_setup.sh
[6.818s] -- Up-to-date: /home/yang/Desktop/proj/ros-prac/install/p0/share/p0/local_setup.zsh
[6.818s] -- Up-to-date: /home/yang/Desktop/proj/ros-prac/install/p0/share/p0/local_setup.dsv
[6.818s] -- Installing: /home/yang/Desktop/proj/ros-prac/install/p0/share/p0/package.dsv
[6.819s] -- Up-to-date: /home/yang/Desktop/proj/ros-prac/install/p0/share/ament_index/resource_index/packages/p0
[6.819s] -- Up-to-date: /home/yang/Desktop/proj/ros-prac/install/p0/share/p0/cmake/p0Config.cmake
[6.819s] -- Up-to-date: /home/yang/Desktop/proj/ros-prac/install/p0/share/p0/cmake/p0Config-version.cmake
[6.819s] -- Up-to-date: /home/yang/Desktop/proj/ros-prac/install/p0/share/p0/package.xml
[6.820s] Invoked command in '/home/yang/Desktop/proj/ros-prac/build/p0' returned '0': CMAKE_PREFIX_PATH=${CMAKE_PREFIX_PATH}:/opt/ros/humble /usr/local/bin/cmake --install /home/yang/Desktop/proj/ros-prac/build/p0
