[0.003s] Invoking command in '/home/yang/proj/ros-prac/task1/src/build/nodes': CMAKE_PREFIX_PATH=${CMAKE_PREFIX_PATH}:/opt/ros/jazzy /usr/bin/cmake /home/yang/proj/ros-prac/task1/src/nodes -DCMAKE_EXPORT_COMPILE_COMMANDS=ON -DCMAKE_INSTALL_PREFIX=/home/yang/proj/ros-prac/task1/src/install/nodes
[0.037s] -- The C compiler identification is GNU 13.3.0
[0.060s] -- The CXX compiler identification is GNU 13.3.0
[0.065s] -- Detecting C compiler ABI info
[0.094s] -- Detecting C compiler ABI info - done
[0.098s] -- Check for working C compiler: /usr/bin/cc - skipped
[0.098s] -- Detecting C compile features
[0.099s] -- Detecting C compile features - done
[0.102s] -- Detecting CXX compiler ABI info
[0.131s] -- Detecting CXX compiler ABI info - done
[0.135s] -- Check for working CXX compiler: /usr/bin/c++ - skipped
[0.135s] -- Detecting CXX compile features
[0.136s] -- Detecting CXX compile features - done
[0.136s] -- Found ament_cmake: 2.5.6 (/opt/ros/jazzy/share/ament_cmake/cmake)
[0.175s] -- Found Python3: /usr/bin/python3 (found version "3.12.3") found components: Interpreter 
[0.207s] -- Found rclcpp: 28.1.18 (/opt/ros/jazzy/share/rclcpp/cmake)
[0.216s] -- Found rosidl_generator_c: 4.6.7 (/opt/ros/jazzy/share/rosidl_generator_c/cmake)
[0.220s] -- Found rosidl_generator_cpp: 4.6.7 (/opt/ros/jazzy/share/rosidl_generator_cpp/cmake)
[0.225s] -- Using all available rosidl_typesupport_c: rosidl_typesupport_fastrtps_c;rosidl_typesupport_introspection_c
[0.230s] -- Using all available rosidl_typesupport_cpp: rosidl_typesupport_fastrtps_cpp;rosidl_typesupport_introspection_cpp
[0.253s] -- Found rmw_implementation_cmake: 7.3.3 (/opt/ros/jazzy/share/rmw_implementation_cmake/cmake)
[0.254s] -- Found rmw_fastrtps_cpp: 8.4.3 (/opt/ros/jazzy/share/rmw_fastrtps_cpp/cmake)
[0.274s] -- Found OpenSSL: /usr/lib/aarch64-linux-gnu/libcrypto.so (found version "3.0.13")  
[0.277s] -- Found FastRTPS: /opt/ros/jazzy/include (Required is at least version "2.13") 
[0.285s] -- Using RMW implementation 'rmw_fastrtps_cpp' as default
[0.307s] -- Found msgs: 0.0.0 (/home/yang/proj/ros-prac/learn3/install/msgs/share/msgs/cmake)
[0.345s] -- Configuring done (0.3s)
[0.349s] -- Generating done (0.0s)
[0.350s] -- Build files have been written to: /home/yang/proj/ros-prac/task1/src/build/nodes
[0.354s] Invoked command in '/home/yang/proj/ros-prac/task1/src/build/nodes' returned '0': CMAKE_PREFIX_PATH=${CMAKE_PREFIX_PATH}:/opt/ros/jazzy /usr/bin/cmake /home/yang/proj/ros-prac/task1/src/nodes -DCMAKE_EXPORT_COMPILE_COMMANDS=ON -DCMAKE_INSTALL_PREFIX=/home/yang/proj/ros-prac/task1/src/install/nodes
[0.354s] Invoking command in '/home/yang/proj/ros-prac/task1/src/build/nodes': CMAKE_PREFIX_PATH=${CMAKE_PREFIX_PATH}:/opt/ros/jazzy /usr/bin/cmake --build /home/yang/proj/ros-prac/task1/src/build/nodes -- -j10 -l10
[0.369s] [ 50%] [32mBuilding CXX object CMakeFiles/sensor.dir/src/sensor.cpp.o[0m
[1.371s] [100%] [32m[1mLinking CXX executable sensor[0m
[1.443s] [100%] Built target sensor
[1.451s] Invoked command in '/home/yang/proj/ros-prac/task1/src/build/nodes' returned '0': CMAKE_PREFIX_PATH=${CMAKE_PREFIX_PATH}:/opt/ros/jazzy /usr/bin/cmake --build /home/yang/proj/ros-prac/task1/src/build/nodes -- -j10 -l10
[1.459s] Invoking command in '/home/yang/proj/ros-prac/task1/src/build/nodes': CMAKE_PREFIX_PATH=${CMAKE_PREFIX_PATH}:/opt/ros/jazzy /usr/bin/cmake --install /home/yang/proj/ros-prac/task1/src/build/nodes
[1.465s] -- Install configuration: ""
[1.465s] -- Installing: /home/yang/proj/ros-prac/task1/src/install/nodes/lib/nodes/sensor
[1.466s] -- Set non-toolchain portion of runtime path of "/home/yang/proj/ros-prac/task1/src/install/nodes/lib/nodes/sensor" to ""
[1.466s] -- Installing: /home/yang/proj/ros-prac/task1/src/install/nodes/share/ament_index/resource_index/package_run_dependencies/nodes
[1.466s] -- Installing: /home/yang/proj/ros-prac/task1/src/install/nodes/share/ament_index/resource_index/parent_prefix_path/nodes
[1.466s] -- Installing: /home/yang/proj/ros-prac/task1/src/install/nodes/share/nodes/environment/ament_prefix_path.sh
[1.466s] -- Installing: /home/yang/proj/ros-prac/task1/src/install/nodes/share/nodes/environment/ament_prefix_path.dsv
[1.467s] -- Installing: /home/yang/proj/ros-prac/task1/src/install/nodes/share/nodes/environment/path.sh
[1.467s] -- Installing: /home/yang/proj/ros-prac/task1/src/install/nodes/share/nodes/environment/path.dsv
[1.467s] -- Installing: /home/yang/proj/ros-prac/task1/src/install/nodes/share/nodes/local_setup.bash
[1.467s] -- Installing: /home/yang/proj/ros-prac/task1/src/install/nodes/share/nodes/local_setup.sh
[1.467s] -- Installing: /home/yang/proj/ros-prac/task1/src/install/nodes/share/nodes/local_setup.zsh
[1.467s] -- Installing: /home/yang/proj/ros-prac/task1/src/install/nodes/share/nodes/local_setup.dsv
[1.467s] -- Installing: /home/yang/proj/ros-prac/task1/src/install/nodes/share/nodes/package.dsv
[1.467s] -- Installing: /home/yang/proj/ros-prac/task1/src/install/nodes/share/ament_index/resource_index/packages/nodes
[1.468s] -- Installing: /home/yang/proj/ros-prac/task1/src/install/nodes/share/nodes/cmake/nodesConfig.cmake
[1.468s] -- Installing: /home/yang/proj/ros-prac/task1/src/install/nodes/share/nodes/cmake/nodesConfig-version.cmake
[1.468s] -- Installing: /home/yang/proj/ros-prac/task1/src/install/nodes/share/nodes/package.xml
[1.472s] Invoked command in '/home/yang/proj/ros-prac/task1/src/build/nodes' returned '0': CMAKE_PREFIX_PATH=${CMAKE_PREFIX_PATH}:/opt/ros/jazzy /usr/bin/cmake --install /home/yang/proj/ros-prac/task1/src/build/nodes
