[ 50%] [32mBuilding CXX object CMakeFiles/server.dir/src/server.cpp.o[0m
[01m[K/home/yang/proj/ros-prac/learn4/src/nodes/src/server.cpp:[m[K In function ‘[01m[Kint[01;32m[K main[m[K(int, char**)[m[K’:
[01m[K/home/yang/proj/ros-prac/learn4/src/nodes/src/server.cpp:1:14:[m[K [01;35m[Kwarning: [m[Kunused parameter ‘[01m[Kargc[m[K’ [[01;35m[K]8;;https://gcc.gnu.org/onlinedocs/gcc/Warning-Options.html#index-Wunused-parameter-Wunused-parameter]8;;[m[K]
    1 | int main([01;35m[Kint argc[m[K, char *argv[]) { return 0; }
      |          [01;35m[K~~~~^~~~[m[K
[01m[K/home/yang/proj/ros-prac/learn4/src/nodes/src/server.cpp:1:26:[m[K [01;35m[Kwarning: [m[Kunused parameter ‘[01m[Kargv[m[K’ [[01;35m[K]8;;https://gcc.gnu.org/onlinedocs/gcc/Warning-Options.html#index-Wunused-parameter-Wunused-parameter]8;;[m[K]
    1 | int main(int argc, [01;35m[Kchar *argv[][m[K) { return 0; }
      |                    [01;35m[K~~~~~~^~~~~~[m[K
[100%] [32m[1mLinking CXX executable server[0m
[100%] Built target server
-- Install configuration: ""
-- Installing: /home/yang/proj/ros-prac/learn4/src/install/nodes/lib/nodes/server
-- Installing: /home/yang/proj/ros-prac/learn4/src/install/nodes/share/ament_index/resource_index/package_run_dependencies/nodes
-- Installing: /home/yang/proj/ros-prac/learn4/src/install/nodes/share/ament_index/resource_index/parent_prefix_path/nodes
-- Installing: /home/yang/proj/ros-prac/learn4/src/install/nodes/share/nodes/environment/ament_prefix_path.sh
-- Installing: /home/yang/proj/ros-prac/learn4/src/install/nodes/share/nodes/environment/ament_prefix_path.dsv
-- Installing: /home/yang/proj/ros-prac/learn4/src/install/nodes/share/nodes/environment/path.sh
-- Installing: /home/yang/proj/ros-prac/learn4/src/install/nodes/share/nodes/environment/path.dsv
-- Installing: /home/yang/proj/ros-prac/learn4/src/install/nodes/share/nodes/local_setup.bash
-- Installing: /home/yang/proj/ros-prac/learn4/src/install/nodes/share/nodes/local_setup.sh
-- Installing: /home/yang/proj/ros-prac/learn4/src/install/nodes/share/nodes/local_setup.zsh
-- Installing: /home/yang/proj/ros-prac/learn4/src/install/nodes/share/nodes/local_setup.dsv
-- Up-to-date: /home/yang/proj/ros-prac/learn4/src/install/nodes/share/nodes/package.dsv
-- Installing: /home/yang/proj/ros-prac/learn4/src/install/nodes/share/ament_index/resource_index/packages/nodes
-- Installing: /home/yang/proj/ros-prac/learn4/src/install/nodes/share/nodes/cmake/nodesConfig.cmake
-- Installing: /home/yang/proj/ros-prac/learn4/src/install/nodes/share/nodes/cmake/nodesConfig-version.cmake
-- Installing: /home/yang/proj/ros-prac/learn4/src/install/nodes/share/nodes/package.xml
