[0.004s] Invoking command in '/home/yang/proj/ros-prac/learn4/src/build/nodes': CMAKE_PREFIX_PATH=${CMAKE_PREFIX_PATH}:/opt/ros/jazzy /usr/bin/cmake --build /home/yang/proj/ros-prac/learn4/src/build/nodes -- -j10 -l10
[0.017s] [ 50%] [32mBuilding CXX object CMakeFiles/server.dir/src/server.cpp.o[0m
[0.021s] [01m[K/home/yang/proj/ros-prac/learn4/src/nodes/src/server.cpp:[m[K In function ‘[01m[Kint[01;32m[K main[m[K(int, char**)[m[K’:
[0.021s] [01m[K/home/yang/proj/ros-prac/learn4/src/nodes/src/server.cpp:1:14:[m[K [01;35m[Kwarning: [m[Kunused parameter ‘[01m[Kargc[m[K’ [[01;35m[K]8;;https://gcc.gnu.org/onlinedocs/gcc/Warning-Options.html#index-Wunused-parameter-Wunused-parameter]8;;[m[K]
[0.021s]     1 | int main([01;35m[Kint argc[m[K, char *argv[]) { return 0; }
[0.021s]       |          [01;35m[K~~~~^~~~[m[K
[0.021s] [01m[K/home/yang/proj/ros-prac/learn4/src/nodes/src/server.cpp:1:26:[m[K [01;35m[Kwarning: [m[Kunused parameter ‘[01m[Kargv[m[K’ [[01;35m[K]8;;https://gcc.gnu.org/onlinedocs/gcc/Warning-Options.html#index-Wunused-parameter-Wunused-parameter]8;;[m[K]
[0.021s]     1 | int main(int argc, [01;35m[Kchar *argv[][m[K) { return 0; }
[0.021s]       |                    [01;35m[K~~~~~~^~~~~~[m[K
[0.026s] [100%] [32m[1mLinking CXX executable server[0m
[0.038s] [100%] Built target server
[0.041s] Invoked command in '/home/yang/proj/ros-prac/learn4/src/build/nodes' returned '0': CMAKE_PREFIX_PATH=${CMAKE_PREFIX_PATH}:/opt/ros/jazzy /usr/bin/cmake --build /home/yang/proj/ros-prac/learn4/src/build/nodes -- -j10 -l10
[0.042s] Invoking command in '/home/yang/proj/ros-prac/learn4/src/build/nodes': CMAKE_PREFIX_PATH=${CMAKE_PREFIX_PATH}:/opt/ros/jazzy /usr/bin/cmake --install /home/yang/proj/ros-prac/learn4/src/build/nodes
[0.044s] -- Install configuration: ""
[0.044s] -- Installing: /home/yang/proj/ros-prac/learn4/src/install/nodes/lib/nodes/server
[0.045s] -- Installing: /home/yang/proj/ros-prac/learn4/src/install/nodes/share/ament_index/resource_index/package_run_dependencies/nodes
[0.045s] -- Installing: /home/yang/proj/ros-prac/learn4/src/install/nodes/share/ament_index/resource_index/parent_prefix_path/nodes
[0.045s] -- Installing: /home/yang/proj/ros-prac/learn4/src/install/nodes/share/nodes/environment/ament_prefix_path.sh
[0.045s] -- Installing: /home/yang/proj/ros-prac/learn4/src/install/nodes/share/nodes/environment/ament_prefix_path.dsv
[0.045s] -- Installing: /home/yang/proj/ros-prac/learn4/src/install/nodes/share/nodes/environment/path.sh
[0.045s] -- Installing: /home/yang/proj/ros-prac/learn4/src/install/nodes/share/nodes/environment/path.dsv
[0.045s] -- Installing: /home/yang/proj/ros-prac/learn4/src/install/nodes/share/nodes/local_setup.bash
[0.045s] -- Installing: /home/yang/proj/ros-prac/learn4/src/install/nodes/share/nodes/local_setup.sh
[0.045s] -- Installing: /home/yang/proj/ros-prac/learn4/src/install/nodes/share/nodes/local_setup.zsh
[0.045s] -- Installing: /home/yang/proj/ros-prac/learn4/src/install/nodes/share/nodes/local_setup.dsv
[0.045s] -- Up-to-date: /home/yang/proj/ros-prac/learn4/src/install/nodes/share/nodes/package.dsv
[0.045s] -- Installing: /home/yang/proj/ros-prac/learn4/src/install/nodes/share/ament_index/resource_index/packages/nodes
[0.045s] -- Installing: /home/yang/proj/ros-prac/learn4/src/install/nodes/share/nodes/cmake/nodesConfig.cmake
[0.045s] -- Installing: /home/yang/proj/ros-prac/learn4/src/install/nodes/share/nodes/cmake/nodesConfig-version.cmake
[0.045s] -- Installing: /home/yang/proj/ros-prac/learn4/src/install/nodes/share/nodes/package.xml
[0.046s] Invoked command in '/home/yang/proj/ros-prac/learn4/src/build/nodes' returned '0': CMAKE_PREFIX_PATH=${CMAKE_PREFIX_PATH}:/opt/ros/jazzy /usr/bin/cmake --install /home/yang/proj/ros-prac/learn4/src/build/nodes
