[0.003s] Invoking command in '/home/yang/proj/ros-prac/learn5/build/nodes': CMAKE_PREFIX_PATH=/home/yang/proj/ros-prac/learn5/install/msgs:/home/yang/proj/ros-prac/learn5/install/nodes:/opt/ros/jazzy /usr/bin/cmake --build /home/yang/proj/ros-prac/learn5/build/nodes -- -j10 -l10
[0.019s] [ 50%] Built target listener
[0.019s] [100%] Built target talker
[0.023s] Invoked command in '/home/yang/proj/ros-prac/learn5/build/nodes' returned '0': CMAKE_PREFIX_PATH=/home/yang/proj/ros-prac/learn5/install/msgs:/home/yang/proj/ros-prac/learn5/install/nodes:/opt/ros/jazzy /usr/bin/cmake --build /home/yang/proj/ros-prac/learn5/build/nodes -- -j10 -l10
[0.023s] Invoking command in '/home/yang/proj/ros-prac/learn5/build/nodes': CMAKE_PREFIX_PATH=/home/yang/proj/ros-prac/learn5/install/msgs:/home/yang/proj/ros-prac/learn5/install/nodes:/opt/ros/jazzy /usr/bin/cmake --install /home/yang/proj/ros-prac/learn5/build/nodes
[0.025s] -- Install configuration: ""
[0.025s] -- Up-to-date: /home/yang/proj/ros-prac/learn5/install/nodes/lib/nodes/talker
[0.025s] -- Up-to-date: /home/yang/proj/ros-prac/learn5/install/nodes/lib/nodes/listener
[0.025s] -- Up-to-date: /home/yang/proj/ros-prac/learn5/install/nodes/share/nodes/launch
[0.025s] -- Up-to-date: /home/yang/proj/ros-prac/learn5/install/nodes/share/nodes/launch/basic.launch.py
[0.025s] -- Installing: /home/yang/proj/ros-prac/learn5/install/nodes/share/nodes/launch/full.launch.py
[0.025s] -- Up-to-date: /home/yang/proj/ros-prac/learn5/install/nodes/share/ament_index/resource_index/package_run_dependencies/nodes
[0.025s] -- Up-to-date: /home/yang/proj/ros-prac/learn5/install/nodes/share/ament_index/resource_index/parent_prefix_path/nodes
[0.025s] -- Up-to-date: /home/yang/proj/ros-prac/learn5/install/nodes/share/nodes/environment/ament_prefix_path.sh
[0.025s] -- Up-to-date: /home/yang/proj/ros-prac/learn5/install/nodes/share/nodes/environment/ament_prefix_path.dsv
[0.025s] -- Up-to-date: /home/yang/proj/ros-prac/learn5/install/nodes/share/nodes/environment/path.sh
[0.025s] -- Up-to-date: /home/yang/proj/ros-prac/learn5/install/nodes/share/nodes/environment/path.dsv
[0.025s] -- Up-to-date: /home/yang/proj/ros-prac/learn5/install/nodes/share/nodes/local_setup.bash
[0.025s] -- Up-to-date: /home/yang/proj/ros-prac/learn5/install/nodes/share/nodes/local_setup.sh
[0.025s] -- Up-to-date: /home/yang/proj/ros-prac/learn5/install/nodes/share/nodes/local_setup.zsh
[0.025s] -- Up-to-date: /home/yang/proj/ros-prac/learn5/install/nodes/share/nodes/local_setup.dsv
[0.025s] -- Installing: /home/yang/proj/ros-prac/learn5/install/nodes/share/nodes/package.dsv
[0.025s] -- Up-to-date: /home/yang/proj/ros-prac/learn5/install/nodes/share/ament_index/resource_index/packages/nodes
[0.025s] -- Up-to-date: /home/yang/proj/ros-prac/learn5/install/nodes/share/nodes/cmake/nodesConfig.cmake
[0.025s] -- Up-to-date: /home/yang/proj/ros-prac/learn5/install/nodes/share/nodes/cmake/nodesConfig-version.cmake
[0.025s] -- Up-to-date: /home/yang/proj/ros-prac/learn5/install/nodes/share/nodes/package.xml
[0.026s] Invoked command in '/home/yang/proj/ros-prac/learn5/build/nodes' returned '0': CMAKE_PREFIX_PATH=/home/yang/proj/ros-prac/learn5/install/msgs:/home/yang/proj/ros-prac/learn5/install/nodes:/opt/ros/jazzy /usr/bin/cmake --install /home/yang/proj/ros-prac/learn5/build/nodes
