-- Found ament_cmake: 2.5.6 (/opt/ros/jazzy/share/ament_cmake/cmake)
-- Found rosidl_default_generators: 1.6.0 (/opt/ros/jazzy/share/rosidl_default_generators/cmake)
-- Using all available rosidl_typesupport_c: rosidl_typesupport_fastrtps_c;rosidl_typesupport_introspection_c
-- Using all available rosidl_typesupport_cpp: rosidl_typesupport_fastrtps_cpp;rosidl_typesupport_introspection_cpp
-- Found rosidl_adapter: 4.6.7 (/opt/ros/jazzy/share/rosidl_adapter/cmake)
-- Found ament_cmake_ros: 0.12.0 (/opt/ros/jazzy/share/ament_cmake_ros/cmake)
-- Using all available rosidl_typesupport_c: rosidl_typesupport_fastrtps_c;rosidl_typesupport_introspection_c
-- Using all available rosidl_typesupport_cpp: rosidl_typesupport_fastrtps_cpp;rosidl_typesupport_introspection_cpp
-- Found python_cmake_module: 0.11.1 (/opt/ros/jazzy/share/python_cmake_module/cmake)
-- Found PythonExtra: /usr/bin/python3  
-- Found Python3: /usr/bin/python3 (found version "3.12.3") found components: Interpreter Development NumPy Development.Module Development.Embed 
-- Found Python3: /usr/bin/python3 (found version "3.12.3") found components: Interpreter 
-- Configuring done (0.7s)
-- Generating done (0.0s)
-- Build files have been written to: /home/yang/proj/ros-prac/learn3/src/build/msgs
[  2%] [34m[1mGenerating type hashes for ROS interfaces[0m
[  4%] [34m[1mGenerating Rust code for ROS interfaces[0m
[  4%] Built target ament_cmake_python_copy_msgs
running egg_info
creating msgs.egg-info
writing msgs.egg-info/PKG-INFO
writing dependency_links to msgs.egg-info/dependency_links.txt
writing top-level names to msgs.egg-info/top_level.txt
writing manifest file 'msgs.egg-info/SOURCES.txt'
reading manifest file 'msgs.egg-info/SOURCES.txt'
writing manifest file 'msgs.egg-info/SOURCES.txt'
[  4%] Built target msgs__rosidl_generator_type_description
[  6%] [34m[1mGenerating C code for ROS interfaces[0m
[  8%] [34m[1mGenerating C++ code for ROS interfaces[0m
[  8%] Built target ament_cmake_python_build_msgs_egg
[  8%] Built target msgs__rs
[  8%] Built target msgs__cpp
[ 15%] [32mBuilding C object CMakeFiles/msgs__rosidl_generator_c.dir/rosidl_generator_c/msgs/msg/detail/status__description.c.o[0m
[ 15%] [32mBuilding C object CMakeFiles/msgs__rosidl_generator_c.dir/rosidl_generator_c/msgs/msg/detail/status__functions.c.o[0m
[ 15%] [32mBuilding C object CMakeFiles/msgs__rosidl_generator_c.dir/rosidl_generator_c/msgs/srv/detail/compute__description.c.o[0m
[ 17%] [32mBuilding C object CMakeFiles/msgs__rosidl_generator_c.dir/rosidl_generator_c/msgs/msg/detail/status__type_support.c.o[0m
[ 20%] [32mBuilding C object CMakeFiles/msgs__rosidl_generator_c.dir/rosidl_generator_c/msgs/srv/detail/compute__type_support.c.o[0m
[ 22%] [32mBuilding C object CMakeFiles/msgs__rosidl_generator_c.dir/rosidl_generator_c/msgs/srv/detail/compute__functions.c.o[0m
[ 24%] [32m[1mLinking C shared library libmsgs__rosidl_generator_c.so[0m
[ 24%] Built target msgs__rosidl_generator_c
[ 31%] [34m[1mGenerating C type support for eProsima Fast-RTPS[0m
[ 31%] [34m[1mGenerating C++ type support dispatch for ROS interfaces[0m
[ 31%] [34m[1mGenerating C++ type support for eProsima Fast-RTPS[0m
[ 33%] [34m[1mGenerating C introspection for ROS interfaces[0m
[ 35%] [34m[1mGenerating C++ introspection for ROS interfaces[0m
[ 37%] [34m[1mGenerating C type support dispatch for ROS interfaces[0m
[ 40%] [32mBuilding CXX object CMakeFiles/msgs__rosidl_typesupport_cpp.dir/rosidl_typesupport_cpp/msgs/msg/status__type_support.cpp.o[0m
[ 42%] [32mBuilding CXX object CMakeFiles/msgs__rosidl_typesupport_cpp.dir/rosidl_typesupport_cpp/msgs/srv/compute__type_support.cpp.o[0m
[ 44%] [32mBuilding CXX object CMakeFiles/msgs__rosidl_typesupport_c.dir/rosidl_typesupport_c/msgs/srv/compute__type_support.cpp.o[0m
[ 46%] [32mBuilding CXX object CMakeFiles/msgs__rosidl_typesupport_c.dir/rosidl_typesupport_c/msgs/msg/status__type_support.cpp.o[0m
[ 51%] [32mBuilding C object CMakeFiles/msgs__rosidl_typesupport_introspection_c.dir/rosidl_typesupport_introspection_c/msgs/msg/detail/status__type_support.c.o[0m
[ 51%] [32mBuilding C object CMakeFiles/msgs__rosidl_typesupport_introspection_c.dir/rosidl_typesupport_introspection_c/msgs/srv/detail/compute__type_support.c.o[0m
[ 53%] [32mBuilding CXX object CMakeFiles/msgs__rosidl_typesupport_introspection_cpp.dir/rosidl_typesupport_introspection_cpp/msgs/msg/detail/status__type_support.cpp.o[0m
[ 55%] [32mBuilding CXX object CMakeFiles/msgs__rosidl_typesupport_introspection_cpp.dir/rosidl_typesupport_introspection_cpp/msgs/srv/detail/compute__type_support.cpp.o[0m
[ 57%] [32m[1mLinking CXX shared library libmsgs__rosidl_typesupport_c.so[0m
[ 66%] [32mBuilding CXX object CMakeFiles/msgs__rosidl_typesupport_fastrtps_c.dir/rosidl_typesupport_fastrtps_c/msgs/msg/detail/status__type_support_c.cpp.o[0m
[ 66%] [32mBuilding CXX object CMakeFiles/msgs__rosidl_typesupport_fastrtps_cpp.dir/rosidl_typesupport_fastrtps_cpp/msgs/msg/detail/dds_fastrtps/status__type_support.cpp.o[0m
[ 68%] [32m[1mLinking C shared library libmsgs__rosidl_typesupport_introspection_c.so[0m
[ 68%] [32mBuilding CXX object CMakeFiles/msgs__rosidl_typesupport_fastrtps_c.dir/rosidl_typesupport_fastrtps_c/msgs/srv/detail/compute__type_support_c.cpp.o[0m
[ 66%] [32mBuilding CXX object CMakeFiles/msgs__rosidl_typesupport_fastrtps_cpp.dir/rosidl_typesupport_fastrtps_cpp/msgs/srv/detail/dds_fastrtps/compute__type_support.cpp.o[0m
[ 68%] Built target msgs__rosidl_typesupport_c
[ 68%] Built target msgs__rosidl_typesupport_introspection_c
[ 71%] [32m[1mLinking CXX shared library libmsgs__rosidl_typesupport_cpp.so[0m
[ 73%] [32m[1mLinking CXX shared library libmsgs__rosidl_typesupport_introspection_cpp.so[0m
[ 73%] Built target msgs__rosidl_typesupport_cpp
[ 73%] Built target msgs__rosidl_typesupport_introspection_cpp
[ 75%] [32m[1mLinking CXX shared library libmsgs__rosidl_typesupport_fastrtps_c.so[0m
[ 75%] Built target msgs__rosidl_typesupport_fastrtps_c
[ 77%] [32m[1mLinking CXX shared library libmsgs__rosidl_typesupport_fastrtps_cpp.so[0m
[ 77%] Built target msgs__rosidl_typesupport_fastrtps_cpp
[ 77%] Built target msgs
[ 80%] [34m[1mGenerating Python code for ROS interfaces[0m
[ 80%] Built target msgs__py
[ 82%] [32mBuilding C object CMakeFiles/msgs__rosidl_generator_py.dir/rosidl_generator_py/msgs/srv/_compute_s.c.o[0m
[ 84%] [32mBuilding C object CMakeFiles/msgs__rosidl_generator_py.dir/rosidl_generator_py/msgs/msg/_status_s.c.o[0m
[ 86%] [32m[1mLinking C shared library libmsgs__rosidl_generator_py.so[0m
[ 86%] Built target msgs__rosidl_generator_py
[ 91%] [32mBuilding C object CMakeFiles/msgs_s__rosidl_typesupport_fastrtps_c.dir/rosidl_generator_py/msgs/_msgs_s.ep.rosidl_typesupport_fastrtps_c.c.o[0m
[ 93%] [32mBuilding C object CMakeFiles/msgs_s__rosidl_typesupport_introspection_c.dir/rosidl_generator_py/msgs/_msgs_s.ep.rosidl_typesupport_introspection_c.c.o[0m
[ 93%] [32mBuilding C object CMakeFiles/msgs_s__rosidl_typesupport_c.dir/rosidl_generator_py/msgs/_msgs_s.ep.rosidl_typesupport_c.c.o[0m
[ 95%] [32m[1mLinking C shared module rosidl_generator_py/msgs/msgs_s__rosidl_typesupport_fastrtps_c.so[0m
[ 97%] [32m[1mLinking C shared module rosidl_generator_py/msgs/msgs_s__rosidl_typesupport_c.so[0m
[100%] [32m[1mLinking C shared module rosidl_generator_py/msgs/msgs_s__rosidl_typesupport_introspection_c.so[0m
[100%] Built target msgs_s__rosidl_typesupport_introspection_c
[100%] Built target msgs_s__rosidl_typesupport_fastrtps_c
[100%] Built target msgs_s__rosidl_typesupport_c
-- Install configuration: ""
-- Installing: /home/yang/proj/ros-prac/learn3/src/install/msgs/share/ament_index/resource_index/rosidl_interfaces/msgs
-- Installing: /home/yang/proj/ros-prac/learn3/src/install/msgs/share/msgs/msg/Status.json
-- Installing: /home/yang/proj/ros-prac/learn3/src/install/msgs/share/msgs/srv/Compute.json
-- Installing: /home/yang/proj/ros-prac/learn3/src/install/msgs/include/msgs/msgs
-- Installing: /home/yang/proj/ros-prac/learn3/src/install/msgs/include/msgs/msgs/msg
-- Installing: /home/yang/proj/ros-prac/learn3/src/install/msgs/include/msgs/msgs/msg/rosidl_generator_c__visibility_control.h
-- Installing: /home/yang/proj/ros-prac/learn3/src/install/msgs/include/msgs/msgs/msg/status.h
-- Installing: /home/yang/proj/ros-prac/learn3/src/install/msgs/include/msgs/msgs/msg/detail
-- Installing: /home/yang/proj/ros-prac/learn3/src/install/msgs/include/msgs/msgs/msg/detail/status__description.c
-- Installing: /home/yang/proj/ros-prac/learn3/src/install/msgs/include/msgs/msgs/msg/detail/status__functions.c
-- Installing: /home/yang/proj/ros-prac/learn3/src/install/msgs/include/msgs/msgs/msg/detail/status__functions.h
-- Installing: /home/yang/proj/ros-prac/learn3/src/install/msgs/include/msgs/msgs/msg/detail/status__struct.h
-- Installing: /home/yang/proj/ros-prac/learn3/src/install/msgs/include/msgs/msgs/msg/detail/status__type_support.c
-- Installing: /home/yang/proj/ros-prac/learn3/src/install/msgs/include/msgs/msgs/msg/detail/status__type_support.h
-- Installing: /home/yang/proj/ros-prac/learn3/src/install/msgs/include/msgs/msgs/srv
-- Installing: /home/yang/proj/ros-prac/learn3/src/install/msgs/include/msgs/msgs/srv/compute.h
-- Installing: /home/yang/proj/ros-prac/learn3/src/install/msgs/include/msgs/msgs/srv/detail
-- Installing: /home/yang/proj/ros-prac/learn3/src/install/msgs/include/msgs/msgs/srv/detail/compute__description.c
-- Installing: /home/yang/proj/ros-prac/learn3/src/install/msgs/include/msgs/msgs/srv/detail/compute__functions.c
-- Installing: /home/yang/proj/ros-prac/learn3/src/install/msgs/include/msgs/msgs/srv/detail/compute__functions.h
-- Installing: /home/yang/proj/ros-prac/learn3/src/install/msgs/include/msgs/msgs/srv/detail/compute__struct.h
-- Installing: /home/yang/proj/ros-prac/learn3/src/install/msgs/include/msgs/msgs/srv/detail/compute__type_support.c
-- Installing: /home/yang/proj/ros-prac/learn3/src/install/msgs/include/msgs/msgs/srv/detail/compute__type_support.h
-- Installing: /home/yang/proj/ros-prac/learn3/src/install/msgs/share/msgs/environment/library_path.sh
-- Installing: /home/yang/proj/ros-prac/learn3/src/install/msgs/share/msgs/environment/library_path.dsv
-- Installing: /home/yang/proj/ros-prac/learn3/src/install/msgs/lib/libmsgs__rosidl_generator_c.so
-- Set non-toolchain portion of runtime path of "/home/yang/proj/ros-prac/learn3/src/install/msgs/lib/libmsgs__rosidl_generator_c.so" to ""
-- Up-to-date: /home/yang/proj/ros-prac/learn3/src/install/msgs/include/msgs/msgs
-- Up-to-date: /home/yang/proj/ros-prac/learn3/src/install/msgs/include/msgs/msgs/msg
-- Installing: /home/yang/proj/ros-prac/learn3/src/install/msgs/include/msgs/msgs/msg/rosidl_typesupport_fastrtps_c__visibility_control.h
-- Up-to-date: /home/yang/proj/ros-prac/learn3/src/install/msgs/include/msgs/msgs/msg/detail
-- Installing: /home/yang/proj/ros-prac/learn3/src/install/msgs/include/msgs/msgs/msg/detail/status__rosidl_typesupport_fastrtps_c.h
-- Up-to-date: /home/yang/proj/ros-prac/learn3/src/install/msgs/include/msgs/msgs/srv
-- Up-to-date: /home/yang/proj/ros-prac/learn3/src/install/msgs/include/msgs/msgs/srv/detail
-- Installing: /home/yang/proj/ros-prac/learn3/src/install/msgs/include/msgs/msgs/srv/detail/compute__rosidl_typesupport_fastrtps_c.h
-- Installing: /home/yang/proj/ros-prac/learn3/src/install/msgs/lib/libmsgs__rosidl_typesupport_fastrtps_c.so
-- Set non-toolchain portion of runtime path of "/home/yang/proj/ros-prac/learn3/src/install/msgs/lib/libmsgs__rosidl_typesupport_fastrtps_c.so" to ""
-- Up-to-date: /home/yang/proj/ros-prac/learn3/src/install/msgs/include/msgs/msgs
-- Up-to-date: /home/yang/proj/ros-prac/learn3/src/install/msgs/include/msgs/msgs/msg
-- Installing: /home/yang/proj/ros-prac/learn3/src/install/msgs/include/msgs/msgs/msg/rosidl_typesupport_introspection_c__visibility_control.h
-- Up-to-date: /home/yang/proj/ros-prac/learn3/src/install/msgs/include/msgs/msgs/msg/detail
-- Installing: /home/yang/proj/ros-prac/learn3/src/install/msgs/include/msgs/msgs/msg/detail/status__rosidl_typesupport_introspection_c.h
-- Up-to-date: /home/yang/proj/ros-prac/learn3/src/install/msgs/include/msgs/msgs/msg/detail/status__type_support.c
-- Up-to-date: /home/yang/proj/ros-prac/learn3/src/install/msgs/include/msgs/msgs/srv
-- Up-to-date: /home/yang/proj/ros-prac/learn3/src/install/msgs/include/msgs/msgs/srv/detail
-- Installing: /home/yang/proj/ros-prac/learn3/src/install/msgs/include/msgs/msgs/srv/detail/compute__rosidl_typesupport_introspection_c.h
-- Up-to-date: /home/yang/proj/ros-prac/learn3/src/install/msgs/include/msgs/msgs/srv/detail/compute__type_support.c
-- Installing: /home/yang/proj/ros-prac/learn3/src/install/msgs/lib/libmsgs__rosidl_typesupport_introspection_c.so
-- Set non-toolchain portion of runtime path of "/home/yang/proj/ros-prac/learn3/src/install/msgs/lib/libmsgs__rosidl_typesupport_introspection_c.so" to ""
-- Installing: /home/yang/proj/ros-prac/learn3/src/install/msgs/lib/libmsgs__rosidl_typesupport_c.so
-- Set non-toolchain portion of runtime path of "/home/yang/proj/ros-prac/learn3/src/install/msgs/lib/libmsgs__rosidl_typesupport_c.so" to ""
-- Up-to-date: /home/yang/proj/ros-prac/learn3/src/install/msgs/include/msgs/msgs
-- Up-to-date: /home/yang/proj/ros-prac/learn3/src/install/msgs/include/msgs/msgs/msg
-- Installing: /home/yang/proj/ros-prac/learn3/src/install/msgs/include/msgs/msgs/msg/rosidl_generator_cpp__visibility_control.hpp
-- Installing: /home/yang/proj/ros-prac/learn3/src/install/msgs/include/msgs/msgs/msg/status.hpp
-- Up-to-date: /home/yang/proj/ros-prac/learn3/src/install/msgs/include/msgs/msgs/msg/detail
-- Installing: /home/yang/proj/ros-prac/learn3/src/install/msgs/include/msgs/msgs/msg/detail/status__builder.hpp
-- Installing: /home/yang/proj/ros-prac/learn3/src/install/msgs/include/msgs/msgs/msg/detail/status__struct.hpp
-- Installing: /home/yang/proj/ros-prac/learn3/src/install/msgs/include/msgs/msgs/msg/detail/status__traits.hpp
-- Installing: /home/yang/proj/ros-prac/learn3/src/install/msgs/include/msgs/msgs/msg/detail/status__type_support.hpp
-- Up-to-date: /home/yang/proj/ros-prac/learn3/src/install/msgs/include/msgs/msgs/srv
-- Installing: /home/yang/proj/ros-prac/learn3/src/install/msgs/include/msgs/msgs/srv/compute.hpp
-- Up-to-date: /home/yang/proj/ros-prac/learn3/src/install/msgs/include/msgs/msgs/srv/detail
-- Installing: /home/yang/proj/ros-prac/learn3/src/install/msgs/include/msgs/msgs/srv/detail/compute__builder.hpp
-- Installing: /home/yang/proj/ros-prac/learn3/src/install/msgs/include/msgs/msgs/srv/detail/compute__struct.hpp
-- Installing: /home/yang/proj/ros-prac/learn3/src/install/msgs/include/msgs/msgs/srv/detail/compute__traits.hpp
-- Installing: /home/yang/proj/ros-prac/learn3/src/install/msgs/include/msgs/msgs/srv/detail/compute__type_support.hpp
-- Up-to-date: /home/yang/proj/ros-prac/learn3/src/install/msgs/include/msgs/msgs
-- Up-to-date: /home/yang/proj/ros-prac/learn3/src/install/msgs/include/msgs/msgs/msg
-- Installing: /home/yang/proj/ros-prac/learn3/src/install/msgs/include/msgs/msgs/msg/rosidl_typesupport_fastrtps_cpp__visibility_control.h
-- Up-to-date: /home/yang/proj/ros-prac/learn3/src/install/msgs/include/msgs/msgs/msg/detail
-- Installing: /home/yang/proj/ros-prac/learn3/src/install/msgs/include/msgs/msgs/msg/detail/status__rosidl_typesupport_fastrtps_cpp.hpp
-- Installing: /home/yang/proj/ros-prac/learn3/src/install/msgs/include/msgs/msgs/msg/detail/dds_fastrtps
-- Up-to-date: /home/yang/proj/ros-prac/learn3/src/install/msgs/include/msgs/msgs/srv
-- Up-to-date: /home/yang/proj/ros-prac/learn3/src/install/msgs/include/msgs/msgs/srv/detail
-- Installing: /home/yang/proj/ros-prac/learn3/src/install/msgs/include/msgs/msgs/srv/detail/compute__rosidl_typesupport_fastrtps_cpp.hpp
-- Installing: /home/yang/proj/ros-prac/learn3/src/install/msgs/include/msgs/msgs/srv/detail/dds_fastrtps
-- Installing: /home/yang/proj/ros-prac/learn3/src/install/msgs/lib/libmsgs__rosidl_typesupport_fastrtps_cpp.so
-- Set non-toolchain portion of runtime path of "/home/yang/proj/ros-prac/learn3/src/install/msgs/lib/libmsgs__rosidl_typesupport_fastrtps_cpp.so" to ""
-- Up-to-date: /home/yang/proj/ros-prac/learn3/src/install/msgs/include/msgs/msgs
-- Up-to-date: /home/yang/proj/ros-prac/learn3/src/install/msgs/include/msgs/msgs/msg
-- Up-to-date: /home/yang/proj/ros-prac/learn3/src/install/msgs/include/msgs/msgs/msg/detail
-- Installing: /home/yang/proj/ros-prac/learn3/src/install/msgs/include/msgs/msgs/msg/detail/status__rosidl_typesupport_introspection_cpp.hpp
-- Installing: /home/yang/proj/ros-prac/learn3/src/install/msgs/include/msgs/msgs/msg/detail/status__type_support.cpp
-- Up-to-date: /home/yang/proj/ros-prac/learn3/src/install/msgs/include/msgs/msgs/srv
-- Up-to-date: /home/yang/proj/ros-prac/learn3/src/install/msgs/include/msgs/msgs/srv/detail
-- Installing: /home/yang/proj/ros-prac/learn3/src/install/msgs/include/msgs/msgs/srv/detail/compute__rosidl_typesupport_introspection_cpp.hpp
-- Installing: /home/yang/proj/ros-prac/learn3/src/install/msgs/include/msgs/msgs/srv/detail/compute__type_support.cpp
-- Installing: /home/yang/proj/ros-prac/learn3/src/install/msgs/lib/libmsgs__rosidl_typesupport_introspection_cpp.so
-- Set non-toolchain portion of runtime path of "/home/yang/proj/ros-prac/learn3/src/install/msgs/lib/libmsgs__rosidl_typesupport_introspection_cpp.so" to ""
-- Installing: /home/yang/proj/ros-prac/learn3/src/install/msgs/lib/libmsgs__rosidl_typesupport_cpp.so
-- Set non-toolchain portion of runtime path of "/home/yang/proj/ros-prac/learn3/src/install/msgs/lib/libmsgs__rosidl_typesupport_cpp.so" to ""
-- Installing: /home/yang/proj/ros-prac/learn3/src/install/msgs/share/msgs/environment/pythonpath.sh
-- Installing: /home/yang/proj/ros-prac/learn3/src/install/msgs/share/msgs/environment/pythonpath.dsv
-- Installing: /home/yang/proj/ros-prac/learn3/src/install/msgs/lib/python3.12/site-packages/msgs-0.0.0-py3.12.egg-info
-- Installing: /home/yang/proj/ros-prac/learn3/src/install/msgs/lib/python3.12/site-packages/msgs-0.0.0-py3.12.egg-info/PKG-INFO
-- Installing: /home/yang/proj/ros-prac/learn3/src/install/msgs/lib/python3.12/site-packages/msgs-0.0.0-py3.12.egg-info/dependency_links.txt
-- Installing: /home/yang/proj/ros-prac/learn3/src/install/msgs/lib/python3.12/site-packages/msgs-0.0.0-py3.12.egg-info/top_level.txt
-- Installing: /home/yang/proj/ros-prac/learn3/src/install/msgs/lib/python3.12/site-packages/msgs-0.0.0-py3.12.egg-info/SOURCES.txt
-- Installing: /home/yang/proj/ros-prac/learn3/src/install/msgs/lib/python3.12/site-packages/msgs
-- Installing: /home/yang/proj/ros-prac/learn3/src/install/msgs/lib/python3.12/site-packages/msgs/__init__.py
-- Installing: /home/yang/proj/ros-prac/learn3/src/install/msgs/lib/python3.12/site-packages/msgs/msg
-- Installing: /home/yang/proj/ros-prac/learn3/src/install/msgs/lib/python3.12/site-packages/msgs/msg/_status.py
-- Installing: /home/yang/proj/ros-prac/learn3/src/install/msgs/lib/python3.12/site-packages/msgs/msg/_status_s.c
-- Installing: /home/yang/proj/ros-prac/learn3/src/install/msgs/lib/python3.12/site-packages/msgs/msg/__init__.py
-- Installing: /home/yang/proj/ros-prac/learn3/src/install/msgs/lib/python3.12/site-packages/msgs/srv
-- Installing: /home/yang/proj/ros-prac/learn3/src/install/msgs/lib/python3.12/site-packages/msgs/srv/_compute.py
-- Installing: /home/yang/proj/ros-prac/learn3/src/install/msgs/lib/python3.12/site-packages/msgs/srv/_compute_s.c
-- Installing: /home/yang/proj/ros-prac/learn3/src/install/msgs/lib/python3.12/site-packages/msgs/srv/__init__.py
-- Installing: /home/yang/proj/ros-prac/learn3/src/install/msgs/lib/python3.12/site-packages/msgs/_msgs_s.ep.rosidl_typesupport_fastrtps_c.c
-- Installing: /home/yang/proj/ros-prac/learn3/src/install/msgs/lib/python3.12/site-packages/msgs/_msgs_s.ep.rosidl_typesupport_introspection_c.c
-- Installing: /home/yang/proj/ros-prac/learn3/src/install/msgs/lib/python3.12/site-packages/msgs/_msgs_s.ep.rosidl_typesupport_c.c
-- Installing: /home/yang/proj/ros-prac/learn3/src/install/msgs/lib/python3.12/site-packages/msgs/msgs_s__rosidl_typesupport_c.so
-- Installing: /home/yang/proj/ros-prac/learn3/src/install/msgs/lib/python3.12/site-packages/msgs/msgs_s__rosidl_typesupport_fastrtps_c.so
-- Installing: /home/yang/proj/ros-prac/learn3/src/install/msgs/lib/python3.12/site-packages/msgs/msgs_s__rosidl_typesupport_introspection_c.so
Listing '/home/yang/proj/ros-prac/learn3/src/install/msgs/lib/python3.12/site-packages/msgs'...
Compiling '/home/yang/proj/ros-prac/learn3/src/install/msgs/lib/python3.12/site-packages/msgs/__init__.py'...
Listing '/home/yang/proj/ros-prac/learn3/src/install/msgs/lib/python3.12/site-packages/msgs/msg'...
Compiling '/home/yang/proj/ros-prac/learn3/src/install/msgs/lib/python3.12/site-packages/msgs/msg/__init__.py'...
Compiling '/home/yang/proj/ros-prac/learn3/src/install/msgs/lib/python3.12/site-packages/msgs/msg/_status.py'...
Listing '/home/yang/proj/ros-prac/learn3/src/install/msgs/lib/python3.12/site-packages/msgs/srv'...
Compiling '/home/yang/proj/ros-prac/learn3/src/install/msgs/lib/python3.12/site-packages/msgs/srv/__init__.py'...
Compiling '/home/yang/proj/ros-prac/learn3/src/install/msgs/lib/python3.12/site-packages/msgs/srv/_compute.py'...
-- Installing: /home/yang/proj/ros-prac/learn3/src/install/msgs/lib/python3.12/site-packages/msgs/msgs_s__rosidl_typesupport_fastrtps_c.so
-- Set non-toolchain portion of runtime path of "/home/yang/proj/ros-prac/learn3/src/install/msgs/lib/python3.12/site-packages/msgs/msgs_s__rosidl_typesupport_fastrtps_c.so" to ""
-- Installing: /home/yang/proj/ros-prac/learn3/src/install/msgs/lib/python3.12/site-packages/msgs/msgs_s__rosidl_typesupport_introspection_c.so
-- Set non-toolchain portion of runtime path of "/home/yang/proj/ros-prac/learn3/src/install/msgs/lib/python3.12/site-packages/msgs/msgs_s__rosidl_typesupport_introspection_c.so" to ""
-- Installing: /home/yang/proj/ros-prac/learn3/src/install/msgs/lib/python3.12/site-packages/msgs/msgs_s__rosidl_typesupport_c.so
-- Set non-toolchain portion of runtime path of "/home/yang/proj/ros-prac/learn3/src/install/msgs/lib/python3.12/site-packages/msgs/msgs_s__rosidl_typesupport_c.so" to ""
-- Installing: /home/yang/proj/ros-prac/learn3/src/install/msgs/lib/libmsgs__rosidl_generator_py.so
-- Set non-toolchain portion of runtime path of "/home/yang/proj/ros-prac/learn3/src/install/msgs/lib/libmsgs__rosidl_generator_py.so" to ""
-- Installing: /home/yang/proj/ros-prac/learn3/src/install/msgs/share/ament_index/resource_index/rust_packages/msgs
-- Installing: /home/yang/proj/ros-prac/learn3/src/install/msgs/share/msgs/rust
-- Installing: /home/yang/proj/ros-prac/learn3/src/install/msgs/share/msgs/rust/src
-- Installing: /home/yang/proj/ros-prac/learn3/src/install/msgs/share/msgs/rust/src/msg.rs
-- Installing: /home/yang/proj/ros-prac/learn3/src/install/msgs/share/msgs/rust/src/msg
-- Installing: /home/yang/proj/ros-prac/learn3/src/install/msgs/share/msgs/rust/src/msg/rmw.rs
-- Installing: /home/yang/proj/ros-prac/learn3/src/install/msgs/share/msgs/rust/src/srv.rs
-- Installing: /home/yang/proj/ros-prac/learn3/src/install/msgs/share/msgs/rust/src/srv
-- Installing: /home/yang/proj/ros-prac/learn3/src/install/msgs/share/msgs/rust/src/srv/rmw.rs
-- Installing: /home/yang/proj/ros-prac/learn3/src/install/msgs/share/msgs/rust/src/lib.rs
-- Installing: /home/yang/proj/ros-prac/learn3/src/install/msgs/share/msgs/rust/Cargo.toml
-- Installing: /home/yang/proj/ros-prac/learn3/src/install/msgs/share/msgs/rust/build.rs
-- Installing: /home/yang/proj/ros-prac/learn3/src/install/msgs/share/msgs/msg/Status.idl
-- Installing: /home/yang/proj/ros-prac/learn3/src/install/msgs/share/msgs/srv/Compute.idl
-- Installing: /home/yang/proj/ros-prac/learn3/src/install/msgs/share/msgs/msg/Status.msg
-- Installing: /home/yang/proj/ros-prac/learn3/src/install/msgs/share/msgs/srv/Compute.srv
-- Installing: /home/yang/proj/ros-prac/learn3/src/install/msgs/share/ament_index/resource_index/package_run_dependencies/msgs
-- Up-to-date: /home/yang/proj/ros-prac/learn3/src/install/msgs/share/ament_index/resource_index/parent_prefix_path/msgs
-- Up-to-date: /home/yang/proj/ros-prac/learn3/src/install/msgs/share/msgs/environment/ament_prefix_path.sh
-- Up-to-date: /home/yang/proj/ros-prac/learn3/src/install/msgs/share/msgs/environment/ament_prefix_path.dsv
-- Up-to-date: /home/yang/proj/ros-prac/learn3/src/install/msgs/share/msgs/environment/path.sh
-- Up-to-date: /home/yang/proj/ros-prac/learn3/src/install/msgs/share/msgs/environment/path.dsv
-- Up-to-date: /home/yang/proj/ros-prac/learn3/src/install/msgs/share/msgs/local_setup.bash
-- Installing: /home/yang/proj/ros-prac/learn3/src/install/msgs/share/msgs/local_setup.sh
-- Up-to-date: /home/yang/proj/ros-prac/learn3/src/install/msgs/share/msgs/local_setup.zsh
-- Installing: /home/yang/proj/ros-prac/learn3/src/install/msgs/share/msgs/local_setup.dsv
-- Installing: /home/yang/proj/ros-prac/learn3/src/install/msgs/share/msgs/package.dsv
-- Up-to-date: /home/yang/proj/ros-prac/learn3/src/install/msgs/share/ament_index/resource_index/packages/msgs
-- Installing: /home/yang/proj/ros-prac/learn3/src/install/msgs/share/msgs/cmake/export_msgs__rosidl_generator_cExport.cmake
-- Installing: /home/yang/proj/ros-prac/learn3/src/install/msgs/share/msgs/cmake/export_msgs__rosidl_generator_cExport-noconfig.cmake
-- Installing: /home/yang/proj/ros-prac/learn3/src/install/msgs/share/msgs/cmake/export_msgs__rosidl_typesupport_fastrtps_cExport.cmake
-- Installing: /home/yang/proj/ros-prac/learn3/src/install/msgs/share/msgs/cmake/export_msgs__rosidl_typesupport_fastrtps_cExport-noconfig.cmake
-- Installing: /home/yang/proj/ros-prac/learn3/src/install/msgs/share/msgs/cmake/msgs__rosidl_typesupport_introspection_cExport.cmake
-- Installing: /home/yang/proj/ros-prac/learn3/src/install/msgs/share/msgs/cmake/msgs__rosidl_typesupport_introspection_cExport-noconfig.cmake
-- Installing: /home/yang/proj/ros-prac/learn3/src/install/msgs/share/msgs/cmake/msgs__rosidl_typesupport_cExport.cmake
-- Installing: /home/yang/proj/ros-prac/learn3/src/install/msgs/share/msgs/cmake/msgs__rosidl_typesupport_cExport-noconfig.cmake
-- Installing: /home/yang/proj/ros-prac/learn3/src/install/msgs/share/msgs/cmake/export_msgs__rosidl_generator_cppExport.cmake
-- Installing: /home/yang/proj/ros-prac/learn3/src/install/msgs/share/msgs/cmake/export_msgs__rosidl_typesupport_fastrtps_cppExport.cmake
-- Installing: /home/yang/proj/ros-prac/learn3/src/install/msgs/share/msgs/cmake/export_msgs__rosidl_typesupport_fastrtps_cppExport-noconfig.cmake
-- Installing: /home/yang/proj/ros-prac/learn3/src/install/msgs/share/msgs/cmake/msgs__rosidl_typesupport_introspection_cppExport.cmake
-- Installing: /home/yang/proj/ros-prac/learn3/src/install/msgs/share/msgs/cmake/msgs__rosidl_typesupport_introspection_cppExport-noconfig.cmake
-- Installing: /home/yang/proj/ros-prac/learn3/src/install/msgs/share/msgs/cmake/msgs__rosidl_typesupport_cppExport.cmake
-- Installing: /home/yang/proj/ros-prac/learn3/src/install/msgs/share/msgs/cmake/msgs__rosidl_typesupport_cppExport-noconfig.cmake
-- Installing: /home/yang/proj/ros-prac/learn3/src/install/msgs/share/msgs/cmake/export_msgs__rosidl_generator_pyExport.cmake
-- Installing: /home/yang/proj/ros-prac/learn3/src/install/msgs/share/msgs/cmake/export_msgs__rosidl_generator_pyExport-noconfig.cmake
-- Installing: /home/yang/proj/ros-prac/learn3/src/install/msgs/share/msgs/cmake/rosidl_cmake-extras.cmake
-- Installing: /home/yang/proj/ros-prac/learn3/src/install/msgs/share/msgs/cmake/ament_cmake_export_dependencies-extras.cmake
-- Installing: /home/yang/proj/ros-prac/learn3/src/install/msgs/share/msgs/cmake/ament_cmake_export_include_directories-extras.cmake
-- Installing: /home/yang/proj/ros-prac/learn3/src/install/msgs/share/msgs/cmake/ament_cmake_export_libraries-extras.cmake
-- Installing: /home/yang/proj/ros-prac/learn3/src/install/msgs/share/msgs/cmake/ament_cmake_export_targets-extras.cmake
-- Installing: /home/yang/proj/ros-prac/learn3/src/install/msgs/share/msgs/cmake/rosidl_cmake_export_typesupport_targets-extras.cmake
-- Installing: /home/yang/proj/ros-prac/learn3/src/install/msgs/share/msgs/cmake/rosidl_cmake_export_typesupport_libraries-extras.cmake
-- Installing: /home/yang/proj/ros-prac/learn3/src/install/msgs/share/msgs/cmake/msgsConfig.cmake
-- Up-to-date: /home/yang/proj/ros-prac/learn3/src/install/msgs/share/msgs/cmake/msgsConfig-version.cmake
-- Installing: /home/yang/proj/ros-prac/learn3/src/install/msgs/share/msgs/package.xml
