[100%] Built target listener
[100%] Built target talker
-- Install configuration: ""
-- Up-to-date: /home/yang/proj/ros-prac/learn5/install/nodes/lib/nodes/talker
-- Up-to-date: /home/yang/proj/ros-prac/learn5/install/nodes/lib/nodes/listener
-- Up-to-date: /home/yang/proj/ros-prac/learn5/install/nodes/share/nodes/launch
-- Up-to-date: /home/yang/proj/ros-prac/learn5/install/nodes/share/nodes/launch/basic.launch.py
-- Up-to-date: /home/yang/proj/ros-prac/learn5/install/nodes/share/nodes/launch/full.launch.py
-- Up-to-date: /home/yang/proj/ros-prac/learn5/install/nodes/share/ament_index/resource_index/package_run_dependencies/nodes
-- Up-to-date: /home/yang/proj/ros-prac/learn5/install/nodes/share/ament_index/resource_index/parent_prefix_path/nodes
-- Up-to-date: /home/yang/proj/ros-prac/learn5/install/nodes/share/nodes/environment/ament_prefix_path.sh
-- Up-to-date: /home/yang/proj/ros-prac/learn5/install/nodes/share/nodes/environment/ament_prefix_path.dsv
-- Up-to-date: /home/yang/proj/ros-prac/learn5/install/nodes/share/nodes/environment/path.sh
-- Up-to-date: /home/yang/proj/ros-prac/learn5/install/nodes/share/nodes/environment/path.dsv
-- Up-to-date: /home/yang/proj/ros-prac/learn5/install/nodes/share/nodes/local_setup.bash
-- Up-to-date: /home/yang/proj/ros-prac/learn5/install/nodes/share/nodes/local_setup.sh
-- Up-to-date: /home/yang/proj/ros-prac/learn5/install/nodes/share/nodes/local_setup.zsh
-- Up-to-date: /home/yang/proj/ros-prac/learn5/install/nodes/share/nodes/local_setup.dsv
-- Installing: /home/yang/proj/ros-prac/learn5/install/nodes/share/nodes/package.dsv
-- Up-to-date: /home/yang/proj/ros-prac/learn5/install/nodes/share/ament_index/resource_index/packages/nodes
-- Up-to-date: /home/yang/proj/ros-prac/learn5/install/nodes/share/nodes/cmake/nodesConfig.cmake
-- Up-to-date: /home/yang/proj/ros-prac/learn5/install/nodes/share/nodes/cmake/nodesConfig-version.cmake
-- Up-to-date: /home/yang/proj/ros-prac/learn5/install/nodes/share/nodes/package.xml
