[0.002s] Invoking command in '/home/yang/proj/ros-prac/learn5/build/nodes': AMENT_PREFIX_PATH=/home/yang/proj/ros-prac/learn5/install/msgs:${AMENT_PREFIX_PATH} CMAKE_PREFIX_PATH=/home/yang/proj/ros-prac/learn5/install/msgs:/opt/ros/jazzy LD_LIBRARY_PATH=/home/yang/proj/ros-prac/learn5/install/msgs/lib:${LD_LIBRARY_PATH} PYTHONPATH=/home/yang/proj/ros-prac/learn5/install/msgs/lib/python3.12/site-packages:${PYTHONPATH} /usr/bin/cmake --build /home/yang/proj/ros-prac/learn5/build/nodes -- -j10 -l10
[0.021s] [100%] Built target listener
[0.021s] [100%] Built target talker
[0.023s] Invoked command in '/home/yang/proj/ros-prac/learn5/build/nodes' returned '0': AMENT_PREFIX_PATH=/home/yang/proj/ros-prac/learn5/install/msgs:${AMENT_PREFIX_PATH} CMAKE_PREFIX_PATH=/home/yang/proj/ros-prac/learn5/install/msgs:/opt/ros/jazzy LD_LIBRARY_PATH=/home/yang/proj/ros-prac/learn5/install/msgs/lib:${LD_LIBRARY_PATH} PYTHONPATH=/home/yang/proj/ros-prac/learn5/install/msgs/lib/python3.12/site-packages:${PYTHONPATH} /usr/bin/cmake --build /home/yang/proj/ros-prac/learn5/build/nodes -- -j10 -l10
[0.024s] Invoking command in '/home/yang/proj/ros-prac/learn5/build/nodes': AMENT_PREFIX_PATH=/home/yang/proj/ros-prac/learn5/install/msgs:${AMENT_PREFIX_PATH} CMAKE_PREFIX_PATH=/home/yang/proj/ros-prac/learn5/install/msgs:/opt/ros/jazzy LD_LIBRARY_PATH=/home/yang/proj/ros-prac/learn5/install/msgs/lib:${LD_LIBRARY_PATH} PYTHONPATH=/home/yang/proj/ros-prac/learn5/install/msgs/lib/python3.12/site-packages:${PYTHONPATH} /usr/bin/cmake --install /home/yang/proj/ros-prac/learn5/build/nodes
[0.026s] -- Install configuration: ""
[0.026s] -- Up-to-date: /home/yang/proj/ros-prac/learn5/install/nodes/lib/nodes/talker
[0.026s] -- Up-to-date: /home/yang/proj/ros-prac/learn5/install/nodes/lib/nodes/listener
[0.026s] -- Up-to-date: /home/yang/proj/ros-prac/learn5/install/nodes/share/nodes/launch
[0.026s] -- Up-to-date: /home/yang/proj/ros-prac/learn5/install/nodes/share/nodes/launch/basic.launch.py
[0.026s] -- Up-to-date: /home/yang/proj/ros-prac/learn5/install/nodes/share/nodes/launch/full.launch.py
[0.026s] -- Up-to-date: /home/yang/proj/ros-prac/learn5/install/nodes/share/ament_index/resource_index/package_run_dependencies/nodes
[0.026s] -- Up-to-date: /home/yang/proj/ros-prac/learn5/install/nodes/share/ament_index/resource_index/parent_prefix_path/nodes
[0.026s] -- Up-to-date: /home/yang/proj/ros-prac/learn5/install/nodes/share/nodes/environment/ament_prefix_path.sh
[0.026s] -- Up-to-date: /home/yang/proj/ros-prac/learn5/install/nodes/share/nodes/environment/ament_prefix_path.dsv
[0.026s] -- Up-to-date: /home/yang/proj/ros-prac/learn5/install/nodes/share/nodes/environment/path.sh
[0.026s] -- Up-to-date: /home/yang/proj/ros-prac/learn5/install/nodes/share/nodes/environment/path.dsv
[0.026s] -- Up-to-date: /home/yang/proj/ros-prac/learn5/install/nodes/share/nodes/local_setup.bash
[0.026s] -- Up-to-date: /home/yang/proj/ros-prac/learn5/install/nodes/share/nodes/local_setup.sh
[0.026s] -- Up-to-date: /home/yang/proj/ros-prac/learn5/install/nodes/share/nodes/local_setup.zsh
[0.026s] -- Up-to-date: /home/yang/proj/ros-prac/learn5/install/nodes/share/nodes/local_setup.dsv
[0.027s] -- Installing: /home/yang/proj/ros-prac/learn5/install/nodes/share/nodes/package.dsv
[0.027s] -- Up-to-date: /home/yang/proj/ros-prac/learn5/install/nodes/share/ament_index/resource_index/packages/nodes
[0.027s] -- Up-to-date: /home/yang/proj/ros-prac/learn5/install/nodes/share/nodes/cmake/nodesConfig.cmake
[0.027s] -- Up-to-date: /home/yang/proj/ros-prac/learn5/install/nodes/share/nodes/cmake/nodesConfig-version.cmake
[0.027s] -- Up-to-date: /home/yang/proj/ros-prac/learn5/install/nodes/share/nodes/package.xml
[0.027s] Invoked command in '/home/yang/proj/ros-prac/learn5/build/nodes' returned '0': AMENT_PREFIX_PATH=/home/yang/proj/ros-prac/learn5/install/msgs:${AMENT_PREFIX_PATH} CMAKE_PREFIX_PATH=/home/yang/proj/ros-prac/learn5/install/msgs:/opt/ros/jazzy LD_LIBRARY_PATH=/home/yang/proj/ros-prac/learn5/install/msgs/lib:${LD_LIBRARY_PATH} PYTHONPATH=/home/yang/proj/ros-prac/learn5/install/msgs/lib/python3.12/site-packages:${PYTHONPATH} /usr/bin/cmake --install /home/yang/proj/ros-prac/learn5/build/nodes
