[  2%] Built target mcl_msgs__rosidl_generator_type_description
[  4%] Built target mcl_msgs__rs
[  4%] Built target ament_cmake_python_copy_mcl_msgs
[  6%] Built target mcl_msgs__cpp
[ 24%] Built target mcl_msgs__rosidl_generator_c
[ 53%] Built target mcl_msgs__rosidl_typesupport_introspection_c
[ 53%] Built target mcl_msgs__rosidl_typesupport_cpp
[ 57%] Built target mcl_msgs__rosidl_typesupport_fastrtps_c
[ 60%] Built target mcl_msgs__rosidl_typesupport_c
[ 68%] Built target mcl_msgs__rosidl_typesupport_fastrtps_cpp
[ 77%] Built target mcl_msgs__rosidl_typesupport_introspection_cpp
[ 77%] Built target mcl_msgs
[ 80%] Built target mcl_msgs__py
[ 86%] Built target mcl_msgs__rosidl_generator_py
[ 93%] Built target mcl_msgs_s__rosidl_typesupport_c
[ 95%] Built target mcl_msgs_s__rosidl_typesupport_introspection_c
[100%] Built target mcl_msgs_s__rosidl_typesupport_fastrtps_c
running egg_info
writing mcl_msgs.egg-info/PKG-INFO
writing dependency_links to mcl_msgs.egg-info/dependency_links.txt
writing top-level names to mcl_msgs.egg-info/top_level.txt
reading manifest file 'mcl_msgs.egg-info/SOURCES.txt'
writing manifest file 'mcl_msgs.egg-info/SOURCES.txt'
[100%] Built target ament_cmake_python_build_mcl_msgs_egg
-- Install configuration: ""
-- Up-to-date: /home/yang/proj/ros-prac/learn15/install/mcl_msgs/share/ament_index/resource_index/rosidl_interfaces/mcl_msgs
-- Up-to-date: /home/yang/proj/ros-prac/learn15/install/mcl_msgs/share/mcl_msgs/msg/Landmark.json
-- Up-to-date: /home/yang/proj/ros-prac/learn15/install/mcl_msgs/share/mcl_msgs/msg/LandmarkArray.json
-- Up-to-date: /home/yang/proj/ros-prac/learn15/install/mcl_msgs/include/mcl_msgs/mcl_msgs
-- Up-to-date: /home/yang/proj/ros-prac/learn15/install/mcl_msgs/include/mcl_msgs/mcl_msgs/msg
-- Up-to-date: /home/yang/proj/ros-prac/learn15/install/mcl_msgs/include/mcl_msgs/mcl_msgs/msg/landmark_array.h
-- Up-to-date: /home/yang/proj/ros-prac/learn15/install/mcl_msgs/include/mcl_msgs/mcl_msgs/msg/landmark.h
-- Up-to-date: /home/yang/proj/ros-prac/learn15/install/mcl_msgs/include/mcl_msgs/mcl_msgs/msg/rosidl_generator_c__visibility_control.h
-- Up-to-date: /home/yang/proj/ros-prac/learn15/install/mcl_msgs/include/mcl_msgs/mcl_msgs/msg/detail
-- Up-to-date: /home/yang/proj/ros-prac/learn15/install/mcl_msgs/include/mcl_msgs/mcl_msgs/msg/detail/landmark__functions.h
-- Up-to-date: /home/yang/proj/ros-prac/learn15/install/mcl_msgs/include/mcl_msgs/mcl_msgs/msg/detail/landmark_array__struct.h
-- Up-to-date: /home/yang/proj/ros-prac/learn15/install/mcl_msgs/include/mcl_msgs/mcl_msgs/msg/detail/landmark_array__functions.h
-- Up-to-date: /home/yang/proj/ros-prac/learn15/install/mcl_msgs/include/mcl_msgs/mcl_msgs/msg/detail/landmark_array__functions.c
-- Up-to-date: /home/yang/proj/ros-prac/learn15/install/mcl_msgs/include/mcl_msgs/mcl_msgs/msg/detail/landmark_array__type_support.h
-- Up-to-date: /home/yang/proj/ros-prac/learn15/install/mcl_msgs/include/mcl_msgs/mcl_msgs/msg/detail/landmark_array__description.c
-- Up-to-date: /home/yang/proj/ros-prac/learn15/install/mcl_msgs/include/mcl_msgs/mcl_msgs/msg/detail/landmark_array__type_support.c
-- Up-to-date: /home/yang/proj/ros-prac/learn15/install/mcl_msgs/include/mcl_msgs/mcl_msgs/msg/detail/landmark__type_support.h
-- Up-to-date: /home/yang/proj/ros-prac/learn15/install/mcl_msgs/include/mcl_msgs/mcl_msgs/msg/detail/landmark__struct.h
-- Up-to-date: /home/yang/proj/ros-prac/learn15/install/mcl_msgs/include/mcl_msgs/mcl_msgs/msg/detail/landmark__type_support.c
-- Up-to-date: /home/yang/proj/ros-prac/learn15/install/mcl_msgs/include/mcl_msgs/mcl_msgs/msg/detail/landmark__functions.c
-- Up-to-date: /home/yang/proj/ros-prac/learn15/install/mcl_msgs/include/mcl_msgs/mcl_msgs/msg/detail/landmark__description.c
-- Up-to-date: /home/yang/proj/ros-prac/learn15/install/mcl_msgs/share/mcl_msgs/environment/library_path.sh
-- Up-to-date: /home/yang/proj/ros-prac/learn15/install/mcl_msgs/share/mcl_msgs/environment/library_path.dsv
-- Up-to-date: /home/yang/proj/ros-prac/learn15/install/mcl_msgs/lib/libmcl_msgs__rosidl_generator_c.so
-- Up-to-date: /home/yang/proj/ros-prac/learn15/install/mcl_msgs/include/mcl_msgs/mcl_msgs
-- Up-to-date: /home/yang/proj/ros-prac/learn15/install/mcl_msgs/include/mcl_msgs/mcl_msgs/msg
-- Up-to-date: /home/yang/proj/ros-prac/learn15/install/mcl_msgs/include/mcl_msgs/mcl_msgs/msg/rosidl_typesupport_fastrtps_c__visibility_control.h
-- Up-to-date: /home/yang/proj/ros-prac/learn15/install/mcl_msgs/include/mcl_msgs/mcl_msgs/msg/detail
-- Up-to-date: /home/yang/proj/ros-prac/learn15/install/mcl_msgs/include/mcl_msgs/mcl_msgs/msg/detail/landmark_array__rosidl_typesupport_fastrtps_c.h
-- Up-to-date: /home/yang/proj/ros-prac/learn15/install/mcl_msgs/include/mcl_msgs/mcl_msgs/msg/detail/landmark__rosidl_typesupport_fastrtps_c.h
-- Up-to-date: /home/yang/proj/ros-prac/learn15/install/mcl_msgs/lib/libmcl_msgs__rosidl_typesupport_fastrtps_c.so
-- Up-to-date: /home/yang/proj/ros-prac/learn15/install/mcl_msgs/include/mcl_msgs/mcl_msgs
-- Up-to-date: /home/yang/proj/ros-prac/learn15/install/mcl_msgs/include/mcl_msgs/mcl_msgs/msg
-- Up-to-date: /home/yang/proj/ros-prac/learn15/install/mcl_msgs/include/mcl_msgs/mcl_msgs/msg/detail
-- Up-to-date: /home/yang/proj/ros-prac/learn15/install/mcl_msgs/include/mcl_msgs/mcl_msgs/msg/detail/landmark_array__type_support.c
-- Up-to-date: /home/yang/proj/ros-prac/learn15/install/mcl_msgs/include/mcl_msgs/mcl_msgs/msg/detail/landmark__rosidl_typesupport_introspection_c.h
-- Up-to-date: /home/yang/proj/ros-prac/learn15/install/mcl_msgs/include/mcl_msgs/mcl_msgs/msg/detail/landmark__type_support.c
-- Up-to-date: /home/yang/proj/ros-prac/learn15/install/mcl_msgs/include/mcl_msgs/mcl_msgs/msg/detail/landmark_array__rosidl_typesupport_introspection_c.h
-- Up-to-date: /home/yang/proj/ros-prac/learn15/install/mcl_msgs/include/mcl_msgs/mcl_msgs/msg/rosidl_typesupport_introspection_c__visibility_control.h
-- Up-to-date: /home/yang/proj/ros-prac/learn15/install/mcl_msgs/lib/libmcl_msgs__rosidl_typesupport_introspection_c.so
-- Up-to-date: /home/yang/proj/ros-prac/learn15/install/mcl_msgs/lib/libmcl_msgs__rosidl_typesupport_c.so
-- Up-to-date: /home/yang/proj/ros-prac/learn15/install/mcl_msgs/include/mcl_msgs/mcl_msgs
-- Up-to-date: /home/yang/proj/ros-prac/learn15/install/mcl_msgs/include/mcl_msgs/mcl_msgs/msg
-- Up-to-date: /home/yang/proj/ros-prac/learn15/install/mcl_msgs/include/mcl_msgs/mcl_msgs/msg/landmark.hpp
-- Up-to-date: /home/yang/proj/ros-prac/learn15/install/mcl_msgs/include/mcl_msgs/mcl_msgs/msg/rosidl_generator_cpp__visibility_control.hpp
-- Up-to-date: /home/yang/proj/ros-prac/learn15/install/mcl_msgs/include/mcl_msgs/mcl_msgs/msg/landmark_array.hpp
-- Up-to-date: /home/yang/proj/ros-prac/learn15/install/mcl_msgs/include/mcl_msgs/mcl_msgs/msg/detail
-- Up-to-date: /home/yang/proj/ros-prac/learn15/install/mcl_msgs/include/mcl_msgs/mcl_msgs/msg/detail/landmark_array__builder.hpp
-- Up-to-date: /home/yang/proj/ros-prac/learn15/install/mcl_msgs/include/mcl_msgs/mcl_msgs/msg/detail/landmark__struct.hpp
-- Up-to-date: /home/yang/proj/ros-prac/learn15/install/mcl_msgs/include/mcl_msgs/mcl_msgs/msg/detail/landmark_array__struct.hpp
-- Up-to-date: /home/yang/proj/ros-prac/learn15/install/mcl_msgs/include/mcl_msgs/mcl_msgs/msg/detail/landmark__type_support.hpp
-- Up-to-date: /home/yang/proj/ros-prac/learn15/install/mcl_msgs/include/mcl_msgs/mcl_msgs/msg/detail/landmark__builder.hpp
-- Up-to-date: /home/yang/proj/ros-prac/learn15/install/mcl_msgs/include/mcl_msgs/mcl_msgs/msg/detail/landmark_array__traits.hpp
-- Up-to-date: /home/yang/proj/ros-prac/learn15/install/mcl_msgs/include/mcl_msgs/mcl_msgs/msg/detail/landmark_array__type_support.hpp
-- Up-to-date: /home/yang/proj/ros-prac/learn15/install/mcl_msgs/include/mcl_msgs/mcl_msgs/msg/detail/landmark__traits.hpp
-- Up-to-date: /home/yang/proj/ros-prac/learn15/install/mcl_msgs/include/mcl_msgs/mcl_msgs
-- Up-to-date: /home/yang/proj/ros-prac/learn15/install/mcl_msgs/include/mcl_msgs/mcl_msgs/msg
-- Up-to-date: /home/yang/proj/ros-prac/learn15/install/mcl_msgs/include/mcl_msgs/mcl_msgs/msg/rosidl_typesupport_fastrtps_cpp__visibility_control.h
-- Up-to-date: /home/yang/proj/ros-prac/learn15/install/mcl_msgs/include/mcl_msgs/mcl_msgs/msg/detail
-- Up-to-date: /home/yang/proj/ros-prac/learn15/install/mcl_msgs/include/mcl_msgs/mcl_msgs/msg/detail/dds_fastrtps
-- Up-to-date: /home/yang/proj/ros-prac/learn15/install/mcl_msgs/include/mcl_msgs/mcl_msgs/msg/detail/landmark_array__rosidl_typesupport_fastrtps_cpp.hpp
-- Up-to-date: /home/yang/proj/ros-prac/learn15/install/mcl_msgs/include/mcl_msgs/mcl_msgs/msg/detail/landmark__rosidl_typesupport_fastrtps_cpp.hpp
-- Up-to-date: /home/yang/proj/ros-prac/learn15/install/mcl_msgs/lib/libmcl_msgs__rosidl_typesupport_fastrtps_cpp.so
-- Up-to-date: /home/yang/proj/ros-prac/learn15/install/mcl_msgs/include/mcl_msgs/mcl_msgs
-- Up-to-date: /home/yang/proj/ros-prac/learn15/install/mcl_msgs/include/mcl_msgs/mcl_msgs/msg
-- Up-to-date: /home/yang/proj/ros-prac/learn15/install/mcl_msgs/include/mcl_msgs/mcl_msgs/msg/detail
-- Up-to-date: /home/yang/proj/ros-prac/learn15/install/mcl_msgs/include/mcl_msgs/mcl_msgs/msg/detail/landmark_array__rosidl_typesupport_introspection_cpp.hpp
-- Up-to-date: /home/yang/proj/ros-prac/learn15/install/mcl_msgs/include/mcl_msgs/mcl_msgs/msg/detail/landmark_array__type_support.cpp
-- Up-to-date: /home/yang/proj/ros-prac/learn15/install/mcl_msgs/include/mcl_msgs/mcl_msgs/msg/detail/landmark__type_support.cpp
-- Up-to-date: /home/yang/proj/ros-prac/learn15/install/mcl_msgs/include/mcl_msgs/mcl_msgs/msg/detail/landmark__rosidl_typesupport_introspection_cpp.hpp
-- Up-to-date: /home/yang/proj/ros-prac/learn15/install/mcl_msgs/lib/libmcl_msgs__rosidl_typesupport_introspection_cpp.so
-- Up-to-date: /home/yang/proj/ros-prac/learn15/install/mcl_msgs/lib/libmcl_msgs__rosidl_typesupport_cpp.so
-- Up-to-date: /home/yang/proj/ros-prac/learn15/install/mcl_msgs/share/mcl_msgs/environment/pythonpath.sh
-- Up-to-date: /home/yang/proj/ros-prac/learn15/install/mcl_msgs/share/mcl_msgs/environment/pythonpath.dsv
-- Up-to-date: /home/yang/proj/ros-prac/learn15/install/mcl_msgs/lib/python3.12/site-packages/mcl_msgs-0.0.0-py3.12.egg-info
-- Installing: /home/yang/proj/ros-prac/learn15/install/mcl_msgs/lib/python3.12/site-packages/mcl_msgs-0.0.0-py3.12.egg-info/top_level.txt
-- Installing: /home/yang/proj/ros-prac/learn15/install/mcl_msgs/lib/python3.12/site-packages/mcl_msgs-0.0.0-py3.12.egg-info/PKG-INFO
-- Installing: /home/yang/proj/ros-prac/learn15/install/mcl_msgs/lib/python3.12/site-packages/mcl_msgs-0.0.0-py3.12.egg-info/dependency_links.txt
-- Installing: /home/yang/proj/ros-prac/learn15/install/mcl_msgs/lib/python3.12/site-packages/mcl_msgs-0.0.0-py3.12.egg-info/SOURCES.txt
-- Up-to-date: /home/yang/proj/ros-prac/learn15/install/mcl_msgs/lib/python3.12/site-packages/mcl_msgs
-- Up-to-date: /home/yang/proj/ros-prac/learn15/install/mcl_msgs/lib/python3.12/site-packages/mcl_msgs/_mcl_msgs_s.ep.rosidl_typesupport_fastrtps_c.c
-- Up-to-date: /home/yang/proj/ros-prac/learn15/install/mcl_msgs/lib/python3.12/site-packages/mcl_msgs/msg
-- Up-to-date: /home/yang/proj/ros-prac/learn15/install/mcl_msgs/lib/python3.12/site-packages/mcl_msgs/msg/_landmark_array_s.c
-- Up-to-date: /home/yang/proj/ros-prac/learn15/install/mcl_msgs/lib/python3.12/site-packages/mcl_msgs/msg/_landmark.py
-- Up-to-date: /home/yang/proj/ros-prac/learn15/install/mcl_msgs/lib/python3.12/site-packages/mcl_msgs/msg/_landmark_s.c
-- Up-to-date: /home/yang/proj/ros-prac/learn15/install/mcl_msgs/lib/python3.12/site-packages/mcl_msgs/msg/_landmark_array.py
-- Up-to-date: /home/yang/proj/ros-prac/learn15/install/mcl_msgs/lib/python3.12/site-packages/mcl_msgs/msg/__init__.py
-- Up-to-date: /home/yang/proj/ros-prac/learn15/install/mcl_msgs/lib/python3.12/site-packages/mcl_msgs/mcl_msgs_s__rosidl_typesupport_fastrtps_c.so
-- Up-to-date: /home/yang/proj/ros-prac/learn15/install/mcl_msgs/lib/python3.12/site-packages/mcl_msgs/mcl_msgs_s__rosidl_typesupport_c.so
-- Up-to-date: /home/yang/proj/ros-prac/learn15/install/mcl_msgs/lib/python3.12/site-packages/mcl_msgs/_mcl_msgs_s.ep.rosidl_typesupport_introspection_c.c
-- Up-to-date: /home/yang/proj/ros-prac/learn15/install/mcl_msgs/lib/python3.12/site-packages/mcl_msgs/_mcl_msgs_s.ep.rosidl_typesupport_c.c
-- Up-to-date: /home/yang/proj/ros-prac/learn15/install/mcl_msgs/lib/python3.12/site-packages/mcl_msgs/__init__.py
-- Up-to-date: /home/yang/proj/ros-prac/learn15/install/mcl_msgs/lib/python3.12/site-packages/mcl_msgs/mcl_msgs_s__rosidl_typesupport_introspection_c.so
Listing '/home/yang/proj/ros-prac/learn15/install/mcl_msgs/lib/python3.12/site-packages/mcl_msgs'...
Listing '/home/yang/proj/ros-prac/learn15/install/mcl_msgs/lib/python3.12/site-packages/mcl_msgs/msg'...
-- Up-to-date: /home/yang/proj/ros-prac/learn15/install/mcl_msgs/lib/python3.12/site-packages/mcl_msgs/mcl_msgs_s__rosidl_typesupport_fastrtps_c.so
-- Up-to-date: /home/yang/proj/ros-prac/learn15/install/mcl_msgs/lib/python3.12/site-packages/mcl_msgs/mcl_msgs_s__rosidl_typesupport_introspection_c.so
-- Up-to-date: /home/yang/proj/ros-prac/learn15/install/mcl_msgs/lib/python3.12/site-packages/mcl_msgs/mcl_msgs_s__rosidl_typesupport_c.so
-- Up-to-date: /home/yang/proj/ros-prac/learn15/install/mcl_msgs/lib/libmcl_msgs__rosidl_generator_py.so
-- Up-to-date: /home/yang/proj/ros-prac/learn15/install/mcl_msgs/share/ament_index/resource_index/rust_packages/mcl_msgs
-- Up-to-date: /home/yang/proj/ros-prac/learn15/install/mcl_msgs/share/mcl_msgs/rust
-- Up-to-date: /home/yang/proj/ros-prac/learn15/install/mcl_msgs/share/mcl_msgs/rust/Cargo.toml
-- Up-to-date: /home/yang/proj/ros-prac/learn15/install/mcl_msgs/share/mcl_msgs/rust/src
-- Up-to-date: /home/yang/proj/ros-prac/learn15/install/mcl_msgs/share/mcl_msgs/rust/src/msg
-- Up-to-date: /home/yang/proj/ros-prac/learn15/install/mcl_msgs/share/mcl_msgs/rust/src/msg/rmw.rs
-- Up-to-date: /home/yang/proj/ros-prac/learn15/install/mcl_msgs/share/mcl_msgs/rust/src/lib.rs
-- Up-to-date: /home/yang/proj/ros-prac/learn15/install/mcl_msgs/share/mcl_msgs/rust/src/msg.rs
-- Up-to-date: /home/yang/proj/ros-prac/learn15/install/mcl_msgs/share/mcl_msgs/rust/build.rs
-- Up-to-date: /home/yang/proj/ros-prac/learn15/install/mcl_msgs/share/mcl_msgs/msg/Landmark.idl
-- Up-to-date: /home/yang/proj/ros-prac/learn15/install/mcl_msgs/share/mcl_msgs/msg/LandmarkArray.idl
-- Up-to-date: /home/yang/proj/ros-prac/learn15/install/mcl_msgs/share/mcl_msgs/msg/Landmark.msg
-- Up-to-date: /home/yang/proj/ros-prac/learn15/install/mcl_msgs/share/mcl_msgs/msg/LandmarkArray.msg
-- Up-to-date: /home/yang/proj/ros-prac/learn15/install/mcl_msgs/share/ament_index/resource_index/package_run_dependencies/mcl_msgs
-- Up-to-date: /home/yang/proj/ros-prac/learn15/install/mcl_msgs/share/ament_index/resource_index/parent_prefix_path/mcl_msgs
-- Up-to-date: /home/yang/proj/ros-prac/learn15/install/mcl_msgs/share/mcl_msgs/environment/ament_prefix_path.sh
-- Up-to-date: /home/yang/proj/ros-prac/learn15/install/mcl_msgs/share/mcl_msgs/environment/ament_prefix_path.dsv
-- Up-to-date: /home/yang/proj/ros-prac/learn15/install/mcl_msgs/share/mcl_msgs/environment/path.sh
-- Up-to-date: /home/yang/proj/ros-prac/learn15/install/mcl_msgs/share/mcl_msgs/environment/path.dsv
-- Up-to-date: /home/yang/proj/ros-prac/learn15/install/mcl_msgs/share/mcl_msgs/local_setup.bash
-- Up-to-date: /home/yang/proj/ros-prac/learn15/install/mcl_msgs/share/mcl_msgs/local_setup.sh
-- Up-to-date: /home/yang/proj/ros-prac/learn15/install/mcl_msgs/share/mcl_msgs/local_setup.zsh
-- Up-to-date: /home/yang/proj/ros-prac/learn15/install/mcl_msgs/share/mcl_msgs/local_setup.dsv
-- Installing: /home/yang/proj/ros-prac/learn15/install/mcl_msgs/share/mcl_msgs/package.dsv
-- Up-to-date: /home/yang/proj/ros-prac/learn15/install/mcl_msgs/share/ament_index/resource_index/packages/mcl_msgs
-- Up-to-date: /home/yang/proj/ros-prac/learn15/install/mcl_msgs/share/mcl_msgs/cmake/export_mcl_msgs__rosidl_generator_cExport.cmake
-- Up-to-date: /home/yang/proj/ros-prac/learn15/install/mcl_msgs/share/mcl_msgs/cmake/export_mcl_msgs__rosidl_generator_cExport-noconfig.cmake
-- Up-to-date: /home/yang/proj/ros-prac/learn15/install/mcl_msgs/share/mcl_msgs/cmake/export_mcl_msgs__rosidl_typesupport_fastrtps_cExport.cmake
-- Up-to-date: /home/yang/proj/ros-prac/learn15/install/mcl_msgs/share/mcl_msgs/cmake/export_mcl_msgs__rosidl_typesupport_fastrtps_cExport-noconfig.cmake
-- Up-to-date: /home/yang/proj/ros-prac/learn15/install/mcl_msgs/share/mcl_msgs/cmake/mcl_msgs__rosidl_typesupport_introspection_cExport.cmake
-- Up-to-date: /home/yang/proj/ros-prac/learn15/install/mcl_msgs/share/mcl_msgs/cmake/mcl_msgs__rosidl_typesupport_introspection_cExport-noconfig.cmake
-- Up-to-date: /home/yang/proj/ros-prac/learn15/install/mcl_msgs/share/mcl_msgs/cmake/mcl_msgs__rosidl_typesupport_cExport.cmake
-- Up-to-date: /home/yang/proj/ros-prac/learn15/install/mcl_msgs/share/mcl_msgs/cmake/mcl_msgs__rosidl_typesupport_cExport-noconfig.cmake
-- Up-to-date: /home/yang/proj/ros-prac/learn15/install/mcl_msgs/share/mcl_msgs/cmake/export_mcl_msgs__rosidl_generator_cppExport.cmake
-- Up-to-date: /home/yang/proj/ros-prac/learn15/install/mcl_msgs/share/mcl_msgs/cmake/export_mcl_msgs__rosidl_typesupport_fastrtps_cppExport.cmake
-- Up-to-date: /home/yang/proj/ros-prac/learn15/install/mcl_msgs/share/mcl_msgs/cmake/export_mcl_msgs__rosidl_typesupport_fastrtps_cppExport-noconfig.cmake
-- Up-to-date: /home/yang/proj/ros-prac/learn15/install/mcl_msgs/share/mcl_msgs/cmake/mcl_msgs__rosidl_typesupport_introspection_cppExport.cmake
-- Up-to-date: /home/yang/proj/ros-prac/learn15/install/mcl_msgs/share/mcl_msgs/cmake/mcl_msgs__rosidl_typesupport_introspection_cppExport-noconfig.cmake
-- Up-to-date: /home/yang/proj/ros-prac/learn15/install/mcl_msgs/share/mcl_msgs/cmake/mcl_msgs__rosidl_typesupport_cppExport.cmake
-- Up-to-date: /home/yang/proj/ros-prac/learn15/install/mcl_msgs/share/mcl_msgs/cmake/mcl_msgs__rosidl_typesupport_cppExport-noconfig.cmake
-- Up-to-date: /home/yang/proj/ros-prac/learn15/install/mcl_msgs/share/mcl_msgs/cmake/export_mcl_msgs__rosidl_generator_pyExport.cmake
-- Up-to-date: /home/yang/proj/ros-prac/learn15/install/mcl_msgs/share/mcl_msgs/cmake/export_mcl_msgs__rosidl_generator_pyExport-noconfig.cmake
-- Up-to-date: /home/yang/proj/ros-prac/learn15/install/mcl_msgs/share/mcl_msgs/cmake/rosidl_cmake-extras.cmake
-- Up-to-date: /home/yang/proj/ros-prac/learn15/install/mcl_msgs/share/mcl_msgs/cmake/ament_cmake_export_dependencies-extras.cmake
-- Up-to-date: /home/yang/proj/ros-prac/learn15/install/mcl_msgs/share/mcl_msgs/cmake/ament_cmake_export_include_directories-extras.cmake
-- Up-to-date: /home/yang/proj/ros-prac/learn15/install/mcl_msgs/share/mcl_msgs/cmake/ament_cmake_export_libraries-extras.cmake
-- Up-to-date: /home/yang/proj/ros-prac/learn15/install/mcl_msgs/share/mcl_msgs/cmake/ament_cmake_export_targets-extras.cmake
-- Up-to-date: /home/yang/proj/ros-prac/learn15/install/mcl_msgs/share/mcl_msgs/cmake/rosidl_cmake_export_typesupport_targets-extras.cmake
-- Up-to-date: /home/yang/proj/ros-prac/learn15/install/mcl_msgs/share/mcl_msgs/cmake/rosidl_cmake_export_typesupport_libraries-extras.cmake
-- Up-to-date: /home/yang/proj/ros-prac/learn15/install/mcl_msgs/share/mcl_msgs/cmake/mcl_msgsConfig.cmake
-- Up-to-date: /home/yang/proj/ros-prac/learn15/install/mcl_msgs/share/mcl_msgs/cmake/mcl_msgsConfig-version.cmake
-- Up-to-date: /home/yang/proj/ros-prac/learn15/install/mcl_msgs/share/mcl_msgs/package.xml
