-- The C compiler identification is GNU 11.4.0
-- The CXX compiler identification is GNU 11.4.0
-- Detecting C compiler ABI info
-- Detecting C compiler ABI info - done
-- Check for working C compiler: /usr/bin/cc - skipped
-- Detecting C compile features
-- Detecting C compile features - done
-- Detecting CXX compiler ABI info
-- Detecting CXX compiler ABI info - done
-- Check for working CXX compiler: /usr/bin/c++ - skipped
-- Detecting CXX compile features
-- Detecting CXX compile features - done
-- Found ament_cmake: 1.3.14 (/opt/ros/humble/share/ament_cmake/cmake)
-- Found Python3: /usr/bin/python3 (found version "3.10.12") found components: Interpreter 
-- Found rosidl_default_generators: 1.2.1 (/opt/ros/humble/share/rosidl_default_generators/cmake)
-- Using all available rosidl_typesupport_c: rosidl_typesupport_fastrtps_c;rosidl_typesupport_introspection_c
-- Found rosidl_adapter: 3.1.8 (/opt/ros/humble/share/rosidl_adapter/cmake)
-- Using all available rosidl_typesupport_cpp: rosidl_typesupport_fastrtps_cpp;rosidl_typesupport_introspection_cpp
-- Found ament_cmake_ros: 0.10.0 (/opt/ros/humble/share/ament_cmake_ros/cmake)
-- Using all available rosidl_typesupport_c: rosidl_typesupport_fastrtps_c;rosidl_typesupport_introspection_c
-- Using all available rosidl_typesupport_cpp: rosidl_typesupport_fastrtps_cpp;rosidl_typesupport_introspection_cpp
-- Found PythonInterp: /usr/bin/python3 (found suitable version "3.10.12", minimum required is "3.6") 
-- Found python_cmake_module: 0.10.0 (/opt/ros/humble/share/python_cmake_module/cmake)
-- Found PythonLibs: /usr/lib/x86_64-linux-gnu/libpython3.10.so (found suitable version "3.10.12", minimum required is "3.5") 
-- Using PYTHON_EXECUTABLE: /usr/bin/python3
-- Using PYTHON_INCLUDE_DIRS: /usr/include/python3.10
-- Using PYTHON_LIBRARIES: /usr/lib/x86_64-linux-gnu/libpython3.10.so
-- Found PythonExtra: .so  
-- Configuring done
-- Generating done
-- Build files have been written to: /home/yang/Desktop/proj/ros-prac/build/p0_interfaces
[  2%] [34m[1mGenerating C code for ROS interfaces[0m
[  5%] [34m[1mGenerating C++ code for ROS interfaces[0m
[  7%] [34m[1mGenerating Rust code for ROS interfaces[0m
[  7%] Built target ament_cmake_python_copy_p0_interfaces
running egg_info
creating p0_interfaces.egg-info
writing p0_interfaces.egg-info/PKG-INFO
writing dependency_links to p0_interfaces.egg-info/dependency_links.txt
writing top-level names to p0_interfaces.egg-info/top_level.txt
writing manifest file 'p0_interfaces.egg-info/SOURCES.txt'
reading manifest file 'p0_interfaces.egg-info/SOURCES.txt'
writing manifest file 'p0_interfaces.egg-info/SOURCES.txt'
[  7%] Built target p0_interfaces__rs
[  7%] Built target ament_cmake_python_build_p0_interfaces_egg
[  7%] Built target p0_interfaces__cpp
[ 10%] [32mBuilding C object CMakeFiles/p0_interfaces__rosidl_generator_c.dir/rosidl_generator_c/p0_interfaces/msg/detail/robot_status__functions.c.o[0m
[ 12%] [32mBuilding C object CMakeFiles/p0_interfaces__rosidl_generator_c.dir/rosidl_generator_c/p0_interfaces/srv/detail/get_status__functions.c.o[0m
[ 20%] [34m[1mGenerating C++ introspection for ROS interfaces[0m
[ 20%] [34m[1mGenerating C++ type support for eProsima Fast-RTPS[0m
[ 20%] [34m[1mGenerating C++ type support dispatch for ROS interfaces[0m
[ 22%] [32m[1mLinking C shared library libp0_interfaces__rosidl_generator_c.so[0m
[ 22%] Built target p0_interfaces__rosidl_generator_c
[ 27%] [34m[1mGenerating C type support dispatch for ROS interfaces[0m
[ 27%] [34m[1mGenerating C type support for eProsima Fast-RTPS[0m
[ 30%] [34m[1mGenerating C introspection for ROS interfaces[0m
[ 32%] [32mBuilding CXX object CMakeFiles/p0_interfaces__rosidl_typesupport_cpp.dir/rosidl_typesupport_cpp/p0_interfaces/msg/robot_status__type_support.cpp.o[0m
[ 35%] [32mBuilding CXX object CMakeFiles/p0_interfaces__rosidl_typesupport_cpp.dir/rosidl_typesupport_cpp/p0_interfaces/srv/get_status__type_support.cpp.o[0m
[ 40%] [32mBuilding CXX object CMakeFiles/p0_interfaces__rosidl_typesupport_introspection_cpp.dir/rosidl_typesupport_introspection_cpp/p0_interfaces/srv/detail/get_status__type_support.cpp.o[0m
[ 40%] [32mBuilding CXX object CMakeFiles/p0_interfaces__rosidl_typesupport_introspection_cpp.dir/rosidl_typesupport_introspection_cpp/p0_interfaces/msg/detail/robot_status__type_support.cpp.o[0m
[ 42%] [32mBuilding CXX object CMakeFiles/p0_interfaces__rosidl_typesupport_fastrtps_cpp.dir/rosidl_typesupport_fastrtps_cpp/p0_interfaces/srv/detail/dds_fastrtps/get_status__type_support.cpp.o[0m
[ 45%] [32mBuilding CXX object CMakeFiles/p0_interfaces__rosidl_typesupport_fastrtps_cpp.dir/rosidl_typesupport_fastrtps_cpp/p0_interfaces/msg/detail/dds_fastrtps/robot_status__type_support.cpp.o[0m
[ 50%] [32mBuilding CXX object CMakeFiles/p0_interfaces__rosidl_typesupport_c.dir/rosidl_typesupport_c/p0_interfaces/srv/get_status__type_support.cpp.o[0m
[ 50%] [32mBuilding CXX object CMakeFiles/p0_interfaces__rosidl_typesupport_c.dir/rosidl_typesupport_c/p0_interfaces/msg/robot_status__type_support.cpp.o[0m
[ 55%] [32mBuilding C object CMakeFiles/p0_interfaces__rosidl_typesupport_introspection_c.dir/rosidl_typesupport_introspection_c/p0_interfaces/srv/detail/get_status__type_support.c.o[0m
[ 55%] [32mBuilding C object CMakeFiles/p0_interfaces__rosidl_typesupport_introspection_c.dir/rosidl_typesupport_introspection_c/p0_interfaces/msg/detail/robot_status__type_support.c.o[0m
[ 57%] [32m[1mLinking CXX shared library libp0_interfaces__rosidl_typesupport_c.so[0m
[ 62%] [32mBuilding CXX object CMakeFiles/p0_interfaces__rosidl_typesupport_fastrtps_c.dir/rosidl_typesupport_fastrtps_c/p0_interfaces/srv/detail/get_status__type_support_c.cpp.o[0m
[ 62%] [32mBuilding CXX object CMakeFiles/p0_interfaces__rosidl_typesupport_fastrtps_c.dir/rosidl_typesupport_fastrtps_c/p0_interfaces/msg/detail/robot_status__type_support_c.cpp.o[0m
[ 65%] [32m[1mLinking C shared library libp0_interfaces__rosidl_typesupport_introspection_c.so[0m
[ 65%] Built target p0_interfaces__rosidl_typesupport_c
[ 65%] Built target p0_interfaces__rosidl_typesupport_introspection_c
[ 67%] [32m[1mLinking CXX shared library libp0_interfaces__rosidl_typesupport_cpp.so[0m
[ 67%] Built target p0_interfaces__rosidl_typesupport_cpp
[ 70%] [32m[1mLinking CXX shared library libp0_interfaces__rosidl_typesupport_introspection_cpp.so[0m
[ 72%] [32m[1mLinking CXX shared library libp0_interfaces__rosidl_typesupport_fastrtps_cpp.so[0m
[ 72%] Built target p0_interfaces__rosidl_typesupport_introspection_cpp
[ 72%] Built target p0_interfaces__rosidl_typesupport_fastrtps_cpp
[ 75%] [32m[1mLinking CXX shared library libp0_interfaces__rosidl_typesupport_fastrtps_c.so[0m
[ 75%] Built target p0_interfaces__rosidl_typesupport_fastrtps_c
[ 75%] Built target p0_interfaces
[ 77%] [34m[1mGenerating Python code for ROS interfaces[0m
[ 77%] Built target p0_interfaces__py
[ 80%] [32mBuilding C object CMakeFiles/p0_interfaces__rosidl_generator_py.dir/rosidl_generator_py/p0_interfaces/msg/_robot_status_s.c.o[0m
[ 82%] [32mBuilding C object CMakeFiles/p0_interfaces__rosidl_generator_py.dir/rosidl_generator_py/p0_interfaces/srv/_get_status_s.c.o[0m
[ 85%] [32m[1mLinking C shared library rosidl_generator_py/p0_interfaces/libp0_interfaces__rosidl_generator_py.so[0m
[ 85%] Built target p0_interfaces__rosidl_generator_py
[ 92%] [32mBuilding C object CMakeFiles/p0_interfaces__rosidl_typesupport_introspection_c__pyext.dir/rosidl_generator_py/p0_interfaces/_p0_interfaces_s.ep.rosidl_typesupport_introspection_c.c.o[0m
[ 92%] [32mBuilding C object CMakeFiles/p0_interfaces__rosidl_typesupport_fastrtps_c__pyext.dir/rosidl_generator_py/p0_interfaces/_p0_interfaces_s.ep.rosidl_typesupport_fastrtps_c.c.o[0m
[ 92%] [32mBuilding C object CMakeFiles/p0_interfaces__rosidl_typesupport_c__pyext.dir/rosidl_generator_py/p0_interfaces/_p0_interfaces_s.ep.rosidl_typesupport_c.c.o[0m
[100%] [32m[1mLinking C shared library rosidl_generator_py/p0_interfaces/p0_interfaces_s__rosidl_typesupport_introspection_c.cpython-310-x86_64-linux-gnu.so[0m
[100%] [32m[1mLinking C shared library rosidl_generator_py/p0_interfaces/p0_interfaces_s__rosidl_typesupport_c.cpython-310-x86_64-linux-gnu.so[0m
[100%] [32m[1mLinking C shared library rosidl_generator_py/p0_interfaces/p0_interfaces_s__rosidl_typesupport_fastrtps_c.cpython-310-x86_64-linux-gnu.so[0m
[100%] Built target p0_interfaces__rosidl_typesupport_introspection_c__pyext
[100%] Built target p0_interfaces__rosidl_typesupport_fastrtps_c__pyext
[100%] Built target p0_interfaces__rosidl_typesupport_c__pyext
-- Install configuration: ""
-- Installing: /home/yang/Desktop/proj/ros-prac/install/p0_interfaces/share/ament_index/resource_index/rosidl_interfaces/p0_interfaces
-- Installing: /home/yang/Desktop/proj/ros-prac/install/p0_interfaces/include/p0_interfaces/p0_interfaces
-- Installing: /home/yang/Desktop/proj/ros-prac/install/p0_interfaces/include/p0_interfaces/p0_interfaces/srv
-- Installing: /home/yang/Desktop/proj/ros-prac/install/p0_interfaces/include/p0_interfaces/p0_interfaces/srv/detail
-- Installing: /home/yang/Desktop/proj/ros-prac/install/p0_interfaces/include/p0_interfaces/p0_interfaces/srv/detail/get_status__functions.h
-- Installing: /home/yang/Desktop/proj/ros-prac/install/p0_interfaces/include/p0_interfaces/p0_interfaces/srv/detail/get_status__type_support.h
-- Installing: /home/yang/Desktop/proj/ros-prac/install/p0_interfaces/include/p0_interfaces/p0_interfaces/srv/detail/get_status__struct.h
-- Installing: /home/yang/Desktop/proj/ros-prac/install/p0_interfaces/include/p0_interfaces/p0_interfaces/srv/detail/get_status__functions.c
-- Installing: /home/yang/Desktop/proj/ros-prac/install/p0_interfaces/include/p0_interfaces/p0_interfaces/srv/get_status.h
-- Installing: /home/yang/Desktop/proj/ros-prac/install/p0_interfaces/include/p0_interfaces/p0_interfaces/msg
-- Installing: /home/yang/Desktop/proj/ros-prac/install/p0_interfaces/include/p0_interfaces/p0_interfaces/msg/rosidl_generator_c__visibility_control.h
-- Installing: /home/yang/Desktop/proj/ros-prac/install/p0_interfaces/include/p0_interfaces/p0_interfaces/msg/detail
-- Installing: /home/yang/Desktop/proj/ros-prac/install/p0_interfaces/include/p0_interfaces/p0_interfaces/msg/detail/robot_status__type_support.h
-- Installing: /home/yang/Desktop/proj/ros-prac/install/p0_interfaces/include/p0_interfaces/p0_interfaces/msg/detail/robot_status__struct.h
-- Installing: /home/yang/Desktop/proj/ros-prac/install/p0_interfaces/include/p0_interfaces/p0_interfaces/msg/detail/robot_status__functions.c
-- Installing: /home/yang/Desktop/proj/ros-prac/install/p0_interfaces/include/p0_interfaces/p0_interfaces/msg/detail/robot_status__functions.h
-- Installing: /home/yang/Desktop/proj/ros-prac/install/p0_interfaces/include/p0_interfaces/p0_interfaces/msg/robot_status.h
-- Installing: /home/yang/Desktop/proj/ros-prac/install/p0_interfaces/share/p0_interfaces/environment/library_path.sh
-- Installing: /home/yang/Desktop/proj/ros-prac/install/p0_interfaces/share/p0_interfaces/environment/library_path.dsv
-- Installing: /home/yang/Desktop/proj/ros-prac/install/p0_interfaces/lib/libp0_interfaces__rosidl_generator_c.so
-- Set runtime path of "/home/yang/Desktop/proj/ros-prac/install/p0_interfaces/lib/libp0_interfaces__rosidl_generator_c.so" to ""
-- Up-to-date: /home/yang/Desktop/proj/ros-prac/install/p0_interfaces/include/p0_interfaces/p0_interfaces
-- Up-to-date: /home/yang/Desktop/proj/ros-prac/install/p0_interfaces/include/p0_interfaces/p0_interfaces/srv
-- Up-to-date: /home/yang/Desktop/proj/ros-prac/install/p0_interfaces/include/p0_interfaces/p0_interfaces/srv/detail
-- Installing: /home/yang/Desktop/proj/ros-prac/install/p0_interfaces/include/p0_interfaces/p0_interfaces/srv/detail/get_status__rosidl_typesupport_fastrtps_c.h
-- Up-to-date: /home/yang/Desktop/proj/ros-prac/install/p0_interfaces/include/p0_interfaces/p0_interfaces/msg
-- Up-to-date: /home/yang/Desktop/proj/ros-prac/install/p0_interfaces/include/p0_interfaces/p0_interfaces/msg/detail
-- Installing: /home/yang/Desktop/proj/ros-prac/install/p0_interfaces/include/p0_interfaces/p0_interfaces/msg/detail/robot_status__rosidl_typesupport_fastrtps_c.h
-- Installing: /home/yang/Desktop/proj/ros-prac/install/p0_interfaces/include/p0_interfaces/p0_interfaces/msg/rosidl_typesupport_fastrtps_c__visibility_control.h
-- Installing: /home/yang/Desktop/proj/ros-prac/install/p0_interfaces/lib/libp0_interfaces__rosidl_typesupport_fastrtps_c.so
-- Set runtime path of "/home/yang/Desktop/proj/ros-prac/install/p0_interfaces/lib/libp0_interfaces__rosidl_typesupport_fastrtps_c.so" to ""
-- Up-to-date: /home/yang/Desktop/proj/ros-prac/install/p0_interfaces/include/p0_interfaces/p0_interfaces
-- Up-to-date: /home/yang/Desktop/proj/ros-prac/install/p0_interfaces/include/p0_interfaces/p0_interfaces/srv
-- Up-to-date: /home/yang/Desktop/proj/ros-prac/install/p0_interfaces/include/p0_interfaces/p0_interfaces/srv/detail
-- Installing: /home/yang/Desktop/proj/ros-prac/install/p0_interfaces/include/p0_interfaces/p0_interfaces/srv/detail/get_status__type_support.c
-- Installing: /home/yang/Desktop/proj/ros-prac/install/p0_interfaces/include/p0_interfaces/p0_interfaces/srv/detail/get_status__rosidl_typesupport_introspection_c.h
-- Up-to-date: /home/yang/Desktop/proj/ros-prac/install/p0_interfaces/include/p0_interfaces/p0_interfaces/msg
-- Up-to-date: /home/yang/Desktop/proj/ros-prac/install/p0_interfaces/include/p0_interfaces/p0_interfaces/msg/detail
-- Installing: /home/yang/Desktop/proj/ros-prac/install/p0_interfaces/include/p0_interfaces/p0_interfaces/msg/detail/robot_status__type_support.c
-- Installing: /home/yang/Desktop/proj/ros-prac/install/p0_interfaces/include/p0_interfaces/p0_interfaces/msg/detail/robot_status__rosidl_typesupport_introspection_c.h
-- Installing: /home/yang/Desktop/proj/ros-prac/install/p0_interfaces/include/p0_interfaces/p0_interfaces/msg/rosidl_typesupport_introspection_c__visibility_control.h
-- Installing: /home/yang/Desktop/proj/ros-prac/install/p0_interfaces/lib/libp0_interfaces__rosidl_typesupport_introspection_c.so
-- Set runtime path of "/home/yang/Desktop/proj/ros-prac/install/p0_interfaces/lib/libp0_interfaces__rosidl_typesupport_introspection_c.so" to ""
-- Installing: /home/yang/Desktop/proj/ros-prac/install/p0_interfaces/lib/libp0_interfaces__rosidl_typesupport_c.so
-- Set runtime path of "/home/yang/Desktop/proj/ros-prac/install/p0_interfaces/lib/libp0_interfaces__rosidl_typesupport_c.so" to ""
-- Up-to-date: /home/yang/Desktop/proj/ros-prac/install/p0_interfaces/include/p0_interfaces/p0_interfaces
-- Up-to-date: /home/yang/Desktop/proj/ros-prac/install/p0_interfaces/include/p0_interfaces/p0_interfaces/srv
-- Up-to-date: /home/yang/Desktop/proj/ros-prac/install/p0_interfaces/include/p0_interfaces/p0_interfaces/srv/detail
-- Installing: /home/yang/Desktop/proj/ros-prac/install/p0_interfaces/include/p0_interfaces/p0_interfaces/srv/detail/get_status__traits.hpp
-- Installing: /home/yang/Desktop/proj/ros-prac/install/p0_interfaces/include/p0_interfaces/p0_interfaces/srv/detail/get_status__struct.hpp
-- Installing: /home/yang/Desktop/proj/ros-prac/install/p0_interfaces/include/p0_interfaces/p0_interfaces/srv/detail/get_status__builder.hpp
-- Installing: /home/yang/Desktop/proj/ros-prac/install/p0_interfaces/include/p0_interfaces/p0_interfaces/srv/detail/get_status__type_support.hpp
-- Installing: /home/yang/Desktop/proj/ros-prac/install/p0_interfaces/include/p0_interfaces/p0_interfaces/srv/get_status.hpp
-- Up-to-date: /home/yang/Desktop/proj/ros-prac/install/p0_interfaces/include/p0_interfaces/p0_interfaces/msg
-- Installing: /home/yang/Desktop/proj/ros-prac/install/p0_interfaces/include/p0_interfaces/p0_interfaces/msg/robot_status.hpp
-- Up-to-date: /home/yang/Desktop/proj/ros-prac/install/p0_interfaces/include/p0_interfaces/p0_interfaces/msg/detail
-- Installing: /home/yang/Desktop/proj/ros-prac/install/p0_interfaces/include/p0_interfaces/p0_interfaces/msg/detail/robot_status__type_support.hpp
-- Installing: /home/yang/Desktop/proj/ros-prac/install/p0_interfaces/include/p0_interfaces/p0_interfaces/msg/detail/robot_status__traits.hpp
-- Installing: /home/yang/Desktop/proj/ros-prac/install/p0_interfaces/include/p0_interfaces/p0_interfaces/msg/detail/robot_status__struct.hpp
-- Installing: /home/yang/Desktop/proj/ros-prac/install/p0_interfaces/include/p0_interfaces/p0_interfaces/msg/detail/robot_status__builder.hpp
-- Installing: /home/yang/Desktop/proj/ros-prac/install/p0_interfaces/include/p0_interfaces/p0_interfaces/msg/rosidl_generator_cpp__visibility_control.hpp
-- Up-to-date: /home/yang/Desktop/proj/ros-prac/install/p0_interfaces/include/p0_interfaces/p0_interfaces
-- Up-to-date: /home/yang/Desktop/proj/ros-prac/install/p0_interfaces/include/p0_interfaces/p0_interfaces/srv
-- Up-to-date: /home/yang/Desktop/proj/ros-prac/install/p0_interfaces/include/p0_interfaces/p0_interfaces/srv/detail
-- Installing: /home/yang/Desktop/proj/ros-prac/install/p0_interfaces/include/p0_interfaces/p0_interfaces/srv/detail/dds_fastrtps
-- Installing: /home/yang/Desktop/proj/ros-prac/install/p0_interfaces/include/p0_interfaces/p0_interfaces/srv/detail/get_status__rosidl_typesupport_fastrtps_cpp.hpp
-- Up-to-date: /home/yang/Desktop/proj/ros-prac/install/p0_interfaces/include/p0_interfaces/p0_interfaces/msg
-- Up-to-date: /home/yang/Desktop/proj/ros-prac/install/p0_interfaces/include/p0_interfaces/p0_interfaces/msg/detail
-- Installing: /home/yang/Desktop/proj/ros-prac/install/p0_interfaces/include/p0_interfaces/p0_interfaces/msg/detail/dds_fastrtps
-- Installing: /home/yang/Desktop/proj/ros-prac/install/p0_interfaces/include/p0_interfaces/p0_interfaces/msg/detail/robot_status__rosidl_typesupport_fastrtps_cpp.hpp
-- Installing: /home/yang/Desktop/proj/ros-prac/install/p0_interfaces/include/p0_interfaces/p0_interfaces/msg/rosidl_typesupport_fastrtps_cpp__visibility_control.h
-- Installing: /home/yang/Desktop/proj/ros-prac/install/p0_interfaces/lib/libp0_interfaces__rosidl_typesupport_fastrtps_cpp.so
-- Set runtime path of "/home/yang/Desktop/proj/ros-prac/install/p0_interfaces/lib/libp0_interfaces__rosidl_typesupport_fastrtps_cpp.so" to ""
-- Up-to-date: /home/yang/Desktop/proj/ros-prac/install/p0_interfaces/include/p0_interfaces/p0_interfaces
-- Up-to-date: /home/yang/Desktop/proj/ros-prac/install/p0_interfaces/include/p0_interfaces/p0_interfaces/srv
-- Up-to-date: /home/yang/Desktop/proj/ros-prac/install/p0_interfaces/include/p0_interfaces/p0_interfaces/srv/detail
-- Installing: /home/yang/Desktop/proj/ros-prac/install/p0_interfaces/include/p0_interfaces/p0_interfaces/srv/detail/get_status__type_support.cpp
-- Installing: /home/yang/Desktop/proj/ros-prac/install/p0_interfaces/include/p0_interfaces/p0_interfaces/srv/detail/get_status__rosidl_typesupport_introspection_cpp.hpp
-- Up-to-date: /home/yang/Desktop/proj/ros-prac/install/p0_interfaces/include/p0_interfaces/p0_interfaces/msg
-- Up-to-date: /home/yang/Desktop/proj/ros-prac/install/p0_interfaces/include/p0_interfaces/p0_interfaces/msg/detail
-- Installing: /home/yang/Desktop/proj/ros-prac/install/p0_interfaces/include/p0_interfaces/p0_interfaces/msg/detail/robot_status__rosidl_typesupport_introspection_cpp.hpp
-- Installing: /home/yang/Desktop/proj/ros-prac/install/p0_interfaces/include/p0_interfaces/p0_interfaces/msg/detail/robot_status__type_support.cpp
-- Installing: /home/yang/Desktop/proj/ros-prac/install/p0_interfaces/lib/libp0_interfaces__rosidl_typesupport_introspection_cpp.so
-- Set runtime path of "/home/yang/Desktop/proj/ros-prac/install/p0_interfaces/lib/libp0_interfaces__rosidl_typesupport_introspection_cpp.so" to ""
-- Installing: /home/yang/Desktop/proj/ros-prac/install/p0_interfaces/lib/libp0_interfaces__rosidl_typesupport_cpp.so
-- Set runtime path of "/home/yang/Desktop/proj/ros-prac/install/p0_interfaces/lib/libp0_interfaces__rosidl_typesupport_cpp.so" to ""
-- Installing: /home/yang/Desktop/proj/ros-prac/install/p0_interfaces/share/p0_interfaces/environment/pythonpath.sh
-- Installing: /home/yang/Desktop/proj/ros-prac/install/p0_interfaces/share/p0_interfaces/environment/pythonpath.dsv
-- Installing: /home/yang/Desktop/proj/ros-prac/install/p0_interfaces/local/lib/python3.10/dist-packages/p0_interfaces-0.0.0-py3.10.egg-info
-- Installing: /home/yang/Desktop/proj/ros-prac/install/p0_interfaces/local/lib/python3.10/dist-packages/p0_interfaces-0.0.0-py3.10.egg-info/dependency_links.txt
-- Installing: /home/yang/Desktop/proj/ros-prac/install/p0_interfaces/local/lib/python3.10/dist-packages/p0_interfaces-0.0.0-py3.10.egg-info/SOURCES.txt
-- Installing: /home/yang/Desktop/proj/ros-prac/install/p0_interfaces/local/lib/python3.10/dist-packages/p0_interfaces-0.0.0-py3.10.egg-info/top_level.txt
-- Installing: /home/yang/Desktop/proj/ros-prac/install/p0_interfaces/local/lib/python3.10/dist-packages/p0_interfaces-0.0.0-py3.10.egg-info/PKG-INFO
-- Installing: /home/yang/Desktop/proj/ros-prac/install/p0_interfaces/local/lib/python3.10/dist-packages/p0_interfaces
-- Installing: /home/yang/Desktop/proj/ros-prac/install/p0_interfaces/local/lib/python3.10/dist-packages/p0_interfaces/_p0_interfaces_s.ep.rosidl_typesupport_c.c
-- Installing: /home/yang/Desktop/proj/ros-prac/install/p0_interfaces/local/lib/python3.10/dist-packages/p0_interfaces/p0_interfaces_s__rosidl_typesupport_c.cpython-310-x86_64-linux-gnu.so
-- Installing: /home/yang/Desktop/proj/ros-prac/install/p0_interfaces/local/lib/python3.10/dist-packages/p0_interfaces/p0_interfaces_s__rosidl_typesupport_fastrtps_c.cpython-310-x86_64-linux-gnu.so
-- Installing: /home/yang/Desktop/proj/ros-prac/install/p0_interfaces/local/lib/python3.10/dist-packages/p0_interfaces/_p0_interfaces_s.ep.rosidl_typesupport_introspection_c.c
-- Installing: /home/yang/Desktop/proj/ros-prac/install/p0_interfaces/local/lib/python3.10/dist-packages/p0_interfaces/_p0_interfaces_s.ep.rosidl_typesupport_fastrtps_c.c
-- Installing: /home/yang/Desktop/proj/ros-prac/install/p0_interfaces/local/lib/python3.10/dist-packages/p0_interfaces/libp0_interfaces__rosidl_generator_py.so
-- Installing: /home/yang/Desktop/proj/ros-prac/install/p0_interfaces/local/lib/python3.10/dist-packages/p0_interfaces/srv
-- Installing: /home/yang/Desktop/proj/ros-prac/install/p0_interfaces/local/lib/python3.10/dist-packages/p0_interfaces/srv/_get_status.py
-- Installing: /home/yang/Desktop/proj/ros-prac/install/p0_interfaces/local/lib/python3.10/dist-packages/p0_interfaces/srv/_get_status_s.c
-- Installing: /home/yang/Desktop/proj/ros-prac/install/p0_interfaces/local/lib/python3.10/dist-packages/p0_interfaces/srv/__init__.py
-- Installing: /home/yang/Desktop/proj/ros-prac/install/p0_interfaces/local/lib/python3.10/dist-packages/p0_interfaces/msg
-- Installing: /home/yang/Desktop/proj/ros-prac/install/p0_interfaces/local/lib/python3.10/dist-packages/p0_interfaces/msg/_robot_status_s.c
-- Installing: /home/yang/Desktop/proj/ros-prac/install/p0_interfaces/local/lib/python3.10/dist-packages/p0_interfaces/msg/__init__.py
-- Installing: /home/yang/Desktop/proj/ros-prac/install/p0_interfaces/local/lib/python3.10/dist-packages/p0_interfaces/msg/_robot_status.py
-- Installing: /home/yang/Desktop/proj/ros-prac/install/p0_interfaces/local/lib/python3.10/dist-packages/p0_interfaces/__init__.py
-- Installing: /home/yang/Desktop/proj/ros-prac/install/p0_interfaces/local/lib/python3.10/dist-packages/p0_interfaces/p0_interfaces_s__rosidl_typesupport_introspection_c.cpython-310-x86_64-linux-gnu.so
Listing '/home/yang/Desktop/proj/ros-prac/install/p0_interfaces/local/lib/python3.10/dist-packages/p0_interfaces'...
Compiling '/home/yang/Desktop/proj/ros-prac/install/p0_interfaces/local/lib/python3.10/dist-packages/p0_interfaces/__init__.py'...
Listing '/home/yang/Desktop/proj/ros-prac/install/p0_interfaces/local/lib/python3.10/dist-packages/p0_interfaces/msg'...
Compiling '/home/yang/Desktop/proj/ros-prac/install/p0_interfaces/local/lib/python3.10/dist-packages/p0_interfaces/msg/__init__.py'...
Compiling '/home/yang/Desktop/proj/ros-prac/install/p0_interfaces/local/lib/python3.10/dist-packages/p0_interfaces/msg/_robot_status.py'...
Listing '/home/yang/Desktop/proj/ros-prac/install/p0_interfaces/local/lib/python3.10/dist-packages/p0_interfaces/srv'...
Compiling '/home/yang/Desktop/proj/ros-prac/install/p0_interfaces/local/lib/python3.10/dist-packages/p0_interfaces/srv/__init__.py'...
Compiling '/home/yang/Desktop/proj/ros-prac/install/p0_interfaces/local/lib/python3.10/dist-packages/p0_interfaces/srv/_get_status.py'...
-- Installing: /home/yang/Desktop/proj/ros-prac/install/p0_interfaces/local/lib/python3.10/dist-packages/p0_interfaces/p0_interfaces_s__rosidl_typesupport_fastrtps_c.cpython-310-x86_64-linux-gnu.so
-- Set runtime path of "/home/yang/Desktop/proj/ros-prac/install/p0_interfaces/local/lib/python3.10/dist-packages/p0_interfaces/p0_interfaces_s__rosidl_typesupport_fastrtps_c.cpython-310-x86_64-linux-gnu.so" to ""
-- Installing: /home/yang/Desktop/proj/ros-prac/install/p0_interfaces/local/lib/python3.10/dist-packages/p0_interfaces/p0_interfaces_s__rosidl_typesupport_introspection_c.cpython-310-x86_64-linux-gnu.so
-- Set runtime path of "/home/yang/Desktop/proj/ros-prac/install/p0_interfaces/local/lib/python3.10/dist-packages/p0_interfaces/p0_interfaces_s__rosidl_typesupport_introspection_c.cpython-310-x86_64-linux-gnu.so" to ""
-- Installing: /home/yang/Desktop/proj/ros-prac/install/p0_interfaces/local/lib/python3.10/dist-packages/p0_interfaces/p0_interfaces_s__rosidl_typesupport_c.cpython-310-x86_64-linux-gnu.so
-- Set runtime path of "/home/yang/Desktop/proj/ros-prac/install/p0_interfaces/local/lib/python3.10/dist-packages/p0_interfaces/p0_interfaces_s__rosidl_typesupport_c.cpython-310-x86_64-linux-gnu.so" to ""
-- Installing: /home/yang/Desktop/proj/ros-prac/install/p0_interfaces/lib/libp0_interfaces__rosidl_generator_py.so
-- Set runtime path of "/home/yang/Desktop/proj/ros-prac/install/p0_interfaces/lib/libp0_interfaces__rosidl_generator_py.so" to ""
-- Installing: /home/yang/Desktop/proj/ros-prac/install/p0_interfaces/share/ament_index/resource_index/rust_packages/p0_interfaces
-- Installing: /home/yang/Desktop/proj/ros-prac/install/p0_interfaces/share/p0_interfaces/rust
-- Installing: /home/yang/Desktop/proj/ros-prac/install/p0_interfaces/share/p0_interfaces/rust/src
-- Installing: /home/yang/Desktop/proj/ros-prac/install/p0_interfaces/share/p0_interfaces/rust/src/msg.rs
-- Installing: /home/yang/Desktop/proj/ros-prac/install/p0_interfaces/share/p0_interfaces/rust/src/srv.rs
-- Installing: /home/yang/Desktop/proj/ros-prac/install/p0_interfaces/share/p0_interfaces/rust/src/srv
-- Installing: /home/yang/Desktop/proj/ros-prac/install/p0_interfaces/share/p0_interfaces/rust/src/srv/rmw.rs
-- Installing: /home/yang/Desktop/proj/ros-prac/install/p0_interfaces/share/p0_interfaces/rust/src/msg
-- Installing: /home/yang/Desktop/proj/ros-prac/install/p0_interfaces/share/p0_interfaces/rust/src/msg/rmw.rs
-- Installing: /home/yang/Desktop/proj/ros-prac/install/p0_interfaces/share/p0_interfaces/rust/src/lib.rs
-- Installing: /home/yang/Desktop/proj/ros-prac/install/p0_interfaces/share/p0_interfaces/rust/Cargo.toml
-- Installing: /home/yang/Desktop/proj/ros-prac/install/p0_interfaces/share/p0_interfaces/rust/build.rs
-- Installing: /home/yang/Desktop/proj/ros-prac/install/p0_interfaces/share/p0_interfaces/msg/RobotStatus.idl
-- Installing: /home/yang/Desktop/proj/ros-prac/install/p0_interfaces/share/p0_interfaces/srv/GetStatus.idl
-- Installing: /home/yang/Desktop/proj/ros-prac/install/p0_interfaces/share/p0_interfaces/msg/RobotStatus.msg
-- Installing: /home/yang/Desktop/proj/ros-prac/install/p0_interfaces/share/p0_interfaces/srv/GetStatus.srv
-- Installing: /home/yang/Desktop/proj/ros-prac/install/p0_interfaces/share/p0_interfaces/srv/GetStatus_Request.msg
-- Installing: /home/yang/Desktop/proj/ros-prac/install/p0_interfaces/share/p0_interfaces/srv/GetStatus_Response.msg
-- Installing: /home/yang/Desktop/proj/ros-prac/install/p0_interfaces/share/ament_index/resource_index/package_run_dependencies/p0_interfaces
-- Installing: /home/yang/Desktop/proj/ros-prac/install/p0_interfaces/share/ament_index/resource_index/parent_prefix_path/p0_interfaces
-- Installing: /home/yang/Desktop/proj/ros-prac/install/p0_interfaces/share/p0_interfaces/environment/ament_prefix_path.sh
-- Installing: /home/yang/Desktop/proj/ros-prac/install/p0_interfaces/share/p0_interfaces/environment/ament_prefix_path.dsv
-- Installing: /home/yang/Desktop/proj/ros-prac/install/p0_interfaces/share/p0_interfaces/environment/path.sh
-- Installing: /home/yang/Desktop/proj/ros-prac/install/p0_interfaces/share/p0_interfaces/environment/path.dsv
-- Installing: /home/yang/Desktop/proj/ros-prac/install/p0_interfaces/share/p0_interfaces/local_setup.bash
-- Installing: /home/yang/Desktop/proj/ros-prac/install/p0_interfaces/share/p0_interfaces/local_setup.sh
-- Installing: /home/yang/Desktop/proj/ros-prac/install/p0_interfaces/share/p0_interfaces/local_setup.zsh
-- Installing: /home/yang/Desktop/proj/ros-prac/install/p0_interfaces/share/p0_interfaces/local_setup.dsv
-- Installing: /home/yang/Desktop/proj/ros-prac/install/p0_interfaces/share/p0_interfaces/package.dsv
-- Installing: /home/yang/Desktop/proj/ros-prac/install/p0_interfaces/share/ament_index/resource_index/packages/p0_interfaces
-- Installing: /home/yang/Desktop/proj/ros-prac/install/p0_interfaces/share/p0_interfaces/cmake/export_p0_interfaces__rosidl_generator_cExport.cmake
-- Installing: /home/yang/Desktop/proj/ros-prac/install/p0_interfaces/share/p0_interfaces/cmake/export_p0_interfaces__rosidl_generator_cExport-noconfig.cmake
-- Installing: /home/yang/Desktop/proj/ros-prac/install/p0_interfaces/share/p0_interfaces/cmake/export_p0_interfaces__rosidl_typesupport_fastrtps_cExport.cmake
-- Installing: /home/yang/Desktop/proj/ros-prac/install/p0_interfaces/share/p0_interfaces/cmake/export_p0_interfaces__rosidl_typesupport_fastrtps_cExport-noconfig.cmake
-- Installing: /home/yang/Desktop/proj/ros-prac/install/p0_interfaces/share/p0_interfaces/cmake/p0_interfaces__rosidl_typesupport_introspection_cExport.cmake
-- Installing: /home/yang/Desktop/proj/ros-prac/install/p0_interfaces/share/p0_interfaces/cmake/p0_interfaces__rosidl_typesupport_introspection_cExport-noconfig.cmake
-- Installing: /home/yang/Desktop/proj/ros-prac/install/p0_interfaces/share/p0_interfaces/cmake/p0_interfaces__rosidl_typesupport_cExport.cmake
-- Installing: /home/yang/Desktop/proj/ros-prac/install/p0_interfaces/share/p0_interfaces/cmake/p0_interfaces__rosidl_typesupport_cExport-noconfig.cmake
-- Installing: /home/yang/Desktop/proj/ros-prac/install/p0_interfaces/share/p0_interfaces/cmake/export_p0_interfaces__rosidl_generator_cppExport.cmake
-- Installing: /home/yang/Desktop/proj/ros-prac/install/p0_interfaces/share/p0_interfaces/cmake/export_p0_interfaces__rosidl_typesupport_fastrtps_cppExport.cmake
-- Installing: /home/yang/Desktop/proj/ros-prac/install/p0_interfaces/share/p0_interfaces/cmake/export_p0_interfaces__rosidl_typesupport_fastrtps_cppExport-noconfig.cmake
-- Installing: /home/yang/Desktop/proj/ros-prac/install/p0_interfaces/share/p0_interfaces/cmake/p0_interfaces__rosidl_typesupport_introspection_cppExport.cmake
-- Installing: /home/yang/Desktop/proj/ros-prac/install/p0_interfaces/share/p0_interfaces/cmake/p0_interfaces__rosidl_typesupport_introspection_cppExport-noconfig.cmake
-- Installing: /home/yang/Desktop/proj/ros-prac/install/p0_interfaces/share/p0_interfaces/cmake/p0_interfaces__rosidl_typesupport_cppExport.cmake
-- Installing: /home/yang/Desktop/proj/ros-prac/install/p0_interfaces/share/p0_interfaces/cmake/p0_interfaces__rosidl_typesupport_cppExport-noconfig.cmake
-- Installing: /home/yang/Desktop/proj/ros-prac/install/p0_interfaces/share/p0_interfaces/cmake/export_p0_interfaces__rosidl_generator_pyExport.cmake
-- Installing: /home/yang/Desktop/proj/ros-prac/install/p0_interfaces/share/p0_interfaces/cmake/export_p0_interfaces__rosidl_generator_pyExport-noconfig.cmake
-- Installing: /home/yang/Desktop/proj/ros-prac/install/p0_interfaces/share/p0_interfaces/cmake/rosidl_cmake-extras.cmake
-- Installing: /home/yang/Desktop/proj/ros-prac/install/p0_interfaces/share/p0_interfaces/cmake/ament_cmake_export_include_directories-extras.cmake
-- Installing: /home/yang/Desktop/proj/ros-prac/install/p0_interfaces/share/p0_interfaces/cmake/ament_cmake_export_libraries-extras.cmake
-- Installing: /home/yang/Desktop/proj/ros-prac/install/p0_interfaces/share/p0_interfaces/cmake/ament_cmake_export_targets-extras.cmake
-- Installing: /home/yang/Desktop/proj/ros-prac/install/p0_interfaces/share/p0_interfaces/cmake/rosidl_cmake_export_typesupport_targets-extras.cmake
-- Installing: /home/yang/Desktop/proj/ros-prac/install/p0_interfaces/share/p0_interfaces/cmake/ament_cmake_export_dependencies-extras.cmake
-- Installing: /home/yang/Desktop/proj/ros-prac/install/p0_interfaces/share/p0_interfaces/cmake/rosidl_cmake_export_typesupport_libraries-extras.cmake
-- Installing: /home/yang/Desktop/proj/ros-prac/install/p0_interfaces/share/p0_interfaces/cmake/p0_interfacesConfig.cmake
-- Installing: /home/yang/Desktop/proj/ros-prac/install/p0_interfaces/share/p0_interfaces/cmake/p0_interfacesConfig-version.cmake
-- Installing: /home/yang/Desktop/proj/ros-prac/install/p0_interfaces/share/p0_interfaces/package.xml
