[0.005s] Invoking command in '/home/yang/Desktop/proj/ros-prac/build/p0_interfaces': CMAKE_PREFIX_PATH=${CMAKE_PREFIX_PATH}:/home/yang/turtlebot3_ws/install/nav2_simple_commander:/opt/ros/humble /usr/bin/cmake /home/yang/Desktop/proj/ros-prac/src/p0_interfaces -DCMAKE_EXPORT_COMPILE_COMMANDS=ON -DCMAKE_INSTALL_PREFIX=/home/yang/Desktop/proj/ros-prac/install/p0_interfaces
[0.027s] -- The C compiler identification is GNU 11.4.0
[0.049s] -- The CXX compiler identification is GNU 11.4.0
[0.051s] -- Detecting C compiler ABI info
[0.078s] -- Detecting C compiler ABI info - done
[0.081s] -- Check for working C compiler: /usr/bin/cc - skipped
[0.081s] -- Detecting C compile features
[0.081s] -- Detecting C compile features - done
[0.082s] -- Detecting CXX compiler ABI info
[0.112s] -- Detecting CXX compiler ABI info - done
[0.115s] -- Check for working CXX compiler: /usr/bin/c++ - skipped
[0.115s] -- Detecting CXX compile features
[0.115s] -- Detecting CXX compile features - done
[0.117s] -- Found ament_cmake: 1.3.14 (/opt/ros/humble/share/ament_cmake/cmake)
[0.183s] -- Found Python3: /usr/bin/python3 (found version "3.10.12") found components: Interpreter 
[0.223s] -- Found rosidl_default_generators: 1.2.1 (/opt/ros/humble/share/rosidl_default_generators/cmake)
[0.225s] -- Using all available rosidl_typesupport_c: rosidl_typesupport_fastrtps_c;rosidl_typesupport_introspection_c
[0.229s] -- Found rosidl_adapter: 3.1.8 (/opt/ros/humble/share/rosidl_adapter/cmake)
[0.248s] -- Using all available rosidl_typesupport_cpp: rosidl_typesupport_fastrtps_cpp;rosidl_typesupport_introspection_cpp
[0.368s] -- Found ament_cmake_ros: 0.10.0 (/opt/ros/humble/share/ament_cmake_ros/cmake)
[0.446s] -- Using all available rosidl_typesupport_c: rosidl_typesupport_fastrtps_c;rosidl_typesupport_introspection_c
[0.546s] -- Using all available rosidl_typesupport_cpp: rosidl_typesupport_fastrtps_cpp;rosidl_typesupport_introspection_cpp
[0.556s] -- Found PythonInterp: /usr/bin/python3 (found suitable version "3.10.12", minimum required is "3.6") 
[0.557s] -- Found python_cmake_module: 0.10.0 (/opt/ros/humble/share/python_cmake_module/cmake)
[0.569s] -- Found PythonLibs: /usr/lib/x86_64-linux-gnu/libpython3.10.so (found suitable version "3.10.12", minimum required is "3.5") 
[0.569s] -- Using PYTHON_EXECUTABLE: /usr/bin/python3
[0.569s] -- Using PYTHON_INCLUDE_DIRS: /usr/include/python3.10
[0.569s] -- Using PYTHON_LIBRARIES: /usr/lib/x86_64-linux-gnu/libpython3.10.so
[0.578s] -- Found PythonExtra: .so  
[0.618s] -- Configuring done
[0.628s] -- Generating done
[0.632s] -- Build files have been written to: /home/yang/Desktop/proj/ros-prac/build/p0_interfaces
[0.636s] Invoked command in '/home/yang/Desktop/proj/ros-prac/build/p0_interfaces' returned '0': CMAKE_PREFIX_PATH=${CMAKE_PREFIX_PATH}:/home/yang/turtlebot3_ws/install/nav2_simple_commander:/opt/ros/humble /usr/bin/cmake /home/yang/Desktop/proj/ros-prac/src/p0_interfaces -DCMAKE_EXPORT_COMPILE_COMMANDS=ON -DCMAKE_INSTALL_PREFIX=/home/yang/Desktop/proj/ros-prac/install/p0_interfaces
[0.637s] Invoking command in '/home/yang/Desktop/proj/ros-prac/build/p0_interfaces': CMAKE_PREFIX_PATH=${CMAKE_PREFIX_PATH}:/home/yang/turtlebot3_ws/install/nav2_simple_commander:/opt/ros/humble /usr/bin/cmake --build /home/yang/Desktop/proj/ros-prac/build/p0_interfaces -- -j12 -l12
[0.653s] [  2%] [34m[1mGenerating C code for ROS interfaces[0m
[0.656s] [  5%] [34m[1mGenerating C++ code for ROS interfaces[0m
[0.656s] [  7%] [34m[1mGenerating Rust code for ROS interfaces[0m
[0.659s] [  7%] Built target ament_cmake_python_copy_p0_interfaces
[0.750s] running egg_info
[0.750s] creating p0_interfaces.egg-info
[0.750s] writing p0_interfaces.egg-info/PKG-INFO
[0.750s] writing dependency_links to p0_interfaces.egg-info/dependency_links.txt
[0.750s] writing top-level names to p0_interfaces.egg-info/top_level.txt
[0.750s] writing manifest file 'p0_interfaces.egg-info/SOURCES.txt'
[0.751s] reading manifest file 'p0_interfaces.egg-info/SOURCES.txt'
[0.751s] writing manifest file 'p0_interfaces.egg-info/SOURCES.txt'
[0.763s] [  7%] Built target p0_interfaces__rs
[0.764s] [  7%] Built target ament_cmake_python_build_p0_interfaces_egg
[0.786s] [  7%] Built target p0_interfaces__cpp
[0.786s] [ 10%] [32mBuilding C object CMakeFiles/p0_interfaces__rosidl_generator_c.dir/rosidl_generator_c/p0_interfaces/msg/detail/robot_status__functions.c.o[0m
[0.786s] [ 12%] [32mBuilding C object CMakeFiles/p0_interfaces__rosidl_generator_c.dir/rosidl_generator_c/p0_interfaces/srv/detail/get_status__functions.c.o[0m
[0.790s] [ 20%] [34m[1mGenerating C++ introspection for ROS interfaces[0m
[0.790s] [ 20%] [34m[1mGenerating C++ type support for eProsima Fast-RTPS[0m
[0.790s] [ 20%] [34m[1mGenerating C++ type support dispatch for ROS interfaces[0m
[0.811s] [ 22%] [32m[1mLinking C shared library libp0_interfaces__rosidl_generator_c.so[0m
[0.827s] [ 22%] Built target p0_interfaces__rosidl_generator_c
[0.831s] [ 27%] [34m[1mGenerating C type support dispatch for ROS interfaces[0m
[0.831s] [ 27%] [34m[1mGenerating C type support for eProsima Fast-RTPS[0m
[0.832s] [ 30%] [34m[1mGenerating C introspection for ROS interfaces[0m
[0.904s] [ 32%] [32mBuilding CXX object CMakeFiles/p0_interfaces__rosidl_typesupport_cpp.dir/rosidl_typesupport_cpp/p0_interfaces/msg/robot_status__type_support.cpp.o[0m
[0.904s] [ 35%] [32mBuilding CXX object CMakeFiles/p0_interfaces__rosidl_typesupport_cpp.dir/rosidl_typesupport_cpp/p0_interfaces/srv/get_status__type_support.cpp.o[0m
[0.913s] [ 40%] [32mBuilding CXX object CMakeFiles/p0_interfaces__rosidl_typesupport_introspection_cpp.dir/rosidl_typesupport_introspection_cpp/p0_interfaces/srv/detail/get_status__type_support.cpp.o[0m
[0.913s] [ 40%] [32mBuilding CXX object CMakeFiles/p0_interfaces__rosidl_typesupport_introspection_cpp.dir/rosidl_typesupport_introspection_cpp/p0_interfaces/msg/detail/robot_status__type_support.cpp.o[0m
[0.924s] [ 42%] [32mBuilding CXX object CMakeFiles/p0_interfaces__rosidl_typesupport_fastrtps_cpp.dir/rosidl_typesupport_fastrtps_cpp/p0_interfaces/srv/detail/dds_fastrtps/get_status__type_support.cpp.o[0m
[0.924s] [ 45%] [32mBuilding CXX object CMakeFiles/p0_interfaces__rosidl_typesupport_fastrtps_cpp.dir/rosidl_typesupport_fastrtps_cpp/p0_interfaces/msg/detail/dds_fastrtps/robot_status__type_support.cpp.o[0m
[0.959s] [ 50%] [32mBuilding CXX object CMakeFiles/p0_interfaces__rosidl_typesupport_c.dir/rosidl_typesupport_c/p0_interfaces/srv/get_status__type_support.cpp.o[0m
[0.959s] [ 50%] [32mBuilding CXX object CMakeFiles/p0_interfaces__rosidl_typesupport_c.dir/rosidl_typesupport_c/p0_interfaces/msg/robot_status__type_support.cpp.o[0m
[0.973s] [ 55%] [32mBuilding C object CMakeFiles/p0_interfaces__rosidl_typesupport_introspection_c.dir/rosidl_typesupport_introspection_c/p0_interfaces/srv/detail/get_status__type_support.c.o[0m
[0.973s] [ 55%] [32mBuilding C object CMakeFiles/p0_interfaces__rosidl_typesupport_introspection_c.dir/rosidl_typesupport_introspection_c/p0_interfaces/msg/detail/robot_status__type_support.c.o[0m
[0.978s] [ 57%] [32m[1mLinking CXX shared library libp0_interfaces__rosidl_typesupport_c.so[0m
[0.991s] [ 62%] [32mBuilding CXX object CMakeFiles/p0_interfaces__rosidl_typesupport_fastrtps_c.dir/rosidl_typesupport_fastrtps_c/p0_interfaces/srv/detail/get_status__type_support_c.cpp.o[0m
[0.991s] [ 62%] [32mBuilding CXX object CMakeFiles/p0_interfaces__rosidl_typesupport_fastrtps_c.dir/rosidl_typesupport_fastrtps_c/p0_interfaces/msg/detail/robot_status__type_support_c.cpp.o[0m
[0.997s] [ 65%] [32m[1mLinking C shared library libp0_interfaces__rosidl_typesupport_introspection_c.so[0m
[1.008s] [ 65%] Built target p0_interfaces__rosidl_typesupport_c
[1.019s] [ 65%] Built target p0_interfaces__rosidl_typesupport_introspection_c
[1.043s] [ 67%] [32m[1mLinking CXX shared library libp0_interfaces__rosidl_typesupport_cpp.so[0m
[1.065s] [ 67%] Built target p0_interfaces__rosidl_typesupport_cpp
[1.110s] [ 70%] [32m[1mLinking CXX shared library libp0_interfaces__rosidl_typesupport_introspection_cpp.so[0m
[1.113s] [ 72%] [32m[1mLinking CXX shared library libp0_interfaces__rosidl_typesupport_fastrtps_cpp.so[0m
[1.143s] [ 72%] Built target p0_interfaces__rosidl_typesupport_introspection_cpp
[1.146s] [ 72%] Built target p0_interfaces__rosidl_typesupport_fastrtps_cpp
[1.150s] [ 75%] [32m[1mLinking CXX shared library libp0_interfaces__rosidl_typesupport_fastrtps_c.so[0m
[1.177s] [ 75%] Built target p0_interfaces__rosidl_typesupport_fastrtps_c
[1.184s] [ 75%] Built target p0_interfaces
[1.191s] [ 77%] [34m[1mGenerating Python code for ROS interfaces[0m
[1.364s] [ 77%] Built target p0_interfaces__py
[1.371s] [ 80%] [32mBuilding C object CMakeFiles/p0_interfaces__rosidl_generator_py.dir/rosidl_generator_py/p0_interfaces/msg/_robot_status_s.c.o[0m
[1.371s] [ 82%] [32mBuilding C object CMakeFiles/p0_interfaces__rosidl_generator_py.dir/rosidl_generator_py/p0_interfaces/srv/_get_status_s.c.o[0m
[1.413s] [ 85%] [32m[1mLinking C shared library rosidl_generator_py/p0_interfaces/libp0_interfaces__rosidl_generator_py.so[0m
[1.428s] [ 85%] Built target p0_interfaces__rosidl_generator_py
[1.436s] [ 92%] [32mBuilding C object CMakeFiles/p0_interfaces__rosidl_typesupport_introspection_c__pyext.dir/rosidl_generator_py/p0_interfaces/_p0_interfaces_s.ep.rosidl_typesupport_introspection_c.c.o[0m
[1.436s] [ 92%] [32mBuilding C object CMakeFiles/p0_interfaces__rosidl_typesupport_fastrtps_c__pyext.dir/rosidl_generator_py/p0_interfaces/_p0_interfaces_s.ep.rosidl_typesupport_fastrtps_c.c.o[0m
[1.436s] [ 92%] [32mBuilding C object CMakeFiles/p0_interfaces__rosidl_typesupport_c__pyext.dir/rosidl_generator_py/p0_interfaces/_p0_interfaces_s.ep.rosidl_typesupport_c.c.o[0m
[1.474s] [100%] [32m[1mLinking C shared library rosidl_generator_py/p0_interfaces/p0_interfaces_s__rosidl_typesupport_introspection_c.cpython-310-x86_64-linux-gnu.so[0m
[1.474s] [100%] [32m[1mLinking C shared library rosidl_generator_py/p0_interfaces/p0_interfaces_s__rosidl_typesupport_c.cpython-310-x86_64-linux-gnu.so[0m
[1.474s] [100%] [32m[1mLinking C shared library rosidl_generator_py/p0_interfaces/p0_interfaces_s__rosidl_typesupport_fastrtps_c.cpython-310-x86_64-linux-gnu.so[0m
[1.487s] [100%] Built target p0_interfaces__rosidl_typesupport_introspection_c__pyext
[1.487s] [100%] Built target p0_interfaces__rosidl_typesupport_fastrtps_c__pyext
[1.487s] [100%] Built target p0_interfaces__rosidl_typesupport_c__pyext
[1.491s] Invoked command in '/home/yang/Desktop/proj/ros-prac/build/p0_interfaces' returned '0': CMAKE_PREFIX_PATH=${CMAKE_PREFIX_PATH}:/home/yang/turtlebot3_ws/install/nav2_simple_commander:/opt/ros/humble /usr/bin/cmake --build /home/yang/Desktop/proj/ros-prac/build/p0_interfaces -- -j12 -l12
[1.494s] Invoking command in '/home/yang/Desktop/proj/ros-prac/build/p0_interfaces': CMAKE_PREFIX_PATH=${CMAKE_PREFIX_PATH}:/home/yang/turtlebot3_ws/install/nav2_simple_commander:/opt/ros/humble /usr/bin/cmake --install /home/yang/Desktop/proj/ros-prac/build/p0_interfaces
[1.497s] -- Install configuration: ""
[1.497s] -- Installing: /home/yang/Desktop/proj/ros-prac/install/p0_interfaces/share/ament_index/resource_index/rosidl_interfaces/p0_interfaces
[1.497s] -- Installing: /home/yang/Desktop/proj/ros-prac/install/p0_interfaces/include/p0_interfaces/p0_interfaces
[1.497s] -- Installing: /home/yang/Desktop/proj/ros-prac/install/p0_interfaces/include/p0_interfaces/p0_interfaces/srv
[1.497s] -- Installing: /home/yang/Desktop/proj/ros-prac/install/p0_interfaces/include/p0_interfaces/p0_interfaces/srv/detail
[1.497s] -- Installing: /home/yang/Desktop/proj/ros-prac/install/p0_interfaces/include/p0_interfaces/p0_interfaces/srv/detail/get_status__functions.h
[1.497s] -- Installing: /home/yang/Desktop/proj/ros-prac/install/p0_interfaces/include/p0_interfaces/p0_interfaces/srv/detail/get_status__type_support.h
[1.497s] -- Installing: /home/yang/Desktop/proj/ros-prac/install/p0_interfaces/include/p0_interfaces/p0_interfaces/srv/detail/get_status__struct.h
[1.497s] -- Installing: /home/yang/Desktop/proj/ros-prac/install/p0_interfaces/include/p0_interfaces/p0_interfaces/srv/detail/get_status__functions.c
[1.497s] -- Installing: /home/yang/Desktop/proj/ros-prac/install/p0_interfaces/include/p0_interfaces/p0_interfaces/srv/get_status.h
[1.497s] -- Installing: /home/yang/Desktop/proj/ros-prac/install/p0_interfaces/include/p0_interfaces/p0_interfaces/msg
[1.497s] -- Installing: /home/yang/Desktop/proj/ros-prac/install/p0_interfaces/include/p0_interfaces/p0_interfaces/msg/rosidl_generator_c__visibility_control.h
[1.498s] -- Installing: /home/yang/Desktop/proj/ros-prac/install/p0_interfaces/include/p0_interfaces/p0_interfaces/msg/detail
[1.498s] -- Installing: /home/yang/Desktop/proj/ros-prac/install/p0_interfaces/include/p0_interfaces/p0_interfaces/msg/detail/robot_status__type_support.h
[1.498s] -- Installing: /home/yang/Desktop/proj/ros-prac/install/p0_interfaces/include/p0_interfaces/p0_interfaces/msg/detail/robot_status__struct.h
[1.498s] -- Installing: /home/yang/Desktop/proj/ros-prac/install/p0_interfaces/include/p0_interfaces/p0_interfaces/msg/detail/robot_status__functions.c
[1.498s] -- Installing: /home/yang/Desktop/proj/ros-prac/install/p0_interfaces/include/p0_interfaces/p0_interfaces/msg/detail/robot_status__functions.h
[1.498s] -- Installing: /home/yang/Desktop/proj/ros-prac/install/p0_interfaces/include/p0_interfaces/p0_interfaces/msg/robot_status.h
[1.498s] -- Installing: /home/yang/Desktop/proj/ros-prac/install/p0_interfaces/share/p0_interfaces/environment/library_path.sh
[1.498s] -- Installing: /home/yang/Desktop/proj/ros-prac/install/p0_interfaces/share/p0_interfaces/environment/library_path.dsv
[1.498s] -- Installing: /home/yang/Desktop/proj/ros-prac/install/p0_interfaces/lib/libp0_interfaces__rosidl_generator_c.so
[1.498s] -- Set runtime path of "/home/yang/Desktop/proj/ros-prac/install/p0_interfaces/lib/libp0_interfaces__rosidl_generator_c.so" to ""
[1.498s] -- Up-to-date: /home/yang/Desktop/proj/ros-prac/install/p0_interfaces/include/p0_interfaces/p0_interfaces
[1.498s] -- Up-to-date: /home/yang/Desktop/proj/ros-prac/install/p0_interfaces/include/p0_interfaces/p0_interfaces/srv
[1.498s] -- Up-to-date: /home/yang/Desktop/proj/ros-prac/install/p0_interfaces/include/p0_interfaces/p0_interfaces/srv/detail
[1.498s] -- Installing: /home/yang/Desktop/proj/ros-prac/install/p0_interfaces/include/p0_interfaces/p0_interfaces/srv/detail/get_status__rosidl_typesupport_fastrtps_c.h
[1.498s] -- Up-to-date: /home/yang/Desktop/proj/ros-prac/install/p0_interfaces/include/p0_interfaces/p0_interfaces/msg
[1.498s] -- Up-to-date: /home/yang/Desktop/proj/ros-prac/install/p0_interfaces/include/p0_interfaces/p0_interfaces/msg/detail
[1.498s] -- Installing: /home/yang/Desktop/proj/ros-prac/install/p0_interfaces/include/p0_interfaces/p0_interfaces/msg/detail/robot_status__rosidl_typesupport_fastrtps_c.h
[1.498s] -- Installing: /home/yang/Desktop/proj/ros-prac/install/p0_interfaces/include/p0_interfaces/p0_interfaces/msg/rosidl_typesupport_fastrtps_c__visibility_control.h
[1.498s] -- Installing: /home/yang/Desktop/proj/ros-prac/install/p0_interfaces/lib/libp0_interfaces__rosidl_typesupport_fastrtps_c.so
[1.498s] -- Set runtime path of "/home/yang/Desktop/proj/ros-prac/install/p0_interfaces/lib/libp0_interfaces__rosidl_typesupport_fastrtps_c.so" to ""
[1.498s] -- Up-to-date: /home/yang/Desktop/proj/ros-prac/install/p0_interfaces/include/p0_interfaces/p0_interfaces
[1.498s] -- Up-to-date: /home/yang/Desktop/proj/ros-prac/install/p0_interfaces/include/p0_interfaces/p0_interfaces/srv
[1.498s] -- Up-to-date: /home/yang/Desktop/proj/ros-prac/install/p0_interfaces/include/p0_interfaces/p0_interfaces/srv/detail
[1.498s] -- Installing: /home/yang/Desktop/proj/ros-prac/install/p0_interfaces/include/p0_interfaces/p0_interfaces/srv/detail/get_status__type_support.c
[1.498s] -- Installing: /home/yang/Desktop/proj/ros-prac/install/p0_interfaces/include/p0_interfaces/p0_interfaces/srv/detail/get_status__rosidl_typesupport_introspection_c.h
[1.498s] -- Up-to-date: /home/yang/Desktop/proj/ros-prac/install/p0_interfaces/include/p0_interfaces/p0_interfaces/msg
[1.498s] -- Up-to-date: /home/yang/Desktop/proj/ros-prac/install/p0_interfaces/include/p0_interfaces/p0_interfaces/msg/detail
[1.498s] -- Installing: /home/yang/Desktop/proj/ros-prac/install/p0_interfaces/include/p0_interfaces/p0_interfaces/msg/detail/robot_status__type_support.c
[1.498s] -- Installing: /home/yang/Desktop/proj/ros-prac/install/p0_interfaces/include/p0_interfaces/p0_interfaces/msg/detail/robot_status__rosidl_typesupport_introspection_c.h
[1.498s] -- Installing: /home/yang/Desktop/proj/ros-prac/install/p0_interfaces/include/p0_interfaces/p0_interfaces/msg/rosidl_typesupport_introspection_c__visibility_control.h
[1.498s] -- Installing: /home/yang/Desktop/proj/ros-prac/install/p0_interfaces/lib/libp0_interfaces__rosidl_typesupport_introspection_c.so
[1.498s] -- Set runtime path of "/home/yang/Desktop/proj/ros-prac/install/p0_interfaces/lib/libp0_interfaces__rosidl_typesupport_introspection_c.so" to ""
[1.498s] -- Installing: /home/yang/Desktop/proj/ros-prac/install/p0_interfaces/lib/libp0_interfaces__rosidl_typesupport_c.so
[1.498s] -- Set runtime path of "/home/yang/Desktop/proj/ros-prac/install/p0_interfaces/lib/libp0_interfaces__rosidl_typesupport_c.so" to ""
[1.499s] -- Up-to-date: /home/yang/Desktop/proj/ros-prac/install/p0_interfaces/include/p0_interfaces/p0_interfaces
[1.499s] -- Up-to-date: /home/yang/Desktop/proj/ros-prac/install/p0_interfaces/include/p0_interfaces/p0_interfaces/srv
[1.499s] -- Up-to-date: /home/yang/Desktop/proj/ros-prac/install/p0_interfaces/include/p0_interfaces/p0_interfaces/srv/detail
[1.499s] -- Installing: /home/yang/Desktop/proj/ros-prac/install/p0_interfaces/include/p0_interfaces/p0_interfaces/srv/detail/get_status__traits.hpp
[1.499s] -- Installing: /home/yang/Desktop/proj/ros-prac/install/p0_interfaces/include/p0_interfaces/p0_interfaces/srv/detail/get_status__struct.hpp
[1.499s] -- Installing: /home/yang/Desktop/proj/ros-prac/install/p0_interfaces/include/p0_interfaces/p0_interfaces/srv/detail/get_status__builder.hpp
[1.499s] -- Installing: /home/yang/Desktop/proj/ros-prac/install/p0_interfaces/include/p0_interfaces/p0_interfaces/srv/detail/get_status__type_support.hpp
[1.499s] -- Installing: /home/yang/Desktop/proj/ros-prac/install/p0_interfaces/include/p0_interfaces/p0_interfaces/srv/get_status.hpp
[1.499s] -- Up-to-date: /home/yang/Desktop/proj/ros-prac/install/p0_interfaces/include/p0_interfaces/p0_interfaces/msg
[1.499s] -- Installing: /home/yang/Desktop/proj/ros-prac/install/p0_interfaces/include/p0_interfaces/p0_interfaces/msg/robot_status.hpp
[1.499s] -- Up-to-date: /home/yang/Desktop/proj/ros-prac/install/p0_interfaces/include/p0_interfaces/p0_interfaces/msg/detail
[1.499s] -- Installing: /home/yang/Desktop/proj/ros-prac/install/p0_interfaces/include/p0_interfaces/p0_interfaces/msg/detail/robot_status__type_support.hpp
[1.499s] -- Installing: /home/yang/Desktop/proj/ros-prac/install/p0_interfaces/include/p0_interfaces/p0_interfaces/msg/detail/robot_status__traits.hpp
[1.499s] -- Installing: /home/yang/Desktop/proj/ros-prac/install/p0_interfaces/include/p0_interfaces/p0_interfaces/msg/detail/robot_status__struct.hpp
[1.499s] -- Installing: /home/yang/Desktop/proj/ros-prac/install/p0_interfaces/include/p0_interfaces/p0_interfaces/msg/detail/robot_status__builder.hpp
[1.499s] -- Installing: /home/yang/Desktop/proj/ros-prac/install/p0_interfaces/include/p0_interfaces/p0_interfaces/msg/rosidl_generator_cpp__visibility_control.hpp
[1.499s] -- Up-to-date: /home/yang/Desktop/proj/ros-prac/install/p0_interfaces/include/p0_interfaces/p0_interfaces
[1.499s] -- Up-to-date: /home/yang/Desktop/proj/ros-prac/install/p0_interfaces/include/p0_interfaces/p0_interfaces/srv
[1.499s] -- Up-to-date: /home/yang/Desktop/proj/ros-prac/install/p0_interfaces/include/p0_interfaces/p0_interfaces/srv/detail
[1.499s] -- Installing: /home/yang/Desktop/proj/ros-prac/install/p0_interfaces/include/p0_interfaces/p0_interfaces/srv/detail/dds_fastrtps
[1.499s] -- Installing: /home/yang/Desktop/proj/ros-prac/install/p0_interfaces/include/p0_interfaces/p0_interfaces/srv/detail/get_status__rosidl_typesupport_fastrtps_cpp.hpp
[1.499s] -- Up-to-date: /home/yang/Desktop/proj/ros-prac/install/p0_interfaces/include/p0_interfaces/p0_interfaces/msg
[1.499s] -- Up-to-date: /home/yang/Desktop/proj/ros-prac/install/p0_interfaces/include/p0_interfaces/p0_interfaces/msg/detail
[1.499s] -- Installing: /home/yang/Desktop/proj/ros-prac/install/p0_interfaces/include/p0_interfaces/p0_interfaces/msg/detail/dds_fastrtps
[1.499s] -- Installing: /home/yang/Desktop/proj/ros-prac/install/p0_interfaces/include/p0_interfaces/p0_interfaces/msg/detail/robot_status__rosidl_typesupport_fastrtps_cpp.hpp
[1.499s] -- Installing: /home/yang/Desktop/proj/ros-prac/install/p0_interfaces/include/p0_interfaces/p0_interfaces/msg/rosidl_typesupport_fastrtps_cpp__visibility_control.h
[1.499s] -- Installing: /home/yang/Desktop/proj/ros-prac/install/p0_interfaces/lib/libp0_interfaces__rosidl_typesupport_fastrtps_cpp.so
[1.499s] -- Set runtime path of "/home/yang/Desktop/proj/ros-prac/install/p0_interfaces/lib/libp0_interfaces__rosidl_typesupport_fastrtps_cpp.so" to ""
[1.499s] -- Up-to-date: /home/yang/Desktop/proj/ros-prac/install/p0_interfaces/include/p0_interfaces/p0_interfaces
[1.499s] -- Up-to-date: /home/yang/Desktop/proj/ros-prac/install/p0_interfaces/include/p0_interfaces/p0_interfaces/srv
[1.499s] -- Up-to-date: /home/yang/Desktop/proj/ros-prac/install/p0_interfaces/include/p0_interfaces/p0_interfaces/srv/detail
[1.499s] -- Installing: /home/yang/Desktop/proj/ros-prac/install/p0_interfaces/include/p0_interfaces/p0_interfaces/srv/detail/get_status__type_support.cpp
[1.499s] -- Installing: /home/yang/Desktop/proj/ros-prac/install/p0_interfaces/include/p0_interfaces/p0_interfaces/srv/detail/get_status__rosidl_typesupport_introspection_cpp.hpp
[1.499s] -- Up-to-date: /home/yang/Desktop/proj/ros-prac/install/p0_interfaces/include/p0_interfaces/p0_interfaces/msg
[1.499s] -- Up-to-date: /home/yang/Desktop/proj/ros-prac/install/p0_interfaces/include/p0_interfaces/p0_interfaces/msg/detail
[1.499s] -- Installing: /home/yang/Desktop/proj/ros-prac/install/p0_interfaces/include/p0_interfaces/p0_interfaces/msg/detail/robot_status__rosidl_typesupport_introspection_cpp.hpp
[1.499s] -- Installing: /home/yang/Desktop/proj/ros-prac/install/p0_interfaces/include/p0_interfaces/p0_interfaces/msg/detail/robot_status__type_support.cpp
[1.499s] -- Installing: /home/yang/Desktop/proj/ros-prac/install/p0_interfaces/lib/libp0_interfaces__rosidl_typesupport_introspection_cpp.so
[1.499s] -- Set runtime path of "/home/yang/Desktop/proj/ros-prac/install/p0_interfaces/lib/libp0_interfaces__rosidl_typesupport_introspection_cpp.so" to ""
[1.499s] -- Installing: /home/yang/Desktop/proj/ros-prac/install/p0_interfaces/lib/libp0_interfaces__rosidl_typesupport_cpp.so
[1.499s] -- Set runtime path of "/home/yang/Desktop/proj/ros-prac/install/p0_interfaces/lib/libp0_interfaces__rosidl_typesupport_cpp.so" to ""
[1.499s] -- Installing: /home/yang/Desktop/proj/ros-prac/install/p0_interfaces/share/p0_interfaces/environment/pythonpath.sh
[1.499s] -- Installing: /home/yang/Desktop/proj/ros-prac/install/p0_interfaces/share/p0_interfaces/environment/pythonpath.dsv
[1.499s] -- Installing: /home/yang/Desktop/proj/ros-prac/install/p0_interfaces/local/lib/python3.10/dist-packages/p0_interfaces-0.0.0-py3.10.egg-info
[1.500s] -- Installing: /home/yang/Desktop/proj/ros-prac/install/p0_interfaces/local/lib/python3.10/dist-packages/p0_interfaces-0.0.0-py3.10.egg-info/dependency_links.txt
[1.500s] -- Installing: /home/yang/Desktop/proj/ros-prac/install/p0_interfaces/local/lib/python3.10/dist-packages/p0_interfaces-0.0.0-py3.10.egg-info/SOURCES.txt
[1.500s] -- Installing: /home/yang/Desktop/proj/ros-prac/install/p0_interfaces/local/lib/python3.10/dist-packages/p0_interfaces-0.0.0-py3.10.egg-info/top_level.txt
[1.500s] -- Installing: /home/yang/Desktop/proj/ros-prac/install/p0_interfaces/local/lib/python3.10/dist-packages/p0_interfaces-0.0.0-py3.10.egg-info/PKG-INFO
[1.500s] -- Installing: /home/yang/Desktop/proj/ros-prac/install/p0_interfaces/local/lib/python3.10/dist-packages/p0_interfaces
[1.500s] -- Installing: /home/yang/Desktop/proj/ros-prac/install/p0_interfaces/local/lib/python3.10/dist-packages/p0_interfaces/_p0_interfaces_s.ep.rosidl_typesupport_c.c
[1.500s] -- Installing: /home/yang/Desktop/proj/ros-prac/install/p0_interfaces/local/lib/python3.10/dist-packages/p0_interfaces/p0_interfaces_s__rosidl_typesupport_c.cpython-310-x86_64-linux-gnu.so
[1.500s] -- Installing: /home/yang/Desktop/proj/ros-prac/install/p0_interfaces/local/lib/python3.10/dist-packages/p0_interfaces/p0_interfaces_s__rosidl_typesupport_fastrtps_c.cpython-310-x86_64-linux-gnu.so
[1.500s] -- Installing: /home/yang/Desktop/proj/ros-prac/install/p0_interfaces/local/lib/python3.10/dist-packages/p0_interfaces/_p0_interfaces_s.ep.rosidl_typesupport_introspection_c.c
[1.500s] -- Installing: /home/yang/Desktop/proj/ros-prac/install/p0_interfaces/local/lib/python3.10/dist-packages/p0_interfaces/_p0_interfaces_s.ep.rosidl_typesupport_fastrtps_c.c
[1.500s] -- Installing: /home/yang/Desktop/proj/ros-prac/install/p0_interfaces/local/lib/python3.10/dist-packages/p0_interfaces/libp0_interfaces__rosidl_generator_py.so
[1.500s] -- Installing: /home/yang/Desktop/proj/ros-prac/install/p0_interfaces/local/lib/python3.10/dist-packages/p0_interfaces/srv
[1.500s] -- Installing: /home/yang/Desktop/proj/ros-prac/install/p0_interfaces/local/lib/python3.10/dist-packages/p0_interfaces/srv/_get_status.py
[1.500s] -- Installing: /home/yang/Desktop/proj/ros-prac/install/p0_interfaces/local/lib/python3.10/dist-packages/p0_interfaces/srv/_get_status_s.c
[1.500s] -- Installing: /home/yang/Desktop/proj/ros-prac/install/p0_interfaces/local/lib/python3.10/dist-packages/p0_interfaces/srv/__init__.py
[1.500s] -- Installing: /home/yang/Desktop/proj/ros-prac/install/p0_interfaces/local/lib/python3.10/dist-packages/p0_interfaces/msg
[1.500s] -- Installing: /home/yang/Desktop/proj/ros-prac/install/p0_interfaces/local/lib/python3.10/dist-packages/p0_interfaces/msg/_robot_status_s.c
[1.500s] -- Installing: /home/yang/Desktop/proj/ros-prac/install/p0_interfaces/local/lib/python3.10/dist-packages/p0_interfaces/msg/__init__.py
[1.500s] -- Installing: /home/yang/Desktop/proj/ros-prac/install/p0_interfaces/local/lib/python3.10/dist-packages/p0_interfaces/msg/_robot_status.py
[1.500s] -- Installing: /home/yang/Desktop/proj/ros-prac/install/p0_interfaces/local/lib/python3.10/dist-packages/p0_interfaces/__init__.py
[1.500s] -- Installing: /home/yang/Desktop/proj/ros-prac/install/p0_interfaces/local/lib/python3.10/dist-packages/p0_interfaces/p0_interfaces_s__rosidl_typesupport_introspection_c.cpython-310-x86_64-linux-gnu.so
[1.516s] Listing '/home/yang/Desktop/proj/ros-prac/install/p0_interfaces/local/lib/python3.10/dist-packages/p0_interfaces'...
[1.516s] Compiling '/home/yang/Desktop/proj/ros-prac/install/p0_interfaces/local/lib/python3.10/dist-packages/p0_interfaces/__init__.py'...
[1.516s] Listing '/home/yang/Desktop/proj/ros-prac/install/p0_interfaces/local/lib/python3.10/dist-packages/p0_interfaces/msg'...
[1.516s] Compiling '/home/yang/Desktop/proj/ros-prac/install/p0_interfaces/local/lib/python3.10/dist-packages/p0_interfaces/msg/__init__.py'...
[1.516s] Compiling '/home/yang/Desktop/proj/ros-prac/install/p0_interfaces/local/lib/python3.10/dist-packages/p0_interfaces/msg/_robot_status.py'...
[1.516s] Listing '/home/yang/Desktop/proj/ros-prac/install/p0_interfaces/local/lib/python3.10/dist-packages/p0_interfaces/srv'...
[1.516s] Compiling '/home/yang/Desktop/proj/ros-prac/install/p0_interfaces/local/lib/python3.10/dist-packages/p0_interfaces/srv/__init__.py'...
[1.516s] Compiling '/home/yang/Desktop/proj/ros-prac/install/p0_interfaces/local/lib/python3.10/dist-packages/p0_interfaces/srv/_get_status.py'...
[1.518s] -- Installing: /home/yang/Desktop/proj/ros-prac/install/p0_interfaces/local/lib/python3.10/dist-packages/p0_interfaces/p0_interfaces_s__rosidl_typesupport_fastrtps_c.cpython-310-x86_64-linux-gnu.so
[1.518s] -- Set runtime path of "/home/yang/Desktop/proj/ros-prac/install/p0_interfaces/local/lib/python3.10/dist-packages/p0_interfaces/p0_interfaces_s__rosidl_typesupport_fastrtps_c.cpython-310-x86_64-linux-gnu.so" to ""
[1.518s] -- Installing: /home/yang/Desktop/proj/ros-prac/install/p0_interfaces/local/lib/python3.10/dist-packages/p0_interfaces/p0_interfaces_s__rosidl_typesupport_introspection_c.cpython-310-x86_64-linux-gnu.so
[1.518s] -- Set runtime path of "/home/yang/Desktop/proj/ros-prac/install/p0_interfaces/local/lib/python3.10/dist-packages/p0_interfaces/p0_interfaces_s__rosidl_typesupport_introspection_c.cpython-310-x86_64-linux-gnu.so" to ""
[1.519s] -- Installing: /home/yang/Desktop/proj/ros-prac/install/p0_interfaces/local/lib/python3.10/dist-packages/p0_interfaces/p0_interfaces_s__rosidl_typesupport_c.cpython-310-x86_64-linux-gnu.so
[1.519s] -- Set runtime path of "/home/yang/Desktop/proj/ros-prac/install/p0_interfaces/local/lib/python3.10/dist-packages/p0_interfaces/p0_interfaces_s__rosidl_typesupport_c.cpython-310-x86_64-linux-gnu.so" to ""
[1.519s] -- Installing: /home/yang/Desktop/proj/ros-prac/install/p0_interfaces/lib/libp0_interfaces__rosidl_generator_py.so
[1.519s] -- Set runtime path of "/home/yang/Desktop/proj/ros-prac/install/p0_interfaces/lib/libp0_interfaces__rosidl_generator_py.so" to ""
[1.519s] -- Installing: /home/yang/Desktop/proj/ros-prac/install/p0_interfaces/share/ament_index/resource_index/rust_packages/p0_interfaces
[1.519s] -- Installing: /home/yang/Desktop/proj/ros-prac/install/p0_interfaces/share/p0_interfaces/rust
[1.519s] -- Installing: /home/yang/Desktop/proj/ros-prac/install/p0_interfaces/share/p0_interfaces/rust/src
[1.519s] -- Installing: /home/yang/Desktop/proj/ros-prac/install/p0_interfaces/share/p0_interfaces/rust/src/msg.rs
[1.519s] -- Installing: /home/yang/Desktop/proj/ros-prac/install/p0_interfaces/share/p0_interfaces/rust/src/srv.rs
[1.519s] -- Installing: /home/yang/Desktop/proj/ros-prac/install/p0_interfaces/share/p0_interfaces/rust/src/srv
[1.519s] -- Installing: /home/yang/Desktop/proj/ros-prac/install/p0_interfaces/share/p0_interfaces/rust/src/srv/rmw.rs
[1.519s] -- Installing: /home/yang/Desktop/proj/ros-prac/install/p0_interfaces/share/p0_interfaces/rust/src/msg
[1.519s] -- Installing: /home/yang/Desktop/proj/ros-prac/install/p0_interfaces/share/p0_interfaces/rust/src/msg/rmw.rs
[1.519s] -- Installing: /home/yang/Desktop/proj/ros-prac/install/p0_interfaces/share/p0_interfaces/rust/src/lib.rs
[1.519s] -- Installing: /home/yang/Desktop/proj/ros-prac/install/p0_interfaces/share/p0_interfaces/rust/Cargo.toml
[1.519s] -- Installing: /home/yang/Desktop/proj/ros-prac/install/p0_interfaces/share/p0_interfaces/rust/build.rs
[1.519s] -- Installing: /home/yang/Desktop/proj/ros-prac/install/p0_interfaces/share/p0_interfaces/msg/RobotStatus.idl
[1.519s] -- Installing: /home/yang/Desktop/proj/ros-prac/install/p0_interfaces/share/p0_interfaces/srv/GetStatus.idl
[1.519s] -- Installing: /home/yang/Desktop/proj/ros-prac/install/p0_interfaces/share/p0_interfaces/msg/RobotStatus.msg
[1.519s] -- Installing: /home/yang/Desktop/proj/ros-prac/install/p0_interfaces/share/p0_interfaces/srv/GetStatus.srv
[1.519s] -- Installing: /home/yang/Desktop/proj/ros-prac/install/p0_interfaces/share/p0_interfaces/srv/GetStatus_Request.msg
[1.519s] -- Installing: /home/yang/Desktop/proj/ros-prac/install/p0_interfaces/share/p0_interfaces/srv/GetStatus_Response.msg
[1.519s] -- Installing: /home/yang/Desktop/proj/ros-prac/install/p0_interfaces/share/ament_index/resource_index/package_run_dependencies/p0_interfaces
[1.519s] -- Installing: /home/yang/Desktop/proj/ros-prac/install/p0_interfaces/share/ament_index/resource_index/parent_prefix_path/p0_interfaces
[1.519s] -- Installing: /home/yang/Desktop/proj/ros-prac/install/p0_interfaces/share/p0_interfaces/environment/ament_prefix_path.sh
[1.519s] -- Installing: /home/yang/Desktop/proj/ros-prac/install/p0_interfaces/share/p0_interfaces/environment/ament_prefix_path.dsv
[1.519s] -- Installing: /home/yang/Desktop/proj/ros-prac/install/p0_interfaces/share/p0_interfaces/environment/path.sh
[1.519s] -- Installing: /home/yang/Desktop/proj/ros-prac/install/p0_interfaces/share/p0_interfaces/environment/path.dsv
[1.519s] -- Installing: /home/yang/Desktop/proj/ros-prac/install/p0_interfaces/share/p0_interfaces/local_setup.bash
[1.519s] -- Installing: /home/yang/Desktop/proj/ros-prac/install/p0_interfaces/share/p0_interfaces/local_setup.sh
[1.519s] -- Installing: /home/yang/Desktop/proj/ros-prac/install/p0_interfaces/share/p0_interfaces/local_setup.zsh
[1.520s] -- Installing: /home/yang/Desktop/proj/ros-prac/install/p0_interfaces/share/p0_interfaces/local_setup.dsv
[1.520s] -- Installing: /home/yang/Desktop/proj/ros-prac/install/p0_interfaces/share/p0_interfaces/package.dsv
[1.520s] -- Installing: /home/yang/Desktop/proj/ros-prac/install/p0_interfaces/share/ament_index/resource_index/packages/p0_interfaces
[1.520s] -- Installing: /home/yang/Desktop/proj/ros-prac/install/p0_interfaces/share/p0_interfaces/cmake/export_p0_interfaces__rosidl_generator_cExport.cmake
[1.520s] -- Installing: /home/yang/Desktop/proj/ros-prac/install/p0_interfaces/share/p0_interfaces/cmake/export_p0_interfaces__rosidl_generator_cExport-noconfig.cmake
[1.520s] -- Installing: /home/yang/Desktop/proj/ros-prac/install/p0_interfaces/share/p0_interfaces/cmake/export_p0_interfaces__rosidl_typesupport_fastrtps_cExport.cmake
[1.520s] -- Installing: /home/yang/Desktop/proj/ros-prac/install/p0_interfaces/share/p0_interfaces/cmake/export_p0_interfaces__rosidl_typesupport_fastrtps_cExport-noconfig.cmake
[1.520s] -- Installing: /home/yang/Desktop/proj/ros-prac/install/p0_interfaces/share/p0_interfaces/cmake/p0_interfaces__rosidl_typesupport_introspection_cExport.cmake
[1.520s] -- Installing: /home/yang/Desktop/proj/ros-prac/install/p0_interfaces/share/p0_interfaces/cmake/p0_interfaces__rosidl_typesupport_introspection_cExport-noconfig.cmake
[1.520s] -- Installing: /home/yang/Desktop/proj/ros-prac/install/p0_interfaces/share/p0_interfaces/cmake/p0_interfaces__rosidl_typesupport_cExport.cmake
[1.520s] -- Installing: /home/yang/Desktop/proj/ros-prac/install/p0_interfaces/share/p0_interfaces/cmake/p0_interfaces__rosidl_typesupport_cExport-noconfig.cmake
[1.520s] -- Installing: /home/yang/Desktop/proj/ros-prac/install/p0_interfaces/share/p0_interfaces/cmake/export_p0_interfaces__rosidl_generator_cppExport.cmake
[1.520s] -- Installing: /home/yang/Desktop/proj/ros-prac/install/p0_interfaces/share/p0_interfaces/cmake/export_p0_interfaces__rosidl_typesupport_fastrtps_cppExport.cmake
[1.520s] -- Installing: /home/yang/Desktop/proj/ros-prac/install/p0_interfaces/share/p0_interfaces/cmake/export_p0_interfaces__rosidl_typesupport_fastrtps_cppExport-noconfig.cmake
[1.520s] -- Installing: /home/yang/Desktop/proj/ros-prac/install/p0_interfaces/share/p0_interfaces/cmake/p0_interfaces__rosidl_typesupport_introspection_cppExport.cmake
[1.520s] -- Installing: /home/yang/Desktop/proj/ros-prac/install/p0_interfaces/share/p0_interfaces/cmake/p0_interfaces__rosidl_typesupport_introspection_cppExport-noconfig.cmake
[1.520s] -- Installing: /home/yang/Desktop/proj/ros-prac/install/p0_interfaces/share/p0_interfaces/cmake/p0_interfaces__rosidl_typesupport_cppExport.cmake
[1.520s] -- Installing: /home/yang/Desktop/proj/ros-prac/install/p0_interfaces/share/p0_interfaces/cmake/p0_interfaces__rosidl_typesupport_cppExport-noconfig.cmake
[1.520s] -- Installing: /home/yang/Desktop/proj/ros-prac/install/p0_interfaces/share/p0_interfaces/cmake/export_p0_interfaces__rosidl_generator_pyExport.cmake
[1.520s] -- Installing: /home/yang/Desktop/proj/ros-prac/install/p0_interfaces/share/p0_interfaces/cmake/export_p0_interfaces__rosidl_generator_pyExport-noconfig.cmake
[1.520s] -- Installing: /home/yang/Desktop/proj/ros-prac/install/p0_interfaces/share/p0_interfaces/cmake/rosidl_cmake-extras.cmake
[1.520s] -- Installing: /home/yang/Desktop/proj/ros-prac/install/p0_interfaces/share/p0_interfaces/cmake/ament_cmake_export_include_directories-extras.cmake
[1.520s] -- Installing: /home/yang/Desktop/proj/ros-prac/install/p0_interfaces/share/p0_interfaces/cmake/ament_cmake_export_libraries-extras.cmake
[1.520s] -- Installing: /home/yang/Desktop/proj/ros-prac/install/p0_interfaces/share/p0_interfaces/cmake/ament_cmake_export_targets-extras.cmake
[1.520s] -- Installing: /home/yang/Desktop/proj/ros-prac/install/p0_interfaces/share/p0_interfaces/cmake/rosidl_cmake_export_typesupport_targets-extras.cmake
[1.520s] -- Installing: /home/yang/Desktop/proj/ros-prac/install/p0_interfaces/share/p0_interfaces/cmake/ament_cmake_export_dependencies-extras.cmake
[1.520s] -- Installing: /home/yang/Desktop/proj/ros-prac/install/p0_interfaces/share/p0_interfaces/cmake/rosidl_cmake_export_typesupport_libraries-extras.cmake
[1.520s] -- Installing: /home/yang/Desktop/proj/ros-prac/install/p0_interfaces/share/p0_interfaces/cmake/p0_interfacesConfig.cmake
[1.520s] -- Installing: /home/yang/Desktop/proj/ros-prac/install/p0_interfaces/share/p0_interfaces/cmake/p0_interfacesConfig-version.cmake
[1.520s] -- Installing: /home/yang/Desktop/proj/ros-prac/install/p0_interfaces/share/p0_interfaces/package.xml
[1.522s] Invoked command in '/home/yang/Desktop/proj/ros-prac/build/p0_interfaces' returned '0': CMAKE_PREFIX_PATH=${CMAKE_PREFIX_PATH}:/home/yang/turtlebot3_ws/install/nav2_simple_commander:/opt/ros/humble /usr/bin/cmake --install /home/yang/Desktop/proj/ros-prac/build/p0_interfaces
