[0.003s] Invoking command in '/home/yang/proj/ros-prac/learn4/src/build/nodes': CMAKE_PREFIX_PATH=${CMAKE_PREFIX_PATH}:/opt/ros/jazzy /usr/bin/cmake --build /home/yang/proj/ros-prac/learn4/src/build/nodes -- -j10 -l10
[0.019s] -- Found ament_cmake: 2.5.6 (/opt/ros/jazzy/share/ament_cmake/cmake)
[0.081s] -- Found rclcpp: 28.1.18 (/opt/ros/jazzy/share/rclcpp/cmake)
[0.089s] -- Found rosidl_generator_c: 4.6.7 (/opt/ros/jazzy/share/rosidl_generator_c/cmake)
[0.093s] -- Found rosidl_generator_cpp: 4.6.7 (/opt/ros/jazzy/share/rosidl_generator_cpp/cmake)
[0.097s] -- Using all available rosidl_typesupport_c: rosidl_typesupport_fastrtps_c;rosidl_typesupport_introspection_c
[0.101s] -- Using all available rosidl_typesupport_cpp: rosidl_typesupport_fastrtps_cpp;rosidl_typesupport_introspection_cpp
[0.122s] -- Found rmw_implementation_cmake: 7.3.3 (/opt/ros/jazzy/share/rmw_implementation_cmake/cmake)
[0.122s] -- Found rmw_fastrtps_cpp: 8.4.3 (/opt/ros/jazzy/share/rmw_fastrtps_cpp/cmake)
[0.142s] -- Using RMW implementation 'rmw_fastrtps_cpp' as default
[0.162s] -- Found msgs: 0.0.0 (/home/yang/proj/ros-prac/task1/install/msgs/share/msgs/cmake)
[0.198s] -- Configuring done (0.2s)
[0.203s] -- Generating done (0.0s)
[0.204s] -- Build files have been written to: /home/yang/proj/ros-prac/learn4/src/build/nodes
[0.214s] [ 50%] [32mBuilding CXX object CMakeFiles/server.dir/src/server.cpp.o[0m
[0.223s] [01m[K/home/yang/proj/ros-prac/learn4/src/nodes/src/server.cpp:[m[K In function ‘[01m[Kint[01;32m[K main[m[K(int, char**)[m[K’:
[0.223s] [01m[K/home/yang/proj/ros-prac/learn4/src/nodes/src/server.cpp:1:14:[m[K [01;35m[Kwarning: [m[Kunused parameter ‘[01m[Kargc[m[K’ [[01;35m[K]8;;https://gcc.gnu.org/onlinedocs/gcc/Warning-Options.html#index-Wunused-parameter-Wunused-parameter]8;;[m[K]
[0.223s]     1 | int main([01;35m[Kint argc[m[K, char *argv[]) { return 0; }
[0.223s]       |          [01;35m[K~~~~^~~~[m[K
[0.223s] [01m[K/home/yang/proj/ros-prac/learn4/src/nodes/src/server.cpp:1:26:[m[K [01;35m[Kwarning: [m[Kunused parameter ‘[01m[Kargv[m[K’ [[01;35m[K]8;;https://gcc.gnu.org/onlinedocs/gcc/Warning-Options.html#index-Wunused-parameter-Wunused-parameter]8;;[m[K]
[0.223s]     1 | int main(int argc, [01;35m[Kchar *argv[][m[K) { return 0; }
[0.223s]       |                    [01;35m[K~~~~~~^~~~~~[m[K
[0.230s] [100%] [32m[1mLinking CXX executable server[0m
[0.274s] [100%] Built target server
[0.278s] Invoked command in '/home/yang/proj/ros-prac/learn4/src/build/nodes' returned '0': CMAKE_PREFIX_PATH=${CMAKE_PREFIX_PATH}:/opt/ros/jazzy /usr/bin/cmake --build /home/yang/proj/ros-prac/learn4/src/build/nodes -- -j10 -l10
[0.278s] Invoking command in '/home/yang/proj/ros-prac/learn4/src/build/nodes': CMAKE_PREFIX_PATH=${CMAKE_PREFIX_PATH}:/opt/ros/jazzy /usr/bin/cmake --install /home/yang/proj/ros-prac/learn4/src/build/nodes
[0.279s] -- Install configuration: ""
[0.280s] -- Installing: /home/yang/proj/ros-prac/learn4/src/install/nodes/lib/nodes/server
[0.280s] -- Set non-toolchain portion of runtime path of "/home/yang/proj/ros-prac/learn4/src/install/nodes/lib/nodes/server" to ""
[0.280s] -- Up-to-date: /home/yang/proj/ros-prac/learn4/src/install/nodes/share/ament_index/resource_index/package_run_dependencies/nodes
[0.280s] -- Up-to-date: /home/yang/proj/ros-prac/learn4/src/install/nodes/share/ament_index/resource_index/parent_prefix_path/nodes
[0.280s] -- Up-to-date: /home/yang/proj/ros-prac/learn4/src/install/nodes/share/nodes/environment/ament_prefix_path.sh
[0.280s] -- Up-to-date: /home/yang/proj/ros-prac/learn4/src/install/nodes/share/nodes/environment/ament_prefix_path.dsv
[0.280s] -- Up-to-date: /home/yang/proj/ros-prac/learn4/src/install/nodes/share/nodes/environment/path.sh
[0.280s] -- Up-to-date: /home/yang/proj/ros-prac/learn4/src/install/nodes/share/nodes/environment/path.dsv
[0.280s] -- Up-to-date: /home/yang/proj/ros-prac/learn4/src/install/nodes/share/nodes/local_setup.bash
[0.280s] -- Up-to-date: /home/yang/proj/ros-prac/learn4/src/install/nodes/share/nodes/local_setup.sh
[0.280s] -- Up-to-date: /home/yang/proj/ros-prac/learn4/src/install/nodes/share/nodes/local_setup.zsh
[0.280s] -- Up-to-date: /home/yang/proj/ros-prac/learn4/src/install/nodes/share/nodes/local_setup.dsv
[0.280s] -- Installing: /home/yang/proj/ros-prac/learn4/src/install/nodes/share/nodes/package.dsv
[0.280s] -- Up-to-date: /home/yang/proj/ros-prac/learn4/src/install/nodes/share/ament_index/resource_index/packages/nodes
[0.280s] -- Up-to-date: /home/yang/proj/ros-prac/learn4/src/install/nodes/share/nodes/cmake/nodesConfig.cmake
[0.280s] -- Up-to-date: /home/yang/proj/ros-prac/learn4/src/install/nodes/share/nodes/cmake/nodesConfig-version.cmake
[0.280s] -- Up-to-date: /home/yang/proj/ros-prac/learn4/src/install/nodes/share/nodes/package.xml
[0.281s] Invoked command in '/home/yang/proj/ros-prac/learn4/src/build/nodes' returned '0': CMAKE_PREFIX_PATH=${CMAKE_PREFIX_PATH}:/opt/ros/jazzy /usr/bin/cmake --install /home/yang/proj/ros-prac/learn4/src/build/nodes
