-- Install configuration: ""
-- Up-to-date: /home/yang/proj/ros-prac/learn9/install/sim/share/sim/launch
-- Up-to-date: /home/yang/proj/ros-prac/learn9/install/sim/share/sim/launch/sim.launch.py
-- Up-to-date: /home/yang/proj/ros-prac/learn9/install/sim/share/sim/worlds
-- Up-to-date: /home/yang/proj/ros-prac/learn9/install/sim/share/sim/worlds/room.sdf
-- Up-to-date: /home/yang/proj/ros-prac/learn9/install/sim/share/sim/urdf
-- Up-to-date: /home/yang/proj/ros-prac/learn9/install/sim/share/sim/urdf/robot.urdf.xacro
-- Up-to-date: /home/yang/proj/ros-prac/learn9/install/sim/share/sim/config
-- Installing: /home/yang/proj/ros-prac/learn9/install/sim/share/sim/config/bridge.yaml
-- Up-to-date: /home/yang/proj/ros-prac/learn9/install/sim/share/ament_index/resource_index/package_run_dependencies/sim
-- Up-to-date: /home/yang/proj/ros-prac/learn9/install/sim/share/ament_index/resource_index/parent_prefix_path/sim
-- Up-to-date: /home/yang/proj/ros-prac/learn9/install/sim/share/sim/environment/ament_prefix_path.sh
-- Up-to-date: /home/yang/proj/ros-prac/learn9/install/sim/share/sim/environment/ament_prefix_path.dsv
-- Up-to-date: /home/yang/proj/ros-prac/learn9/install/sim/share/sim/environment/path.sh
-- Up-to-date: /home/yang/proj/ros-prac/learn9/install/sim/share/sim/environment/path.dsv
-- Up-to-date: /home/yang/proj/ros-prac/learn9/install/sim/share/sim/local_setup.bash
-- Up-to-date: /home/yang/proj/ros-prac/learn9/install/sim/share/sim/local_setup.sh
-- Up-to-date: /home/yang/proj/ros-prac/learn9/install/sim/share/sim/local_setup.zsh
-- Up-to-date: /home/yang/proj/ros-prac/learn9/install/sim/share/sim/local_setup.dsv
-- Up-to-date: /home/yang/proj/ros-prac/learn9/install/sim/share/sim/package.dsv
-- Up-to-date: /home/yang/proj/ros-prac/learn9/install/sim/share/ament_index/resource_index/packages/sim
-- Up-to-date: /home/yang/proj/ros-prac/learn9/install/sim/share/sim/cmake/simConfig.cmake
-- Up-to-date: /home/yang/proj/ros-prac/learn9/install/sim/share/sim/cmake/simConfig-version.cmake
-- Up-to-date: /home/yang/proj/ros-prac/learn9/install/sim/share/sim/package.xml
