[0.002s] Invoking command in '/home/yang/proj/ros-prac/learn9/build/sim': CMAKE_PREFIX_PATH=${CMAKE_PREFIX_PATH}:/opt/ros/jazzy /usr/bin/cmake --build /home/yang/proj/ros-prac/learn9/build/sim -- -j10 -l10
[0.017s] Invoked command in '/home/yang/proj/ros-prac/learn9/build/sim' returned '0': CMAKE_PREFIX_PATH=${CMAKE_PREFIX_PATH}:/opt/ros/jazzy /usr/bin/cmake --build /home/yang/proj/ros-prac/learn9/build/sim -- -j10 -l10
[0.020s] Invoking command in '/home/yang/proj/ros-prac/learn9/build/sim': CMAKE_PREFIX_PATH=${CMAKE_PREFIX_PATH}:/opt/ros/jazzy /usr/bin/cmake --install /home/yang/proj/ros-prac/learn9/build/sim
[0.022s] -- Install configuration: ""
[0.022s] -- Up-to-date: /home/yang/proj/ros-prac/learn9/install/sim/share/sim/launch
[0.022s] -- Up-to-date: /home/yang/proj/ros-prac/learn9/install/sim/share/sim/launch/sim.launch.py
[0.022s] -- Up-to-date: /home/yang/proj/ros-prac/learn9/install/sim/share/sim/worlds
[0.022s] -- Up-to-date: /home/yang/proj/ros-prac/learn9/install/sim/share/sim/worlds/room.sdf
[0.022s] -- Up-to-date: /home/yang/proj/ros-prac/learn9/install/sim/share/sim/urdf
[0.022s] -- Up-to-date: /home/yang/proj/ros-prac/learn9/install/sim/share/sim/urdf/robot.urdf.xacro
[0.022s] -- Up-to-date: /home/yang/proj/ros-prac/learn9/install/sim/share/sim/config
[0.022s] -- Installing: /home/yang/proj/ros-prac/learn9/install/sim/share/sim/config/bridge.yaml
[0.022s] -- Up-to-date: /home/yang/proj/ros-prac/learn9/install/sim/share/ament_index/resource_index/package_run_dependencies/sim
[0.022s] -- Up-to-date: /home/yang/proj/ros-prac/learn9/install/sim/share/ament_index/resource_index/parent_prefix_path/sim
[0.023s] -- Up-to-date: /home/yang/proj/ros-prac/learn9/install/sim/share/sim/environment/ament_prefix_path.sh
[0.023s] -- Up-to-date: /home/yang/proj/ros-prac/learn9/install/sim/share/sim/environment/ament_prefix_path.dsv
[0.023s] -- Up-to-date: /home/yang/proj/ros-prac/learn9/install/sim/share/sim/environment/path.sh
[0.023s] -- Up-to-date: /home/yang/proj/ros-prac/learn9/install/sim/share/sim/environment/path.dsv
[0.023s] -- Up-to-date: /home/yang/proj/ros-prac/learn9/install/sim/share/sim/local_setup.bash
[0.023s] -- Up-to-date: /home/yang/proj/ros-prac/learn9/install/sim/share/sim/local_setup.sh
[0.023s] -- Up-to-date: /home/yang/proj/ros-prac/learn9/install/sim/share/sim/local_setup.zsh
[0.023s] -- Up-to-date: /home/yang/proj/ros-prac/learn9/install/sim/share/sim/local_setup.dsv
[0.023s] -- Up-to-date: /home/yang/proj/ros-prac/learn9/install/sim/share/sim/package.dsv
[0.023s] -- Up-to-date: /home/yang/proj/ros-prac/learn9/install/sim/share/ament_index/resource_index/packages/sim
[0.023s] -- Up-to-date: /home/yang/proj/ros-prac/learn9/install/sim/share/sim/cmake/simConfig.cmake
[0.023s] -- Up-to-date: /home/yang/proj/ros-prac/learn9/install/sim/share/sim/cmake/simConfig-version.cmake
[0.023s] -- Up-to-date: /home/yang/proj/ros-prac/learn9/install/sim/share/sim/package.xml
[0.023s] Invoked command in '/home/yang/proj/ros-prac/learn9/build/sim' returned '0': CMAKE_PREFIX_PATH=${CMAKE_PREFIX_PATH}:/opt/ros/jazzy /usr/bin/cmake --install /home/yang/proj/ros-prac/learn9/build/sim
